ESP-ROM:esp32s3-20210327
Build:Mar 27 2021
rst:0x15 (USB_UART_CHIP_RESET),boot:0x38 (SPI_FAST_FLASH_BOOT)
Saved PC:0x4202a542
SPIWP:0xee
mode:DIO, clock div:1
load:0x3fce3808,len:0x44c
load:0x403c9700,len:0xbd8
load:0x403cc700,len:0x2a80
entry 0x403c98d0
PR1_RUNTIME_BOOT
runtime_profile=phase1-fixed-flrc-tx
runtime_role=tx
board_family=LILYGO T3-S3-MVSRBoard
board_reference_revision=V1.1 upstream reference
radio_target=SX1280
upstream_reference_commit=840a2e788b3192c4e9bddf0640c1ecaf703c2598
hardware_verified=0
protocol_version=1
protocol_header_bytes=16
rf_enabled=1
sx1280_spi_hz=2000000
sx1280_cs=7
sx1280_rst=8
sx1280_sclk=5
sx1280_mosi=6
sx1280_miso=3
sx1280_dio1=9
sx1280_busy=36
sx1280_tx_enable=10
sx1280_rx_enable=21
PR1_FIXED_FLRC_PROFILE
frequency_mhz=2404.000
bitrate_kbps=1300
coding_rate=3
output_dbm=0
tx_gap_us=150
packet_bytes=116
adaptive_layers=channel_map
ctrl_plane_core=0
afh_enabled=1
afh_session_id=1
afh_session_seed=0x5052314441525431
afh_map_version=1
afh_active_channels=40
afh_resync_after_misses=8
afh_rendezvous_first=20
adaptive_map=1
map_lead_frames=600
map_guard_frames=100
quality_cfg=fast_shift:2,slow_shift:5,suspect_q15:30000,exclude_q15:27853,recover_q15:30720,suspect_losses:2,exclude_losses:4,recover_successes:3,probe_ms:200-3200,min_active:12
afh_schedule_fp=18,21,5,3,0,6,29,20,36,25,9,24,14,28,37,17,30,10,32,26,31,7,22,35,16,1,2,12,39,13,15,11,38,19,33,23,34,4,27,8,16,19,10,17,24,21,5,14
PR1_RUNTIME_LIVE_READY
PR1T v=1 t_us=12212698 field=device_state value=2
PR1T v=1 t_us=12212698 field=scheduler_misses value=0
PR1T v=1 t_us=12212698 field=trace_overwrites value=11527
PR1T v=1 t_us=12212698 field=capability_mask value=12
PR1H t_us=13153679 session_id=1 map_version=6 locked=0 channel=16 logical=4199 retunes=4199 retune_failures=0 standby_failures=0 timeout_advances=0 resync_entries=0 locks=0 agree=0 disagree=0 period_est_us=0 max_consecutive_timeouts=0 retune_us_p99=72 retune_us_max=91 hop_compute_us_p99=30 hop_compute_us_max=51
PR1HQ acq_anchors=0 acq_crc=0 acq_frames=0 acq_done_us=0
PR1HC ok=190,123,191,123,87,192,122,190,62,88,191,41,191,124,59,60,189,191,40,40,190,41,192,59,191,41,60,38,87,40,60,39,86,88,59,40,24,191,120,59 crc=0,0,0,0,0,0,0,0,0,0,0,0,0,0,0,0,0,0,0,0,0,0,0,0,0,0,0,0,0,0,0,0,0,0,0,0,0,0,0,0
PR1CP core=0 lines=14 parse_fail=0 in_dropped=0 out_lines=14 write_waits=0 stack_free=2148 window_waits=0 work_us_max=234
PR1QS map_version=6 active=12 bits=20015314a5 pending=0 pending_v=6 pending_act=3378 min_active_seen=12 proposals=0 commits=7 commit_late=0 expired=0 activations=5 tx_rejects=0 outcomes_dropped=0 events=12 emit_dropped=0 activation_count=5 ctrl_us_p99=27 ctrl_us_max=27 ctrl_us_n=14 ctrl_us_p50=17 ctrl_us_p95=27
PR1QA v=2 activation=978 applied_at=978
PR1QA v=3 activation=1578 applied_at=1578
PR1QA v=4 activation=2178 applied_at=2178
PR1QA v=5 activation=2778 applied_at=2778
PR1QA v=6 activation=3378 applied_at=3378
PR1QC ch=0 mhz=2404 state=0 fast_q15=32767 slow_q15=32767 ok=0 crc=0 timeout=0 probe_ok=0 probe_fail=0 suspects=0 exclusions=0 reinclusions=0 last_excl_ms=0
PR1QC ch=1 mhz=2406 state=0 fast_q15=32767 slow_q15=32767 ok=0 crc=0 timeout=0 probe_ok=0 probe_fail=0 suspects=0 exclusions=0 reinclusions=0 last_excl_ms=0
PR1QC ch=2 mhz=2408 state=0 fast_q15=32767 slow_q15=32767 ok=0 crc=0 timeout=0 probe_ok=0 probe_fail=0 suspects=0 exclusions=0 reinclusions=0 last_excl_ms=0
PR1QC ch=3 mhz=2410 state=0 fast_q15=32767 slow_q15=32767 ok=0 crc=0 timeout=0 probe_ok=0 probe_fail=0 suspects=0 exclusions=0 reinclusions=0 last_excl_ms=0
PR1QC ch=4 mhz=2412 state=0 fast_q15=32767 slow_q15=32767 ok=0 crc=0 timeout=0 probe_ok=0 probe_fail=0 suspects=0 exclusions=0 reinclusions=0 last_excl_ms=0
PR1QC ch=5 mhz=2414 state=0 fast_q15=32767 slow_q15=32767 ok=0 crc=0 timeout=0 probe_ok=0 probe_fail=0 suspects=0 exclusions=0 reinclusions=0 last_excl_ms=0
PR1QC ch=6 mhz=2416 state=0 fast_q15=32767 slow_q15=32767 ok=0 crc=0 timeout=0 probe_ok=0 probe_fail=0 suspects=0 exclusions=0 reinclusions=0 last_excl_ms=0
PR1QC ch=7 mhz=2418 state=0 fast_q15=32767 slow_q15=32767 ok=0 crc=0 timeout=0 probe_ok=0 probe_fail=0 suspects=0 exclusions=0 reinclusions=0 last_excl_ms=0
PR1QC ch=8 mhz=2420 state=0 fast_q15=32767 slow_q15=32767 ok=0 crc=0 timeout=0 probe_ok=0 probe_fail=0 suspects=0 exclusions=0 reinclusions=0 last_excl_ms=0
PR1QC ch=9 mhz=2422 state=0 fast_q15=32767 slow_q15=32767 ok=0 crc=0 timeout=0 probe_ok=0 probe_fail=0 suspects=0 exclusions=0 reinclusions=0 last_excl_ms=0
PR1QC ch=10 mhz=2424 state=0 fast_q15=32767 slow_q15=32767 ok=0 crc=0 timeout=0 probe_ok=0 probe_fail=0 suspects=0 exclusions=0 reinclusions=0 last_excl_ms=0
PR1QC ch=11 mhz=2426 state=0 fast_q15=32767 slow_q15=32767 ok=0 crc=0 timeout=0 probe_ok=0 probe_fail=0 suspects=0 exclusions=0 reinclusions=0 last_excl_ms=0
PR1QC ch=12 mhz=2428 state=0 fast_q15=32767 slow_q15=32767 ok=0 crc=0 timeout=0 probe_ok=0 probe_fail=0 suspects=0 exclusions=0 reinclusions=0 last_excl_ms=0
PR1QC ch=13 mhz=2430 state=0 fast_q15=32767 slow_q15=32767 ok=0 crc=0 timeout=0 probe_ok=0 probe_fail=0 suspects=0 exclusions=0 reinclusions=0 last_excl_ms=0
PR1QC ch=14 mhz=2432 state=0 fast_q15=32767 slow_q15=32767 ok=0 crc=0 timeout=0 probe_ok=0 probe_fail=0 suspects=0 exclusions=0 reinclusions=0 last_excl_ms=0
PR1QC ch=15 mhz=2434 state=0 fast_q15=32767 slow_q15=32767 ok=0 crc=0 timeout=0 probe_ok=0 probe_fail=0 suspects=0 exclusions=0 reinclusions=0 last_excl_ms=0
PR1QC ch=16 mhz=2436 state=0 fast_q15=32767 slow_q15=32767 ok=0 crc=0 timeout=0 probe_ok=0 probe_fail=0 suspects=0 exclusions=0 reinclusions=0 last_excl_ms=0
PR1QC ch=17 mhz=2438 state=0 fast_q15=32767 slow_q15=32767 ok=0 crc=0 timeout=0 probe_ok=0 probe_fail=0 suspects=0 exclusions=0 reinclusions=0 last_excl_ms=0
PR1QC ch=18 mhz=2440 state=0 fast_q15=32767 slow_q15=32767 ok=0 crc=0 timeout=0 probe_ok=0 probe_fail=0 suspects=0 exclusions=0 reinclusions=0 last_excl_ms=0
PR1QC ch=19 mhz=2442 state=0 fast_q15=32767 slow_q15=32767 ok=0 crc=0 timeout=0 probe_ok=0 probe_fail=0 suspects=0 exclusions=0 reinclusions=0 last_excl_ms=0
PR1QC ch=20 mhz=2444 state=0 fast_q15=32767 slow_q15=32767 ok=0 crc=0 timeout=0 probe_ok=0 probe_fail=0 suspects=0 exclusions=0 reinclusions=0 last_excl_ms=0
PR1QC ch=21 mhz=2446 state=0 fast_q15=32767 slow_q15=32767 ok=0 crc=0 timeout=0 probe_ok=0 probe_fail=0 suspects=0 exclusions=0 reinclusions=0 last_excl_ms=0
PR1QC ch=22 mhz=2448 state=0 fast_q15=32767 slow_q15=32767 ok=0 crc=0 timeout=0 probe_ok=0 probe_fail=0 suspects=0 exclusions=0 reinclusions=0 last_excl_ms=0
PR1QC ch=23 mhz=2450 state=0 fast_q15=32767 slow_q15=32767 ok=0 crc=0 timeout=0 probe_ok=0 probe_fail=0 suspects=0 exclusions=0 reinclusions=0 last_excl_ms=0
PR1QC ch=24 mhz=2452 state=0 fast_q15=32767 slow_q15=32767 ok=0 crc=0 timeout=0 probe_ok=0 probe_fail=0 suspects=0 exclusions=0 reinclusions=0 last_excl_ms=0
PR1QC ch=25 mhz=2454 state=0 fast_q15=32767 slow_q15=32767 ok=0 crc=0 timeout=0 probe_ok=0 probe_fail=0 suspects=0 exclusions=0 reinclusions=0 last_excl_ms=0
PR1QC ch=26 mhz=2456 state=0 fast_q15=32767 slow_q15=32767 ok=0 crc=0 timeout=0 probe_ok=0 probe_fail=0 suspects=0 exclusions=0 reinclusions=0 last_excl_ms=0
PR1QC ch=27 mhz=2458 state=0 fast_q15=32767 slow_q15=32767 ok=0 crc=0 timeout=0 probe_ok=0 probe_fail=0 suspects=0 exclusions=0 reinclusions=0 last_excl_ms=0
PR1QC ch=28 mhz=2460 state=0 fast_q15=32767 slow_q15=32767 ok=0 crc=0 timeout=0 probe_ok=0 probe_fail=0 suspects=0 exclusions=0 reinclusions=0 last_excl_ms=0
PR1QC ch=29 mhz=2462 state=0 fast_q15=32767 slow_q15=32767 ok=0 crc=0 timeout=0 probe_ok=0 probe_fail=0 suspects=0 exclusions=0 reinclusions=0 last_excl_ms=0
PR1QC ch=30 mhz=2464 state=0 fast_q15=32767 slow_q15=32767 ok=0 crc=0 timeout=0 probe_ok=0 probe_fail=0 suspects=0 exclusions=0 reinclusions=0 last_excl_ms=0
PR1QC ch=31 mhz=2466 state=0 fast_q15=32767 slow_q15=32767 ok=0 crc=0 timeout=0 probe_ok=0 probe_fail=0 suspects=0 exclusions=0 reinclusions=0 last_excl_ms=0
PR1QC ch=32 mhz=2468 state=0 fast_q15=32767 slow_q15=32767 ok=0 crc=0 timeout=0 probe_ok=0 probe_fail=0 suspects=0 exclusions=0 reinclusions=0 last_excl_ms=0
PR1QC ch=33 mhz=2470 state=0 fast_q15=32767 slow_q15=32767 ok=0 crc=0 timeout=0 probe_ok=0 probe_fail=0 suspects=0 exclusions=0 reinclusions=0 last_excl_ms=0
PR1QC ch=34 mhz=2472 state=0 fast_q15=32767 slow_q15=32767 ok=0 crc=0 timeout=0 probe_ok=0 probe_fail=0 suspects=0 exclusions=0 reinclusions=0 last_excl_ms=0
PR1QC ch=35 mhz=2474 state=0 fast_q15=32767 slow_q15=32767 ok=0 crc=0 timeout=0 probe_ok=0 probe_fail=0 suspects=0 exclusions=0 reinclusions=0 last_excl_ms=0
PR1QC ch=36 mhz=2476 state=0 fast_q15=32767 slow_q15=32767 ok=0 crc=0 timeout=0 probe_ok=0 probe_fail=0 suspects=0 exclusions=0 reinclusions=0 last_excl_ms=0
PR1QC ch=37 mhz=2478 state=0 fast_q15=32767 slow_q15=32767 ok=0 crc=0 timeout=0 probe_ok=0 probe_fail=0 suspects=0 exclusions=0 reinclusions=0 last_excl_ms=0
PR1QC ch=38 mhz=2480 state=0 fast_q15=32767 slow_q15=32767 ok=0 crc=0 timeout=0 probe_ok=0 probe_fail=0 suspects=0 exclusions=0 reinclusions=0 last_excl_ms=0
PR1QC ch=39 mhz=2482 state=0 fast_q15=32767 slow_q15=32767 ok=0 crc=0 timeout=0 probe_ok=0 probe_fail=0 suspects=0 exclusions=0 reinclusions=0 last_excl_ms=0
PR1QE t_ms=1766 kind=5 logical=389 target=978 id=1 v=2 ch=0 value=1 bits=efffffffff
PR1QE t_ms=3533 kind=4 logical=978 target=978 id=0 v=2 ch=0 value=39 bits=efffffffff
PR1QE t_ms=3560 kind=5 logical=987 target=1578 id=2 v=3 ch=0 value=1 bits=e755d3f7ff
PR1QE t_ms=5332 kind=4 logical=1578 target=1578 id=0 v=3 ch=0 value=30 bits=e755d3f7ff
PR1QE t_ms=5362 kind=5 logical=1588 target=2178 id=3 v=4 ch=0 value=1 bits=63115336ff
PR1QE t_ms=7124 kind=4 logical=2178 target=2178 id=0 v=4 ch=0 value=22 bits=63115336ff
PR1QE t_ms=7151 kind=5 logical=2187 target=2778 id=4 v=5 ch=0 value=1 bits=60015334ef
PR1QE t_ms=8913 kind=4 logical=2778 target=2778 id=0 v=5 ch=0 value=17 bits=60015334ef
PR1QE t_ms=8946 kind=5 logical=2789 target=3378 id=5 v=6 ch=0 value=1 bits=20015314a5
PR1QE t_ms=10701 kind=4 logical=3378 target=3378 id=0 v=6 ch=0 value=12 bits=20015314a5
PR1QE t_ms=10728 kind=5 logical=3387 target=3678 id=6 v=6 ch=11 value=2 bits=0000000000
PR1QE t_ms=11624 kind=5 logical=3688 target=3979 id=7 v=6 ch=21 value=2 bits=0000000000
PR1QE_END
PR1HE_BEGIN total=4572 count=256
PR1HE t_us=13470207 kind=0 logical=4299 seq=4299 ch=22 rssi=0
PR1HE t_us=13473185 kind=0 logical=4300 seq=4300 ch=10 rssi=0
PR1HE t_us=13476167 kind=0 logical=4301 seq=4301 ch=7 rssi=0
PR1HE t_us=13479147 kind=0 logical=4302 seq=4302 ch=12 rssi=0
PR1HE t_us=13482123 kind=0 logical=4303 seq=4303 ch=37 rssi=0
PR1HE t_us=13485095 kind=0 logical=4304 seq=4304 ch=0 rssi=0
PR1HE t_us=13488076 kind=0 logical=4305 seq=4305 ch=20 rssi=0
PR1HE t_us=13491048 kind=0 logical=4306 seq=4306 ch=16 rssi=0
PR1HE t_us=13494019 kind=0 logical=4307 seq=4307 ch=17 rssi=0
PR1HE t_us=13496988 kind=0 logical=4308 seq=4308 ch=0 rssi=0
PR1HE t_us=13499964 kind=0 logical=4309 seq=4309 ch=24 rssi=0
PR1HE t_us=13502934 kind=0 logical=4310 seq=4310 ch=10 rssi=0
PR1HE t_us=13505909 kind=0 logical=4311 seq=4311 ch=7 rssi=0
PR1HE t_us=13508879 kind=0 logical=4312 seq=4312 ch=5 rssi=0
PR1HE t_us=13511852 kind=0 logical=4313 seq=4313 ch=37 rssi=0
PR1HE t_us=13514827 kind=0 logical=4314 seq=4314 ch=12 rssi=0
PR1HE t_us=13517810 kind=0 logical=4315 seq=4315 ch=20 rssi=0
PR1HE t_us=13520792 kind=0 logical=4316 seq=4316 ch=22 rssi=0
PR1HE t_us=13523769 kind=0 logical=4317 seq=4317 ch=17 rssi=0
PR1HE t_us=13526742 kind=0 logical=4318 seq=4318 ch=2 rssi=0
PR1HE t_us=13529725 kind=0 logical=4319 seq=4319 ch=16 rssi=0
PR1HE t_us=13532707 kind=0 logical=4320 seq=4320 ch=17 rssi=0
PR1HE t_us=13535688 kind=0 logical=4321 seq=4321 ch=2 rssi=0
PR1HE t_us=13538664 kind=0 logical=4322 seq=4322 ch=12 rssi=0
PR1HE t_us=13541635 kind=0 logical=4323 seq=4323 ch=37 rssi=0
PR1HE t_us=13544611 kind=0 logical=4324 seq=4324 ch=7 rssi=0
PR1HE t_us=13547589 kind=0 logical=4325 seq=4325 ch=20 rssi=0
PR1HE t_us=13550565 kind=0 logical=4326 seq=4326 ch=22 rssi=0
PR1HE t_us=13553539 kind=0 logical=4327 seq=4327 ch=24 rssi=0
PR1HE t_us=13556511 kind=0 logical=4328 seq=4328 ch=5 rssi=0
PR1HE t_us=13559486 kind=0 logical=4329 seq=4329 ch=10 rssi=0
PR1HE t_us=13562463 kind=0 logical=4330 seq=4330 ch=16 rssi=0
PR1HE t_us=13565437 kind=0 logical=4331 seq=4331 ch=0 rssi=0
PR1HE t_us=13568415 kind=0 logical=4332 seq=4332 ch=17 rssi=0
PR1HE t_us=13571391 kind=0 logical=4333 seq=4333 ch=2 rssi=0
PR1HE t_us=13574371 kind=0 logical=4334 seq=4334 ch=20 rssi=0
PR1HE t_us=13577357 kind=0 logical=4335 seq=4335 ch=7 rssi=0
PR1HE t_us=13580332 kind=0 logical=4336 seq=4336 ch=0 rssi=0
PR1HE t_us=13583311 kind=0 logical=4337 seq=4337 ch=24 rssi=0
PR1HE t_us=13586283 kind=0 logical=4338 seq=4338 ch=16 rssi=0
PR1HE t_us=13589263 kind=0 logical=4339 seq=4339 ch=37 rssi=0
PR1HE t_us=13592241 kind=0 logical=4340 seq=4340 ch=5 rssi=0
PR1HE t_us=13595220 kind=0 logical=4341 seq=4341 ch=10 rssi=0
PR1HE t_us=13598192 kind=0 logical=4342 seq=4342 ch=12 rssi=0
PR1HE t_us=13601166 kind=0 logical=4343 seq=4343 ch=22 rssi=0
PR1HE t_us=13604142 kind=0 logical=4344 seq=4344 ch=2 rssi=0
PR1HE t_us=13607117 kind=0 logical=4345 seq=4345 ch=7 rssi=0
PR1HE t_us=13610088 kind=0 logical=4346 seq=4346 ch=24 rssi=0
PR1HE t_us=13613065 kind=0 logical=4347 seq=4347 ch=10 rssi=0
PR1HE t_us=13616043 kind=0 logical=4348 seq=4348 ch=16 rssi=0
PR1HE t_us=13619016 kind=0 logical=4349 seq=4349 ch=22 rssi=0
PR1HE t_us=13621988 kind=0 logical=4350 seq=4350 ch=17 rssi=0
PR1HE t_us=13624964 kind=0 logical=4351 seq=4351 ch=12 rssi=0
PR1HE t_us=13627934 kind=0 logical=4352 seq=4352 ch=0 rssi=0
PR1HE t_us=13630909 kind=0 logical=4353 seq=4353 ch=20 rssi=0
PR1HE t_us=13633879 kind=0 logical=4354 seq=4354 ch=5 rssi=0
PR1HE t_us=13636852 kind=0 logical=4355 seq=4355 ch=37 rssi=0
PR1HE t_us=13639827 kind=0 logical=4356 seq=4356 ch=2 rssi=0
PR1HE t_us=13642810 kind=0 logical=4357 seq=4357 ch=16 rssi=0
PR1HE t_us=13645792 kind=0 logical=4358 seq=4358 ch=24 rssi=0
PR1HE t_us=13648769 kind=0 logical=4359 seq=4359 ch=22 rssi=0
PR1HE t_us=13651742 kind=0 logical=4360 seq=4360 ch=7 rssi=0
PR1HE t_us=13654725 kind=0 logical=4361 seq=4361 ch=20 rssi=0
PR1HE t_us=13657702 kind=0 logical=4362 seq=4362 ch=10 rssi=0
PR1HE t_us=13660683 kind=0 logical=4363 seq=4363 ch=37 rssi=0
PR1HE t_us=13663657 kind=0 logical=4364 seq=4364 ch=0 rssi=0
PR1HE t_us=13666630 kind=0 logical=4365 seq=4365 ch=5 rssi=0
PR1HE t_us=13669607 kind=0 logical=4366 seq=4366 ch=12 rssi=0
PR1HE t_us=13672576 kind=0 logical=4367 seq=4367 ch=17 rssi=0
PR1HE t_us=13675552 kind=0 logical=4368 seq=4368 ch=20 rssi=0
PR1HE t_us=13678524 kind=0 logical=4369 seq=4369 ch=22 rssi=0
PR1HE t_us=13681498 kind=0 logical=4370 seq=4370 ch=12 rssi=0
PR1HE t_us=13684474 kind=0 logical=4371 seq=4371 ch=17 rssi=0
PR1HE t_us=13687451 kind=0 logical=4372 seq=4372 ch=0 rssi=0
PR1HE t_us=13690426 kind=0 logical=4373 seq=4373 ch=10 rssi=0
PR1HE t_us=13693402 kind=0 logical=4374 seq=4374 ch=37 rssi=0
PR1HE t_us=13696385 kind=0 logical=4375 seq=4375 ch=5 rssi=0
PR1HE t_us=13699369 kind=0 logical=4376 seq=4376 ch=2 rssi=0
PR1HE t_us=13702346 kind=0 logical=4377 seq=4377 ch=7 rssi=0
PR1HE t_us=13705325 kind=0 logical=4378 seq=4378 ch=16 rssi=0
PR1HE t_us=13708295 kind=0 logical=4379 seq=4379 ch=24 rssi=0
PR1HE t_us=13711270 kind=0 logical=4380 seq=4380 ch=17 rssi=0
PR1HE t_us=13714245 kind=0 logical=4381 seq=4381 ch=7 rssi=0
PR1HE t_us=13717220 kind=0 logical=4382 seq=4382 ch=20 rssi=0
PR1HE t_us=13720192 kind=0 logical=4383 seq=4383 ch=12 rssi=0
PR1HE t_us=13723166 kind=0 logical=4384 seq=4384 ch=2 rssi=0
PR1HE t_us=13726142 kind=0 logical=4385 seq=4385 ch=10 rssi=0
PR1HE t_us=13729117 kind=0 logical=4386 seq=4386 ch=22 rssi=0
PR1HE t_us=13732088 kind=0 logical=4387 seq=4387 ch=5 rssi=0
PR1HE t_us=13735065 kind=0 logical=4388 seq=4388 ch=37 rssi=0
PR1HE t_us=13738043 kind=0 logical=4389 seq=4389 ch=16 rssi=0
PR1HE t_us=13741012 kind=0 logical=4390 seq=4390 ch=24 rssi=0
PR1HE t_us=13743982 kind=0 logical=4391 seq=4391 ch=0 rssi=0
PR1HE t_us=13746959 kind=0 logical=4392 seq=4392 ch=5 rssi=0
PR1HE t_us=13749933 kind=0 logical=4393 seq=4393 ch=16 rssi=0
PR1HE t_us=13752903 kind=0 logical=4394 seq=4394 ch=12 rssi=0
PR1HE t_us=13755874 kind=0 logical=4395 seq=4395 ch=10 rssi=0
PR1HE t_us=13758845 kind=0 logical=4396 seq=4396 ch=37 rssi=0
PR1HE t_us=13761819 kind=0 logical=4397 seq=4397 ch=22 rssi=0
PR1HE t_us=13764797 kind=0 logical=4398 seq=4398 ch=2 rssi=0
PR1HE t_us=13767775 kind=0 logical=4399 seq=4399 ch=24 rssi=0
PR1HE t_us=13770754 kind=0 logical=4400 seq=4400 ch=20 rssi=0
PR1HE t_us=13773738 kind=0 logical=4401 seq=4401 ch=7 rssi=0
PR1HE t_us=13776716 kind=0 logical=4402 seq=4402 ch=17 rssi=0
PR1HE t_us=13779688 kind=0 logical=4403 seq=4403 ch=0 rssi=0
PR1HE t_us=13782663 kind=0 logical=4404 seq=4404 ch=24 rssi=0
PR1HE t_us=13785633 kind=0 logical=4405 seq=4405 ch=10 rssi=0
PR1HE t_us=13788610 kind=0 logical=4406 seq=4406 ch=37 rssi=0
PR1HE t_us=13791587 kind=0 logical=4407 seq=4407 ch=16 rssi=0
PR1HE t_us=13794565 kind=0 logical=4408 seq=4408 ch=12 rssi=0
PR1HE t_us=13797539 kind=0 logical=4409 seq=4409 ch=2 rssi=0
PR1HE t_us=13800511 kind=0 logical=4410 seq=4410 ch=22 rssi=0
PR1HE t_us=13803486 kind=0 logical=4411 seq=4411 ch=7 rssi=0
PR1HE t_us=13806463 kind=0 logical=4412 seq=4412 ch=5 rssi=0
PR1HE t_us=13809437 kind=0 logical=4413 seq=4413 ch=20 rssi=0
PR1HE t_us=13812415 kind=0 logical=4414 seq=4414 ch=17 rssi=0
PR1HE t_us=13815391 kind=0 logical=4415 seq=4415 ch=0 rssi=0
PR1HE t_us=13818371 kind=0 logical=4416 seq=4416 ch=22 rssi=0
PR1HE t_us=13821357 kind=0 logical=4417 seq=4417 ch=24 rssi=0
PR1HE t_us=13824332 kind=0 logical=4418 seq=4418 ch=16 rssi=0
PR1HE t_us=13827311 kind=0 logical=4419 seq=4419 ch=2 rssi=0
PR1HE t_us=13830283 kind=0 logical=4420 seq=4420 ch=10 rssi=0
PR1HE t_us=13833263 kind=0 logical=4421 seq=4421 ch=12 rssi=0
PR1HE t_us=13836241 kind=0 logical=4422 seq=4422 ch=20 rssi=0
PR1HE t_us=13839220 kind=0 logical=4423 seq=4423 ch=7 rssi=0
PR1HE t_us=13842192 kind=0 logical=4424 seq=4424 ch=5 rssi=0
PR1HE t_us=13845166 kind=0 logical=4425 seq=4425 ch=37 rssi=0
PR1HE t_us=13848142 kind=0 logical=4426 seq=4426 ch=0 rssi=0
PR1HE t_us=13851117 kind=0 logical=4427 seq=4427 ch=17 rssi=0
PR1HE t_us=13854088 kind=0 logical=4428 seq=4428 ch=0 rssi=0
PR1HE t_us=13857065 kind=0 logical=4429 seq=4429 ch=17 rssi=0
PR1HE t_us=13860043 kind=0 logical=4430 seq=4430 ch=20 rssi=0
PR1HE t_us=13863012 kind=0 logical=4431 seq=4431 ch=16 rssi=0
PR1HE t_us=13865982 kind=0 logical=4432 seq=4432 ch=7 rssi=0
PR1HE t_us=13868958 kind=0 logical=4433 seq=4433 ch=37 rssi=0
PR1HE t_us=13871932 kind=0 logical=4434 seq=4434 ch=5 rssi=0
PR1HE t_us=13874910 kind=0 logical=4435 seq=4435 ch=2 rssi=0
PR1HE t_us=13877881 kind=0 logical=4436 seq=4436 ch=24 rssi=0
PR1HE t_us=13880859 kind=0 logical=4437 seq=4437 ch=12 rssi=0
PR1HE t_us=13883834 kind=0 logical=4438 seq=4438 ch=10 rssi=0
PR1HE t_us=13886816 kind=0 logical=4439 seq=4439 ch=22 rssi=0
PR1HE t_us=13889797 kind=0 logical=4440 seq=4440 ch=2 rssi=0
PR1HE t_us=13892775 kind=0 logical=4441 seq=4441 ch=5 rssi=0
PR1HE t_us=13895754 kind=0 logical=4442 seq=4442 ch=20 rssi=0
PR1HE t_us=13898727 kind=0 logical=4443 seq=4443 ch=16 rssi=0
PR1HE t_us=13901702 kind=0 logical=4444 seq=4444 ch=12 rssi=0
PR1HE t_us=13904683 kind=0 logical=4445 seq=4445 ch=37 rssi=0
PR1HE t_us=13907657 kind=0 logical=4446 seq=4446 ch=0 rssi=0
PR1HE t_us=13910630 kind=0 logical=4447 seq=4447 ch=7 rssi=0
PR1HE t_us=13913607 kind=0 logical=4448 seq=4448 ch=17 rssi=0
PR1HE t_us=13916576 kind=0 logical=4449 seq=4449 ch=22 rssi=0
PR1HE t_us=13919552 kind=0 logical=4450 seq=4450 ch=10 rssi=0
PR1HE t_us=13922524 kind=0 logical=4451 seq=4451 ch=24 rssi=0
PR1HE t_us=13925498 kind=0 logical=4452 seq=4452 ch=2 rssi=0
PR1HE t_us=13928474 kind=0 logical=4453 seq=4453 ch=37 rssi=0
PR1HE t_us=13931451 kind=0 logical=4454 seq=4454 ch=0 rssi=0
PR1HE t_us=13934426 kind=0 logical=4455 seq=4455 ch=24 rssi=0
PR1HE t_us=13937402 kind=0 logical=4456 seq=4456 ch=20 rssi=0
PR1HE t_us=13940385 kind=0 logical=4457 seq=4457 ch=16 rssi=0
PR1HE t_us=13943362 kind=0 logical=4458 seq=4458 ch=7 rssi=0
PR1HE t_us=13946344 kind=0 logical=4459 seq=4459 ch=17 rssi=0
PR1HE t_us=13949325 kind=0 logical=4460 seq=4460 ch=12 rssi=0
PR1HE t_us=13952295 kind=0 logical=4461 seq=4461 ch=10 rssi=0
PR1HE t_us=13955269 kind=0 logical=4462 seq=4462 ch=5 rssi=0
PR1HE t_us=13958245 kind=0 logical=4463 seq=4463 ch=22 rssi=0
PR1HE t_us=13961226 kind=0 logical=4464 seq=4464 ch=2 rssi=0
PR1HE t_us=13964201 kind=0 logical=4465 seq=4465 ch=7 rssi=0
PR1HE t_us=13967177 kind=0 logical=4466 seq=4466 ch=16 rssi=0
PR1HE t_us=13970148 kind=0 logical=4467 seq=4467 ch=12 rssi=0
PR1HE t_us=13973123 kind=0 logical=4468 seq=4468 ch=20 rssi=0
PR1HE t_us=13976094 kind=0 logical=4469 seq=4469 ch=0 rssi=0
PR1HE t_us=13979076 kind=0 logical=4470 seq=4470 ch=24 rssi=0
PR1HE t_us=13982048 kind=0 logical=4471 seq=4471 ch=5 rssi=0
PR1HE t_us=13985019 kind=0 logical=4472 seq=4472 ch=37 rssi=0
PR1HE t_us=13987988 kind=0 logical=4473 seq=4473 ch=17 rssi=0
PR1HE t_us=13990964 kind=0 logical=4474 seq=4474 ch=10 rssi=0
PR1HE t_us=13993934 kind=0 logical=4475 seq=4475 ch=22 rssi=0
PR1HE t_us=13996909 kind=0 logical=4476 seq=4476 ch=0 rssi=0
PR1HE t_us=13999879 kind=0 logical=4477 seq=4477 ch=22 rssi=0
PR1HE t_us=14002852 kind=0 logical=4478 seq=4478 ch=2 rssi=0
PR1HE t_us=14005827 kind=0 logical=4479 seq=4479 ch=16 rssi=0
PR1HE t_us=14008810 kind=0 logical=4480 seq=4480 ch=7 rssi=0
PR1HE t_us=14011792 kind=0 logical=4481 seq=4481 ch=24 rssi=0
PR1HE t_us=14014769 kind=0 logical=4482 seq=4482 ch=20 rssi=0
PR1HE t_us=14017742 kind=0 logical=4483 seq=4483 ch=17 rssi=0
PR1HE t_us=14020725 kind=0 logical=4484 seq=4484 ch=5 rssi=0
PR1HE t_us=14023702 kind=0 logical=4485 seq=4485 ch=12 rssi=0
PR1HE t_us=14026683 kind=0 logical=4486 seq=4486 ch=37 rssi=0
PR1HE t_us=14029657 kind=0 logical=4487 seq=4487 ch=10 rssi=0
PR1HE t_us=14032630 kind=0 logical=4488 seq=4488 ch=0 rssi=0
PR1HE t_us=14035607 kind=0 logical=4489 seq=4489 ch=16 rssi=0
PR1HE t_us=14038576 kind=0 logical=4490 seq=4490 ch=22 rssi=0
PR1HE t_us=14041552 kind=0 logical=4491 seq=4491 ch=2 rssi=0
PR1HE t_us=14044524 kind=0 logical=4492 seq=4492 ch=7 rssi=0
PR1HE t_us=14047498 kind=0 logical=4493 seq=4493 ch=24 rssi=0
PR1HE t_us=14050474 kind=0 logical=4494 seq=4494 ch=5 rssi=0
PR1HE t_us=14053451 kind=0 logical=4495 seq=4495 ch=12 rssi=0
PR1HE t_us=14056426 kind=0 logical=4496 seq=4496 ch=10 rssi=0
PR1HE t_us=14059402 kind=0 logical=4497 seq=4497 ch=20 rssi=0
PR1HE t_us=14062385 kind=0 logical=4498 seq=4498 ch=37 rssi=0
PR1HE t_us=14065365 kind=0 logical=4499 seq=4499 ch=17 rssi=0
PR1HE t_us=14068344 kind=0 logical=4500 seq=4500 ch=7 rssi=0
PR1HE t_us=14071325 kind=0 logical=4501 seq=4501 ch=2 rssi=0
PR1HE t_us=14074306 kind=0 logical=4502 seq=4502 ch=20 rssi=0
PR1HE t_us=14077278 kind=0 logical=4503 seq=4503 ch=10 rssi=0
PR1HE t_us=14080257 kind=0 logical=4504 seq=4504 ch=17 rssi=0
PR1HE t_us=14083239 kind=0 logical=4505 seq=4505 ch=12 rssi=0
PR1HE t_us=14086220 kind=0 logical=4506 seq=4506 ch=5 rssi=0
PR1HE t_us=14089192 kind=0 logical=4507 seq=4507 ch=24 rssi=0
PR1HE t_us=14092166 kind=0 logical=4508 seq=4508 ch=16 rssi=0
PR1HE t_us=14095142 kind=0 logical=4509 seq=4509 ch=22 rssi=0
PR1HE t_us=14098117 kind=0 logical=4510 seq=4510 ch=37 rssi=0
PR1HE t_us=14101088 kind=0 logical=4511 seq=4511 ch=0 rssi=0
PR1HE t_us=14104065 kind=0 logical=4512 seq=4512 ch=5 rssi=0
PR1HE t_us=14107043 kind=0 logical=4513 seq=4513 ch=10 rssi=0
PR1HE t_us=14110012 kind=0 logical=4514 seq=4514 ch=7 rssi=0
PR1HE t_us=14112982 kind=0 logical=4515 seq=4515 ch=0 rssi=0
PR1HE t_us=14115958 kind=0 logical=4516 seq=4516 ch=17 rssi=0
PR1HE t_us=14118932 kind=0 logical=4517 seq=4517 ch=2 rssi=0
PR1HE t_us=14121910 kind=0 logical=4518 seq=4518 ch=12 rssi=0
PR1HE t_us=14124881 kind=0 logical=4519 seq=4519 ch=20 rssi=0
PR1HE t_us=14127859 kind=0 logical=4520 seq=4520 ch=16 rssi=0
PR1HE t_us=14130834 kind=0 logical=4521 seq=4521 ch=37 rssi=0
PR1HE t_us=14133816 kind=0 logical=4522 seq=4522 ch=22 rssi=0
PR1HE t_us=14136792 kind=0 logical=4523 seq=4523 ch=24 rssi=0
PR1HE t_us=14139769 kind=0 logical=4524 seq=4524 ch=20 rssi=0
PR1HE t_us=14142750 kind=0 logical=4525 seq=4525 ch=24 rssi=0
PR1HE t_us=14145728 kind=0 logical=4526 seq=4526 ch=12 rssi=0
PR1HE t_us=14148707 kind=0 logical=4527 seq=4527 ch=5 rssi=0
PR1HE t_us=14151686 kind=0 logical=4528 seq=4528 ch=2 rssi=0
PR1HE t_us=14154664 kind=0 logical=4529 seq=4529 ch=0 rssi=0
PR1HE t_us=14157635 kind=0 logical=4530 seq=4530 ch=37 rssi=0
PR1HE t_us=14160607 kind=0 logical=4531 seq=4531 ch=17 rssi=0
PR1HE t_us=14163576 kind=0 logical=4532 seq=4532 ch=16 rssi=0
PR1HE t_us=14166552 kind=0 logical=4533 seq=4533 ch=10 rssi=0
PR1HE t_us=14169524 kind=0 logical=4534 seq=4534 ch=22 rssi=0
PR1HE t_us=14172498 kind=0 logical=4535 seq=4535 ch=7 rssi=0
PR1HE t_us=14175474 kind=0 logical=4536 seq=4536 ch=17 rssi=0
PR1HE t_us=14178451 kind=0 logical=4537 seq=4537 ch=0 rssi=0
PR1HE t_us=14181426 kind=0 logical=4538 seq=4538 ch=22 rssi=0
PR1HE t_us=14184402 kind=0 logical=4539 seq=4539 ch=20 rssi=0
PR1HE t_us=14187385 kind=0 logical=4540 seq=4540 ch=5 rssi=0
PR1HE t_us=14190362 kind=0 logical=4541 seq=4541 ch=7 rssi=0
PR1HE t_us=14193344 kind=0 logical=4542 seq=4542 ch=10 rssi=0
PR1HE t_us=14196325 kind=0 logical=4543 seq=4543 ch=24 rssi=0
PR1HE t_us=14199295 kind=0 logical=4544 seq=4544 ch=2 rssi=0
PR1HE t_us=14202270 kind=0 logical=4545 seq=4545 ch=12 rssi=0
PR1HE t_us=14205253 kind=0 logical=4546 seq=4546 ch=37 rssi=0
PR1HE t_us=14208232 kind=0 logical=4547 seq=4547 ch=16 rssi=0
PR1HE t_us=14211207 kind=0 logical=4548 seq=4548 ch=12 rssi=0
PR1HE t_us=14214185 kind=0 logical=4549 seq=4549 ch=0 rssi=0
PR1HE t_us=14217167 kind=0 logical=4550 seq=4550 ch=17 rssi=0
PR1HE t_us=14220147 kind=0 logical=4551 seq=4551 ch=16 rssi=0
PR1HE t_us=14223123 kind=0 logical=4552 seq=4552 ch=37 rssi=0
PR1HE t_us=14226095 kind=0 logical=4553 seq=4553 ch=5 rssi=0
PR1HE t_us=14229073 kind=0 logical=4554 seq=4554 ch=20 rssi=0
PR1HA_BEGIN total=17 kept=17
PR1HA t_us=600912 kind=9 logical=0 seq=57 ch=18 rssi=0
PR1HA t_us=1754914 kind=10 logical=384 seq=73 ch=10 rssi=0
PR1HA t_us=1769972 kind=10 logical=389 seq=49 ch=26 rssi=0
PR1HA t_us=3548822 kind=10 logical=982 seq=54 ch=1 rssi=0
PR1HA t_us=3563855 kind=10 logical=987 seq=43 ch=28 rssi=0
PR1HA t_us=5350779 kind=10 logical=1583 seq=63 ch=8 rssi=0
PR1HA t_us=5365827 kind=10 logical=1588 seq=42 ch=10 rssi=0
PR1HA t_us=7139536 kind=10 logical=2182 seq=50 ch=0 rssi=0
PR1HA t_us=7154536 kind=10 logical=2187 seq=42 ch=33 rssi=0
PR1HA t_us=8934778 kind=10 logical=2784 seq=61 ch=1 rssi=0
PR1HA t_us=8949790 kind=10 logical=2789 seq=50 ch=24 rssi=0
PR1HA t_us=10710193 kind=10 logical=3380 seq=45 ch=22 rssi=0
PR1HA t_us=11606136 kind=10 logical=3681 seq=41 ch=2 rssi=0
PR1HA t_us=11627047 kind=10 logical=3688 seq=56 ch=7 rssi=0
PR1HA t_us=12217682 kind=9 logical=3885 seq=7220 ch=2 rssi=0
PR1HA t_us=13169686 kind=9 logical=4199 seq=17470 ch=2 rssi=0
PR1HA t_us=13172589 kind=10 logical=4199 seq=42 ch=2 rssi=0
PR1HE_END
