ESP-ROM:esp32s3-20210327
Build:Mar 27 2021
rst:0x15 (USB_UART_CHIP_RESET),boot:0x38 (SPI_FAST_FLASH_BOOT)
Saved PC:0x420299ea
SPIWP:0xee
mode:DIO, clock div:1
load:0x3fce3808,len:0x44c
load:0x403c9700,len:0xbd8
load:0x403cc700,len:0x2a80
entry 0x403c98d0
PR1_RUNTIME_BOOT
runtime_profile=phase1-fixed-flrc-rx
runtime_role=rx
board_family=LILYGO T3-S3-MVSRBoard
board_reference_revision=V1.1 upstream reference
radio_target=SX1280
upstream_reference_commit=840a2e788b3192c4e9bddf0640c1ecaf703c2598
hardware_verified=0
protocol_version=1
protocol_header_bytes=16
rf_enabled=1
sx1280_spi_hz=2000000
sx1280_cs=7
sx1280_rst=8
sx1280_sclk=5
sx1280_mosi=6
sx1280_miso=3
sx1280_dio1=9
sx1280_busy=36
sx1280_tx_enable=10
sx1280_rx_enable=21
oled_role_label=RX
oled_i2c_addr=0x3c
PR1_FIXED_FLRC_PROFILE
frequency_mhz=2404.000
bitrate_kbps=1300
coding_rate=3
output_dbm=0
tx_gap_us=5000
packet_bytes=116
adaptive_layers=off
PR1_RUNTIME_LIVE_READY
PR1T v=1 t_us=20874756 field=device_state value=2
PR1T v=1 t_us=20874756 field=rssi_dbm value=-54
PR1T v=1 t_us=20874756 field=crc_good value=6982
PR1T v=1 t_us=20874756 field=crc_bad value=49
PR1T v=1 t_us=20874756 field=missing value=89
PR1T v=1 t_us=20874756 field=queue_depth value=0
PR1T v=1 t_us=20874756 field=max_queue_depth value=1
PR1T v=1 t_us=20874756 field=irq_to_spi_us value=6
PR1T v=1 t_us=20874756 field=spi_duration_us value=1245
PR1T v=1 t_us=20874756 field=rx_processing_us value=1246
PR1T v=1 t_us=20874756 field=spi_end_to_rearm_start_us value=136
PR1T v=1 t_us=20874756 field=rx_rearm_us value=416
PR1T v=1 t_us=20874756 field=irq_to_rx_ready_us value=1786
PR1T v=1 t_us=20874756 field=trace_overwrites value=63151
PR1T v=1 t_us=20874756 field=capability_mask value=12
PR1T v=1 t_us=29749485 field=device_state value=2
PR1T v=1 t_us=29749485 field=rssi_dbm value=-52
PR1T v=1 t_us=29749485 field=crc_good value=10038
PR1T v=1 t_us=29749485 field=crc_bad value=77
PR1T v=1 t_us=29749485 field=missing value=133
PR1T v=1 t_us=29749485 field=queue_depth value=0
PR1T v=1 t_us=29749485 field=max_queue_depth value=1
PR1T v=1 t_us=29749485 field=irq_to_spi_us value=6
PR1T v=1 t_us=29749485 field=spi_duration_us value=1245
PR1T v=1 t_us=29749485 field=rx_processing_us value=1246
PR1T v=1 t_us=29749485 field=spi_end_to_rearm_start_us value=136
PR1T v=1 t_us=29749485 field=rx_rearm_us value=416
PR1T v=1 t_us=29749485 field=irq_to_rx_ready_us value=1787
PR1T v=1 t_us=29749485 field=trace_overwrites value=90907
PR1T v=1 t_us=29749485 field=capability_mask value=12
PR1T v=1 t_us=30268010 field=device_state value=2
PR1T v=1 t_us=30268010 field=rssi_dbm value=-53
PR1T v=1 t_us=30268010 field=crc_good value=10215
PR1T v=1 t_us=30268010 field=crc_bad value=79
PR1T v=1 t_us=30268010 field=missing value=137
PR1T v=1 t_us=30268010 field=queue_depth value=0
PR1T v=1 t_us=30268010 field=max_queue_depth value=1
PR1T v=1 t_us=30268010 field=irq_to_spi_us value=6
PR1T v=1 t_us=30268010 field=spi_duration_us value=1250
PR1T v=1 t_us=30268010 field=rx_processing_us value=1248
PR1T v=1 t_us=30268010 field=spi_end_to_rearm_start_us value=136
PR1T v=1 t_us=30268010 field=rx_rearm_us value=416
PR1T v=1 t_us=30268010 field=irq_to_rx_ready_us value=1787
PR1T v=1 t_us=30268010 field=trace_overwrites value=92518
PR1T v=1 t_us=30268010 field=capability_mask value=12
