ESP-ROM:esp32s3-20210327
Build:Mar 27 2021
rst:0x15 (USB_UART_CHIP_RESET),boot:0x18 (SPI_FAST_FLASH_BOOT)
Saved PC:0x4202a53e
SPIWP:0xee
mode:DIO, clock div:1
load:0x3fce3808,len:0x44c
load:0x403c9700,len:0xbd8
load:0x403cc700,len:0x2a80
entry 0x403c98d0
PR1_RUNTIME_BOOT
runtime_profile=phase1-fixed-flrc-rx
runtime_role=rx
board_family=LILYGO T3-S3-MVSRBoard
board_reference_revision=V1.1 upstream reference
radio_target=SX1280
upstream_reference_commit=840a2e788b3192c4e9bddf0640c1ecaf703c2598
hardware_verified=0
protocol_version=1
protocol_header_bytes=16
rf_enabled=1
sx1280_spi_hz=2000000
sx1280_cs=7
sx1280_rst=8
sx1280_sclk=5
sx1280_mosi=6
sx1280_miso=3
sx1280_dio1=9
sx1280_busy=36
sx1280_tx_enable=10
sx1280_rx_enable=21
PR1_FIXED_FLRC_PROFILE
frequency_mhz=2404.000
bitrate_kbps=1300
coding_rate=3
output_dbm=0
tx_gap_us=5000
packet_bytes=116
adaptive_layers=channel_map
ctrl_plane_core=0
afh_enabled=1
afh_session_id=1
afh_session_seed=0x5052314441525431
afh_map_version=1
afh_active_channels=40
afh_resync_after_misses=8
afh_rendezvous_first=20
adaptive_map=1
map_lead_frames=600
map_guard_frames=100
quality_cfg=fast_shift:2,slow_shift:5,suspect_q15:30000,exclude_q15:27853,recover_q15:30720,suspect_losses:2,exclude_losses:4,recover_successes:3,probe_ms:200-3200,min_active:12
afh_schedule_fp=18,21,5,3,0,6,29,20,36,25,9,24,14,28,37,17,30,10,32,26,31,7,22,35,16,1,2,12,39,13,15,11,38,19,33,23,34,4,27,8,16,19,10,17,24,21,5,14
PR1_RUNTIME_LIVE_READY
PR1T v=1 t_us=11436565 field=device_state value=2
PR1T v=1 t_us=11436565 field=rssi_dbm value=-45
PR1T v=1 t_us=11436565 field=crc_good value=3474
PR1T v=1 t_us=11436565 field=crc_bad value=15
PR1T v=1 t_us=11436565 field=missing value=45
PR1T v=1 t_us=11436565 field=queue_depth value=0
PR1T v=1 t_us=11436565 field=max_queue_depth value=1
PR1T v=1 t_us=11436565 field=irq_to_spi_us value=5
PR1T v=1 t_us=11436565 field=spi_duration_us value=1257
PR1T v=1 t_us=11436565 field=rx_processing_us value=1258
PR1T v=1 t_us=11436565 field=spi_end_to_rearm_start_us value=237
PR1T v=1 t_us=11436565 field=rx_rearm_us value=420
PR1T v=1 t_us=11436565 field=irq_to_rx_ready_us value=1918
PR1T v=1 t_us=11436565 field=trace_overwrites value=31281
PR1T v=1 t_us=11436565 field=capability_mask value=12
PR1H t_us=11512381 session_id=1 map_version=6 locked=0 channel=36 logical=3875 retunes=3528 retune_failures=0 standby_failures=0 timeout_advances=39 resync_entries=1 locks=1 agree=3475 disagree=0 period_est_us=2985 max_consecutive_timeouts=9 retune_us_p99=80 retune_us_max=80 hop_compute_us_p99=40 hop_compute_us_max=63
PR1HQ acq_anchors=1 acq_crc=0 acq_frames=33 acq_done_us=887122
PR1HC ok=141,51,77,144,141,143,143,30,142,142,109,143,144,143,49,77,143,140,30,30,78,139,110,29,30,30,31,47,31,31,28,29,107,109,30,141,15,106,51,141 crc=0,0,0,0,0,0,0,0,0,0,0,0,0,0,3,1,0,0,0,0,0,1,1,0,1,1,1,1,0,0,0,0,1,1,1,1,0,1,0,0
PR1CP core=0 lines=6 parse_fail=0 in_dropped=0 out_lines=12 write_waits=0 stack_free=2148 window_waits=15338 work_us_max=227
PR1QS map_version=6 active=15 bits=8800233b79 pending=1 pending_v=7 pending_act=3978 min_active_seen=15 proposals=6 commits=6 commit_late=0 expired=0 activations=5 tx_rejects=0 outcomes_dropped=0 events=81 emit_dropped=0 activation_count=5 ctrl_us_p99=26 ctrl_us_max=26 ctrl_us_n=6 ctrl_us_p50=20 ctrl_us_p95=26
PR1QA v=2 activation=978 applied_at=978
PR1QA v=3 activation=1578 applied_at=1578
PR1QA v=4 activation=2178 applied_at=2178
PR1QA v=5 activation=2778 applied_at=2778
PR1QA v=6 activation=3378 applied_at=3378
PR1QC ch=0 mhz=2404 state=2 fast_q15=32764 slow_q15=32388 ok=141 crc=0 timeout=1 probe_ok=0 probe_fail=0 suspects=1 exclusions=1 reinclusions=0 last_excl_ms=10023
PR1QC ch=1 mhz=2406 state=2 fast_q15=32764 slow_q15=32421 ok=51 crc=0 timeout=1 probe_ok=0 probe_fail=0 suspects=1 exclusions=1 reinclusions=0 last_excl_ms=2942
PR1QC ch=2 mhz=2408 state=2 fast_q15=32764 slow_q15=32421 ok=77 crc=0 timeout=1 probe_ok=0 probe_fail=0 suspects=1 exclusions=1 reinclusions=0 last_excl_ms=5678
PR1QC ch=3 mhz=2410 state=0 fast_q15=32767 slow_q15=32767 ok=144 crc=0 timeout=0 probe_ok=0 probe_fail=0 suspects=0 exclusions=0 reinclusions=0 last_excl_ms=0
PR1QC ch=4 mhz=2412 state=0 fast_q15=32767 slow_q15=32767 ok=141 crc=0 timeout=0 probe_ok=0 probe_fail=0 suspects=0 exclusions=0 reinclusions=0 last_excl_ms=0
PR1QC ch=5 mhz=2414 state=0 fast_q15=32767 slow_q15=32767 ok=143 crc=0 timeout=0 probe_ok=0 probe_fail=0 suspects=0 exclusions=0 reinclusions=0 last_excl_ms=0
PR1QC ch=6 mhz=2416 state=0 fast_q15=32767 slow_q15=32767 ok=143 crc=0 timeout=0 probe_ok=0 probe_fail=0 suspects=0 exclusions=0 reinclusions=0 last_excl_ms=0
PR1QC ch=7 mhz=2418 state=2 fast_q15=32764 slow_q15=32364 ok=30 crc=0 timeout=1 probe_ok=0 probe_fail=0 suspects=1 exclusions=1 reinclusions=0 last_excl_ms=1058
PR1QC ch=8 mhz=2420 state=1 fast_q15=24576 slow_q15=31744 ok=142 crc=0 timeout=1 probe_ok=0 probe_fail=0 suspects=1 exclusions=0 reinclusions=0 last_excl_ms=0
PR1QC ch=9 mhz=2422 state=0 fast_q15=32767 slow_q15=32767 ok=142 crc=0 timeout=0 probe_ok=0 probe_fail=0 suspects=0 exclusions=0 reinclusions=0 last_excl_ms=0
PR1QC ch=10 mhz=2424 state=2 fast_q15=32764 slow_q15=32582 ok=109 crc=0 timeout=1 probe_ok=0 probe_fail=0 suspects=1 exclusions=1 reinclusions=0 last_excl_ms=6437
PR1QC ch=11 mhz=2426 state=2 fast_q15=32764 slow_q15=32388 ok=143 crc=0 timeout=1 probe_ok=0 probe_fail=0 suspects=1 exclusions=1 reinclusions=0 last_excl_ms=10026
PR1QC ch=12 mhz=2428 state=1 fast_q15=24576 slow_q15=31744 ok=144 crc=0 timeout=1 probe_ok=0 probe_fail=0 suspects=1 exclusions=0 reinclusions=0 last_excl_ms=0
PR1QC ch=13 mhz=2430 state=0 fast_q15=32767 slow_q15=32767 ok=143 crc=0 timeout=0 probe_ok=0 probe_fail=0 suspects=0 exclusions=0 reinclusions=0 last_excl_ms=0
PR1QC ch=14 mhz=2432 state=2 fast_q15=29275 slow_q15=30456 ok=49 crc=3 timeout=1 probe_ok=0 probe_fail=0 suspects=1 exclusions=1 reinclusions=0 last_excl_ms=3158
PR1QC ch=15 mhz=2434 state=2 fast_q15=32764 slow_q15=32301 ok=77 crc=1 timeout=1 probe_ok=0 probe_fail=0 suspects=1 exclusions=1 reinclusions=0 last_excl_ms=4596
PR1QC ch=16 mhz=2436 state=0 fast_q15=32764 slow_q15=32388 ok=143 crc=0 timeout=1 probe_ok=0 probe_fail=0 suspects=1 exclusions=0 reinclusions=0 last_excl_ms=0
PR1QC ch=17 mhz=2438 state=1 fast_q15=18432 slow_q15=30752 ok=140 crc=0 timeout=2 probe_ok=0 probe_fail=0 suspects=1 exclusions=0 reinclusions=0 last_excl_ms=0
PR1QC ch=18 mhz=2440 state=2 fast_q15=32764 slow_q15=32351 ok=30 crc=0 timeout=1 probe_ok=0 probe_fail=0 suspects=1 exclusions=1 reinclusions=0 last_excl_ms=1217
PR1QC ch=19 mhz=2442 state=2 fast_q15=32719 slow_q15=32183 ok=30 crc=0 timeout=1 probe_ok=0 probe_fail=0 suspects=1 exclusions=1 reinclusions=0 last_excl_ms=2597
PR1QC ch=20 mhz=2444 state=2 fast_q15=32764 slow_q15=32495 ok=78 crc=0 timeout=1 probe_ok=0 probe_fail=0 suspects=1 exclusions=1 reinclusions=0 last_excl_ms=5033
PR1QC ch=21 mhz=2446 state=2 fast_q15=18430 slow_q15=30433 ok=139 crc=1 timeout=3 probe_ok=0 probe_fail=0 suspects=1 exclusions=1 reinclusions=0 last_excl_ms=8225
PR1QC ch=22 mhz=2448 state=2 fast_q15=32764 slow_q15=32376 ok=110 crc=1 timeout=0 probe_ok=0 probe_fail=0 suspects=1 exclusions=1 reinclusions=0 last_excl_ms=8144
PR1QC ch=23 mhz=2450 state=2 fast_q15=29263 slow_q15=31253 ok=29 crc=0 timeout=2 probe_ok=0 probe_fail=0 suspects=1 exclusions=1 reinclusions=0 last_excl_ms=2384
PR1QC ch=24 mhz=2452 state=2 fast_q15=32762 slow_q15=32325 ok=30 crc=1 timeout=0 probe_ok=0 probe_fail=0 suspects=1 exclusions=1 reinclusions=0 last_excl_ms=1427
PR1QC ch=25 mhz=2454 state=2 fast_q15=32636 slow_q15=31599 ok=30 crc=1 timeout=1 probe_ok=0 probe_fail=0 suspects=1 exclusions=1 reinclusions=0 last_excl_ms=2309
PR1QC ch=26 mhz=2456 state=2 fast_q15=32755 slow_q15=32267 ok=31 crc=1 timeout=0 probe_ok=0 probe_fail=0 suspects=1 exclusions=1 reinclusions=0 last_excl_ms=1910
PR1QC ch=27 mhz=2458 state=2 fast_q15=31410 slow_q15=30819 ok=47 crc=1 timeout=2 probe_ok=0 probe_fail=0 suspects=1 exclusions=1 reinclusions=0 last_excl_ms=3758
PR1QC ch=28 mhz=2460 state=2 fast_q15=32764 slow_q15=32364 ok=31 crc=0 timeout=1 probe_ok=0 probe_fail=0 suspects=1 exclusions=1 reinclusions=0 last_excl_ms=1151
PR1QC ch=29 mhz=2462 state=2 fast_q15=32704 slow_q15=32165 ok=31 crc=0 timeout=1 probe_ok=0 probe_fail=0 suspects=1 exclusions=1 reinclusions=0 last_excl_ms=2675
PR1QC ch=30 mhz=2464 state=2 fast_q15=28844 slow_q15=30635 ok=28 crc=0 timeout=3 probe_ok=0 probe_fail=0 suspects=1 exclusions=1 reinclusions=0 last_excl_ms=1580
PR1QC ch=31 mhz=2466 state=2 fast_q15=32704 slow_q15=32165 ok=29 crc=0 timeout=1 probe_ok=0 probe_fail=0 suspects=1 exclusions=1 reinclusions=0 last_excl_ms=2489
PR1QC ch=32 mhz=2468 state=2 fast_q15=32746 slow_q15=32033 ok=107 crc=1 timeout=1 probe_ok=0 probe_fail=0 suspects=1 exclusions=1 reinclusions=0 last_excl_ms=6662
PR1QC ch=33 mhz=2470 state=2 fast_q15=32763 slow_q15=32155 ok=109 crc=1 timeout=1 probe_ok=0 probe_fail=0 suspects=1 exclusions=1 reinclusions=0 last_excl_ms=6455
PR1QC ch=34 mhz=2472 state=2 fast_q15=32755 slow_q15=32267 ok=30 crc=1 timeout=0 probe_ok=0 probe_fail=0 suspects=1 exclusions=1 reinclusions=0 last_excl_ms=2003
PR1QC ch=35 mhz=2474 state=1 fast_q15=18423 slow_q15=30268 ok=141 crc=1 timeout=2 probe_ok=0 probe_fail=0 suspects=2 exclusions=0 reinclusions=0 last_excl_ms=0
PR1QC ch=36 mhz=2476 state=2 fast_q15=32656 slow_q15=32126 ok=15 crc=0 timeout=1 probe_ok=0 probe_fail=0 suspects=1 exclusions=1 reinclusions=0 last_excl_ms=980
PR1QC ch=37 mhz=2478 state=2 fast_q15=32764 slow_q15=31968 ok=106 crc=1 timeout=2 probe_ok=0 probe_fail=0 suspects=1 exclusions=1 reinclusions=0 last_excl_ms=6479
PR1QC ch=38 mhz=2480 state=2 fast_q15=32764 slow_q15=32364 ok=51 crc=0 timeout=1 probe_ok=0 probe_fail=0 suspects=1 exclusions=1 reinclusions=0 last_excl_ms=3653
PR1QC ch=39 mhz=2482 state=0 fast_q15=32767 slow_q15=32767 ok=141 crc=0 timeout=0 probe_ok=0 probe_fail=0 suspects=0 exclusions=0 reinclusions=0 last_excl_ms=0
PR1QE t_ms=890 kind=7 logical=347 target=0 id=0 v=1 ch=36 value=0 bits=0000000000
PR1QE t_ms=980 kind=8 logical=377 target=0 id=0 v=1 ch=36 value=2 bits=0000000000
PR1QE t_ms=982 kind=0 logical=378 target=978 id=1 v=2 ch=0 value=1 bits=efffffffff
PR1QE t_ms=986 kind=7 logical=379 target=0 id=0 v=1 ch=28 value=0 bits=0000000000
PR1QE t_ms=994 kind=1 logical=382 target=978 id=1 v=2 ch=0 value=1 bits=efffffffff
PR1QE t_ms=998 kind=7 logical=383 target=0 id=0 v=1 ch=7 value=0 bits=0000000000
PR1QE t_ms=1058 kind=8 logical=403 target=0 id=0 v=1 ch=7 value=2 bits=0000000000
PR1QE t_ms=1151 kind=8 logical=434 target=0 id=0 v=1 ch=28 value=2 bits=0000000000
PR1QE t_ms=1154 kind=7 logical=435 target=0 id=0 v=1 ch=18 value=0 bits=0000000000
PR1QE t_ms=1217 kind=8 logical=456 target=0 id=0 v=1 ch=18 value=2 bits=0000000000
PR1QE t_ms=1334 kind=7 logical=495 target=0 id=0 v=1 ch=24 value=0 bits=0000000000
PR1QE t_ms=1427 kind=8 logical=526 target=0 id=0 v=1 ch=24 value=2 bits=0000000000
PR1QE t_ms=1490 kind=7 logical=547 target=0 id=0 v=1 ch=30 value=0 bits=0000000000
PR1QE t_ms=1580 kind=8 logical=577 target=0 id=0 v=1 ch=30 value=2 bits=0000000000
PR1QE t_ms=1805 kind=7 logical=652 target=0 id=0 v=1 ch=34 value=0 bits=0000000000
PR1QE t_ms=1814 kind=7 logical=655 target=0 id=0 v=1 ch=26 value=0 bits=0000000000
PR1QE t_ms=1910 kind=8 logical=687 target=0 id=0 v=1 ch=26 value=2 bits=0000000000
PR1QE t_ms=2003 kind=8 logical=718 target=0 id=0 v=1 ch=34 value=2 bits=0000000000
PR1QE t_ms=2165 kind=7 logical=772 target=0 id=0 v=1 ch=25 value=0 bits=0000000000
PR1QE t_ms=2273 kind=7 logical=808 target=0 id=0 v=1 ch=23 value=0 bits=0000000000
PR1QE t_ms=2309 kind=8 logical=820 target=0 id=0 v=1 ch=25 value=2 bits=0000000000
PR1QE t_ms=2384 kind=8 logical=845 target=0 id=0 v=1 ch=23 value=2 bits=0000000000
PR1QE t_ms=2396 kind=7 logical=849 target=0 id=0 v=1 ch=31 value=0 bits=0000000000
PR1QE t_ms=2405 kind=7 logical=852 target=0 id=0 v=1 ch=19 value=0 bits=0000000000
PR1QE t_ms=2489 kind=8 logical=880 target=0 id=0 v=1 ch=31 value=2 bits=0000000000
PR1QE t_ms=2582 kind=7 logical=911 target=0 id=0 v=1 ch=29 value=0 bits=0000000000
PR1QE t_ms=2597 kind=8 logical=916 target=0 id=0 v=1 ch=19 value=2 bits=0000000000
PR1QE t_ms=2675 kind=8 logical=942 target=0 id=0 v=1 ch=29 value=2 bits=0000000000
PR1QE t_ms=2781 kind=4 logical=978 target=978 id=0 v=2 ch=0 value=39 bits=efffffffff
PR1QE t_ms=2782 kind=0 logical=978 target=1578 id=2 v=3 ch=0 value=1 bits=eb0873ff7f
PR1QE t_ms=2791 kind=1 logical=981 target=1578 id=2 v=3 ch=0 value=1 bits=eb0873ff7f
PR1QE t_ms=2795 kind=7 logical=982 target=0 id=0 v=2 ch=1 value=0 bits=0000000000
PR1QE t_ms=2942 kind=8 logical=1031 target=0 id=0 v=2 ch=1 value=2 bits=0000000000
PR1QE t_ms=3014 kind=7 logical=1055 target=0 id=0 v=2 ch=14 value=0 bits=0000000000
PR1QE t_ms=3158 kind=8 logical=1103 target=0 id=0 v=2 ch=14 value=2 bits=0000000000
PR1QE t_ms=3518 kind=7 logical=1223 target=0 id=0 v=2 ch=38 value=0 bits=0000000000
PR1QE t_ms=3605 kind=7 logical=1252 target=0 id=0 v=2 ch=27 value=0 bits=0000000000
PR1QE t_ms=3653 kind=8 logical=1268 target=0 id=0 v=2 ch=38 value=2 bits=0000000000
PR1QE t_ms=3758 kind=8 logical=1303 target=0 id=0 v=2 ch=27 value=2 bits=0000000000
PR1QE t_ms=4430 kind=7 logical=1527 target=0 id=0 v=2 ch=15 value=0 bits=0000000000
PR1QE t_ms=4582 kind=4 logical=1578 target=1578 id=0 v=3 ch=0 value=27 bits=eb0873ff7f
PR1QE t_ms=4582 kind=0 logical=1578 target=2178 id=3 v=4 ch=0 value=1 bits=ab0073bf7d
PR1QE t_ms=4591 kind=1 logical=1581 target=2178 id=3 v=4 ch=0 value=1 bits=ab0073bf7d
PR1QE t_ms=4596 kind=8 logical=1582 target=0 id=0 v=3 ch=15 value=2 bits=0000000000
PR1QE t_ms=4961 kind=7 logical=1704 target=0 id=0 v=3 ch=20 value=0 bits=0000000000
PR1QE t_ms=5033 kind=8 logical=1728 target=0 id=0 v=3 ch=20 value=2 bits=0000000000
PR1QE t_ms=5546 kind=7 logical=1899 target=0 id=0 v=3 ch=2 value=0 bits=0000000000
PR1QE t_ms=5678 kind=8 logical=1943 target=0 id=0 v=3 ch=2 value=2 bits=0000000000
PR1QE t_ms=6381 kind=4 logical=2178 target=2178 id=0 v=4 ch=0 value=23 bits=ab0073bf7d
PR1QE t_ms=6382 kind=0 logical=2178 target=2778 id=4 v=5 ch=0 value=1 bits=ab00633f79
PR1QE t_ms=6386 kind=7 logical=2179 target=0 id=0 v=4 ch=33 value=0 bits=0000000000
PR1QE t_ms=6391 kind=1 logical=2181 target=2778 id=4 v=5 ch=0 value=1 bits=ab00633f79
PR1QE t_ms=6395 kind=7 logical=2182 target=0 id=0 v=4 ch=10 value=0 bits=0000000000
PR1QE t_ms=6437 kind=8 logical=2196 target=0 id=0 v=4 ch=10 value=2 bits=0000000000
PR1QE t_ms=6449 kind=7 logical=2200 target=0 id=0 v=4 ch=37 value=0 bits=0000000000
PR1QE t_ms=6455 kind=8 logical=2202 target=0 id=0 v=4 ch=33 value=2 bits=0000000000
PR1QE t_ms=6479 kind=8 logical=2210 target=0 id=0 v=4 ch=37 value=2 bits=0000000000
PR1QE t_ms=6563 kind=7 logical=2238 target=0 id=0 v=4 ch=32 value=0 bits=0000000000
PR1QE t_ms=6662 kind=8 logical=2271 target=0 id=0 v=4 ch=32 value=2 bits=0000000000
PR1QE t_ms=8117 kind=7 logical=2756 target=0 id=0 v=4 ch=22 value=0 bits=0000000000
PR1QE t_ms=8144 kind=8 logical=2765 target=0 id=0 v=4 ch=22 value=2 bits=0000000000
PR1QE t_ms=8181 kind=4 logical=2778 target=2778 id=0 v=5 ch=0 value=20 bits=ab00633f79
PR1QE t_ms=8181 kind=0 logical=2778 target=3378 id=5 v=6 ch=0 value=1 bits=8800233b79
PR1QE t_ms=8186 kind=7 logical=2779 target=0 id=0 v=5 ch=21 value=0 bits=0000000000
PR1QE t_ms=8197 kind=1 logical=2783 target=3378 id=5 v=6 ch=0 value=1 bits=8800233b79
PR1QE t_ms=8225 kind=8 logical=2792 target=0 id=0 v=5 ch=21 value=2 bits=0000000000
PR1QE t_ms=9979 kind=4 logical=3378 target=3378 id=0 v=6 ch=0 value=15 bits=8800233b79
PR1QE t_ms=9979 kind=0 logical=3378 target=3978 id=6 v=7 ch=0 value=1 bits=8800033b79
PR1QE t_ms=9984 kind=7 logical=3379 target=0 id=0 v=6 ch=16 value=0 bits=0000000000
PR1QE t_ms=9990 kind=7 logical=3381 target=0 id=0 v=6 ch=11 value=0 bits=0000000000
PR1QE t_ms=10001 kind=1 logical=3385 target=3978 id=6 v=7 ch=0 value=1 bits=8800033b79
PR1QE t_ms=10008 kind=7 logical=3387 target=0 id=0 v=6 ch=0 value=0 bits=0000000000
PR1QE t_ms=10023 kind=8 logical=3392 target=0 id=0 v=6 ch=0 value=2 bits=0000000000
PR1QE t_ms=10026 kind=8 logical=3393 target=0 id=0 v=6 ch=11 value=2 bits=0000000000
PR1QE t_ms=10220 kind=11 logical=3458 target=0 id=0 v=6 ch=16 value=0 bits=0000000000
PR1QE t_ms=10417 kind=7 logical=3524 target=0 id=0 v=6 ch=35 value=0 bits=0000000000
PR1QE t_ms=10635 kind=11 logical=3597 target=0 id=0 v=6 ch=35 value=0 bits=0000000000
PR1QE t_ms=11445 kind=7 logical=3866 target=0 id=0 v=6 ch=8 value=0 bits=0000000000
PR1QE t_ms=11445 kind=7 logical=3868 target=0 id=0 v=6 ch=17 value=0 bits=0000000000
PR1QE t_ms=11447 kind=7 logical=3869 target=0 id=0 v=6 ch=35 value=0 bits=0000000000
PR1QE t_ms=11450 kind=7 logical=3870 target=0 id=0 v=6 ch=12 value=0 bits=0000000000
PR1QE_END
PR1HE_BEGIN total=3569 count=256
PR1HE t_us=10700752 kind=2 logical=3619 seq=3619 ch=0 rssi=-46
PR1HE t_us=10703740 kind=2 logical=3620 seq=3620 ch=21 rssi=-49
PR1HE t_us=10706723 kind=2 logical=3621 seq=3621 ch=9 rssi=-45
PR1HE t_us=10709712 kind=2 logical=3622 seq=3622 ch=17 rssi=-47
PR1HE t_us=10712694 kind=2 logical=3623 seq=3623 ch=11 rssi=-45
PR1HE t_us=10715681 kind=2 logical=3624 seq=3624 ch=12 rssi=-45
PR1HE t_us=10718665 kind=2 logical=3625 seq=3625 ch=8 rssi=-45
PR1HE t_us=10721647 kind=2 logical=3626 seq=3626 ch=16 rssi=-46
PR1HE t_us=10724636 kind=2 logical=3627 seq=3627 ch=6 rssi=-44
PR1HE t_us=10727624 kind=2 logical=3628 seq=3628 ch=5 rssi=-45
PR1HE t_us=10730612 kind=2 logical=3629 seq=3629 ch=4 rssi=-45
PR1HE t_us=10733598 kind=2 logical=3630 seq=3630 ch=8 rssi=-44
PR1HE t_us=10736588 kind=2 logical=3631 seq=3631 ch=12 rssi=-46
PR1HE t_us=10739579 kind=2 logical=3632 seq=3632 ch=3 rssi=-46
PR1HE t_us=10742563 kind=2 logical=3633 seq=3633 ch=35 rssi=-53
PR1HE t_us=10745552 kind=2 logical=3634 seq=3634 ch=13 rssi=-45
PR1HE t_us=10748533 kind=2 logical=3635 seq=3635 ch=6 rssi=-45
PR1HE t_us=10751521 kind=2 logical=3636 seq=3636 ch=11 rssi=-45
PR1HE t_us=10754503 kind=2 logical=3637 seq=3637 ch=4 rssi=-45
PR1HE t_us=10757492 kind=2 logical=3638 seq=3638 ch=9 rssi=-45
PR1HE t_us=10760478 kind=2 logical=3639 seq=3639 ch=16 rssi=-47
PR1HE t_us=10763466 kind=2 logical=3640 seq=3640 ch=17 rssi=-47
PR1HE t_us=10766448 kind=2 logical=3641 seq=3641 ch=21 rssi=-48
PR1HE t_us=10769438 kind=2 logical=3642 seq=3642 ch=39 rssi=-55
PR1HE t_us=10772426 kind=2 logical=3643 seq=3643 ch=5 rssi=-45
PR1HE t_us=10775408 kind=2 logical=3644 seq=3644 ch=0 rssi=-45
PR1HE t_us=10778386 kind=2 logical=3645 seq=3645 ch=21 rssi=-49
PR1HE t_us=10781370 kind=2 logical=3646 seq=3646 ch=4 rssi=-45
PR1HE t_us=10784355 kind=2 logical=3647 seq=3647 ch=8 rssi=-45
PR1HE t_us=10787331 kind=2 logical=3648 seq=3648 ch=13 rssi=-46
PR1HE t_us=10790315 kind=2 logical=3649 seq=3649 ch=9 rssi=-45
PR1HE t_us=10793301 kind=2 logical=3650 seq=3650 ch=3 rssi=-47
PR1HE t_us=10796277 kind=2 logical=3651 seq=3651 ch=11 rssi=-45
PR1HE t_us=10799259 kind=2 logical=3652 seq=3652 ch=17 rssi=-47
PR1HE t_us=10802235 kind=2 logical=3653 seq=3653 ch=0 rssi=-46
PR1HE t_us=10805218 kind=2 logical=3654 seq=3654 ch=39 rssi=-55
PR1HE t_us=10808200 kind=2 logical=3655 seq=3655 ch=16 rssi=-47
PR1HE t_us=10811183 kind=2 logical=3656 seq=3656 ch=6 rssi=-45
PR1HE t_us=10814166 kind=2 logical=3657 seq=3657 ch=35 rssi=-53
PR1HE t_us=10817160 kind=2 logical=3658 seq=3658 ch=5 rssi=-46
PR1HE t_us=10820147 kind=2 logical=3659 seq=3659 ch=12 rssi=-44
PR1HE t_us=10823131 kind=2 logical=3660 seq=3660 ch=17 rssi=-46
PR1HE t_us=10826116 kind=2 logical=3661 seq=3661 ch=16 rssi=-45
PR1HE t_us=10829108 kind=2 logical=3662 seq=3662 ch=12 rssi=-45
PR1HE t_us=10832095 kind=2 logical=3663 seq=3663 ch=11 rssi=-45
PR1HE t_us=10835083 kind=2 logical=3664 seq=3664 ch=9 rssi=-44
PR1HE t_us=10838074 kind=2 logical=3665 seq=3665 ch=6 rssi=-46
PR1HE t_us=10841060 kind=2 logical=3666 seq=3666 ch=8 rssi=-45
PR1HE t_us=10844049 kind=2 logical=3667 seq=3667 ch=5 rssi=-44
PR1HE t_us=10847032 kind=2 logical=3668 seq=3668 ch=39 rssi=-55
PR1HE t_us=10850019 kind=2 logical=3669 seq=3669 ch=0 rssi=-46
PR1HE t_us=10853003 kind=2 logical=3670 seq=3670 ch=3 rssi=-46
PR1HE t_us=10855977 kind=2 logical=3671 seq=3671 ch=4 rssi=-45
PR1HE t_us=10858961 kind=2 logical=3672 seq=3672 ch=35 rssi=-53
PR1HE t_us=10861942 kind=2 logical=3673 seq=3673 ch=13 rssi=-44
PR1HE t_us=10864927 kind=2 logical=3674 seq=3674 ch=21 rssi=-49
PR1HE t_us=10867906 kind=2 logical=3675 seq=3675 ch=9 rssi=-45
PR1HE t_us=10870888 kind=2 logical=3676 seq=3676 ch=21 rssi=-49
PR1HE t_us=10873866 kind=2 logical=3677 seq=3677 ch=3 rssi=-46
PR1HE t_us=10876854 kind=2 logical=3678 seq=3678 ch=4 rssi=-45
PR1HE t_us=10879842 kind=2 logical=3679 seq=3679 ch=8 rssi=-45
PR1HE t_us=10882832 kind=2 logical=3680 seq=3680 ch=5 rssi=-47
PR1HE t_us=10885813 kind=2 logical=3681 seq=3681 ch=12 rssi=-45
PR1HE t_us=10888790 kind=2 logical=3682 seq=3682 ch=0 rssi=-46
PR1HE t_us=10891778 kind=2 logical=3683 seq=3683 ch=17 rssi=-47
PR1HE t_us=10894766 kind=2 logical=3684 seq=3684 ch=6 rssi=-45
PR1HE t_us=10897756 kind=2 logical=3685 seq=3685 ch=39 rssi=-55
PR1HE t_us=10900743 kind=2 logical=3686 seq=3686 ch=16 rssi=-47
PR1HE t_us=10903725 kind=2 logical=3687 seq=3687 ch=35 rssi=-52
PR1HE t_us=10906714 kind=2 logical=3688 seq=3688 ch=13 rssi=-45
PR1HE t_us=10909696 kind=2 logical=3689 seq=3689 ch=11 rssi=-45
PR1HE t_us=10912683 kind=2 logical=3690 seq=3690 ch=6 rssi=-45
PR1HE t_us=10915667 kind=2 logical=3691 seq=3691 ch=11 rssi=-45
PR1HE t_us=10918650 kind=2 logical=3692 seq=3692 ch=5 rssi=-44
PR1HE t_us=10921637 kind=2 logical=3693 seq=3693 ch=17 rssi=-47
PR1HE t_us=10924626 kind=2 logical=3694 seq=3694 ch=13 rssi=-46
PR1HE t_us=10927614 kind=2 logical=3695 seq=3695 ch=12 rssi=-45
PR1HE t_us=10930600 kind=2 logical=3696 seq=3696 ch=9 rssi=-44
PR1HE t_us=10933590 kind=2 logical=3697 seq=3697 ch=16 rssi=-46
PR1HE t_us=10936581 kind=2 logical=3698 seq=3698 ch=3 rssi=-45
PR1HE t_us=10939564 kind=2 logical=3699 seq=3699 ch=4 rssi=-46
PR1HE t_us=10942553 kind=2 logical=3700 seq=3700 ch=8 rssi=-45
PR1HE t_us=10945535 kind=2 logical=3701 seq=3701 ch=21 rssi=-53
PR1HE t_us=10948525 kind=2 logical=3702 seq=3702 ch=39 rssi=-55
PR1HE t_us=10951505 kind=2 logical=3703 seq=3703 ch=0 rssi=-46
PR1HE t_us=10954495 kind=2 logical=3704 seq=3704 ch=35 rssi=-53
PR1HE t_us=10957480 kind=2 logical=3705 seq=3705 ch=21 rssi=-48
PR1HE t_us=10960468 kind=2 logical=3706 seq=3706 ch=35 rssi=-53
PR1HE t_us=10963450 kind=2 logical=3707 seq=3707 ch=11 rssi=-44
PR1HE t_us=10966438 kind=2 logical=3708 seq=3708 ch=4 rssi=-45
PR1HE t_us=10969430 kind=2 logical=3709 seq=3709 ch=0 rssi=-46
PR1HE t_us=10972416 kind=2 logical=3710 seq=3710 ch=13 rssi=-46
PR1HE t_us=10975399 kind=2 logical=3711 seq=3711 ch=12 rssi=-45
PR1HE t_us=10978376 kind=2 logical=3712 seq=3712 ch=8 rssi=-45
PR1HE t_us=10981360 kind=2 logical=3713 seq=3713 ch=9 rssi=-45
PR1HE t_us=10984344 kind=2 logical=3714 seq=3714 ch=16 rssi=-47
PR1HE t_us=10987322 kind=2 logical=3715 seq=3715 ch=17 rssi=-47
PR1HE t_us=10990306 kind=2 logical=3716 seq=3716 ch=39 rssi=-55
PR1HE t_us=10993291 kind=2 logical=3717 seq=3717 ch=3 rssi=-46
PR1HE t_us=10996265 kind=2 logical=3718 seq=3718 ch=6 rssi=-46
PR1HE t_us=10999256 kind=2 logical=3719 seq=3719 ch=5 rssi=-46
PR1HE t_us=11002233 kind=2 logical=3720 seq=3720 ch=16 rssi=-46
PR1HE t_us=11005214 kind=2 logical=3721 seq=3721 ch=39 rssi=-55
PR1HE t_us=11008196 kind=2 logical=3722 seq=3722 ch=6 rssi=-45
PR1HE t_us=11011177 kind=2 logical=3723 seq=3723 ch=4 rssi=-45
PR1HE t_us=11014162 kind=2 logical=3724 seq=3724 ch=17 rssi=-46
PR1HE t_us=11017151 kind=2 logical=3725 seq=3725 ch=13 rssi=-45
PR1HE t_us=11020132 kind=2 logical=3726 seq=3726 ch=21 rssi=-48
PR1HE t_us=11023118 kind=2 logical=3727 seq=3727 ch=35 rssi=-53
PR1HE t_us=11026109 kind=2 logical=3728 seq=3728 ch=0 rssi=-46
PR1HE t_us=11029097 kind=2 logical=3729 seq=3729 ch=8 rssi=-45
PR1HE t_us=11032085 kind=2 logical=3730 seq=3730 ch=5 rssi=-44
PR1HE t_us=11035075 kind=2 logical=3731 seq=3731 ch=12 rssi=-45
PR1HE t_us=11038062 kind=2 logical=3732 seq=3732 ch=3 rssi=-47
PR1HE t_us=11041049 kind=2 logical=3733 seq=3733 ch=9 rssi=-45
PR1HE t_us=11044033 kind=2 logical=3734 seq=3734 ch=11 rssi=-45
PR1HE t_us=11047023 kind=2 logical=3735 seq=3735 ch=35 rssi=-53
PR1HE t_us=11050005 kind=2 logical=3736 seq=3736 ch=39 rssi=-56
PR1HE t_us=11052980 kind=2 logical=3737 seq=3737 ch=6 rssi=-45
PR1HE t_us=11055963 kind=2 logical=3738 seq=3738 ch=17 rssi=-47
PR1HE t_us=11058944 kind=2 logical=3739 seq=3739 ch=16 rssi=-47
PR1HE t_us=11061928 kind=2 logical=3740 seq=3740 ch=3 rssi=-46
PR1HE t_us=11064908 kind=2 logical=3741 seq=3741 ch=5 rssi=-45
PR1HE t_us=11067890 kind=2 logical=3742 seq=3742 ch=12 rssi=-45
PR1HE t_us=11070867 kind=2 logical=3743 seq=3743 ch=9 rssi=-44
PR1HE t_us=11073855 kind=2 logical=3744 seq=3744 ch=11 rssi=-45
PR1HE t_us=11076844 kind=2 logical=3745 seq=3745 ch=4 rssi=-45
PR1HE t_us=11079834 kind=2 logical=3746 seq=3746 ch=8 rssi=-45
PR1HE t_us=11082815 kind=2 logical=3747 seq=3747 ch=21 rssi=-48
PR1HE t_us=11085795 kind=2 logical=3748 seq=3748 ch=13 rssi=-46
PR1HE t_us=11088779 kind=2 logical=3749 seq=3749 ch=0 rssi=-46
PR1HE t_us=11091768 kind=2 logical=3750 seq=3750 ch=21 rssi=-49
PR1HE t_us=11094757 kind=2 logical=3751 seq=3751 ch=0 rssi=-46
PR1HE t_us=11097744 kind=2 logical=3752 seq=3752 ch=8 rssi=-45
PR1HE t_us=11100728 kind=2 logical=3753 seq=3753 ch=5 rssi=-45
PR1HE t_us=11103717 kind=2 logical=3754 seq=3754 ch=39 rssi=-55
PR1HE t_us=11106703 kind=2 logical=3755 seq=3755 ch=4 rssi=-46
PR1HE t_us=11109686 kind=2 logical=3756 seq=3756 ch=6 rssi=-46
PR1HE t_us=11112675 kind=2 logical=3757 seq=3757 ch=13 rssi=-46
PR1HE t_us=11115662 kind=2 logical=3758 seq=3758 ch=3 rssi=-47
PR1HE t_us=11118650 kind=2 logical=3759 seq=3759 ch=12 rssi=-45
PR1HE t_us=11121640 kind=2 logical=3760 seq=3760 ch=35 rssi=-53
PR1HE t_us=11124628 kind=2 logical=3761 seq=3761 ch=17 rssi=-47
PR1HE t_us=11127616 kind=2 logical=3762 seq=3762 ch=11 rssi=-45
PR1HE t_us=11130603 kind=2 logical=3763 seq=3763 ch=16 rssi=-47
PR1HE t_us=11133588 kind=2 logical=3764 seq=3764 ch=9 rssi=-44
PR1HE t_us=11136580 kind=2 logical=3765 seq=3765 ch=12 rssi=-45
PR1HE t_us=11139568 kind=2 logical=3766 seq=3766 ch=3 rssi=-45
PR1HE t_us=11142555 kind=2 logical=3767 seq=3767 ch=13 rssi=-46
PR1HE t_us=11145537 kind=2 logical=3768 seq=3768 ch=8 rssi=-45
PR1HE t_us=11148525 kind=2 logical=3769 seq=3769 ch=11 rssi=-44
PR1HE t_us=11151508 kind=2 logical=3770 seq=3770 ch=9 rssi=-45
PR1HE t_us=11154496 kind=2 logical=3771 seq=3771 ch=0 rssi=-46
PR1HE t_us=11157482 kind=2 logical=3772 seq=3772 ch=16 rssi=-46
PR1HE t_us=11160471 kind=2 logical=3773 seq=3773 ch=39 rssi=-55
PR1HE t_us=11163452 kind=2 logical=3774 seq=3774 ch=21 rssi=-49
PR1HE t_us=11166442 kind=2 logical=3775 seq=3775 ch=17 rssi=-47
PR1HE t_us=11169432 kind=2 logical=3776 seq=3776 ch=5 rssi=-45
PR1HE t_us=11172417 kind=2 logical=3777 seq=3777 ch=4 rssi=-46
PR1HE t_us=11175401 kind=2 logical=3778 seq=3778 ch=6 rssi=-45
PR1HE t_us=11178380 kind=2 logical=3779 seq=3779 ch=35 rssi=-53
PR1HE t_us=11181362 kind=2 logical=3780 seq=3780 ch=5 rssi=-45
PR1HE t_us=11184341 kind=2 logical=3781 seq=3781 ch=35 rssi=-53
PR1HE t_us=11187325 kind=2 logical=3782 seq=3782 ch=3 rssi=-45
PR1HE t_us=11190309 kind=2 logical=3783 seq=3783 ch=16 rssi=-47
PR1HE t_us=11193292 kind=2 logical=3784 seq=3784 ch=11 rssi=-45
PR1HE t_us=11196269 kind=2 logical=3785 seq=3785 ch=39 rssi=-55
PR1HE t_us=11199257 kind=2 logical=3786 seq=3786 ch=21 rssi=-49
PR1HE t_us=11202233 kind=2 logical=3787 seq=3787 ch=0 rssi=-46
PR1HE t_us=11205216 kind=2 logical=3788 seq=3788 ch=17 rssi=-47
PR1HE t_us=11208198 kind=2 logical=3789 seq=3789 ch=6 rssi=-45
PR1HE t_us=11211179 kind=2 logical=3790 seq=3790 ch=8 rssi=-47
PR1HE t_us=11214166 kind=2 logical=3791 seq=3791 ch=13 rssi=-47
PR1HE t_us=11217151 kind=2 logical=3792 seq=3792 ch=4 rssi=-45
PR1HE t_us=11220134 kind=2 logical=3793 seq=3793 ch=9 rssi=-45
PR1HE t_us=11223119 kind=2 logical=3794 seq=3794 ch=12 rssi=-45
PR1HE t_us=11226112 kind=2 logical=3795 seq=3795 ch=6 rssi=-45
PR1HE t_us=11229098 kind=2 logical=3796 seq=3796 ch=0 rssi=-46
PR1HE t_us=11232087 kind=2 logical=3797 seq=3797 ch=3 rssi=-45
PR1HE t_us=11235077 kind=2 logical=3798 seq=3798 ch=5 rssi=-45
PR1HE t_us=11238065 kind=2 logical=3799 seq=3799 ch=35 rssi=-53
PR1HE t_us=11241053 kind=2 logical=3800 seq=3800 ch=39 rssi=-55
PR1HE t_us=11244034 kind=2 logical=3801 seq=3801 ch=4 rssi=-46
PR1HE t_us=11247023 kind=2 logical=3802 seq=3802 ch=9 rssi=-44
PR1HE t_us=11250006 kind=2 logical=3803 seq=3803 ch=17 rssi=-47
PR1HE t_us=11252982 kind=2 logical=3804 seq=3804 ch=12 rssi=-45
PR1HE t_us=11255964 kind=2 logical=3805 seq=3805 ch=8 rssi=-45
PR1HE t_us=11258946 kind=2 logical=3806 seq=3806 ch=11 rssi=-44
PR1HE t_us=11261931 kind=2 logical=3807 seq=3807 ch=16 rssi=-46
PR1HE t_us=11264910 kind=2 logical=3808 seq=3808 ch=21 rssi=-48
PR1HE t_us=11267892 kind=2 logical=3809 seq=3809 ch=13 rssi=-44
PR1HE t_us=11270870 kind=2 logical=3810 seq=3810 ch=17 rssi=-47
PR1HE t_us=11273859 kind=2 logical=3811 seq=3811 ch=39 rssi=-55
PR1HE t_us=11276847 kind=2 logical=3812 seq=3812 ch=16 rssi=-46
PR1HE t_us=11279836 kind=2 logical=3813 seq=3813 ch=4 rssi=-46
PR1HE t_us=11282816 kind=2 logical=3814 seq=3814 ch=8 rssi=-45
PR1HE t_us=11285796 kind=2 logical=3815 seq=3815 ch=35 rssi=-53
PR1HE t_us=11288781 kind=2 logical=3816 seq=3816 ch=11 rssi=-45
PR1HE t_us=11291770 kind=2 logical=3817 seq=3817 ch=13 rssi=-45
PR1HE t_us=11294759 kind=2 logical=3818 seq=3818 ch=21 rssi=-49
PR1HE t_us=11297746 kind=2 logical=3819 seq=3819 ch=6 rssi=-45
PR1HE t_us=11300730 kind=2 logical=3820 seq=3820 ch=3 rssi=-45
PR1HE t_us=11303718 kind=2 logical=3821 seq=3821 ch=5 rssi=-46
PR1HE t_us=11306700 kind=2 logical=3822 seq=3822 ch=12 rssi=-45
PR1HE t_us=11309692 kind=2 logical=3823 seq=3823 ch=0 rssi=-45
PR1HE t_us=11312677 kind=2 logical=3824 seq=3824 ch=9 rssi=-45
PR1HE t_us=11315665 kind=2 logical=3825 seq=3825 ch=5 rssi=-47
PR1HE t_us=11318652 kind=2 logical=3826 seq=3826 ch=16 rssi=-46
PR1HE t_us=11321640 kind=2 logical=3827 seq=3827 ch=0 rssi=-46
PR1HE t_us=11324630 kind=2 logical=3828 seq=3828 ch=4 rssi=-46
PR1HE t_us=11327617 kind=2 logical=3829 seq=3829 ch=6 rssi=-44
PR1HE t_us=11330604 kind=2 logical=3830 seq=3830 ch=21 rssi=-53
PR1HE t_us=11333595 kind=2 logical=3831 seq=3831 ch=17 rssi=-47
PR1HE t_us=11336583 kind=2 logical=3832 seq=3832 ch=3 rssi=-46
PR1HE t_us=11339569 kind=2 logical=3833 seq=3833 ch=35 rssi=-53
PR1HE t_us=11342558 kind=2 logical=3834 seq=3834 ch=12 rssi=-45
PR1HE t_us=11345539 kind=2 logical=3835 seq=3835 ch=8 rssi=-45
PR1HE t_us=11348527 kind=2 logical=3836 seq=3836 ch=9 rssi=-45
PR1HE t_us=11351510 kind=2 logical=3837 seq=3837 ch=13 rssi=-45
PR1HE t_us=11354498 kind=2 logical=3838 seq=3838 ch=11 rssi=-44
PR1HE t_us=11357485 kind=2 logical=3839 seq=3839 ch=39 rssi=-55
PR1HE t_us=11360472 kind=2 logical=3840 seq=3840 ch=17 rssi=-47
PR1HE t_us=11363455 kind=2 logical=3841 seq=3841 ch=39 rssi=-55
PR1HE t_us=11366443 kind=2 logical=3842 seq=3842 ch=4 rssi=-47
PR1HE t_us=11369430 kind=2 logical=3843 seq=3843 ch=8 rssi=-45
PR1HE t_us=11372420 kind=2 logical=3844 seq=3844 ch=3 rssi=-46
PR1HE t_us=11375403 kind=2 logical=3845 seq=3845 ch=21 rssi=-48
PR1HE t_us=11378381 kind=2 logical=3846 seq=3846 ch=35 rssi=-53
PR1HE t_us=11381364 kind=2 logical=3847 seq=3847 ch=5 rssi=-45
PR1HE t_us=11384342 kind=2 logical=3848 seq=3848 ch=0 rssi=-46
PR1HE t_us=11387326 kind=2 logical=3849 seq=3849 ch=16 rssi=-46
PR1HE t_us=11390305 kind=2 logical=3850 seq=3850 ch=11 rssi=-45
PR1HE t_us=11393282 kind=2 logical=3851 seq=3851 ch=6 rssi=-45
PR1HE t_us=11396263 kind=2 logical=3852 seq=3852 ch=12 rssi=-45
PR1HE t_us=11399241 kind=2 logical=3853 seq=3853 ch=13 rssi=-46
PR1HE t_us=11402216 kind=2 logical=3854 seq=3854 ch=9 rssi=-45
PR1HE t_us=11405199 kind=2 logical=3855 seq=3855 ch=11 rssi=-45
PR1HE t_us=11408183 kind=2 logical=3856 seq=3856 ch=13 rssi=-45
PR1HE t_us=11411166 kind=2 logical=3857 seq=3857 ch=5 rssi=-45
PR1HE t_us=11414152 kind=2 logical=3858 seq=3858 ch=9 rssi=-45
PR1HE t_us=11417137 kind=2 logical=3859 seq=3859 ch=39 rssi=-55
PR1HE t_us=11420121 kind=2 logical=3860 seq=3860 ch=0 rssi=-47
PR1HE t_us=11423114 kind=2 logical=3861 seq=3861 ch=16 rssi=-46
PR1HE t_us=11426101 kind=2 logical=3862 seq=3862 ch=4 rssi=-46
PR1HE t_us=11429089 kind=2 logical=3863 seq=3863 ch=6 rssi=-44
PR1HE t_us=11432079 kind=2 logical=3864 seq=3864 ch=12 rssi=-45
PR1HE t_us=11435067 kind=2 logical=3865 seq=3865 ch=3 rssi=-45
PR1HE t_us=11445405 kind=12 logical=3866 seq=10328 ch=8 rssi=0
PR1HE t_us=8324 kind=13 logical=1298 seq=270 ch=0 rssi=436
PR1HE t_us=11445400 kind=5 logical=3866 seq=3 ch=8 rssi=0
PR1HE t_us=11447380 kind=5 logical=3869 seq=1 ch=35 rssi=0
PR1HE t_us=11450366 kind=5 logical=3870 seq=1 ch=12 rssi=0
PR1HE t_us=11453350 kind=5 logical=3871 seq=1 ch=35 rssi=0
PR1HE t_us=11456335 kind=5 logical=3872 seq=1 ch=17 rssi=0
PR1HE t_us=11459320 kind=5 logical=3873 seq=1 ch=21 rssi=0
PR1HE t_us=11462305 kind=6 logical=3875 seq=0 ch=36 rssi=0
PR1HA_BEGIN total=94 kept=94
PR1HA t_us=788125 kind=4 logical=313 seq=313 ch=20 rssi=-48
PR1HA t_us=887122 kind=7 logical=346 seq=346 ch=20 rssi=-53
PR1HA t_us=889079 kind=12 logical=347 seq=1954 ch=36 rssi=0
PR1HA t_us=3 kind=13 logical=1236 seq=300 ch=0 rssi=415
PR1HA t_us=890495 kind=5 logical=347 seq=1 ch=36 rssi=0
PR1HA t_us=985087 kind=12 logical=379 seq=1960 ch=28 rssi=0
PR1HA t_us=4 kind=13 logical=1283 seq=245 ch=0 rssi=428
PR1HA t_us=986499 kind=5 logical=379 seq=1 ch=28 rssi=0
PR1HA t_us=991086 kind=12 logical=381 seq=1952 ch=37 rssi=0
PR1HA t_us=7 kind=13 logical=1253 seq=276 ch=0 rssi=416
PR1HA t_us=994166 kind=12 logical=382 seq=1963 ch=1 rssi=0
PR1HA t_us=4 kind=13 logical=1295 seq=244 ch=0 rssi=420
PR1HA t_us=992199 kind=11 logical=381 seq=63 ch=1 rssi=0
PR1HA t_us=997262 kind=12 logical=383 seq=2018 ch=7 rssi=0
PR1HA t_us=7 kind=13 logical=1326 seq=253 ch=0 rssi=432
PR1HA t_us=998630 kind=5 logical=383 seq=1 ch=7 rssi=0
PR1HA t_us=1154724 kind=5 logical=435 seq=1 ch=18 rssi=0
PR1HA t_us=1334351 kind=3 logical=495 seq=0 ch=24 rssi=0
PR1HA t_us=1490728 kind=5 logical=547 seq=1 ch=30 rssi=0
PR1HA t_us=1805355 kind=3 logical=652 seq=0 ch=34 rssi=0
PR1HA t_us=1814355 kind=3 logical=655 seq=0 ch=26 rssi=0
PR1HA t_us=2165355 kind=3 logical=772 seq=0 ch=25 rssi=0
PR1HA t_us=2273732 kind=5 logical=808 seq=1 ch=23 rssi=0
PR1HA t_us=2396731 kind=5 logical=849 seq=1 ch=31 rssi=0
PR1HA t_us=2405733 kind=5 logical=852 seq=1 ch=19 rssi=0
PR1HA t_us=2582732 kind=5 logical=911 seq=1 ch=29 rssi=0
PR1HA t_us=2785355 kind=12 logical=979 seq=1968 ch=25 rssi=0
PR1HA t_us=5 kind=13 logical=1292 seq=247 ch=0 rssi=424
PR1HA t_us=2786760 kind=5 logical=979 seq=1 ch=25 rssi=0
PR1HA t_us=2791346 kind=12 logical=981 seq=1951 ch=29 rssi=0
PR1HA t_us=6 kind=13 logical=1246 seq=272 ch=0 rssi=427
PR1HA t_us=2794466 kind=12 logical=982 seq=2000 ch=1 rssi=0
PR1HA t_us=6 kind=13 logical=1317 seq=249 ch=0 rssi=428
PR1HA t_us=2795846 kind=5 logical=982 seq=1 ch=1 rssi=0
PR1HA t_us=3014610 kind=3 logical=1055 seq=0 ch=14 rssi=0
PR1HA t_us=3410987 kind=5 logical=1187 seq=1 ch=30 rssi=0
PR1HA t_us=3518989 kind=5 logical=1223 seq=1 ch=38 rssi=0
PR1HA t_us=3605615 kind=3 logical=1252 seq=0 ch=27 rssi=0
PR1HA t_us=4085995 kind=5 logical=1412 seq=1 ch=23 rssi=0
PR1HA t_us=4220993 kind=5 logical=1457 seq=1 ch=30 rssi=0
PR1HA t_us=4430623 kind=3 logical=1527 seq=0 ch=15 rssi=0
PR1HA t_us=4585651 kind=12 logical=1579 seq=2006 ch=14 rssi=0
PR1HA t_us=7 kind=13 logical=1292 seq=278 ch=0 rssi=429
PR1HA t_us=4587014 kind=5 logical=1579 seq=1 ch=14 rssi=0
PR1HA t_us=4591673 kind=12 logical=1581 seq=1972 ch=11 rssi=0
PR1HA t_us=5 kind=13 logical=1293 seq=247 ch=0 rssi=427
PR1HA t_us=4594755 kind=12 logical=1582 seq=2006 ch=15 rssi=0
PR1HA t_us=10 kind=13 logical=1298 seq=267 ch=0 rssi=431
PR1HA t_us=4596128 kind=5 logical=1582 seq=1 ch=15 rssi=0
PR1HA t_us=4637718 kind=3 logical=1596 seq=0 ch=14 rssi=0
PR1HA t_us=4961742 kind=5 logical=1704 seq=1 ch=20 rssi=0
PR1HA t_us=5318748 kind=5 logical=1823 seq=1 ch=27 rssi=0
PR1HA t_us=5546752 kind=5 logical=1899 seq=1 ch=2 rssi=0
PR1HA t_us=5750749 kind=5 logical=1967 seq=1 ch=27 rssi=0
PR1HA t_us=6140383 kind=3 logical=2097 seq=0 ch=14 rssi=0
PR1HA t_us=6385361 kind=12 logical=2179 seq=1964 ch=33 rssi=0
PR1HA t_us=5 kind=13 logical=1295 seq=237 ch=0 rssi=427
PR1HA t_us=6386769 kind=5 logical=2179 seq=1 ch=33 rssi=0
PR1HA t_us=6394467 kind=12 logical=2182 seq=1998 ch=10 rssi=0
PR1HA t_us=6 kind=13 logical=1318 seq=246 ch=0 rssi=428
PR1HA t_us=6392465 kind=11 logical=2181 seq=62 ch=10 rssi=0
PR1HA t_us=6395852 kind=5 logical=2182 seq=1 ch=10 rssi=0
PR1HA t_us=6449800 kind=5 logical=2200 seq=1 ch=37 rssi=0
PR1HA t_us=6563447 kind=5 logical=2238 seq=1 ch=32 rssi=0
PR1HA t_us=6686077 kind=3 logical=2279 seq=0 ch=37 rssi=0
PR1HA t_us=8117090 kind=3 logical=2756 seq=0 ch=22 rssi=0
PR1HA t_us=8185053 kind=12 logical=2779 seq=1954 ch=21 rssi=0
PR1HA t_us=5 kind=13 logical=1291 seq=236 ch=0 rssi=422
PR1HA t_us=8186470 kind=5 logical=2779 seq=1 ch=21 rssi=0
PR1HA t_us=8200148 kind=12 logical=2784 seq=2000 ch=37 rssi=0
PR1HA t_us=6 kind=13 logical=1320 seq=245 ch=0 rssi=429
PR1HA t_us=8201526 kind=5 logical=2784 seq=1 ch=37 rssi=0
PR1HA t_us=8269188 kind=3 logical=2807 seq=0 ch=33 rssi=0
PR1HA t_us=8521083 kind=3 logical=2891 seq=0 ch=21 rssi=0
PR1HA t_us=8614054 kind=3 logical=2922 seq=0 ch=32 rssi=0
PR1HA t_us=9983046 kind=12 logical=3379 seq=1969 ch=16 rssi=0
PR1HA t_us=5 kind=13 logical=1306 seq=232 ch=0 rssi=426
PR1HA t_us=9984450 kind=5 logical=3379 seq=1 ch=16 rssi=0
PR1HA t_us=9990435 kind=5 logical=3381 seq=1 ch=11 rssi=0
PR1HA t_us=10004068 kind=12 logical=3386 seq=1991 ch=35 rssi=0
PR1HA t_us=4 kind=13 logical=1314 seq=240 ch=0 rssi=433
PR1HA t_us=10007115 kind=12 logical=3387 seq=1983 ch=0 rssi=0
PR1HA t_us=9 kind=13 logical=1282 seq=265 ch=0 rssi=427
PR1HA t_us=10008509 kind=5 logical=3387 seq=1 ch=0 rssi=0
PR1HA t_us=10417157 kind=3 logical=3524 seq=0 ch=35 rssi=0
PR1HA t_us=11445405 kind=12 logical=3866 seq=10328 ch=8 rssi=0
PR1HA t_us=8324 kind=13 logical=1298 seq=270 ch=0 rssi=436
PR1HA t_us=11445400 kind=5 logical=3866 seq=3 ch=8 rssi=0
PR1HA t_us=11447380 kind=5 logical=3869 seq=1 ch=35 rssi=0
PR1HA t_us=11450366 kind=5 logical=3870 seq=1 ch=12 rssi=0
PR1HA t_us=11453350 kind=5 logical=3871 seq=1 ch=35 rssi=0
PR1HA t_us=11456335 kind=5 logical=3872 seq=1 ch=17 rssi=0
PR1HA t_us=11459320 kind=5 logical=3873 seq=1 ch=21 rssi=0
PR1HA t_us=11462305 kind=6 logical=3875 seq=0 ch=36 rssi=0
PR1HE_END
