PR1_RUNTIME_BOOT
runtime_profile=phase1-fixed-flrc-rx
runtime_role=rx
board_family=LILYGO T3-S3-MVSRBoard
board_reference_revision=V1.1 upstream reference
radio_target=SX1280
upstream_reference_commit=840a2e788b3192c4e9bddf0640c1ecaf703c2598
hardware_veriESP-ROM:esp32s3-20210327
Build:Mar 27 2021
rst:0x15 (USB_UART_CHIP_RESET),boot:0x18 (SPI_FAST_FLASH_BOOT)
Saved PC:0x42027ed2
SPIWP:0xee
mode:DIO, clock div:1
load:0x3fce3808,len:0x44c
load:0x403c9700,len:0xbd8
load:0x403cc700,len:0x2a80
entry 0x403c98d0
PR1_RUNTIME_BOOT
runtime_profile=phase1-fixed-flrc-rx
runtime_role=rx
board_family=LILYGO T3-S3-MVSRBoard
board_reference_revision=V1.1 upstream reference
radio_target=SX1280
upstream_reference_commit=840a2e788b3192c4e9bddf0640c1ecaf703c2598
hardware_verified=0
protocol_version=1
protocol_header_bytes=16
rf_enabled=1
sx1280_spi_hz=2000000
sx1280_cs=7
sx1280_rst=8
sx1280_sclk=5
sx1280_mosi=6
sx1280_miso=3
sx1280_dio1=9
sx1280_busy=36
sx1280_tx_enable=10
sx1280_rx_enable=21
PR1_FIXED_FLRC_PROFILE
frequency_mhz=2404.000
bitrate_kbps=1300
coding_rate=3
output_dbm=0
tx_gap_us=5000
packet_bytes=116
adaptive_layers=off
afh_enabled=1
afh_session_id=1
afh_session_seed=0x5052314441525431
afh_map_version=1
afh_active_channels=40
afh_resync_after_misses=8
afh_rendezvous_first=20
afh_schedule_fp=18,21,5,3,0,6,29,20,36,25,9,24,14,28,37,17,30,10,32,26,31,7,22,35,16,1,2,12,39,13,15,11,38,19,33,23,34,4,27,8,16,19,10,17,24,21,5,14
PR1_RUNTIME_LIVE_READY
PR1T v=1 t_us=20902746 field=device_state value=2
PR1T v=1 t_us=20902746 field=rssi_dbm value=-46
PR1T v=1 t_us=20902746 field=crc_good value=6781
PR1T v=1 t_us=20902746 field=crc_bad value=8
PR1T v=1 t_us=20902746 field=missing value=12
PR1T v=1 t_us=20902746 field=queue_depth value=0
PR1T v=1 t_us=20902746 field=max_queue_depth value=1
PR1T v=1 t_us=20902746 field=irq_to_spi_us value=6
PR1T v=1 t_us=20902746 field=spi_duration_us value=1246
PR1T v=1 t_us=20902746 field=rx_processing_us value=1248
PR1T v=1 t_us=20902746 field=spi_end_to_rearm_start_us value=239
PR1T v=1 t_us=20902746 field=rx_rearm_us value=422
PR1T v=1 t_us=20902746 field=irq_to_rx_ready_us value=1897
PR1T v=1 t_us=20902746 field=trace_overwrites value=60973
PR1T v=1 t_us=20902746 field=capability_mask value=12
PR1T v=1 t_us=30997409 field=device_state value=2
PR1T v=1 t_us=30997409 field=rssi_dbm value=-46
PR1T v=1 t_us=30997409 field=crc_good value=10155
PR1T v=1 t_us=30997409 field=crc_bad value=9
PR1T v=1 t_us=30997409 field=missing value=14
PR1T v=1 t_us=30997409 field=queue_depth value=0
PR1T v=1 t_us=30997409 field=max_queue_depth value=1
PR1T v=1 t_us=30997409 field=irq_to_spi_us value=6
PR1T v=1 t_us=30997409 field=spi_duration_us value=1244
PR1T v=1 t_us=30997409 field=rx_processing_us value=1246
PR1T v=1 t_us=30997409 field=spi_end_to_rearm_start_us value=240
PR1T v=1 t_us=30997409 field=rx_rearm_us value=423
PR1T v=1 t_us=30997409 field=irq_to_rx_ready_us value=1896
PR1T v=1 t_us=30997409 field=trace_overwrites value=91348
PR1T v=1 t_us=30997409 field=capability_mask value=12
PR1T v=1 t_us=31511752 field=device_state value=2
PR1T v=1 t_us=31511752 field=rssi_dbm value=-46
PR1T v=1 t_us=31511752 field=crc_good value=10326
PR1T v=1 t_us=31511752 field=crc_bad value=9
PR1T v=1 t_us=31511752 field=missing value=15
PR1T v=1 t_us=31511752 field=queue_depth value=0
PR1T v=1 t_us=31511752 field=max_queue_depth value=1
PR1T v=1 t_us=31511752 field=irq_to_spi_us value=13
PR1T v=1 t_us=31511752 field=spi_duration_us value=1245
PR1T v=1 t_us=31511752 field=rx_processing_us value=1247
PR1T v=1 t_us=31511752 field=spi_end_to_rearm_start_us value=239
PR1T v=1 t_us=31511752 field=rx_rearm_us value=421
PR1T v=1 t_us=31511752 field=irq_to_rx_ready_us value=1895
PR1T v=1 t_us=31511752 field=trace_overwrites value=92887
PR1T v=1 t_us=31511752 field=capability_mask value=12
PR1H t_us=31584384 session_id=1 map_version=1 locked=1 channel=6 logical=10613 retunes=10365 retune_failures=0 standby_failures=0 timeout_advances=6 resync_entries=0 locks=1 agree=10347 disagree=2 period_est_us=2990 max_consecutive_timeouts=1 retune_us_p99=66 retune_us_max=72 hop_compute_us_p99=44 hop_compute_us_max=52
PR1HC ok=258,259,259,258,258,259,257,257,260,260,259,258,260,259,260,260,258,259,259,260,258,258,259,258,260,258,259,258,260,258,258,259,259,258,260,259,259,259,257,258 crc=0,0,0,0,0,0,1,1,0,0,0,0,0,0,0,0,1,0,0,0,1,0,1,0,0,0,0,1,0,1,0,0,0,1,0,0,1,0,0,0
PR1HE_BEGIN total=10826 count=256
PR1HE t_us=32197678 kind=2 logical=10818 seq=10818 ch=8 rssi=-47
PR1HE t_us=32200673 kind=2 logical=10819 seq=10819 ch=35 rssi=-46
PR1HE t_us=32203666 kind=2 logical=10820 seq=10820 ch=23 rssi=-46
PR1HE t_us=32206661 kind=2 logical=10821 seq=10821 ch=18 rssi=-47
PR1HE t_us=32209654 kind=2 logical=10822 seq=10822 ch=28 rssi=-46
PR1HE t_us=32212649 kind=2 logical=10823 seq=10823 ch=12 rssi=-46
PR1HE t_us=32215645 kind=2 logical=10824 seq=10824 ch=11 rssi=-46
PR1HE t_us=32218638 kind=2 logical=10825 seq=10825 ch=2 rssi=-47
PR1HE t_us=32221632 kind=2 logical=10826 seq=10826 ch=0 rssi=-46
PR1HE t_us=32224619 kind=2 logical=10827 seq=10827 ch=14 rssi=-46
PR1HE t_us=32227614 kind=2 logical=10828 seq=10828 ch=16 rssi=-46
PR1HE t_us=32230603 kind=2 logical=10829 seq=10829 ch=33 rssi=-47
PR1HE t_us=32233598 kind=2 logical=10830 seq=10830 ch=36 rssi=-46
PR1HE t_us=32236579 kind=2 logical=10831 seq=10831 ch=9 rssi=-46
PR1HE t_us=32239567 kind=2 logical=10832 seq=10832 ch=1 rssi=-46
PR1HE t_us=32242557 kind=2 logical=10833 seq=10833 ch=20 rssi=-46
PR1HE t_us=32245550 kind=2 logical=10834 seq=10834 ch=13 rssi=-46
PR1HE t_us=32248544 kind=2 logical=10835 seq=10835 ch=37 rssi=-46
PR1HE t_us=32251537 kind=2 logical=10836 seq=10836 ch=26 rssi=-46
PR1HE t_us=32254532 kind=2 logical=10837 seq=10837 ch=3 rssi=-45
PR1HE t_us=32257525 kind=2 logical=10838 seq=10838 ch=17 rssi=-47
PR1HE t_us=32260521 kind=2 logical=10839 seq=10839 ch=29 rssi=-46
PR1HE t_us=32263515 kind=2 logical=10840 seq=10840 ch=26 rssi=-45
PR1HE t_us=32266509 kind=2 logical=10841 seq=10841 ch=3 rssi=-47
PR1HE t_us=32269504 kind=2 logical=10842 seq=10842 ch=32 rssi=-46
PR1HE t_us=32272497 kind=2 logical=10843 seq=10843 ch=24 rssi=-46
PR1HE t_us=32275491 kind=2 logical=10844 seq=10844 ch=36 rssi=-46
PR1HE t_us=32278858 kind=5 logical=10845 seq=1 ch=2 rssi=0
PR1HE t_us=32281850 kind=5 logical=10846 seq=1 ch=0 rssi=0
PR1HE t_us=32284842 kind=5 logical=10847 seq=1 ch=8 rssi=0
PR1HE t_us=32287834 kind=5 logical=10848 seq=1 ch=21 rssi=0
PR1HE t_us=32290825 kind=5 logical=10849 seq=1 ch=16 rssi=0
PR1HE t_us=32293818 kind=5 logical=10850 seq=1 ch=28 rssi=0
PR1HE t_us=32296809 kind=5 logical=10851 seq=1 ch=27 rssi=0
PR1HE t_us=32299802 kind=5 logical=10852 seq=1 ch=37 rssi=0
PR1HE t_us=32302794 kind=6 logical=10854 seq=0 ch=36 rssi=0
PR1HE t_us=32307312 kind=7 logical=10854 seq=10854 ch=36 rssi=-47
PR1HE t_us=32307312 kind=2 logical=10854 seq=10854 ch=36 rssi=-47
PR1HE t_us=32310305 kind=2 logical=10855 seq=10855 ch=33 rssi=-45
PR1HE t_us=32313300 kind=2 logical=10856 seq=10856 ch=30 rssi=-46
PR1HE t_us=32316296 kind=2 logical=10857 seq=10857 ch=7 rssi=-46
PR1HE t_us=32319290 kind=2 logical=10858 seq=10858 ch=15 rssi=-47
PR1HE t_us=32322281 kind=2 logical=10859 seq=10859 ch=14 rssi=-46
PR1HE t_us=32325270 kind=2 logical=10860 seq=10860 ch=1 rssi=-46
PR1HE t_us=32328258 kind=2 logical=10861 seq=10861 ch=17 rssi=-47
PR1HE t_us=32331247 kind=2 logical=10862 seq=10862 ch=25 rssi=-46
PR1HE t_us=32334242 kind=2 logical=10863 seq=10863 ch=12 rssi=-47
PR1HE t_us=32337237 kind=2 logical=10864 seq=10864 ch=22 rssi=-47
PR1HE t_us=32340234 kind=2 logical=10865 seq=10865 ch=38 rssi=-46
PR1HE t_us=32343232 kind=2 logical=10866 seq=10866 ch=13 rssi=-46
PR1HE t_us=32346224 kind=2 logical=10867 seq=10867 ch=6 rssi=-46
PR1HE t_us=32349213 kind=2 logical=10868 seq=10868 ch=34 rssi=-47
PR1HE t_us=32352197 kind=2 logical=10869 seq=10869 ch=9 rssi=-47
PR1HE t_us=32355182 kind=2 logical=10870 seq=10870 ch=31 rssi=-47
PR1HE t_us=32358173 kind=2 logical=10871 seq=10871 ch=5 rssi=-46
PR1HE t_us=32361160 kind=2 logical=10872 seq=10872 ch=23 rssi=-46
PR1HE t_us=32364145 kind=2 logical=10873 seq=10873 ch=11 rssi=-46
PR1HE t_us=32367133 kind=2 logical=10874 seq=10874 ch=39 rssi=-47
PR1HE t_us=32370122 kind=2 logical=10875 seq=10875 ch=35 rssi=-46
PR1HE t_us=32373109 kind=2 logical=10876 seq=10876 ch=19 rssi=-47
PR1HE t_us=32376096 kind=2 logical=10877 seq=10877 ch=4 rssi=-46
PR1HE t_us=32379083 kind=2 logical=10878 seq=10878 ch=20 rssi=-46
PR1HE t_us=32382067 kind=2 logical=10879 seq=10879 ch=18 rssi=-46
PR1HE t_us=32385056 kind=2 logical=10880 seq=10880 ch=4 rssi=-46
PR1HE t_us=32388043 kind=2 logical=10881 seq=10881 ch=12 rssi=-46
PR1HE t_us=32391033 kind=2 logical=10882 seq=10882 ch=37 rssi=-46
PR1HE t_us=32394020 kind=2 logical=10883 seq=10883 ch=25 rssi=-47
PR1HE t_us=32397008 kind=2 logical=10884 seq=10884 ch=31 rssi=-46
PR1HE t_us=32399992 kind=2 logical=10885 seq=10885 ch=27 rssi=-46
PR1HE t_us=32402981 kind=2 logical=10886 seq=10886 ch=29 rssi=-46
PR1HE t_us=32405967 kind=2 logical=10887 seq=10887 ch=3 rssi=-46
PR1HE t_us=32408962 kind=2 logical=10888 seq=10888 ch=7 rssi=-47
PR1HE t_us=32411958 kind=2 logical=10889 seq=10889 ch=34 rssi=-47
PR1HE t_us=32414946 kind=2 logical=10890 seq=10890 ch=30 rssi=-46
PR1HE t_us=32417933 kind=2 logical=10891 seq=10891 ch=2 rssi=-46
PR1HE t_us=32420925 kind=2 logical=10892 seq=10892 ch=9 rssi=-47
PR1HE t_us=32423921 kind=2 logical=10893 seq=10893 ch=24 rssi=-46
PR1HE t_us=32426910 kind=2 logical=10894 seq=10894 ch=5 rssi=-46
PR1HE t_us=32429898 kind=2 logical=10895 seq=10895 ch=14 rssi=-46
PR1HE t_us=32432892 kind=2 logical=10896 seq=10896 ch=28 rssi=-46
PR1HE t_us=32435885 kind=2 logical=10897 seq=10897 ch=6 rssi=-47
PR1HE t_us=32438874 kind=2 logical=10898 seq=10898 ch=38 rssi=-47
PR1HE t_us=32441862 kind=2 logical=10899 seq=10899 ch=26 rssi=-46
PR1HE t_us=32444851 kind=2 logical=10900 seq=10900 ch=19 rssi=-46
PR1HE t_us=32447839 kind=2 logical=10901 seq=10901 ch=8 rssi=-45
PR1HE t_us=32450833 kind=2 logical=10902 seq=10902 ch=32 rssi=-46
PR1HE t_us=32453816 kind=2 logical=10903 seq=10903 ch=0 rssi=-47
PR1HE t_us=32456805 kind=2 logical=10904 seq=10904 ch=13 rssi=-47
PR1HE t_us=32459788 kind=2 logical=10905 seq=10905 ch=15 rssi=-46
PR1HE t_us=32462774 kind=2 logical=10906 seq=10906 ch=36 rssi=-47
PR1HE t_us=32465762 kind=2 logical=10907 seq=10907 ch=23 rssi=-47
PR1HE t_us=32468751 kind=2 logical=10908 seq=10908 ch=18 rssi=-46
PR1HE t_us=32471736 kind=2 logical=10909 seq=10909 ch=11 rssi=-46
PR1HE t_us=32474723 kind=2 logical=10910 seq=10910 ch=20 rssi=-46
PR1HE t_us=32477704 kind=2 logical=10911 seq=10911 ch=10 rssi=-47
PR1HE t_us=32480693 kind=2 logical=10912 seq=10912 ch=21 rssi=-46
PR1HE t_us=32483681 kind=2 logical=10913 seq=10913 ch=16 rssi=-45
PR1HE t_us=32486675 kind=2 logical=10914 seq=10914 ch=22 rssi=-46
PR1HE t_us=32489669 kind=2 logical=10915 seq=10915 ch=33 rssi=-46
PR1HE t_us=32492663 kind=2 logical=10916 seq=10916 ch=17 rssi=-46
PR1HE t_us=32495657 kind=2 logical=10917 seq=10917 ch=39 rssi=-46
PR1HE t_us=32498653 kind=2 logical=10918 seq=10918 ch=35 rssi=-46
PR1HE t_us=32501647 kind=2 logical=10919 seq=10919 ch=1 rssi=-46
PR1HE t_us=32504640 kind=2 logical=10920 seq=10920 ch=9 rssi=-47
PR1HE t_us=32507635 kind=2 logical=10921 seq=10921 ch=17 rssi=-46
PR1HE t_us=32510622 kind=2 logical=10922 seq=10922 ch=37 rssi=-46
PR1HE t_us=32513616 kind=2 logical=10923 seq=10923 ch=25 rssi=-46
PR1HE t_us=32516606 kind=2 logical=10924 seq=10924 ch=21 rssi=-46
PR1HE t_us=32519600 kind=2 logical=10925 seq=10925 ch=13 rssi=-46
PR1HE t_us=32522581 kind=2 logical=10926 seq=10926 ch=8 rssi=-47
PR1HE t_us=32525570 kind=2 logical=10927 seq=10927 ch=32 rssi=-46
PR1HE t_us=32528560 kind=2 logical=10928 seq=10928 ch=11 rssi=-46
PR1HE t_us=32531553 kind=2 logical=10929 seq=10929 ch=3 rssi=-46
PR1HE t_us=32534547 kind=2 logical=10930 seq=10930 ch=2 rssi=-46
PR1HE t_us=32537540 kind=2 logical=10931 seq=10931 ch=4 rssi=-47
PR1HE t_us=32540535 kind=2 logical=10932 seq=10932 ch=1 rssi=-47
PR1HE t_us=32543529 kind=2 logical=10933 seq=10933 ch=20 rssi=-46
PR1HE t_us=32546525 kind=2 logical=10934 seq=10934 ch=39 rssi=-46
PR1HE t_us=32549518 kind=2 logical=10935 seq=10935 ch=23 rssi=-47
PR1HE t_us=32552512 kind=2 logical=10936 seq=10936 ch=5 rssi=-45
PR1HE t_us=32555506 kind=2 logical=10937 seq=10937 ch=29 rssi=-46
PR1HE t_us=32558500 kind=2 logical=10938 seq=10938 ch=27 rssi=-47
PR1HE t_us=32561494 kind=2 logical=10939 seq=10939 ch=10 rssi=-47
PR1HE t_us=32564488 kind=2 logical=10940 seq=10940 ch=18 rssi=-47
PR1HE t_us=32567483 kind=2 logical=10941 seq=10941 ch=22 rssi=-46
PR1HE t_us=32570476 kind=2 logical=10942 seq=10942 ch=24 rssi=-46
PR1HE t_us=32573466 kind=2 logical=10943 seq=10943 ch=28 rssi=-46
PR1HE t_us=32576447 kind=2 logical=10944 seq=10944 ch=38 rssi=-47
PR1HE t_us=32579442 kind=2 logical=10945 seq=10945 ch=36 rssi=-47
PR1HE t_us=32582437 kind=2 logical=10946 seq=10946 ch=19 rssi=-46
PR1HE t_us=32585425 kind=2 logical=10947 seq=10947 ch=0 rssi=-46
PR1HE t_us=32588412 kind=2 logical=10948 seq=10948 ch=26 rssi=-47
PR1HE t_us=32591403 kind=2 logical=10949 seq=10949 ch=6 rssi=-47
PR1HE t_us=32594399 kind=2 logical=10950 seq=10950 ch=35 rssi=-46
PR1HE t_us=32597393 kind=2 logical=10951 seq=10951 ch=33 rssi=-45
PR1HE t_us=32600388 kind=2 logical=10952 seq=10952 ch=15 rssi=-46
PR1HE t_us=32603383 kind=2 logical=10953 seq=10953 ch=34 rssi=-46
PR1HE t_us=32606375 kind=2 logical=10954 seq=10954 ch=12 rssi=-46
PR1HE t_us=32609363 kind=2 logical=10955 seq=10955 ch=7 rssi=-47
PR1HE t_us=32612352 kind=2 logical=10956 seq=10956 ch=16 rssi=-46
PR1HE t_us=32615346 kind=2 logical=10957 seq=10957 ch=30 rssi=-46
PR1HE t_us=32618340 kind=2 logical=10958 seq=10958 ch=14 rssi=-46
PR1HE t_us=32621333 kind=2 logical=10959 seq=10959 ch=31 rssi=-47
PR1HE t_us=32624328 kind=2 logical=10960 seq=10960 ch=8 rssi=-46
PR1HE t_us=32627315 kind=2 logical=10961 seq=10961 ch=4 rssi=-46
PR1HE t_us=32630310 kind=2 logical=10962 seq=10962 ch=22 rssi=-46
PR1HE t_us=32633304 kind=2 logical=10963 seq=10963 ch=30 rssi=-46
PR1HE t_us=32636298 kind=2 logical=10964 seq=10964 ch=7 rssi=-46
PR1HE t_us=32639293 kind=2 logical=10965 seq=10965 ch=10 rssi=-47
PR1HE t_us=32642284 kind=2 logical=10966 seq=10966 ch=32 rssi=-47
PR1HE t_us=32645273 kind=2 logical=10967 seq=10967 ch=19 rssi=-47
PR1HE t_us=32648261 kind=2 logical=10968 seq=10968 ch=2 rssi=-45
PR1HE t_us=32651249 kind=2 logical=10969 seq=10969 ch=28 rssi=-46
PR1HE t_us=32654246 kind=2 logical=10970 seq=10970 ch=39 rssi=-46
PR1HE t_us=32657240 kind=2 logical=10971 seq=10971 ch=27 rssi=-46
PR1HE t_us=32660237 kind=2 logical=10972 seq=10972 ch=0 rssi=-46
PR1HE t_us=32663236 kind=2 logical=10973 seq=10973 ch=35 rssi=-46
PR1HE t_us=32666228 kind=2 logical=10974 seq=10974 ch=14 rssi=-46
PR1HE t_us=32669216 kind=2 logical=10975 seq=10975 ch=21 rssi=-46
PR1HE t_us=32672201 kind=2 logical=10976 seq=10976 ch=11 rssi=-47
PR1HE t_us=32675186 kind=2 logical=10977 seq=10977 ch=1 rssi=-47
PR1HE t_us=32678177 kind=2 logical=10978 seq=10978 ch=31 rssi=-47
PR1HE t_us=32681163 kind=2 logical=10979 seq=10979 ch=25 rssi=-46
PR1HE t_us=32684149 kind=2 logical=10980 seq=10980 ch=12 rssi=-46
PR1HE t_us=32687136 kind=2 logical=10981 seq=10981 ch=36 rssi=-47
PR1HE t_us=32690125 kind=2 logical=10982 seq=10982 ch=18 rssi=-46
PR1HE t_us=32693112 kind=2 logical=10983 seq=10983 ch=38 rssi=-46
PR1HE t_us=32696099 kind=2 logical=10984 seq=10984 ch=24 rssi=-45
PR1HE t_us=32699083 kind=2 logical=10985 seq=10985 ch=6 rssi=-47
PR1HE t_us=32702070 kind=2 logical=10986 seq=10986 ch=29 rssi=-47
PR1HE t_us=32705059 kind=2 logical=10987 seq=10987 ch=34 rssi=-47
PR1HE t_us=32708047 kind=2 logical=10988 seq=10988 ch=23 rssi=-46
PR1HE t_us=32711036 kind=2 logical=10989 seq=10989 ch=33 rssi=-47
PR1HE t_us=32714023 kind=2 logical=10990 seq=10990 ch=5 rssi=-47
PR1HE t_us=32717010 kind=2 logical=10991 seq=10991 ch=13 rssi=-45
PR1HE t_us=32719996 kind=2 logical=10992 seq=10992 ch=9 rssi=-46
PR1HE t_us=32722983 kind=2 logical=10993 seq=10993 ch=26 rssi=-46
PR1HE t_us=32725971 kind=2 logical=10994 seq=10994 ch=3 rssi=-47
PR1HE t_us=32728966 kind=2 logical=10995 seq=10995 ch=37 rssi=-47
PR1HE t_us=32731960 kind=2 logical=10996 seq=10996 ch=20 rssi=-45
PR1HE t_us=32734948 kind=2 logical=10997 seq=10997 ch=17 rssi=-47
PR1HE t_us=32737937 kind=2 logical=10998 seq=10998 ch=15 rssi=-47
PR1HE t_us=32740929 kind=2 logical=10999 seq=10999 ch=16 rssi=-47
PR1HE t_us=32743924 kind=2 logical=11000 seq=11000 ch=30 rssi=-46
PR1HE t_us=32746913 kind=2 logical=11001 seq=11001 ch=7 rssi=-46
PR1HE t_us=32749901 kind=2 logical=11002 seq=11002 ch=20 rssi=-46
PR1HE t_us=32752896 kind=2 logical=11003 seq=11003 ch=35 rssi=-46
PR1HE t_us=32755889 kind=2 logical=11004 seq=11004 ch=3 rssi=-47
PR1HE t_us=32758878 kind=2 logical=11005 seq=11005 ch=39 rssi=-46
PR1HE t_us=32761866 kind=2 logical=11006 seq=11006 ch=33 rssi=-47
PR1HE t_us=32764855 kind=2 logical=11007 seq=11007 ch=18 rssi=-47
PR1HE t_us=32767842 kind=2 logical=11008 seq=11008 ch=27 rssi=-47
PR1HE t_us=32770836 kind=2 logical=11009 seq=11009 ch=22 rssi=-46
PR1HE t_us=32773820 kind=2 logical=11010 seq=11010 ch=17 rssi=-47
PR1HE t_us=32776808 kind=2 logical=11011 seq=11011 ch=38 rssi=-47
PR1HE t_us=32779790 kind=2 logical=11012 seq=11012 ch=9 rssi=-47
PR1HE t_us=32782778 kind=2 logical=11013 seq=11013 ch=23 rssi=-47
PR1HE t_us=32785766 kind=2 logical=11014 seq=11014 ch=31 rssi=-47
PR1HE t_us=32788755 kind=2 logical=11015 seq=11015 ch=0 rssi=-46
PR1HE t_us=32791739 kind=2 logical=11016 seq=11016 ch=21 rssi=-47
PR1HE t_us=32794726 kind=2 logical=11017 seq=11017 ch=5 rssi=-47
PR1HE t_us=32797707 kind=2 logical=11018 seq=11018 ch=1 rssi=-47
PR1HE t_us=32800697 kind=2 logical=11019 seq=11019 ch=36 rssi=-47
PR1HE t_us=32803684 kind=2 logical=11020 seq=11020 ch=25 rssi=-46
PR1HE t_us=32806679 kind=2 logical=11021 seq=11021 ch=2 rssi=-46
PR1HE t_us=32809672 kind=2 logical=11022 seq=11022 ch=14 rssi=-47
PR1HE t_us=32812667 kind=2 logical=11023 seq=11023 ch=37 rssi=-45
PR1HE t_us=32815661 kind=2 logical=11024 seq=11024 ch=28 rssi=-47
PR1HE t_us=32818655 kind=2 logical=11025 seq=11025 ch=32 rssi=-47
PR1HE t_us=32821649 kind=2 logical=11026 seq=11026 ch=34 rssi=-46
PR1HE t_us=32824643 kind=2 logical=11027 seq=11027 ch=4 rssi=-46
PR1HE t_us=32827632 kind=2 logical=11028 seq=11028 ch=19 rssi=-46
PR1HE t_us=32830626 kind=2 logical=11029 seq=11029 ch=15 rssi=-46
PR1HE t_us=32833614 kind=2 logical=11030 seq=11030 ch=24 rssi=-47
PR1HE t_us=32836604 kind=2 logical=11031 seq=11031 ch=11 rssi=-47
PR1HE t_us=32839584 kind=2 logical=11032 seq=11032 ch=10 rssi=-46
PR1HE t_us=32842574 kind=2 logical=11033 seq=11033 ch=12 rssi=-47
PR1HE t_us=32845563 kind=2 logical=11034 seq=11034 ch=26 rssi=-47
PR1HE t_us=32848556 kind=2 logical=11035 seq=11035 ch=8 rssi=-47
PR1HE t_us=32851550 kind=2 logical=11036 seq=11036 ch=6 rssi=-47
PR1HE t_us=32854543 kind=2 logical=11037 seq=11037 ch=16 rssi=-47
PR1HE t_us=32857538 kind=2 logical=11038 seq=11038 ch=29 rssi=-46
PR1HE t_us=32860532 kind=2 logical=11039 seq=11039 ch=13 rssi=-46
PR1HE t_us=32863528 kind=2 logical=11040 seq=11040 ch=26 rssi=-47
PR1HE t_us=32866521 kind=2 logical=11041 seq=11041 ch=1 rssi=-47
PR1HE t_us=32869515 kind=2 logical=11042 seq=11042 ch=39 rssi=-46
PR1HE t_us=32872510 kind=2 logical=11043 seq=11043 ch=30 rssi=-46
PR1HE t_us=32875503 kind=2 logical=11044 seq=11044 ch=6 rssi=-47
PR1HE t_us=32878497 kind=2 logical=11045 seq=11045 ch=2 rssi=-46
PR1HE t_us=32881491 kind=2 logical=11046 seq=11046 ch=27 rssi=-47
PR1HE t_us=32884486 kind=2 logical=11047 seq=11047 ch=33 rssi=-47
PR1HE t_us=32887479 kind=2 logical=11048 seq=11048 ch=17 rssi=-47
PR1HE t_us=32890469 kind=2 logical=11049 seq=11049 ch=21 rssi=-46
PR1HE t_us=32893450 kind=2 logical=11050 seq=11050 ch=11 rssi=-47
PR1HE t_us=32896445 kind=2 logical=11051 seq=11051 ch=34 rssi=-47
PR1HE t_us=32899440 kind=2 logical=11052 seq=11052 ch=23 rssi=-47
PR1HE t_us=32902428 kind=2 logical=11053 seq=11053 ch=35 rssi=-47
PR1HE t_us=32905416 kind=2 logical=11054 seq=11054 ch=36 rssi=-46
PR1HE t_us=32908405 kind=2 logical=11055 seq=11055 ch=15 rssi=-47
PR1HE t_us=32911401 kind=2 logical=11056 seq=11056 ch=9 rssi=-47
PR1HE t_us=32914397 kind=2 logical=11057 seq=11057 ch=28 rssi=-46
PR1HE t_us=32917391 kind=2 logical=11058 seq=11058 ch=5 rssi=-46
PR1HE t_us=32920385 kind=2 logical=11059 seq=11059 ch=10 rssi=-46
PR1HE t_us=32923377 kind=2 logical=11060 seq=11060 ch=20 rssi=-46
PR1HE t_us=32926367 kind=2 logical=11061 seq=11061 ch=0 rssi=-45
PR1HE t_us=32929356 kind=2 logical=11062 seq=11062 ch=7 rssi=-47
PR1HE t_us=32932350 kind=2 logical=11063 seq=11063 ch=32 rssi=-46
PR1HE t_us=32935343 kind=2 logical=11064 seq=11064 ch=22 rssi=-46
PR1HE t_us=32938337 kind=2 logical=11065 seq=11065 ch=37 rssi=-46
PR1HE t_us=32941331 kind=2 logical=11066 seq=11066 ch=8 rssi=-47
PR1HE t_us=32944319 kind=2 logical=11067 seq=11067 ch=18 rssi=-46
PR1HE t_us=32947312 kind=2 logical=11068 seq=11068 ch=14 rssi=-47
PR1HE t_us=32950307 kind=2 logical=11069 seq=11069 ch=16 rssi=-47
PR1HE t_us=32953302 kind=2 logical=11070 seq=11070 ch=25 rssi=-46
PR1HE t_us=32956296 kind=2 logical=11071 seq=11071 ch=31 rssi=-46
PR1HE t_us=32959288 kind=2 logical=11072 seq=11072 ch=4 rssi=-46
PR1HA_BEGIN total=28 kept=28
PR1HA t_us=588584 kind=7 logical=248 seq=248 ch=20 rssi=-47
PR1HA t_us=6019582 kind=5 logical=2064 seq=1 ch=13 rssi=0
PR1HA t_us=6082038 kind=3 logical=2085 seq=0 ch=6 rssi=0
PR1HA t_us=6524609 kind=3 logical=2233 seq=0 ch=7 rssi=0
PR1HA t_us=8313012 kind=3 logical=2831 seq=0 ch=29 rssi=0
PR1HA t_us=9321180 kind=5 logical=3168 seq=1 ch=39 rssi=0
PR1HA t_us=11073173 kind=3 logical=3754 seq=0 ch=16 rssi=0
PR1HA t_us=14309192 kind=5 logical=4836 seq=1 ch=3 rssi=0
PR1HA t_us=16695171 kind=3 logical=5634 seq=0 ch=27 rssi=0
PR1HA t_us=17574288 kind=3 logical=5928 seq=0 ch=33 rssi=0
PR1HA t_us=17594545 kind=3 logical=5935 seq=0 ch=36 rssi=0
PR1HA t_us=18330882 kind=3 logical=6181 seq=0 ch=20 rssi=0
PR1HA t_us=20906773 kind=5 logical=7042 seq=1 ch=11 rssi=0
PR1HA t_us=28342092 kind=3 logical=9529 seq=0 ch=22 rssi=0
PR1HA t_us=31001690 kind=5 logical=10418 seq=1 ch=6 rssi=0
PR1HA t_us=31516006 kind=5 logical=10590 seq=1 ch=38 rssi=0
PR1HA t_us=31588286 kind=5 logical=10614 seq=1 ch=39 rssi=0
PR1HA t_us=32117358 kind=5 logical=10791 seq=1 ch=7 rssi=0
PR1HA t_us=32278858 kind=5 logical=10845 seq=1 ch=2 rssi=0
PR1HA t_us=32281850 kind=5 logical=10846 seq=1 ch=0 rssi=0
PR1HA t_us=32284842 kind=5 logical=10847 seq=1 ch=8 rssi=0
PR1HA t_us=32287834 kind=5 logical=10848 seq=1 ch=21 rssi=0
PR1HA t_us=32290825 kind=5 logical=10849 seq=1 ch=16 rssi=0
PR1HA t_us=32293818 kind=5 logical=10850 seq=1 ch=28 rssi=0
PR1HA t_us=32296809 kind=5 logical=10851 seq=1 ch=27 rssi=0
PR1HA t_us=32299802 kind=5 logical=10852 seq=1 ch=37 rssi=0
PR1HA t_us=32302794 kind=6 logical=10854 seq=0 ch=36 rssi=0
PR1HA t_us=32307312 kind=7 logical=10854 seq=10854 ch=36 rssi=-47
PR1HE_END
