ESP-ROM:esp32s3-20210327
Build:Mar 27 2021
rst:0x15 (USB_UART_CHIP_RESET),boot:0x38 (SPI_FAST_FLASH_BOOT)
Saved PC:0x42027ed6
SPIWP:0xee
mode:DIO, clock div:1
load:0x3fce3808,len:0x44c
load:0x403c9700,len:0xbd8
load:0x403cc700,len:0x2a80
entry 0x403c98d0
PR1_RUNTIME_BOOT
runtime_profile=phase1-fixed-flrc-tx
runtime_role=tx
board_family=LILYGO T3-S3-MVSRBoard
board_reference_revision=V1.1 upstream reference
radio_target=SX1280
upstream_reference_commit=840a2e788b3192c4e9bddf0640c1ecaf703c2598
hardware_verified=0
protocol_version=1
protocol_header_bytes=16
rf_enabled=1
sx1280_spi_hz=2000000
sx1280_cs=7
sx1280_rst=8
sx1280_sclk=5
sx1280_mosi=6
sx1280_miso=3
sx1280_dio1=9
sx1280_busy=36
sx1280_tx_enable=10
sx1280_rx_enable=21
PR1_FIXED_FLRC_PROFILE
frequency_mhz=2404.000
bitrate_kbps=1300
coding_rate=3
output_dbm=0
tx_gap_us=150
packet_bytes=116
adaptive_layers=off
afh_enabled=1
afh_session_id=1
afh_session_seed=0x5052314441525431
afh_map_version=1
afh_active_channels=40
afh_resync_after_misses=8
afh_rendezvous_first=20
afh_schedule_fp=18,21,5,3,0,6,29,20,36,25,9,24,14,28,37,17,30,10,32,26,31,7,22,35,16,1,2,12,39,13,15,11,38,19,33,23,34,4,27,8,16,19,10,17,24,21,5,14
PR1_RUNTIME_LIVE_READY
PR1T v=1 t_us=32637809 field=device_state value=2
PR1T v=1 t_us=32637809 field=scheduler_misses value=0
PR1T v=1 t_us=32637809 field=trace_overwrites value=31954
PR1T v=1 t_us=32637809 field=capability_mask value=12
PR1H t_us=33391657 session_id=1 map_version=1 locked=0 channel=36 logical=10946 retunes=10946 retune_failures=0 standby_failures=0 timeout_advances=0 resync_entries=0 locks=0 agree=0 disagree=0 period_est_us=0 max_consecutive_timeouts=0 retune_us_p99=72 retune_us_max=126 hop_compute_us_p99=45 hop_compute_us_max=45
PR1HC ok=273,274,274,274,274,274,273,273,274,274,274,274,273,274,273,273,273,274,274,273,274,274,274,274,274,274,273,274,274,274,273,273,274,273,273,273,274,274,274,274 crc=0,0,0,0,0,0,0,0,0,0,0,0,0,0,0,0,0,0,0,0,0,0,0,0,0,0,0,0,0,0,0,0,0,0,0,0,0,0,0,0
PR1HE_BEGIN total=11282 count=256
PR1HE t_us=33635785 kind=0 logical=11026 seq=11026 ch=34 rssi=0
PR1HE t_us=33638785 kind=0 logical=11027 seq=11027 ch=4 rssi=0
PR1HE t_us=33641785 kind=0 logical=11028 seq=11028 ch=19 rssi=0
PR1HE t_us=33644785 kind=0 logical=11029 seq=11029 ch=15 rssi=0
PR1HE t_us=33647785 kind=0 logical=11030 seq=11030 ch=24 rssi=0
PR1HE t_us=33650785 kind=0 logical=11031 seq=11031 ch=11 rssi=0
PR1HE t_us=33653785 kind=0 logical=11032 seq=11032 ch=10 rssi=0
PR1HE t_us=33656785 kind=0 logical=11033 seq=11033 ch=12 rssi=0
PR1HE t_us=33659785 kind=0 logical=11034 seq=11034 ch=26 rssi=0
PR1HE t_us=33662785 kind=0 logical=11035 seq=11035 ch=8 rssi=0
PR1HE t_us=33665785 kind=0 logical=11036 seq=11036 ch=6 rssi=0
PR1HE t_us=33668785 kind=0 logical=11037 seq=11037 ch=16 rssi=0
PR1HE t_us=33671785 kind=0 logical=11038 seq=11038 ch=29 rssi=0
PR1HE t_us=33674785 kind=0 logical=11039 seq=11039 ch=13 rssi=0
PR1HE t_us=33677785 kind=0 logical=11040 seq=11040 ch=26 rssi=0
PR1HE t_us=33680785 kind=0 logical=11041 seq=11041 ch=1 rssi=0
PR1HE t_us=33683785 kind=0 logical=11042 seq=11042 ch=39 rssi=0
PR1HE t_us=33686785 kind=0 logical=11043 seq=11043 ch=30 rssi=0
PR1HE t_us=33689785 kind=0 logical=11044 seq=11044 ch=6 rssi=0
PR1HE t_us=33692785 kind=0 logical=11045 seq=11045 ch=2 rssi=0
PR1HE t_us=33695785 kind=0 logical=11046 seq=11046 ch=27 rssi=0
PR1HE t_us=33698785 kind=0 logical=11047 seq=11047 ch=33 rssi=0
PR1HE t_us=33701785 kind=0 logical=11048 seq=11048 ch=17 rssi=0
PR1HE t_us=33704785 kind=0 logical=11049 seq=11049 ch=21 rssi=0
PR1HE t_us=33707785 kind=0 logical=11050 seq=11050 ch=11 rssi=0
PR1HE t_us=33710785 kind=0 logical=11051 seq=11051 ch=34 rssi=0
PR1HE t_us=33713785 kind=0 logical=11052 seq=11052 ch=23 rssi=0
PR1HE t_us=33716785 kind=0 logical=11053 seq=11053 ch=35 rssi=0
PR1HE t_us=33719785 kind=0 logical=11054 seq=11054 ch=36 rssi=0
PR1HE t_us=33722785 kind=0 logical=11055 seq=11055 ch=15 rssi=0
PR1HE t_us=33725785 kind=0 logical=11056 seq=11056 ch=9 rssi=0
PR1HE t_us=33728785 kind=0 logical=11057 seq=11057 ch=28 rssi=0
PR1HE t_us=33731785 kind=0 logical=11058 seq=11058 ch=5 rssi=0
PR1HE t_us=33734785 kind=0 logical=11059 seq=11059 ch=10 rssi=0
PR1HE t_us=33737785 kind=0 logical=11060 seq=11060 ch=20 rssi=0
PR1HE t_us=33740785 kind=0 logical=11061 seq=11061 ch=0 rssi=0
PR1HE t_us=33743785 kind=0 logical=11062 seq=11062 ch=7 rssi=0
PR1HE t_us=33746785 kind=0 logical=11063 seq=11063 ch=32 rssi=0
PR1HE t_us=33749785 kind=0 logical=11064 seq=11064 ch=22 rssi=0
PR1HE t_us=33752785 kind=0 logical=11065 seq=11065 ch=37 rssi=0
PR1HE t_us=33755785 kind=0 logical=11066 seq=11066 ch=8 rssi=0
PR1HE t_us=33758785 kind=0 logical=11067 seq=11067 ch=18 rssi=0
PR1HE t_us=33761785 kind=0 logical=11068 seq=11068 ch=14 rssi=0
PR1HE t_us=33764785 kind=0 logical=11069 seq=11069 ch=16 rssi=0
PR1HE t_us=33767785 kind=0 logical=11070 seq=11070 ch=25 rssi=0
PR1HE t_us=33770785 kind=0 logical=11071 seq=11071 ch=31 rssi=0
PR1HE t_us=33773785 kind=0 logical=11072 seq=11072 ch=4 rssi=0
PR1HE t_us=33776785 kind=0 logical=11073 seq=11073 ch=38 rssi=0
PR1HE t_us=33779785 kind=0 logical=11074 seq=11074 ch=29 rssi=0
PR1HE t_us=33782785 kind=0 logical=11075 seq=11075 ch=3 rssi=0
PR1HE t_us=33785785 kind=0 logical=11076 seq=11076 ch=12 rssi=0
PR1HE t_us=33788785 kind=0 logical=11077 seq=11077 ch=24 rssi=0
PR1HE t_us=33791785 kind=0 logical=11078 seq=11078 ch=13 rssi=0
PR1HE t_us=33794785 kind=0 logical=11079 seq=11079 ch=19 rssi=0
PR1HE t_us=33797785 kind=0 logical=11080 seq=11080 ch=32 rssi=0
PR1HE t_us=33800785 kind=0 logical=11081 seq=11081 ch=4 rssi=0
PR1HE t_us=33803785 kind=0 logical=11082 seq=11082 ch=15 rssi=0
PR1HE t_us=33806785 kind=0 logical=11083 seq=11083 ch=37 rssi=0
PR1HE t_us=33809785 kind=0 logical=11084 seq=11084 ch=17 rssi=0
PR1HE t_us=33812785 kind=0 logical=11085 seq=11085 ch=3 rssi=0
PR1HE t_us=33815785 kind=0 logical=11086 seq=11086 ch=22 rssi=0
PR1HE t_us=33818785 kind=0 logical=11087 seq=11087 ch=5 rssi=0
PR1HE t_us=33821785 kind=0 logical=11088 seq=11088 ch=7 rssi=0
PR1HE t_us=33824785 kind=0 logical=11089 seq=11089 ch=35 rssi=0
PR1HE t_us=33827785 kind=0 logical=11090 seq=11090 ch=23 rssi=0
PR1HE t_us=33830785 kind=0 logical=11091 seq=11091 ch=26 rssi=0
PR1HE t_us=33833785 kind=0 logical=11092 seq=11092 ch=10 rssi=0
PR1HE t_us=33836785 kind=0 logical=11093 seq=11093 ch=24 rssi=0
PR1HE t_us=33839785 kind=0 logical=11094 seq=11094 ch=31 rssi=0
PR1HE t_us=33842785 kind=0 logical=11095 seq=11095 ch=27 rssi=0
PR1HE t_us=33845785 kind=0 logical=11096 seq=11096 ch=6 rssi=0
PR1HE t_us=33848785 kind=0 logical=11097 seq=11097 ch=25 rssi=0
PR1HE t_us=33851785 kind=0 logical=11098 seq=11098 ch=20 rssi=0
PR1HE t_us=33854785 kind=0 logical=11099 seq=11099 ch=14 rssi=0
PR1HE t_us=33857785 kind=0 logical=11100 seq=11100 ch=21 rssi=0
PR1HE t_us=33860785 kind=0 logical=11101 seq=11101 ch=19 rssi=0
PR1HE t_us=33863785 kind=0 logical=11102 seq=11102 ch=16 rssi=0
PR1HE t_us=33866785 kind=0 logical=11103 seq=11103 ch=1 rssi=0
PR1HE t_us=33869785 kind=0 logical=11104 seq=11104 ch=2 rssi=0
PR1HE t_us=33872785 kind=0 logical=11105 seq=11105 ch=36 rssi=0
PR1HE t_us=33875785 kind=0 logical=11106 seq=11106 ch=11 rssi=0
PR1HE t_us=33878785 kind=0 logical=11107 seq=11107 ch=29 rssi=0
PR1HE t_us=33881785 kind=0 logical=11108 seq=11108 ch=28 rssi=0
PR1HE t_us=33884785 kind=0 logical=11109 seq=11109 ch=0 rssi=0
PR1HE t_us=33887785 kind=0 logical=11110 seq=11110 ch=8 rssi=0
PR1HE t_us=33890785 kind=0 logical=11111 seq=11111 ch=34 rssi=0
PR1HE t_us=33893785 kind=0 logical=11112 seq=11112 ch=18 rssi=0
PR1HE t_us=33896785 kind=0 logical=11113 seq=11113 ch=38 rssi=0
PR1HE t_us=33899785 kind=0 logical=11114 seq=11114 ch=9 rssi=0
PR1HE t_us=33902785 kind=0 logical=11115 seq=11115 ch=33 rssi=0
PR1HE t_us=33905785 kind=0 logical=11116 seq=11116 ch=13 rssi=0
PR1HE t_us=33908785 kind=0 logical=11117 seq=11117 ch=39 rssi=0
PR1HE t_us=33911785 kind=0 logical=11118 seq=11118 ch=12 rssi=0
PR1HE t_us=33914785 kind=0 logical=11119 seq=11119 ch=30 rssi=0
PR1HE t_us=33917785 kind=0 logical=11120 seq=11120 ch=24 rssi=0
PR1HE t_us=33920785 kind=0 logical=11121 seq=11121 ch=29 rssi=0
PR1HE t_us=33923785 kind=0 logical=11122 seq=11122 ch=22 rssi=0
PR1HE t_us=33926785 kind=0 logical=11123 seq=11123 ch=15 rssi=0
PR1HE t_us=33929785 kind=0 logical=11124 seq=11124 ch=38 rssi=0
PR1HE t_us=33932785 kind=0 logical=11125 seq=11125 ch=6 rssi=0
PR1HE t_us=33935785 kind=0 logical=11126 seq=11126 ch=16 rssi=0
PR1HE t_us=33938785 kind=0 logical=11127 seq=11127 ch=18 rssi=0
PR1HE t_us=33941785 kind=0 logical=11128 seq=11128 ch=25 rssi=0
PR1HE t_us=33944785 kind=0 logical=11129 seq=11129 ch=17 rssi=0
PR1HE t_us=33947785 kind=0 logical=11130 seq=11130 ch=7 rssi=0
PR1HE t_us=33950785 kind=0 logical=11131 seq=11131 ch=2 rssi=0
PR1HE t_us=33953785 kind=0 logical=11132 seq=11132 ch=1 rssi=0
PR1HE t_us=33956785 kind=0 logical=11133 seq=11133 ch=33 rssi=0
PR1HE t_us=33959785 kind=0 logical=11134 seq=11134 ch=28 rssi=0
PR1HE t_us=33962785 kind=0 logical=11135 seq=11135 ch=14 rssi=0
PR1HE t_us=33965785 kind=0 logical=11136 seq=11136 ch=10 rssi=0
PR1HE t_us=33968785 kind=0 logical=11137 seq=11137 ch=21 rssi=0
PR1HE t_us=33971785 kind=0 logical=11138 seq=11138 ch=26 rssi=0
PR1HE t_us=33974785 kind=0 logical=11139 seq=11139 ch=20 rssi=0
PR1HE t_us=33977785 kind=0 logical=11140 seq=11140 ch=3 rssi=0
PR1HE t_us=33980785 kind=0 logical=11141 seq=11141 ch=4 rssi=0
PR1HE t_us=33983785 kind=0 logical=11142 seq=11142 ch=0 rssi=0
PR1HE t_us=33986785 kind=0 logical=11143 seq=11143 ch=13 rssi=0
PR1HE t_us=33989785 kind=0 logical=11144 seq=11144 ch=9 rssi=0
PR1HE t_us=33992785 kind=0 logical=11145 seq=11145 ch=34 rssi=0
PR1HE t_us=33995785 kind=0 logical=11146 seq=11146 ch=30 rssi=0
PR1HE t_us=33998785 kind=0 logical=11147 seq=11147 ch=5 rssi=0
PR1HE t_us=34001785 kind=0 logical=11148 seq=11148 ch=12 rssi=0
PR1HE t_us=34004785 kind=0 logical=11149 seq=11149 ch=36 rssi=0
PR1HE t_us=34007785 kind=0 logical=11150 seq=11150 ch=31 rssi=0
PR1HE t_us=34010785 kind=0 logical=11151 seq=11151 ch=11 rssi=0
PR1HE t_us=34013785 kind=0 logical=11152 seq=11152 ch=27 rssi=0
PR1HE t_us=34016785 kind=0 logical=11153 seq=11153 ch=23 rssi=0
PR1HE t_us=34019785 kind=0 logical=11154 seq=11154 ch=37 rssi=0
PR1HE t_us=34022785 kind=0 logical=11155 seq=11155 ch=35 rssi=0
PR1HE t_us=34025785 kind=0 logical=11156 seq=11156 ch=19 rssi=0
PR1HE t_us=34028785 kind=0 logical=11157 seq=11157 ch=39 rssi=0
PR1HE t_us=34031785 kind=0 logical=11158 seq=11158 ch=8 rssi=0
PR1HE t_us=34034785 kind=0 logical=11159 seq=11159 ch=32 rssi=0
PR1HE t_us=34037785 kind=0 logical=11160 seq=11160 ch=19 rssi=0
PR1HE t_us=34040785 kind=0 logical=11161 seq=11161 ch=13 rssi=0
PR1HE t_us=34043785 kind=0 logical=11162 seq=11162 ch=37 rssi=0
PR1HE t_us=34046785 kind=0 logical=11163 seq=11163 ch=38 rssi=0
PR1HE t_us=34049785 kind=0 logical=11164 seq=11164 ch=14 rssi=0
PR1HE t_us=34052785 kind=0 logical=11165 seq=11165 ch=0 rssi=0
PR1HE t_us=34055785 kind=0 logical=11166 seq=11166 ch=35 rssi=0
PR1HE t_us=34058785 kind=0 logical=11167 seq=11167 ch=23 rssi=0
PR1HE t_us=34061785 kind=0 logical=11168 seq=11168 ch=29 rssi=0
PR1HE t_us=34064785 kind=0 logical=11169 seq=11169 ch=21 rssi=0
PR1HE t_us=34067785 kind=0 logical=11170 seq=11170 ch=5 rssi=0
PR1HE t_us=34070785 kind=0 logical=11171 seq=11171 ch=32 rssi=0
PR1HE t_us=34073785 kind=0 logical=11172 seq=11172 ch=36 rssi=0
PR1HE t_us=34076785 kind=0 logical=11173 seq=11173 ch=8 rssi=0
PR1HE t_us=34079785 kind=0 logical=11174 seq=11174 ch=1 rssi=0
PR1HE t_us=34082785 kind=0 logical=11175 seq=11175 ch=20 rssi=0
PR1HE t_us=34085785 kind=0 logical=11176 seq=11176 ch=28 rssi=0
PR1HE t_us=34088785 kind=0 logical=11177 seq=11177 ch=30 rssi=0
PR1HE t_us=34091785 kind=0 logical=11178 seq=11178 ch=11 rssi=0
PR1HE t_us=34094785 kind=0 logical=11179 seq=11179 ch=4 rssi=0
PR1HE t_us=34097785 kind=0 logical=11180 seq=11180 ch=17 rssi=0
PR1HE t_us=34100785 kind=0 logical=11181 seq=11181 ch=3 rssi=0
PR1HE t_us=34103785 kind=0 logical=11182 seq=11182 ch=16 rssi=0
PR1HE t_us=34106785 kind=0 logical=11183 seq=11183 ch=25 rssi=0
PR1HE t_us=34109785 kind=0 logical=11184 seq=11184 ch=7 rssi=0
PR1HE t_us=34112785 kind=0 logical=11185 seq=11185 ch=31 rssi=0
PR1HE t_us=34115785 kind=0 logical=11186 seq=11186 ch=2 rssi=0
PR1HE t_us=34118785 kind=0 logical=11187 seq=11187 ch=24 rssi=0
PR1HE t_us=34121785 kind=0 logical=11188 seq=11188 ch=26 rssi=0
PR1HE t_us=34124785 kind=0 logical=11189 seq=11189 ch=6 rssi=0
PR1HE t_us=34127785 kind=0 logical=11190 seq=11190 ch=27 rssi=0
PR1HE t_us=34130785 kind=0 logical=11191 seq=11191 ch=39 rssi=0
PR1HE t_us=34133785 kind=0 logical=11192 seq=11192 ch=33 rssi=0
PR1HE t_us=34136785 kind=0 logical=11193 seq=11193 ch=18 rssi=0
PR1HE t_us=34139785 kind=0 logical=11194 seq=11194 ch=12 rssi=0
PR1HE t_us=34142785 kind=0 logical=11195 seq=11195 ch=15 rssi=0
PR1HE t_us=34145785 kind=0 logical=11196 seq=11196 ch=34 rssi=0
PR1HE t_us=34148785 kind=0 logical=11197 seq=11197 ch=22 rssi=0
PR1HE t_us=34151785 kind=0 logical=11198 seq=11198 ch=9 rssi=0
PR1HE t_us=34154785 kind=0 logical=11199 seq=11199 ch=10 rssi=0
PR1HE t_us=34157785 kind=0 logical=11200 seq=11200 ch=35 rssi=0
PR1HE t_us=34160785 kind=0 logical=11201 seq=11201 ch=9 rssi=0
PR1HE t_us=34163785 kind=0 logical=11202 seq=11202 ch=28 rssi=0
PR1HE t_us=34166785 kind=0 logical=11203 seq=11203 ch=14 rssi=0
PR1HE t_us=34169785 kind=0 logical=11204 seq=11204 ch=26 rssi=0
PR1HE t_us=34172785 kind=0 logical=11205 seq=11205 ch=18 rssi=0
PR1HE t_us=34175785 kind=0 logical=11206 seq=11206 ch=27 rssi=0
PR1HE t_us=34178785 kind=0 logical=11207 seq=11207 ch=13 rssi=0
PR1HE t_us=34181785 kind=0 logical=11208 seq=11208 ch=39 rssi=0
PR1HE t_us=34184785 kind=0 logical=11209 seq=11209 ch=16 rssi=0
PR1HE t_us=34187785 kind=0 logical=11210 seq=11210 ch=4 rssi=0
PR1HE t_us=34190785 kind=0 logical=11211 seq=11211 ch=22 rssi=0
PR1HE t_us=34193785 kind=0 logical=11212 seq=11212 ch=5 rssi=0
PR1HE t_us=34196785 kind=0 logical=11213 seq=11213 ch=34 rssi=0
PR1HE t_us=34199785 kind=0 logical=11214 seq=11214 ch=0 rssi=0
PR1HE t_us=34202785 kind=0 logical=11215 seq=11215 ch=23 rssi=0
PR1HE t_us=34205785 kind=0 logical=11216 seq=11216 ch=20 rssi=0
PR1HE t_us=34208785 kind=0 logical=11217 seq=11217 ch=8 rssi=0
PR1HE t_us=34211785 kind=0 logical=11218 seq=11218 ch=6 rssi=0
PR1HE t_us=34214785 kind=0 logical=11219 seq=11219 ch=37 rssi=0
PR1HE t_us=34217785 kind=0 logical=11220 seq=11220 ch=19 rssi=0
PR1HE t_us=34220785 kind=0 logical=11221 seq=11221 ch=38 rssi=0
PR1HE t_us=34223785 kind=0 logical=11222 seq=11222 ch=15 rssi=0
PR1HE t_us=34226785 kind=0 logical=11223 seq=11223 ch=25 rssi=0
PR1HE t_us=34229785 kind=0 logical=11224 seq=11224 ch=3 rssi=0
PR1HE t_us=34232785 kind=0 logical=11225 seq=11225 ch=33 rssi=0
PR1HE t_us=34235785 kind=0 logical=11226 seq=11226 ch=29 rssi=0
PR1HE t_us=34238785 kind=0 logical=11227 seq=11227 ch=7 rssi=0
PR1HE t_us=34241785 kind=0 logical=11228 seq=11228 ch=30 rssi=0
PR1HE t_us=34244785 kind=0 logical=11229 seq=11229 ch=31 rssi=0
PR1HE t_us=34247785 kind=0 logical=11230 seq=11230 ch=32 rssi=0
PR1HE t_us=34250785 kind=0 logical=11231 seq=11231 ch=10 rssi=0
PR1HE t_us=34253785 kind=0 logical=11232 seq=11232 ch=21 rssi=0
PR1HE t_us=34256785 kind=0 logical=11233 seq=11233 ch=1 rssi=0
PR1HE t_us=34259785 kind=0 logical=11234 seq=11234 ch=17 rssi=0
PR1HE t_us=34262785 kind=0 logical=11235 seq=11235 ch=11 rssi=0
PR1HE t_us=34265785 kind=0 logical=11236 seq=11236 ch=12 rssi=0
PR1HE t_us=34268785 kind=0 logical=11237 seq=11237 ch=36 rssi=0
PR1HE t_us=34271785 kind=0 logical=11238 seq=11238 ch=2 rssi=0
PR1HE t_us=34274785 kind=0 logical=11239 seq=11239 ch=24 rssi=0
PR1HE t_us=34277785 kind=0 logical=11240 seq=11240 ch=18 rssi=0
PR1HE t_us=34280785 kind=0 logical=11241 seq=11241 ch=19 rssi=0
PR1HE t_us=34283785 kind=0 logical=11242 seq=11242 ch=1 rssi=0
PR1HE t_us=34286785 kind=0 logical=11243 seq=11243 ch=30 rssi=0
PR1HE t_us=34289785 kind=0 logical=11244 seq=11244 ch=6 rssi=0
PR1HE t_us=34292785 kind=0 logical=11245 seq=11245 ch=7 rssi=0
PR1HE t_us=34295785 kind=0 logical=11246 seq=11246 ch=26 rssi=0
PR1HE t_us=34298785 kind=0 logical=11247 seq=11247 ch=14 rssi=0
PR1HE t_us=34301785 kind=0 logical=11248 seq=11248 ch=35 rssi=0
PR1HE t_us=34304785 kind=0 logical=11249 seq=11249 ch=39 rssi=0
PR1HE t_us=34307785 kind=0 logical=11250 seq=11250 ch=12 rssi=0
PR1HE t_us=34310785 kind=0 logical=11251 seq=11251 ch=24 rssi=0
PR1HE t_us=34313785 kind=0 logical=11252 seq=11252 ch=15 rssi=0
PR1HE t_us=34316785 kind=0 logical=11253 seq=11253 ch=13 rssi=0
PR1HE t_us=34319785 kind=0 logical=11254 seq=11254 ch=21 rssi=0
PR1HE t_us=34322785 kind=0 logical=11255 seq=11255 ch=22 rssi=0
PR1HE t_us=34325785 kind=0 logical=11256 seq=11256 ch=9 rssi=0
PR1HE t_us=34328785 kind=0 logical=11257 seq=11257 ch=37 rssi=0
PR1HE t_us=34331785 kind=0 logical=11258 seq=11258 ch=25 rssi=0
PR1HE t_us=34334785 kind=0 logical=11259 seq=11259 ch=36 rssi=0
PR1HE t_us=34337785 kind=0 logical=11260 seq=11260 ch=5 rssi=0
PR1HE t_us=34340785 kind=0 logical=11261 seq=11261 ch=29 rssi=0
PR1HE t_us=34343785 kind=0 logical=11262 seq=11262 ch=31 rssi=0
PR1HE t_us=34346785 kind=0 logical=11263 seq=11263 ch=34 rssi=0
PR1HE t_us=34349785 kind=0 logical=11264 seq=11264 ch=17 rssi=0
PR1HE t_us=34352785 kind=0 logical=11265 seq=11265 ch=23 rssi=0
PR1HE t_us=34355785 kind=0 logical=11266 seq=11266 ch=38 rssi=0
PR1HE t_us=34358785 kind=0 logical=11267 seq=11267 ch=2 rssi=0
PR1HE t_us=34361785 kind=0 logical=11268 seq=11268 ch=10 rssi=0
PR1HE t_us=34364785 kind=0 logical=11269 seq=11269 ch=27 rssi=0
PR1HE t_us=34367785 kind=0 logical=11270 seq=11270 ch=20 rssi=0
PR1HE t_us=34370785 kind=0 logical=11271 seq=11271 ch=28 rssi=0
PR1HE t_us=34373785 kind=0 logical=11272 seq=11272 ch=0 rssi=0
PR1HE t_us=34376785 kind=0 logical=11273 seq=11273 ch=11 rssi=0
PR1HE t_us=34379785 kind=0 logical=11274 seq=11274 ch=32 rssi=0
PR1HE t_us=34382785 kind=0 logical=11275 seq=11275 ch=8 rssi=0
PR1HE t_us=34385785 kind=0 logical=11276 seq=11276 ch=3 rssi=0
PR1HE t_us=34388785 kind=0 logical=11277 seq=11277 ch=16 rssi=0
PR1HE t_us=34391785 kind=0 logical=11278 seq=11278 ch=4 rssi=0
PR1HE t_us=34394785 kind=0 logical=11279 seq=11279 ch=33 rssi=0
PR1HE t_us=34397785 kind=0 logical=11280 seq=11280 ch=13 rssi=0
PR1HE t_us=34400786 kind=0 logical=11281 seq=11281 ch=36 rssi=0
PR1HA_BEGIN total=0 kept=0
PR1HE_END
