ESP-ROM:esp32s3-20210327
Build:Mar 27 2021
rst:0x15 (USB_UART_CHIP_RESET),boot:0x38 (SPI_FAST_FLASH_BOOT)
Saved PC:0x42029d96
SPIWP:0xee
mode:DIO, clock div:1
load:0x3fce3808,len:0x44c
load:0x403c9700,len:0xbd8
load:0x403cc700,len:0x2a80
entry 0x403c98d0
PR1_RUNTIME_BOOT
runtime_profile=phase1-fixed-flrc-tx
runtime_role=tx
board_family=LILYGO T3-S3-MVSRBoard
board_reference_revision=V1.1 upstream reference
radio_target=SX1280
upstream_reference_commit=840a2e788b3192c4e9bddf0640c1ecaf703c2598
hardware_verified=0
protocol_version=1
protocol_header_bytes=16
rf_enabled=1
sx1280_spi_hz=2000000
sx1280_cs=7
sx1280_rst=8
sx1280_sclk=5
sx1280_mosi=6
sx1280_miso=3
sx1280_dio1=9
sx1280_busy=36
sx1280_tx_enable=10
sx1280_rx_enable=21
PR1_FIXED_FLRC_PROFILE
frequency_mhz=2404.000
bitrate_kbps=1300
coding_rate=3
output_dbm=0
tx_gap_us=150
packet_bytes=116
adaptive_layers=channel_map
afh_enabled=1
afh_session_id=1
afh_session_seed=0x5052314441525431
afh_map_version=1
afh_active_channels=40
afh_resync_after_misses=8
afh_rendezvous_first=20
adaptive_map=1
map_lead_frames=600
map_guard_frames=100
quality_cfg=fast_shift:2,slow_shift:5,suspect_q15:30000,exclude_q15:27853,recover_q15:30720,suspect_losses:2,exclude_losses:4,recover_successes:3,probe_ms:200-3200,min_active:12
afh_schedule_fp=18,21,5,3,0,6,29,20,36,25,9,24,14,28,37,17,30,10,32,26,31,7,22,35,16,1,2,12,39,13,15,11,38,19,33,23,34,4,27,8,16,19,10,17,24,21,5,14
PR1_RUNTIME_LIVE_READY
PR1T v=1 t_us=34888663 field=device_state value=2
PR1T v=1 t_us=34888663 field=scheduler_misses value=1
PR1T v=1 t_us=34888663 field=trace_overwrites value=34373
PR1T v=1 t_us=34888663 field=capability_mask value=12
PR1H t_us=35876425 session_id=1 map_version=15 locked=0 channel=13 logical=11832 retunes=11832 retune_failures=0 standby_failures=0 timeout_advances=0 resync_entries=0 locks=0 agree=0 disagree=0 period_est_us=0 max_consecutive_timeouts=0 retune_us_p99=72 retune_us_max=115 hop_compute_us_p99=29 hop_compute_us_max=128
PR1HQ acq_anchors=0 acq_crc=0 acq_frames=0 acq_done_us=0
PR1HC ok=94,629,627,634,373,161,250,623,77,631,632,332,118,629,183,631,115,58,183,161,289,136,159,631,632,42,218,632,41,57,184,40,95,327,41,116,25,627,184,215 crc=0,0,0,0,0,0,0,0,0,0,0,0,0,0,0,0,0,0,0,0,0,0,0,0,0,0,0,0,0,0,0,0,0,0,0,0,0,0,0,0
PR1QS map_version=15 active=12 bits=200980a68e pending=0 pending_v=15 pending_act=8778 min_active_seen=12 proposals=0 commits=23 commit_late=0 expired=0 activations=14 tx_rejects=0 outcomes_dropped=0 events=37 emit_dropped=0 activation_count=14 ctrl_us_p99=265 ctrl_us_max=265
PR1QA v=2 activation=978 applied_at=978
PR1QA v=3 activation=1578 applied_at=1578
PR1QA v=4 activation=2178 applied_at=2178
PR1QA v=5 activation=2778 applied_at=2778
PR1QA v=6 activation=3378 applied_at=3378
PR1QA v=7 activation=3978 applied_at=3978
PR1QA v=8 activation=4578 applied_at=4578
PR1QA v=9 activation=5178 applied_at=5178
PR1QA v=10 activation=5778 applied_at=5778
PR1QA v=11 activation=6378 applied_at=6378
PR1QA v=12 activation=6978 applied_at=6978
PR1QA v=13 activation=7578 applied_at=7578
PR1QA v=14 activation=8178 applied_at=8178
PR1QA v=15 activation=8778 applied_at=8778
PR1QC ch=0 mhz=2404 state=0 fast_q15=32767 slow_q15=32767 ok=0 crc=0 timeout=0 probe_ok=0 probe_fail=0 suspects=0 exclusions=0 reinclusions=0 last_excl_ms=0
PR1QC ch=1 mhz=2406 state=0 fast_q15=32767 slow_q15=32767 ok=0 crc=0 timeout=0 probe_ok=0 probe_fail=0 suspects=0 exclusions=0 reinclusions=0 last_excl_ms=0
PR1QC ch=2 mhz=2408 state=0 fast_q15=32767 slow_q15=32767 ok=0 crc=0 timeout=0 probe_ok=0 probe_fail=0 suspects=0 exclusions=0 reinclusions=0 last_excl_ms=0
PR1QC ch=3 mhz=2410 state=0 fast_q15=32767 slow_q15=32767 ok=0 crc=0 timeout=0 probe_ok=0 probe_fail=0 suspects=0 exclusions=0 reinclusions=0 last_excl_ms=0
PR1QC ch=4 mhz=2412 state=0 fast_q15=32767 slow_q15=32767 ok=0 crc=0 timeout=0 probe_ok=0 probe_fail=0 suspects=0 exclusions=0 reinclusions=0 last_excl_ms=0
PR1QC ch=5 mhz=2414 state=0 fast_q15=32767 slow_q15=32767 ok=0 crc=0 timeout=0 probe_ok=0 probe_fail=0 suspects=0 exclusions=0 reinclusions=0 last_excl_ms=0
PR1QC ch=6 mhz=2416 state=0 fast_q15=32767 slow_q15=32767 ok=0 crc=0 timeout=0 probe_ok=0 probe_fail=0 suspects=0 exclusions=0 reinclusions=0 last_excl_ms=0
PR1QC ch=7 mhz=2418 state=0 fast_q15=32767 slow_q15=32767 ok=0 crc=0 timeout=0 probe_ok=0 probe_fail=0 suspects=0 exclusions=0 reinclusions=0 last_excl_ms=0
PR1QC ch=8 mhz=2420 state=0 fast_q15=32767 slow_q15=32767 ok=0 crc=0 timeout=0 probe_ok=0 probe_fail=0 suspects=0 exclusions=0 reinclusions=0 last_excl_ms=0
PR1QC ch=9 mhz=2422 state=0 fast_q15=32767 slow_q15=32767 ok=0 crc=0 timeout=0 probe_ok=0 probe_fail=0 suspects=0 exclusions=0 reinclusions=0 last_excl_ms=0
PR1QC ch=10 mhz=2424 state=0 fast_q15=32767 slow_q15=32767 ok=0 crc=0 timeout=0 probe_ok=0 probe_fail=0 suspects=0 exclusions=0 reinclusions=0 last_excl_ms=0
PR1QC ch=11 mhz=2426 state=0 fast_q15=32767 slow_q15=32767 ok=0 crc=0 timeout=0 probe_ok=0 probe_fail=0 suspects=0 exclusions=0 reinclusions=0 last_excl_ms=0
PR1QC ch=12 mhz=2428 state=0 fast_q15=32767 slow_q15=32767 ok=0 crc=0 timeout=0 probe_ok=0 probe_fail=0 suspects=0 exclusions=0 reinclusions=0 last_excl_ms=0
PR1QC ch=13 mhz=2430 state=0 fast_q15=32767 slow_q15=32767 ok=0 crc=0 timeout=0 probe_ok=0 probe_fail=0 suspects=0 exclusions=0 reinclusions=0 last_excl_ms=0
PR1QC ch=14 mhz=2432 state=0 fast_q15=32767 slow_q15=32767 ok=0 crc=0 timeout=0 probe_ok=0 probe_fail=0 suspects=0 exclusions=0 reinclusions=0 last_excl_ms=0
PR1QC ch=15 mhz=2434 state=0 fast_q15=32767 slow_q15=32767 ok=0 crc=0 timeout=0 probe_ok=0 probe_fail=0 suspects=0 exclusions=0 reinclusions=0 last_excl_ms=0
PR1QC ch=16 mhz=2436 state=0 fast_q15=32767 slow_q15=32767 ok=0 crc=0 timeout=0 probe_ok=0 probe_fail=0 suspects=0 exclusions=0 reinclusions=0 last_excl_ms=0
PR1QC ch=17 mhz=2438 state=0 fast_q15=32767 slow_q15=32767 ok=0 crc=0 timeout=0 probe_ok=0 probe_fail=0 suspects=0 exclusions=0 reinclusions=0 last_excl_ms=0
PR1QC ch=18 mhz=2440 state=0 fast_q15=32767 slow_q15=32767 ok=0 crc=0 timeout=0 probe_ok=0 probe_fail=0 suspects=0 exclusions=0 reinclusions=0 last_excl_ms=0
PR1QC ch=19 mhz=2442 state=0 fast_q15=32767 slow_q15=32767 ok=0 crc=0 timeout=0 probe_ok=0 probe_fail=0 suspects=0 exclusions=0 reinclusions=0 last_excl_ms=0
PR1QC ch=20 mhz=2444 state=0 fast_q15=32767 slow_q15=32767 ok=0 crc=0 timeout=0 probe_ok=0 probe_fail=0 suspects=0 exclusions=0 reinclusions=0 last_excl_ms=0
PR1QC ch=21 mhz=2446 state=0 fast_q15=32767 slow_q15=32767 ok=0 crc=0 timeout=0 probe_ok=0 probe_fail=0 suspects=0 exclusions=0 reinclusions=0 last_excl_ms=0
PR1QC ch=22 mhz=2448 state=0 fast_q15=32767 slow_q15=32767 ok=0 crc=0 timeout=0 probe_ok=0 probe_fail=0 suspects=0 exclusions=0 reinclusions=0 last_excl_ms=0
PR1QC ch=23 mhz=2450 state=0 fast_q15=32767 slow_q15=32767 ok=0 crc=0 timeout=0 probe_ok=0 probe_fail=0 suspects=0 exclusions=0 reinclusions=0 last_excl_ms=0
PR1QC ch=24 mhz=2452 state=0 fast_q15=32767 slow_q15=32767 ok=0 crc=0 timeout=0 probe_ok=0 probe_fail=0 suspects=0 exclusions=0 reinclusions=0 last_excl_ms=0
PR1QC ch=25 mhz=2454 state=0 fast_q15=32767 slow_q15=32767 ok=0 crc=0 timeout=0 probe_ok=0 probe_fail=0 suspects=0 exclusions=0 reinclusions=0 last_excl_ms=0
PR1QC ch=26 mhz=2456 state=0 fast_q15=32767 slow_q15=32767 ok=0 crc=0 timeout=0 probe_ok=0 probe_fail=0 suspects=0 exclusions=0 reinclusions=0 last_excl_ms=0
PR1QC ch=27 mhz=2458 state=0 fast_q15=32767 slow_q15=32767 ok=0 crc=0 timeout=0 probe_ok=0 probe_fail=0 suspects=0 exclusions=0 reinclusions=0 last_excl_ms=0
PR1QC ch=28 mhz=2460 state=0 fast_q15=32767 slow_q15=32767 ok=0 crc=0 timeout=0 probe_ok=0 probe_fail=0 suspects=0 exclusions=0 reinclusions=0 last_excl_ms=0
PR1QC ch=29 mhz=2462 state=0 fast_q15=32767 slow_q15=32767 ok=0 crc=0 timeout=0 probe_ok=0 probe_fail=0 suspects=0 exclusions=0 reinclusions=0 last_excl_ms=0
PR1QC ch=30 mhz=2464 state=0 fast_q15=32767 slow_q15=32767 ok=0 crc=0 timeout=0 probe_ok=0 probe_fail=0 suspects=0 exclusions=0 reinclusions=0 last_excl_ms=0
PR1QC ch=31 mhz=2466 state=0 fast_q15=32767 slow_q15=32767 ok=0 crc=0 timeout=0 probe_ok=0 probe_fail=0 suspects=0 exclusions=0 reinclusions=0 last_excl_ms=0
PR1QC ch=32 mhz=2468 state=0 fast_q15=32767 slow_q15=32767 ok=0 crc=0 timeout=0 probe_ok=0 probe_fail=0 suspects=0 exclusions=0 reinclusions=0 last_excl_ms=0
PR1QC ch=33 mhz=2470 state=0 fast_q15=32767 slow_q15=32767 ok=0 crc=0 timeout=0 probe_ok=0 probe_fail=0 suspects=0 exclusions=0 reinclusions=0 last_excl_ms=0
PR1QC ch=34 mhz=2472 state=0 fast_q15=32767 slow_q15=32767 ok=0 crc=0 timeout=0 probe_ok=0 probe_fail=0 suspects=0 exclusions=0 reinclusions=0 last_excl_ms=0
PR1QC ch=35 mhz=2474 state=0 fast_q15=32767 slow_q15=32767 ok=0 crc=0 timeout=0 probe_ok=0 probe_fail=0 suspects=0 exclusions=0 reinclusions=0 last_excl_ms=0
PR1QC ch=36 mhz=2476 state=0 fast_q15=32767 slow_q15=32767 ok=0 crc=0 timeout=0 probe_ok=0 probe_fail=0 suspects=0 exclusions=0 reinclusions=0 last_excl_ms=0
PR1QC ch=37 mhz=2478 state=0 fast_q15=32767 slow_q15=32767 ok=0 crc=0 timeout=0 probe_ok=0 probe_fail=0 suspects=0 exclusions=0 reinclusions=0 last_excl_ms=0
PR1QC ch=38 mhz=2480 state=0 fast_q15=32767 slow_q15=32767 ok=0 crc=0 timeout=0 probe_ok=0 probe_fail=0 suspects=0 exclusions=0 reinclusions=0 last_excl_ms=0
PR1QC ch=39 mhz=2482 state=0 fast_q15=32767 slow_q15=32767 ok=0 crc=0 timeout=0 probe_ok=0 probe_fail=0 suspects=0 exclusions=0 reinclusions=0 last_excl_ms=0
PR1QE t_ms=1766 kind=5 logical=390 target=978 id=1 v=2 ch=0 value=1 bits=efffffffff
PR1QE t_ms=3528 kind=4 logical=978 target=978 id=0 v=2 ch=0 value=39 bits=efffffffff
PR1QE t_ms=3573 kind=5 logical=993 target=1578 id=2 v=3 ch=0 value=1 bits=eb6dffffff
PR1QE t_ms=5323 kind=4 logical=1578 target=1578 id=0 v=3 ch=0 value=35 bits=eb6dffffff
PR1QE t_ms=5350 kind=5 logical=1587 target=2178 id=3 v=4 ch=0 value=1 bits=eb4dfdffff
PR1QE t_ms=7115 kind=4 logical=2178 target=2178 id=0 v=4 ch=0 value=33 bits=eb4dfdffff
PR1QE t_ms=7145 kind=5 logical=2188 target=2778 id=4 v=5 ch=0 value=1 bits=eb4dfdfeff
PR1QE t_ms=8907 kind=4 logical=2778 target=2778 id=0 v=5 ch=0 value=32 bits=eb4dfdfeff
PR1QE t_ms=8940 kind=5 logical=2789 target=3378 id=5 v=6 ch=0 value=1 bits=ea4dfdfefe
PR1QE t_ms=10699 kind=4 logical=3378 target=3378 id=0 v=6 ch=0 value=30 bits=ea4dfdfefe
PR1QE t_ms=10723 kind=5 logical=3386 target=3978 id=6 v=7 ch=0 value=1 bits=e24dfceefe
PR1QE t_ms=12491 kind=4 logical=3978 target=3978 id=0 v=7 ch=0 value=27 bits=e24dfceefe
PR1QE t_ms=12515 kind=5 logical=3986 target=4578 id=7 v=8 ch=0 value=1 bits=e24ddceefe
PR1QE t_ms=14281 kind=4 logical=4578 target=4578 id=0 v=8 ch=0 value=26 bits=e24ddceefe
PR1QE t_ms=14307 kind=5 logical=4587 target=5178 id=8 v=9 ch=0 value=1 bits=e24d94eede
PR1QE t_ms=16070 kind=4 logical=5178 target=5178 id=0 v=9 ch=0 value=23 bits=e24d94eede
PR1QE t_ms=16097 kind=5 logical=5187 target=5778 id=9 v=10 ch=0 value=1 bits=a20d90aede
PR1QE t_ms=17859 kind=4 logical=5778 target=5778 id=0 v=10 ch=0 value=19 bits=a20d90aede
PR1QE t_ms=17892 kind=5 logical=5789 target=6378 id=10 v=11 ch=0 value=1 bits=220990aede
PR1QE t_ms=19646 kind=4 logical=6378 target=6378 id=0 v=11 ch=0 value=17 bits=220990aede
PR1QE t_ms=19673 kind=5 logical=6387 target=6978 id=11 v=12 ch=0 value=1 bits=220990ae9e
PR1QE t_ms=21433 kind=4 logical=6978 target=6978 id=0 v=12 ch=0 value=16 bits=220990ae9e
PR1QE t_ms=21460 kind=5 logical=6987 target=7578 id=12 v=13 ch=0 value=1 bits=220980ae9e
PR1QE t_ms=23219 kind=4 logical=7578 target=7578 id=0 v=13 ch=0 value=15 bits=220980ae9e
PR1QE t_ms=23243 kind=5 logical=7586 target=8178 id=13 v=14 ch=0 value=1 bits=200980a69e
PR1QE t_ms=25005 kind=4 logical=8178 target=8178 id=0 v=14 ch=0 value=13 bits=200980a69e
PR1QE t_ms=25038 kind=5 logical=8189 target=8778 id=14 v=15 ch=0 value=1 bits=200980a68e
PR1QE t_ms=26790 kind=4 logical=8778 target=8778 id=0 v=15 ch=0 value=12 bits=200980a68e
PR1QE t_ms=26820 kind=5 logical=8788 target=9078 id=15 v=15 ch=8 value=2 bits=0000000000
PR1QE t_ms=27698 kind=5 logical=9083 target=9379 id=16 v=15 ch=25 value=2 bits=0000000000
PR1QE t_ms=28611 kind=5 logical=9390 target=9680 id=17 v=15 ch=0 value=2 bits=0000000000
PR1QE t_ms=29495 kind=5 logical=9687 target=9981 id=18 v=15 ch=36 value=2 bits=0000000000
PR1QE t_ms=30396 kind=5 logical=9990 target=10282 id=19 v=15 ch=28 value=2 bits=0000000000
PR1QE t_ms=31294 kind=5 logical=10292 target=10583 id=20 v=15 ch=31 value=2 bits=0000000000
PR1QE t_ms=32190 kind=5 logical=10593 target=10884 id=21 v=15 ch=34 value=2 bits=0000000000
PR1QE t_ms=33071 kind=5 logical=10889 target=11185 id=22 v=15 ch=17 value=2 bits=0000000000
PR1QE t_ms=33975 kind=5 logical=11193 target=11486 id=23 v=15 ch=12 value=2 bits=0000000000
PR1QE_END
PR1HE_BEGIN total=12189 count=256
PR1HE t_us=36194727 kind=0 logical=11933 seq=11933 ch=9 rssi=0
PR1HE t_us=36197698 kind=0 logical=11934 seq=11934 ch=2 rssi=0
PR1HE t_us=36200667 kind=0 logical=11935 seq=11935 ch=23 rssi=0
PR1HE t_us=36203644 kind=0 logical=11936 seq=11936 ch=3 rssi=0
PR1HE t_us=36206621 kind=0 logical=11937 seq=11937 ch=7 rssi=0
PR1HE t_us=36209596 kind=0 logical=11938 seq=11938 ch=27 rssi=0
PR1HE t_us=36212570 kind=0 logical=11939 seq=11939 ch=1 rssi=0
PR1HE t_us=36215546 kind=0 logical=11940 seq=11940 ch=7 rssi=0
PR1HE t_us=36218525 kind=0 logical=11941 seq=11941 ch=15 rssi=0
PR1HE t_us=36221506 kind=0 logical=11942 seq=11942 ch=10 rssi=0
PR1HE t_us=36224489 kind=0 logical=11943 seq=11943 ch=9 rssi=0
PR1HE t_us=36227463 kind=0 logical=11944 seq=11944 ch=37 rssi=0
PR1HE t_us=36230433 kind=0 logical=11945 seq=11945 ch=27 rssi=0
PR1HE t_us=36233413 kind=0 logical=11946 seq=11946 ch=1 rssi=0
PR1HE t_us=36236395 kind=0 logical=11947 seq=11947 ch=23 rssi=0
PR1HE t_us=36239377 kind=0 logical=11948 seq=11948 ch=24 rssi=0
PR1HE t_us=36242350 kind=0 logical=11949 seq=11949 ch=2 rssi=0
PR1HE t_us=36245325 kind=0 logical=11950 seq=11950 ch=3 rssi=0
PR1HE t_us=36248299 kind=0 logical=11951 seq=11951 ch=13 rssi=0
PR1HE t_us=36251274 kind=0 logical=11952 seq=11952 ch=24 rssi=0
PR1HE t_us=36254246 kind=0 logical=11953 seq=11953 ch=1 rssi=0
PR1HE t_us=36257224 kind=0 logical=11954 seq=11954 ch=7 rssi=0
PR1HE t_us=36260199 kind=0 logical=11955 seq=11955 ch=13 rssi=0
PR1HE t_us=36263169 kind=0 logical=11956 seq=11956 ch=37 rssi=0
PR1HE t_us=36266139 kind=0 logical=11957 seq=11957 ch=10 rssi=0
PR1HE t_us=36269109 kind=0 logical=11958 seq=11958 ch=27 rssi=0
PR1HE t_us=36272087 kind=0 logical=11959 seq=11959 ch=2 rssi=0
PR1HE t_us=36275061 kind=0 logical=11960 seq=11960 ch=9 rssi=0
PR1HE t_us=36278031 kind=0 logical=11961 seq=11961 ch=3 rssi=0
PR1HE t_us=36281002 kind=0 logical=11962 seq=11962 ch=23 rssi=0
PR1HE t_us=36283978 kind=0 logical=11963 seq=11963 ch=15 rssi=0
PR1HE t_us=36286955 kind=0 logical=11964 seq=11964 ch=37 rssi=0
PR1HE t_us=36289932 kind=0 logical=11965 seq=11965 ch=7 rssi=0
PR1HE t_us=36292912 kind=0 logical=11966 seq=11966 ch=3 rssi=0
PR1HE t_us=36295893 kind=0 logical=11967 seq=11967 ch=23 rssi=0
PR1HE t_us=36298873 kind=0 logical=11968 seq=11968 ch=10 rssi=0
PR1HE t_us=36301846 kind=0 logical=11969 seq=11969 ch=9 rssi=0
PR1HE t_us=36304818 kind=0 logical=11970 seq=11970 ch=1 rssi=0
PR1HE t_us=36307784 kind=0 logical=11971 seq=11971 ch=27 rssi=0
PR1HE t_us=36310756 kind=0 logical=11972 seq=11972 ch=24 rssi=0
PR1HE t_us=36313727 kind=0 logical=11973 seq=11973 ch=2 rssi=0
PR1HE t_us=36316692 kind=0 logical=11974 seq=11974 ch=13 rssi=0
PR1HE t_us=36319664 kind=0 logical=11975 seq=11975 ch=15 rssi=0
PR1HE t_us=36322638 kind=0 logical=11976 seq=11976 ch=24 rssi=0
PR1HE t_us=36325615 kind=0 logical=11977 seq=11977 ch=2 rssi=0
PR1HE t_us=36328592 kind=0 logical=11978 seq=11978 ch=3 rssi=0
PR1HE t_us=36331570 kind=0 logical=11979 seq=11979 ch=9 rssi=0
PR1HE t_us=36334552 kind=0 logical=11980 seq=11980 ch=37 rssi=0
PR1HE t_us=36337529 kind=0 logical=11981 seq=11981 ch=13 rssi=0
PR1HE t_us=36340512 kind=0 logical=11982 seq=11982 ch=27 rssi=0
PR1HE t_us=36343489 kind=0 logical=11983 seq=11983 ch=15 rssi=0
PR1HE t_us=36346463 kind=0 logical=11984 seq=11984 ch=10 rssi=0
PR1HE t_us=36349433 kind=0 logical=11985 seq=11985 ch=7 rssi=0
PR1HE t_us=36352419 kind=0 logical=11986 seq=11986 ch=1 rssi=0
PR1HE t_us=36355395 kind=0 logical=11987 seq=11987 ch=23 rssi=0
PR1HE t_us=36358377 kind=0 logical=11988 seq=11988 ch=2 rssi=0
PR1HE t_us=36361350 kind=0 logical=11989 seq=11989 ch=27 rssi=0
PR1HE t_us=36364325 kind=0 logical=11990 seq=11990 ch=9 rssi=0
PR1HE t_us=36367299 kind=0 logical=11991 seq=11991 ch=24 rssi=0
PR1HE t_us=36370274 kind=0 logical=11992 seq=11992 ch=37 rssi=0
PR1HE t_us=36373246 kind=0 logical=11993 seq=11993 ch=7 rssi=0
PR1HE t_us=36376224 kind=0 logical=11994 seq=11994 ch=15 rssi=0
PR1HE t_us=36379199 kind=0 logical=11995 seq=11995 ch=23 rssi=0
PR1HE t_us=36382169 kind=0 logical=11996 seq=11996 ch=10 rssi=0
PR1HE t_us=36385139 kind=0 logical=11997 seq=11997 ch=13 rssi=0
PR1HE t_us=36388109 kind=0 logical=11998 seq=11998 ch=1 rssi=0
PR1HE t_us=36391087 kind=0 logical=11999 seq=11999 ch=3 rssi=0
PR1HE t_us=36394061 kind=0 logical=12000 seq=12000 ch=27 rssi=0
PR1HE t_us=36397033 kind=0 logical=12001 seq=12001 ch=23 rssi=0
PR1HE t_us=36400002 kind=0 logical=12002 seq=12002 ch=1 rssi=0
PR1HE t_us=36402979 kind=0 logical=12003 seq=12003 ch=7 rssi=0
PR1HE t_us=36405955 kind=0 logical=12004 seq=12004 ch=10 rssi=0
PR1HE t_us=36408932 kind=0 logical=12005 seq=12005 ch=3 rssi=0
PR1HE t_us=36411912 kind=0 logical=12006 seq=12006 ch=13 rssi=0
PR1HE t_us=36414893 kind=0 logical=12007 seq=12007 ch=24 rssi=0
PR1HE t_us=36417873 kind=0 logical=12008 seq=12008 ch=15 rssi=0
PR1HE t_us=36420846 kind=0 logical=12009 seq=12009 ch=2 rssi=0
PR1HE t_us=36423818 kind=0 logical=12010 seq=12010 ch=9 rssi=0
PR1HE t_us=36426784 kind=0 logical=12011 seq=12011 ch=37 rssi=0
PR1HE t_us=36429756 kind=0 logical=12012 seq=12012 ch=23 rssi=0
PR1HE t_us=36432727 kind=0 logical=12013 seq=12013 ch=1 rssi=0
PR1HE t_us=36435692 kind=0 logical=12014 seq=12014 ch=15 rssi=0
PR1HE t_us=36438664 kind=0 logical=12015 seq=12015 ch=3 rssi=0
PR1HE t_us=36441638 kind=0 logical=12016 seq=12016 ch=27 rssi=0
PR1HE t_us=36444615 kind=0 logical=12017 seq=12017 ch=13 rssi=0
PR1HE t_us=36447592 kind=0 logical=12018 seq=12018 ch=9 rssi=0
PR1HE t_us=36450570 kind=0 logical=12019 seq=12019 ch=7 rssi=0
PR1HE t_us=36453552 kind=0 logical=12020 seq=12020 ch=24 rssi=0
PR1HE t_us=36456529 kind=0 logical=12021 seq=12021 ch=2 rssi=0
PR1HE t_us=36459512 kind=0 logical=12022 seq=12022 ch=37 rssi=0
PR1HE t_us=36462489 kind=0 logical=12023 seq=12023 ch=10 rssi=0
PR1HE t_us=36465463 kind=0 logical=12024 seq=12024 ch=1 rssi=0
PR1HE t_us=36468439 kind=0 logical=12025 seq=12025 ch=3 rssi=0
PR1HE t_us=36471417 kind=0 logical=12026 seq=12026 ch=9 rssi=0
PR1HE t_us=36474395 kind=0 logical=12027 seq=12027 ch=37 rssi=0
PR1HE t_us=36477377 kind=0 logical=12028 seq=12028 ch=13 rssi=0
PR1HE t_us=36480350 kind=0 logical=12029 seq=12029 ch=7 rssi=0
PR1HE t_us=36483325 kind=0 logical=12030 seq=12030 ch=15 rssi=0
PR1HE t_us=36486299 kind=0 logical=12031 seq=12031 ch=2 rssi=0
PR1HE t_us=36489274 kind=0 logical=12032 seq=12032 ch=24 rssi=0
PR1HE t_us=36492246 kind=0 logical=12033 seq=12033 ch=10 rssi=0
PR1HE t_us=36495224 kind=0 logical=12034 seq=12034 ch=23 rssi=0
PR1HE t_us=36498199 kind=0 logical=12035 seq=12035 ch=27 rssi=0
PR1HE t_us=36501169 kind=0 logical=12036 seq=12036 ch=3 rssi=0
PR1HE t_us=36504139 kind=0 logical=12037 seq=12037 ch=2 rssi=0
PR1HE t_us=36507109 kind=0 logical=12038 seq=12038 ch=1 rssi=0
PR1HE t_us=36510078 kind=0 logical=12039 seq=12039 ch=13 rssi=0
PR1HE t_us=36513051 kind=0 logical=12040 seq=12040 ch=27 rssi=0
PR1HE t_us=36516021 kind=0 logical=12041 seq=12041 ch=24 rssi=0
PR1HE t_us=36518991 kind=0 logical=12042 seq=12042 ch=23 rssi=0
PR1HE t_us=36521973 kind=0 logical=12043 seq=12043 ch=10 rssi=0
PR1HE t_us=36524942 kind=0 logical=12044 seq=12044 ch=37 rssi=0
PR1HE t_us=36527920 kind=0 logical=12045 seq=12045 ch=9 rssi=0
PR1HE t_us=36530897 kind=0 logical=12046 seq=12046 ch=15 rssi=0
PR1HE t_us=36533875 kind=0 logical=12047 seq=12047 ch=7 rssi=0
PR1HE t_us=36536846 kind=0 logical=12048 seq=12048 ch=15 rssi=0
PR1HE t_us=36539818 kind=0 logical=12049 seq=12049 ch=7 rssi=0
PR1HE t_us=36542784 kind=0 logical=12050 seq=12050 ch=13 rssi=0
PR1HE t_us=36545756 kind=0 logical=12051 seq=12051 ch=27 rssi=0
PR1HE t_us=36548727 kind=0 logical=12052 seq=12052 ch=9 rssi=0
PR1HE t_us=36551698 kind=0 logical=12053 seq=12053 ch=3 rssi=0
PR1HE t_us=36554669 kind=0 logical=12054 seq=12054 ch=37 rssi=0
PR1HE t_us=36557644 kind=0 logical=12055 seq=12055 ch=10 rssi=0
PR1HE t_us=36560621 kind=0 logical=12056 seq=12056 ch=23 rssi=0
PR1HE t_us=36563597 kind=0 logical=12057 seq=12057 ch=2 rssi=0
PR1HE t_us=36566574 kind=0 logical=12058 seq=12058 ch=24 rssi=0
PR1HE t_us=36569546 kind=0 logical=12059 seq=12059 ch=1 rssi=0
PR1HE t_us=36572525 kind=0 logical=12060 seq=12060 ch=15 rssi=0
PR1HE t_us=36575506 kind=0 logical=12061 seq=12061 ch=7 rssi=0
PR1HE t_us=36578489 kind=0 logical=12062 seq=12062 ch=10 rssi=0
PR1HE t_us=36581463 kind=0 logical=12063 seq=12063 ch=9 rssi=0
PR1HE t_us=36584433 kind=0 logical=12064 seq=12064 ch=24 rssi=0
PR1HE t_us=36587413 kind=0 logical=12065 seq=12065 ch=37 rssi=0
PR1HE t_us=36590395 kind=0 logical=12066 seq=12066 ch=1 rssi=0
PR1HE t_us=36593377 kind=0 logical=12067 seq=12067 ch=3 rssi=0
PR1HE t_us=36596350 kind=0 logical=12068 seq=12068 ch=2 rssi=0
PR1HE t_us=36599325 kind=0 logical=12069 seq=12069 ch=27 rssi=0
PR1HE t_us=36602299 kind=0 logical=12070 seq=12070 ch=23 rssi=0
PR1HE t_us=36605274 kind=0 logical=12071 seq=12071 ch=13 rssi=0
PR1HE t_us=36608246 kind=0 logical=12072 seq=12072 ch=7 rssi=0
PR1HE t_us=36611224 kind=0 logical=12073 seq=12073 ch=24 rssi=0
PR1HE t_us=36614199 kind=0 logical=12074 seq=12074 ch=37 rssi=0
PR1HE t_us=36617167 kind=0 logical=12075 seq=12075 ch=9 rssi=0
PR1HE t_us=36620133 kind=0 logical=12076 seq=12076 ch=23 rssi=0
PR1HE t_us=36623103 kind=0 logical=12077 seq=12077 ch=15 rssi=0
PR1HE t_us=36626080 kind=0 logical=12078 seq=12078 ch=13 rssi=0
PR1HE t_us=36629049 kind=0 logical=12079 seq=12079 ch=1 rssi=0
PR1HE t_us=36632021 kind=0 logical=12080 seq=12080 ch=2 rssi=0
PR1HE t_us=36634991 kind=0 logical=12081 seq=12081 ch=27 rssi=0
PR1HE t_us=36637973 kind=0 logical=12082 seq=12082 ch=10 rssi=0
PR1HE t_us=36640942 kind=0 logical=12083 seq=12083 ch=3 rssi=0
PR1HE t_us=36643920 kind=0 logical=12084 seq=12084 ch=2 rssi=0
PR1HE t_us=36646897 kind=0 logical=12085 seq=12085 ch=10 rssi=0
PR1HE t_us=36649875 kind=0 logical=12086 seq=12086 ch=23 rssi=0
PR1HE t_us=36652846 kind=0 logical=12087 seq=12087 ch=7 rssi=0
PR1HE t_us=36655818 kind=0 logical=12088 seq=12088 ch=15 rssi=0
PR1HE t_us=36658784 kind=0 logical=12089 seq=12089 ch=37 rssi=0
PR1HE t_us=36661756 kind=0 logical=12090 seq=12090 ch=24 rssi=0
PR1HE t_us=36664727 kind=0 logical=12091 seq=12091 ch=3 rssi=0
PR1HE t_us=36667692 kind=0 logical=12092 seq=12092 ch=13 rssi=0
PR1HE t_us=36670664 kind=0 logical=12093 seq=12093 ch=27 rssi=0
PR1HE t_us=36673638 kind=0 logical=12094 seq=12094 ch=1 rssi=0
PR1HE t_us=36676615 kind=0 logical=12095 seq=12095 ch=9 rssi=0
PR1HE t_us=36679592 kind=0 logical=12096 seq=12096 ch=10 rssi=0
PR1HE t_us=36682576 kind=0 logical=12097 seq=12097 ch=24 rssi=0
PR1HE t_us=36685555 kind=0 logical=12098 seq=12098 ch=27 rssi=0
PR1HE t_us=36688529 kind=0 logical=12099 seq=12099 ch=3 rssi=0
PR1HE t_us=36691506 kind=0 logical=12100 seq=12100 ch=2 rssi=0
PR1HE t_us=36694487 kind=0 logical=12101 seq=12101 ch=9 rssi=0
PR1HE t_us=36697466 kind=0 logical=12102 seq=12102 ch=15 rssi=0
PR1HE t_us=36700439 kind=0 logical=12103 seq=12103 ch=1 rssi=0
PR1HE t_us=36703418 kind=0 logical=12104 seq=12104 ch=13 rssi=0
PR1HE t_us=36706395 kind=0 logical=12105 seq=12105 ch=23 rssi=0
PR1HE t_us=36709377 kind=0 logical=12106 seq=12106 ch=7 rssi=0
PR1HE t_us=36712350 kind=0 logical=12107 seq=12107 ch=37 rssi=0
PR1HE t_us=36715325 kind=0 logical=12108 seq=12108 ch=15 rssi=0
PR1HE t_us=36718299 kind=0 logical=12109 seq=12109 ch=27 rssi=0
PR1HE t_us=36721274 kind=0 logical=12110 seq=12110 ch=10 rssi=0
PR1HE t_us=36724246 kind=0 logical=12111 seq=12111 ch=23 rssi=0
PR1HE t_us=36727224 kind=0 logical=12112 seq=12112 ch=1 rssi=0
PR1HE t_us=36730199 kind=0 logical=12113 seq=12113 ch=13 rssi=0
PR1HE t_us=36733173 kind=0 logical=12114 seq=12114 ch=24 rssi=0
PR1HE t_us=36736140 kind=0 logical=12115 seq=12115 ch=37 rssi=0
PR1HE t_us=36739117 kind=0 logical=12116 seq=12116 ch=2 rssi=0
PR1HE t_us=36742084 kind=0 logical=12117 seq=12117 ch=7 rssi=0
PR1HE t_us=36745055 kind=0 logical=12118 seq=12118 ch=9 rssi=0
PR1HE t_us=36748027 kind=0 logical=12119 seq=12119 ch=3 rssi=0
PR1HE t_us=36751003 kind=0 logical=12120 seq=12120 ch=9 rssi=0
PR1HE t_us=36753978 kind=0 logical=12121 seq=12121 ch=10 rssi=0
PR1HE t_us=36756955 kind=0 logical=12122 seq=12122 ch=2 rssi=0
PR1HE t_us=36759932 kind=0 logical=12123 seq=12123 ch=13 rssi=0
PR1HE t_us=36762912 kind=0 logical=12124 seq=12124 ch=27 rssi=0
PR1HE t_us=36765893 kind=0 logical=12125 seq=12125 ch=23 rssi=0
PR1HE t_us=36768873 kind=0 logical=12126 seq=12126 ch=3 rssi=0
PR1HE t_us=36771846 kind=0 logical=12127 seq=12127 ch=24 rssi=0
PR1HE t_us=36774818 kind=0 logical=12128 seq=12128 ch=7 rssi=0
PR1HE t_us=36777784 kind=0 logical=12129 seq=12129 ch=1 rssi=0
PR1HE t_us=36780756 kind=0 logical=12130 seq=12130 ch=37 rssi=0
PR1HE t_us=36783727 kind=0 logical=12131 seq=12131 ch=15 rssi=0
PR1HE t_us=36786698 kind=0 logical=12132 seq=12132 ch=10 rssi=0
PR1HE t_us=36789667 kind=0 logical=12133 seq=12133 ch=15 rssi=0
PR1HE t_us=36792644 kind=0 logical=12134 seq=12134 ch=27 rssi=0
PR1HE t_us=36795621 kind=0 logical=12135 seq=12135 ch=7 rssi=0
PR1HE t_us=36798596 kind=0 logical=12136 seq=12136 ch=13 rssi=0
PR1HE t_us=36801576 kind=0 logical=12137 seq=12137 ch=2 rssi=0
PR1HE t_us=36804555 kind=0 logical=12138 seq=12138 ch=37 rssi=0
PR1HE t_us=36807529 kind=0 logical=12139 seq=12139 ch=1 rssi=0
PR1HE t_us=36810512 kind=0 logical=12140 seq=12140 ch=23 rssi=0
PR1HE t_us=36813489 kind=0 logical=12141 seq=12141 ch=24 rssi=0
PR1HE t_us=36816463 kind=0 logical=12142 seq=12142 ch=3 rssi=0
PR1HE t_us=36819433 kind=0 logical=12143 seq=12143 ch=9 rssi=0
PR1HE t_us=36822419 kind=0 logical=12144 seq=12144 ch=3 rssi=0
PR1HE t_us=36825395 kind=0 logical=12145 seq=12145 ch=24 rssi=0
PR1HE t_us=36828377 kind=0 logical=12146 seq=12146 ch=27 rssi=0
PR1HE t_us=36831350 kind=0 logical=12147 seq=12147 ch=23 rssi=0
PR1HE t_us=36834325 kind=0 logical=12148 seq=12148 ch=37 rssi=0
PR1HE t_us=36837299 kind=0 logical=12149 seq=12149 ch=7 rssi=0
PR1HE t_us=36840274 kind=0 logical=12150 seq=12150 ch=2 rssi=0
PR1HE t_us=36843246 kind=0 logical=12151 seq=12151 ch=15 rssi=0
PR1HE t_us=36846224 kind=0 logical=12152 seq=12152 ch=9 rssi=0
PR1HE t_us=36849199 kind=0 logical=12153 seq=12153 ch=1 rssi=0
PR1HE t_us=36852167 kind=0 logical=12154 seq=12154 ch=10 rssi=0
PR1HE t_us=36855133 kind=0 logical=12155 seq=12155 ch=13 rssi=0
PR1HE t_us=36858103 kind=0 logical=12156 seq=12156 ch=37 rssi=0
PR1HE t_us=36861080 kind=0 logical=12157 seq=12157 ch=27 rssi=0
PR1HE t_us=36864049 kind=0 logical=12158 seq=12158 ch=3 rssi=0
PR1HE t_us=36867021 kind=0 logical=12159 seq=12159 ch=24 rssi=0
PR1HE t_us=36869991 kind=0 logical=12160 seq=12160 ch=9 rssi=0
PR1HE t_us=36872973 kind=0 logical=12161 seq=12161 ch=1 rssi=0
PR1HE t_us=36875942 kind=0 logical=12162 seq=12162 ch=23 rssi=0
PR1HE t_us=36878920 kind=0 logical=12163 seq=12163 ch=10 rssi=0
PR1HE t_us=36881899 kind=0 logical=12164 seq=12164 ch=2 rssi=0
PR1HE t_us=36884875 kind=0 logical=12165 seq=12165 ch=13 rssi=0
PR1HE t_us=36887846 kind=0 logical=12166 seq=12166 ch=7 rssi=0
PR1HE t_us=36890818 kind=0 logical=12167 seq=12167 ch=15 rssi=0
PR1HE t_us=36893784 kind=0 logical=12168 seq=12168 ch=13 rssi=0
PR1HE t_us=36896756 kind=0 logical=12169 seq=12169 ch=37 rssi=0
PR1HE t_us=36899727 kind=0 logical=12170 seq=12170 ch=7 rssi=0
PR1HE t_us=36902698 kind=0 logical=12171 seq=12171 ch=15 rssi=0
PR1HE t_us=36905667 kind=0 logical=12172 seq=12172 ch=1 rssi=0
PR1HE t_us=36908644 kind=0 logical=12173 seq=12173 ch=24 rssi=0
PR1HE t_us=36911621 kind=0 logical=12174 seq=12174 ch=9 rssi=0
PR1HE t_us=36914596 kind=0 logical=12175 seq=12175 ch=27 rssi=0
PR1HE t_us=36917570 kind=0 logical=12176 seq=12176 ch=10 rssi=0
PR1HE t_us=36920552 kind=0 logical=12177 seq=12177 ch=3 rssi=0
PR1HE t_us=36923529 kind=0 logical=12178 seq=12178 ch=2 rssi=0
PR1HE t_us=36926512 kind=0 logical=12179 seq=12179 ch=23 rssi=0
PR1HE t_us=36929483 kind=0 logical=12180 seq=12180 ch=13 rssi=0
PR1HE t_us=36932455 kind=0 logical=12181 seq=12181 ch=23 rssi=0
PR1HE t_us=36935433 kind=0 logical=12182 seq=12182 ch=15 rssi=0
PR1HE t_us=36938409 kind=0 logical=12183 seq=12183 ch=37 rssi=0
PR1HE t_us=36941389 kind=0 logical=12184 seq=12184 ch=3 rssi=0
PR1HE t_us=36944373 kind=0 logical=12185 seq=12185 ch=2 rssi=0
PR1HE t_us=36947350 kind=0 logical=12186 seq=12186 ch=1 rssi=0
PR1HE t_us=36950325 kind=0 logical=12187 seq=12187 ch=7 rssi=0
PR1HE t_us=36953302 kind=0 logical=12188 seq=12188 ch=10 rssi=0
PR1HA_BEGIN total=0 kept=0
PR1HE_END
