PR1_RUNTIME_BOOT
runtime_profile=phase1-fixed-flrc-rx
runtime_role=rx
board_family=LILYGO T3-S3-MVSRBoard
board_reference_revision=V1.1 upstream reference
radio_target=SX1280
upstream_reference_commit=840a2e788b3192c4e9bddf0640c1ecaf703c2598
hardware_veriESP-ROM:esp32s3-20210327
Build:Mar 27 2021
rst:0x15 (USB_UART_CHIP_RESET),boot:0x18 (SPI_FAST_FLASH_BOOT)
Saved PC:0x42027eca
SPIWP:0xee
mode:DIO, clock div:1
load:0x3fce3808,len:0x44c
load:0x403c9700,len:0xbd8
load:0x403cc700,len:0x2a80
entry 0x403c98d0
PR1_RUNTIME_BOOT
runtime_profile=phase1-fixed-flrc-rx
runtime_role=rx
board_family=LILYGO T3-S3-MVSRBoard
board_reference_revision=V1.1 upstream reference
radio_target=SX1280
upstream_reference_commit=840a2e788b3192c4e9bddf0640c1ecaf703c2598
hardware_verified=0
protocol_version=1
protocol_header_bytes=16
rf_enabled=1
sx1280_spi_hz=2000000
sx1280_cs=7
sx1280_rst=8
sx1280_sclk=5
sx1280_mosi=6
sx1280_miso=3
sx1280_dio1=9
sx1280_busy=36
sx1280_tx_enable=10
sx1280_rx_enable=21
PR1_FIXED_FLRC_PROFILE
frequency_mhz=2404.000
bitrate_kbps=1300
coding_rate=3
output_dbm=0
tx_gap_us=5000
packet_bytes=116
adaptive_layers=off
afh_enabled=1
afh_session_id=1
afh_session_seed=0x5052314441525431
afh_map_version=1
afh_active_channels=40
afh_resync_after_misses=8
afh_rendezvous_first=20
afh_schedule_fp=18,21,5,3,0,6,29,20,36,25,9,24,14,28,37,17,30,10,32,26,31,7,22,35,16,1,2,12,39,13,15,11,38,19,33,23,34,4,27,8,16,19,10,17,24,21,5,14
PR1_RUNTIME_LIVE_READY
PR1T v=1 t_us=21959655 field=device_state value=2
PR1T v=1 t_us=21959655 field=rssi_dbm value=-40
PR1T v=1 t_us=21959655 field=crc_good value=6776
PR1T v=1 t_us=21959655 field=crc_bad value=4
PR1T v=1 t_us=21959655 field=missing value=14
PR1T v=1 t_us=21959655 field=queue_depth value=0
PR1T v=1 t_us=21959655 field=max_queue_depth value=1
PR1T v=1 t_us=21959655 field=irq_to_spi_us value=6
PR1T v=1 t_us=21959655 field=spi_duration_us value=1254
PR1T v=1 t_us=21959655 field=rx_processing_us value=1255
PR1T v=1 t_us=21959655 field=spi_end_to_rearm_start_us value=242
PR1T v=1 t_us=21959655 field=rx_rearm_us value=424
PR1T v=1 t_us=21959655 field=irq_to_rx_ready_us value=1900
PR1T v=1 t_us=21959655 field=trace_overwrites value=60892
PR1T v=1 t_us=21959655 field=capability_mask value=12
PR1T v=1 t_us=32573168 field=device_state value=2
PR1T v=1 t_us=32573168 field=rssi_dbm value=-40
PR1T v=1 t_us=32573168 field=crc_good value=10141
PR1T v=1 t_us=32573168 field=crc_bad value=9
PR1T v=1 t_us=32573168 field=missing value=26
PR1T v=1 t_us=32573168 field=queue_depth value=0
PR1T v=1 t_us=32573168 field=max_queue_depth value=1
PR1T v=1 t_us=32573168 field=irq_to_spi_us value=6
PR1T v=1 t_us=32573168 field=spi_duration_us value=1257
PR1T v=1 t_us=32573168 field=rx_processing_us value=1258
PR1T v=1 t_us=32573168 field=spi_end_to_rearm_start_us value=244
PR1T v=1 t_us=32573168 field=rx_rearm_us value=422
PR1T v=1 t_us=32573168 field=irq_to_rx_ready_us value=1908
PR1T v=1 t_us=32573168 field=trace_overwrites value=91222
PR1T v=1 t_us=32573168 field=capability_mask value=12
PR1T v=1 t_us=33091753 field=device_state value=2
PR1T v=1 t_us=33091753 field=rssi_dbm value=-42
PR1T v=1 t_us=33091753 field=crc_good value=10305
PR1T v=1 t_us=33091753 field=crc_bad value=9
PR1T v=1 t_us=33091753 field=missing value=27
PR1T v=1 t_us=33091753 field=queue_depth value=0
PR1T v=1 t_us=33091753 field=max_queue_depth value=1
PR1T v=1 t_us=33091753 field=irq_to_spi_us value=9
PR1T v=1 t_us=33091753 field=spi_duration_us value=1256
PR1T v=1 t_us=33091753 field=rx_processing_us value=1258
PR1T v=1 t_us=33091753 field=spi_end_to_rearm_start_us value=244
PR1T v=1 t_us=33091753 field=rx_rearm_us value=416
PR1T v=1 t_us=33091753 field=irq_to_rx_ready_us value=1907
PR1T v=1 t_us=33091753 field=trace_overwrites value=92698
PR1T v=1 t_us=33091753 field=capability_mask value=12
PR1H t_us=33164845 session_id=1 map_version=1 locked=1 channel=19 logical=10601 retunes=10356 retune_failures=0 standby_failures=0 timeout_advances=19 resync_entries=0 locks=1 agree=10327 disagree=0 period_est_us=3147 max_consecutive_timeouts=1 retune_us_p99=71 retune_us_max=73 hop_compute_us_p99=42 hop_compute_us_max=62
PR1HC ok=258,259,259,257,258,258,259,258,258,257,258,259,255,258,259,259,259,259,256,258,259,259,259,258,258,258,259,258,258,259,257,257,258,256,259,259,259,258,259,259 crc=0,0,0,0,0,0,0,0,0,0,0,0,5,1,0,0,0,0,1,0,0,0,0,0,1,0,0,1,0,0,0,0,0,0,0,0,0,0,0,0
PR1HE_BEGIN total=10785 count=256
PR1HE t_us=33708953 kind=2 logical=10774 seq=10774 ch=36 rssi=-49
PR1HE t_us=33712091 kind=2 logical=10775 seq=10775 ch=26 rssi=-45
PR1HE t_us=33715234 kind=2 logical=10776 seq=10776 ch=13 rssi=-38
PR1HE t_us=33718374 kind=2 logical=10777 seq=10777 ch=27 rssi=-44
PR1HE t_us=33721522 kind=2 logical=10778 seq=10778 ch=35 rssi=-49
PR1HE t_us=33724662 kind=2 logical=10779 seq=10779 ch=29 rssi=-46
PR1HE t_us=33727812 kind=2 logical=10780 seq=10780 ch=30 rssi=-47
PR1HE t_us=33730956 kind=2 logical=10781 seq=10781 ch=22 rssi=-43
PR1HE t_us=33734097 kind=2 logical=10782 seq=10782 ch=5 rssi=-39
PR1HE t_us=33737234 kind=2 logical=10783 seq=10783 ch=19 rssi=-42
PR1HE t_us=33740374 kind=2 logical=10784 seq=10784 ch=3 rssi=-38
PR1HE t_us=33743520 kind=2 logical=10785 seq=10785 ch=4 rssi=-37
PR1HE t_us=33746664 kind=2 logical=10786 seq=10786 ch=9 rssi=-40
PR1HE t_us=33749808 kind=2 logical=10787 seq=10787 ch=1 rssi=-40
PR1HE t_us=33752954 kind=2 logical=10788 seq=10788 ch=38 rssi=-53
PR1HE t_us=33756091 kind=2 logical=10789 seq=10789 ch=23 rssi=-44
PR1HE t_us=33759235 kind=2 logical=10790 seq=10790 ch=25 rssi=-45
PR1HE t_us=33762374 kind=2 logical=10791 seq=10791 ch=7 rssi=-39
PR1HE t_us=33765523 kind=2 logical=10792 seq=10792 ch=33 rssi=-47
PR1HE t_us=33768663 kind=2 logical=10793 seq=10793 ch=28 rssi=-45
PR1HE t_us=33771813 kind=2 logical=10794 seq=10794 ch=11 rssi=-40
PR1HE t_us=33774956 kind=2 logical=10795 seq=10795 ch=15 rssi=-40
PR1HE t_us=33778098 kind=2 logical=10796 seq=10796 ch=37 rssi=-51
PR1HE t_us=33781234 kind=2 logical=10797 seq=10797 ch=12 rssi=-39
PR1HE t_us=33784372 kind=2 logical=10798 seq=10798 ch=14 rssi=-40
PR1HE t_us=33787521 kind=2 logical=10799 seq=10799 ch=21 rssi=-43
PR1HE t_us=33790665 kind=2 logical=10800 seq=10800 ch=30 rssi=-47
PR1HE t_us=33793809 kind=2 logical=10801 seq=10801 ch=10 rssi=-40
PR1HE t_us=33796954 kind=2 logical=10802 seq=10802 ch=32 rssi=-47
PR1HE t_us=33800091 kind=2 logical=10803 seq=10803 ch=4 rssi=-37
PR1HE t_us=33803235 kind=2 logical=10804 seq=10804 ch=6 rssi=-40
PR1HE t_us=33806375 kind=2 logical=10805 seq=10805 ch=5 rssi=-37
PR1HE t_us=33809522 kind=2 logical=10806 seq=10806 ch=24 rssi=-44
PR1HE t_us=33812662 kind=2 logical=10807 seq=10807 ch=19 rssi=-42
PR1HE t_us=33815813 kind=2 logical=10808 seq=10808 ch=15 rssi=-41
PR1HE t_us=33818956 kind=2 logical=10809 seq=10809 ch=25 rssi=-44
PR1HE t_us=33822099 kind=2 logical=10810 seq=10810 ch=27 rssi=-45
PR1HE t_us=33825236 kind=2 logical=10811 seq=10811 ch=38 rssi=-52
PR1HE t_us=33828373 kind=2 logical=10812 seq=10812 ch=7 rssi=-37
PR1HE t_us=33831522 kind=2 logical=10813 seq=10813 ch=39 rssi=-53
PR1HE t_us=33834665 kind=2 logical=10814 seq=10814 ch=21 rssi=-43
PR1HE t_us=33837810 kind=2 logical=10815 seq=10815 ch=34 rssi=-48
PR1HE t_us=33840954 kind=2 logical=10816 seq=10816 ch=22 rssi=-43
PR1HE t_us=33844092 kind=2 logical=10817 seq=10817 ch=31 rssi=-46
PR1HE t_us=33847235 kind=2 logical=10818 seq=10818 ch=8 rssi=-38
PR1HE t_us=33850375 kind=2 logical=10819 seq=10819 ch=35 rssi=-48
PR1HE t_us=33853525 kind=2 logical=10820 seq=10820 ch=23 rssi=-43
PR1HE t_us=33856668 kind=2 logical=10821 seq=10821 ch=18 rssi=-40
PR1HE t_us=33860203 kind=5 logical=10823 seq=1 ch=12 rssi=0
PR1HE t_us=33863347 kind=5 logical=10824 seq=1 ch=11 rssi=0
PR1HE t_us=33866489 kind=5 logical=10825 seq=1 ch=2 rssi=0
PR1HE t_us=33869632 kind=5 logical=10826 seq=1 ch=0 rssi=0
PR1HE t_us=33872776 kind=5 logical=10827 seq=1 ch=14 rssi=0
PR1HE t_us=33875919 kind=5 logical=10828 seq=1 ch=16 rssi=0
PR1HE t_us=33879061 kind=5 logical=10829 seq=1 ch=33 rssi=0
PR1HE t_us=33882204 kind=5 logical=10830 seq=1 ch=36 rssi=0
PR1HE t_us=33885348 kind=6 logical=10831 seq=0 ch=36 rssi=0
PR1HE t_us=33930535 kind=7 logical=10844 seq=10844 ch=36 rssi=-50
PR1HE t_us=33930535 kind=2 logical=10844 seq=10844 ch=36 rssi=-50
PR1HE t_us=33933683 kind=2 logical=10845 seq=10845 ch=2 rssi=-40
PR1HE t_us=33936828 kind=2 logical=10846 seq=10846 ch=0 rssi=-40
PR1HE t_us=33939970 kind=2 logical=10847 seq=10847 ch=8 rssi=-40
PR1HE t_us=33943105 kind=2 logical=10848 seq=10848 ch=21 rssi=-43
PR1HE t_us=33946241 kind=2 logical=10849 seq=10849 ch=16 rssi=-42
PR1HE t_us=33949387 kind=2 logical=10850 seq=10850 ch=28 rssi=-47
PR1HE t_us=33952535 kind=2 logical=10851 seq=10851 ch=27 rssi=-45
PR1HE t_us=33955685 kind=2 logical=10852 seq=10852 ch=37 rssi=-53
PR1HE t_us=33958830 kind=2 logical=10853 seq=10853 ch=10 rssi=-40
PR1HE t_us=33961971 kind=2 logical=10854 seq=10854 ch=29 rssi=-46
PR1HE t_us=33965112 kind=2 logical=10855 seq=10855 ch=33 rssi=-47
PR1HE t_us=33968246 kind=2 logical=10856 seq=10856 ch=30 rssi=-46
PR1HE t_us=33971386 kind=2 logical=10857 seq=10857 ch=7 rssi=-39
PR1HE t_us=33974535 kind=2 logical=10858 seq=10858 ch=15 rssi=-40
PR1HE t_us=33977683 kind=2 logical=10859 seq=10859 ch=14 rssi=-40
PR1HE t_us=33980828 kind=2 logical=10860 seq=10860 ch=1 rssi=-40
PR1HE t_us=33983971 kind=2 logical=10861 seq=10861 ch=17 rssi=-42
PR1HE t_us=33987111 kind=2 logical=10862 seq=10862 ch=25 rssi=-45
PR1HE t_us=33990246 kind=2 logical=10863 seq=10863 ch=12 rssi=-40
PR1HE t_us=33993387 kind=2 logical=10864 seq=10864 ch=22 rssi=-43
PR1HE t_us=33996536 kind=2 logical=10865 seq=10865 ch=38 rssi=-53
PR1HE t_us=33999686 kind=2 logical=10866 seq=10866 ch=13 rssi=-40
PR1HE t_us=34002829 kind=2 logical=10867 seq=10867 ch=6 rssi=-37
PR1HE t_us=34005971 kind=2 logical=10868 seq=10868 ch=34 rssi=-48
PR1HE t_us=34009112 kind=2 logical=10869 seq=10869 ch=9 rssi=-37
PR1HE t_us=34012247 kind=2 logical=10870 seq=10870 ch=31 rssi=-47
PR1HE t_us=34015387 kind=2 logical=10871 seq=10871 ch=5 rssi=-40
PR1HE t_us=34018536 kind=2 logical=10872 seq=10872 ch=23 rssi=-44
PR1HE t_us=34021684 kind=2 logical=10873 seq=10873 ch=11 rssi=-38
PR1HE t_us=34024831 kind=2 logical=10874 seq=10874 ch=39 rssi=-53
PR1HE t_us=34027972 kind=2 logical=10875 seq=10875 ch=35 rssi=-48
PR1HE t_us=34031112 kind=2 logical=10876 seq=10876 ch=19 rssi=-41
PR1HE t_us=34034246 kind=2 logical=10877 seq=10877 ch=4 rssi=-40
PR1HE t_us=34037387 kind=2 logical=10878 seq=10878 ch=20 rssi=-42
PR1HE t_us=34040536 kind=2 logical=10879 seq=10879 ch=18 rssi=-42
PR1HE t_us=34043683 kind=2 logical=10880 seq=10880 ch=4 rssi=-40
PR1HE t_us=34046829 kind=2 logical=10881 seq=10881 ch=12 rssi=-40
PR1HE t_us=34049973 kind=2 logical=10882 seq=10882 ch=37 rssi=-53
PR1HE t_us=34053112 kind=2 logical=10883 seq=10883 ch=25 rssi=-44
PR1HE t_us=34056247 kind=2 logical=10884 seq=10884 ch=31 rssi=-47
PR1HE t_us=34059388 kind=2 logical=10885 seq=10885 ch=27 rssi=-45
PR1HE t_us=34062537 kind=2 logical=10886 seq=10886 ch=29 rssi=-47
PR1HE t_us=34065685 kind=2 logical=10887 seq=10887 ch=3 rssi=-37
PR1HE t_us=34068830 kind=2 logical=10888 seq=10888 ch=7 rssi=-38
PR1HE t_us=34071972 kind=2 logical=10889 seq=10889 ch=34 rssi=-48
PR1HE t_us=34075113 kind=2 logical=10890 seq=10890 ch=30 rssi=-47
PR1HE t_us=34078248 kind=2 logical=10891 seq=10891 ch=2 rssi=-40
PR1HE t_us=34081387 kind=2 logical=10892 seq=10892 ch=9 rssi=-40
PR1HE t_us=34084536 kind=2 logical=10893 seq=10893 ch=24 rssi=-44
PR1HE t_us=34087684 kind=2 logical=10894 seq=10894 ch=5 rssi=-40
PR1HE t_us=34090832 kind=2 logical=10895 seq=10895 ch=14 rssi=-40
PR1HE t_us=34093973 kind=2 logical=10896 seq=10896 ch=28 rssi=-45
PR1HE t_us=34097112 kind=2 logical=10897 seq=10897 ch=6 rssi=-40
PR1HE t_us=34100248 kind=2 logical=10898 seq=10898 ch=38 rssi=-53
PR1HE t_us=34103388 kind=2 logical=10899 seq=10899 ch=26 rssi=-44
PR1HE t_us=34106536 kind=2 logical=10900 seq=10900 ch=19 rssi=-41
PR1HE t_us=34109684 kind=2 logical=10901 seq=10901 ch=8 rssi=-40
PR1HE t_us=34112831 kind=2 logical=10902 seq=10902 ch=32 rssi=-47
PR1HE t_us=34115972 kind=2 logical=10903 seq=10903 ch=0 rssi=-40
PR1HE t_us=34119108 kind=2 logical=10904 seq=10904 ch=13 rssi=-38
PR1HE t_us=34122243 kind=2 logical=10905 seq=10905 ch=15 rssi=-39
PR1HE t_us=34125388 kind=2 logical=10906 seq=10906 ch=36 rssi=-50
PR1HE t_us=34128537 kind=2 logical=10907 seq=10907 ch=23 rssi=-42
PR1HE t_us=34131685 kind=2 logical=10908 seq=10908 ch=18 rssi=-42
PR1HE t_us=34134832 kind=2 logical=10909 seq=10909 ch=11 rssi=-38
PR1HE t_us=34137972 kind=2 logical=10910 seq=10910 ch=20 rssi=-42
PR1HE t_us=34141113 kind=2 logical=10911 seq=10911 ch=10 rssi=-40
PR1HE t_us=34144248 kind=2 logical=10912 seq=10912 ch=21 rssi=-43
PR1HE t_us=34147388 kind=2 logical=10913 seq=10913 ch=16 rssi=-39
PR1HE t_us=34150537 kind=2 logical=10914 seq=10914 ch=22 rssi=-43
PR1HE t_us=34153686 kind=2 logical=10915 seq=10915 ch=33 rssi=-47
PR1HE t_us=34156832 kind=2 logical=10916 seq=10916 ch=17 rssi=-42
PR1HE t_us=34159974 kind=2 logical=10917 seq=10917 ch=39 rssi=-53
PR1HE t_us=34163114 kind=2 logical=10918 seq=10918 ch=35 rssi=-49
PR1HE t_us=34166247 kind=2 logical=10919 seq=10919 ch=1 rssi=-40
PR1HE t_us=34169388 kind=2 logical=10920 seq=10920 ch=9 rssi=-40
PR1HE t_us=34172538 kind=2 logical=10921 seq=10921 ch=17 rssi=-42
PR1HE t_us=34175687 kind=2 logical=10922 seq=10922 ch=37 rssi=-51
PR1HE t_us=34178831 kind=2 logical=10923 seq=10923 ch=25 rssi=-44
PR1HE t_us=34181974 kind=2 logical=10924 seq=10924 ch=21 rssi=-43
PR1HE t_us=34185113 kind=2 logical=10925 seq=10925 ch=13 rssi=-40
PR1HE t_us=34188249 kind=2 logical=10926 seq=10926 ch=8 rssi=-37
PR1HE t_us=34191390 kind=2 logical=10927 seq=10927 ch=32 rssi=-47
PR1HE t_us=34194537 kind=2 logical=10928 seq=10928 ch=11 rssi=-38
PR1HE t_us=34197686 kind=2 logical=10929 seq=10929 ch=3 rssi=-40
PR1HE t_us=34200833 kind=2 logical=10930 seq=10930 ch=2 rssi=-40
PR1HE t_us=34203973 kind=2 logical=10931 seq=10931 ch=4 rssi=-40
PR1HE t_us=34207108 kind=2 logical=10932 seq=10932 ch=1 rssi=-38
PR1HE t_us=34210243 kind=2 logical=10933 seq=10933 ch=20 rssi=-42
PR1HE t_us=34213390 kind=2 logical=10934 seq=10934 ch=39 rssi=-53
PR1HE t_us=34216538 kind=2 logical=10935 seq=10935 ch=23 rssi=-43
PR1HE t_us=34219685 kind=2 logical=10936 seq=10936 ch=5 rssi=-37
PR1HE t_us=34222832 kind=2 logical=10937 seq=10937 ch=29 rssi=-45
PR1HE t_us=34225974 kind=2 logical=10938 seq=10938 ch=27 rssi=-45
PR1HE t_us=34229115 kind=2 logical=10939 seq=10939 ch=10 rssi=-40
PR1HE t_us=34232249 kind=2 logical=10940 seq=10940 ch=18 rssi=-42
PR1HE t_us=34235389 kind=2 logical=10941 seq=10941 ch=22 rssi=-43
PR1HE t_us=34238538 kind=2 logical=10942 seq=10942 ch=24 rssi=-44
PR1HE t_us=34241687 kind=2 logical=10943 seq=10943 ch=28 rssi=-45
PR1HE t_us=34244833 kind=2 logical=10944 seq=10944 ch=38 rssi=-52
PR1HE t_us=34247974 kind=2 logical=10945 seq=10945 ch=36 rssi=-49
PR1HE t_us=34251114 kind=2 logical=10946 seq=10946 ch=19 rssi=-42
PR1HE t_us=34254249 kind=2 logical=10947 seq=10947 ch=0 rssi=-40
PR1HE t_us=34257389 kind=2 logical=10948 seq=10948 ch=26 rssi=-45
PR1HE t_us=34260538 kind=2 logical=10949 seq=10949 ch=6 rssi=-39
PR1HE t_us=34263686 kind=2 logical=10950 seq=10950 ch=35 rssi=-48
PR1HE t_us=34266833 kind=2 logical=10951 seq=10951 ch=33 rssi=-47
PR1HE t_us=34269974 kind=2 logical=10952 seq=10952 ch=15 rssi=-39
PR1HE t_us=34273116 kind=2 logical=10953 seq=10953 ch=34 rssi=-47
PR1HE t_us=34276249 kind=2 logical=10954 seq=10954 ch=12 rssi=-40
PR1HE t_us=34279389 kind=2 logical=10955 seq=10955 ch=7 rssi=-37
PR1HE t_us=34282539 kind=2 logical=10956 seq=10956 ch=16 rssi=-39
PR1HE t_us=34285687 kind=2 logical=10957 seq=10957 ch=30 rssi=-47
PR1HE t_us=34288833 kind=2 logical=10958 seq=10958 ch=14 rssi=-40
PR1HE t_us=34291974 kind=2 logical=10959 seq=10959 ch=31 rssi=-46
PR1HE t_us=34295114 kind=2 logical=10960 seq=10960 ch=8 rssi=-37
PR1HE t_us=34298250 kind=2 logical=10961 seq=10961 ch=4 rssi=-40
PR1HE t_us=34301390 kind=2 logical=10962 seq=10962 ch=22 rssi=-42
PR1HE t_us=34304538 kind=2 logical=10963 seq=10963 ch=30 rssi=-47
PR1HE t_us=34307686 kind=2 logical=10964 seq=10964 ch=7 rssi=-40
PR1HE t_us=34310833 kind=2 logical=10965 seq=10965 ch=10 rssi=-39
PR1HE t_us=34313976 kind=2 logical=10966 seq=10966 ch=32 rssi=-47
PR1HE t_us=34317115 kind=2 logical=10967 seq=10967 ch=19 rssi=-42
PR1HE t_us=34320251 kind=2 logical=10968 seq=10968 ch=2 rssi=-40
PR1HE t_us=34323391 kind=2 logical=10969 seq=10969 ch=28 rssi=-45
PR1HE t_us=34326541 kind=2 logical=10970 seq=10970 ch=39 rssi=-53
PR1HE t_us=34329688 kind=2 logical=10971 seq=10971 ch=27 rssi=-46
PR1HE t_us=34332833 kind=2 logical=10972 seq=10972 ch=0 rssi=-40
PR1HE t_us=34335975 kind=2 logical=10973 seq=10973 ch=35 rssi=-47
PR1HE t_us=34339115 kind=2 logical=10974 seq=10974 ch=14 rssi=-40
PR1HE t_us=34342250 kind=2 logical=10975 seq=10975 ch=21 rssi=-43
PR1HE t_us=34345390 kind=2 logical=10976 seq=10976 ch=11 rssi=-37
PR1HE t_us=34348538 kind=2 logical=10977 seq=10977 ch=1 rssi=-40
PR1HE t_us=34351688 kind=2 logical=10978 seq=10978 ch=31 rssi=-47
PR1HE t_us=34354834 kind=2 logical=10979 seq=10979 ch=25 rssi=-44
PR1HE t_us=34357974 kind=2 logical=10980 seq=10980 ch=12 rssi=-38
PR1HE t_us=34361111 kind=2 logical=10981 seq=10981 ch=36 rssi=-49
PR1HE t_us=34364245 kind=2 logical=10982 seq=10982 ch=18 rssi=-42
PR1HE t_us=34367391 kind=2 logical=10983 seq=10983 ch=38 rssi=-52
PR1HE t_us=34370539 kind=2 logical=10984 seq=10984 ch=24 rssi=-44
PR1HE t_us=34373688 kind=2 logical=10985 seq=10985 ch=6 rssi=-39
PR1HE t_us=34376833 kind=2 logical=10986 seq=10986 ch=29 rssi=-46
PR1HE t_us=34379975 kind=2 logical=10987 seq=10987 ch=34 rssi=-47
PR1HE t_us=34383116 kind=2 logical=10988 seq=10988 ch=23 rssi=-43
PR1HE t_us=34386251 kind=2 logical=10989 seq=10989 ch=33 rssi=-47
PR1HE t_us=34389391 kind=2 logical=10990 seq=10990 ch=5 rssi=-39
PR1HE t_us=34392541 kind=2 logical=10991 seq=10991 ch=13 rssi=-38
PR1HE t_us=34395688 kind=2 logical=10992 seq=10992 ch=9 rssi=-40
PR1HE t_us=34398833 kind=2 logical=10993 seq=10993 ch=26 rssi=-44
PR1HE t_us=34401974 kind=2 logical=10994 seq=10994 ch=3 rssi=-40
PR1HE t_us=34405112 kind=2 logical=10995 seq=10995 ch=37 rssi=-51
PR1HE t_us=34408245 kind=2 logical=10996 seq=10996 ch=20 rssi=-42
PR1HE t_us=34411392 kind=2 logical=10997 seq=10997 ch=17 rssi=-42
PR1HE t_us=34414539 kind=2 logical=10998 seq=10998 ch=15 rssi=-38
PR1HE t_us=34417688 kind=2 logical=10999 seq=10999 ch=16 rssi=-38
PR1HE t_us=34420834 kind=2 logical=11000 seq=11000 ch=30 rssi=-46
PR1HE t_us=34423975 kind=2 logical=11001 seq=11001 ch=7 rssi=-39
PR1HE t_us=34427111 kind=2 logical=11002 seq=11002 ch=20 rssi=-42
PR1HE t_us=34430245 kind=2 logical=11003 seq=11003 ch=35 rssi=-47
PR1HE t_us=34433391 kind=2 logical=11004 seq=11004 ch=3 rssi=-38
PR1HE t_us=34436541 kind=2 logical=11005 seq=11005 ch=39 rssi=-53
PR1HE t_us=34439689 kind=2 logical=11006 seq=11006 ch=33 rssi=-47
PR1HE t_us=34442834 kind=2 logical=11007 seq=11007 ch=18 rssi=-42
PR1HE t_us=34445977 kind=2 logical=11008 seq=11008 ch=27 rssi=-44
PR1HE t_us=34449117 kind=2 logical=11009 seq=11009 ch=22 rssi=-43
PR1HE t_us=34452252 kind=2 logical=11010 seq=11010 ch=17 rssi=-41
PR1HE t_us=34455392 kind=2 logical=11011 seq=11011 ch=38 rssi=-53
PR1HE t_us=34458540 kind=2 logical=11012 seq=11012 ch=9 rssi=-39
PR1HE t_us=34461689 kind=2 logical=11013 seq=11013 ch=23 rssi=-42
PR1HE t_us=34464835 kind=2 logical=11014 seq=11014 ch=31 rssi=-47
PR1HE t_us=34467976 kind=2 logical=11015 seq=11015 ch=0 rssi=-40
PR1HE t_us=34471112 kind=2 logical=11016 seq=11016 ch=21 rssi=-42
PR1HE t_us=34474245 kind=2 logical=11017 seq=11017 ch=5 rssi=-39
PR1HE t_us=34477391 kind=2 logical=11018 seq=11018 ch=1 rssi=-37
PR1HE t_us=34480542 kind=2 logical=11019 seq=11019 ch=36 rssi=-48
PR1HE t_us=34483688 kind=2 logical=11020 seq=11020 ch=25 rssi=-43
PR1HE t_us=34486835 kind=2 logical=11021 seq=11021 ch=2 rssi=-40
PR1HE t_us=34489975 kind=2 logical=11022 seq=11022 ch=14 rssi=-40
PR1HE t_us=34493113 kind=2 logical=11023 seq=11023 ch=37 rssi=-49
PR1HE t_us=34496247 kind=2 logical=11024 seq=11024 ch=28 rssi=-47
PR1HE t_us=34499394 kind=2 logical=11025 seq=11025 ch=32 rssi=-47
PR1HE t_us=34502541 kind=2 logical=11026 seq=11026 ch=34 rssi=-47
PR1HE t_us=34505688 kind=2 logical=11027 seq=11027 ch=4 rssi=-40
PR1HE t_us=34508835 kind=2 logical=11028 seq=11028 ch=19 rssi=-41
PR1HE t_us=34511976 kind=2 logical=11029 seq=11029 ch=15 rssi=-39
PR1HE t_us=34515113 kind=2 logical=11030 seq=11030 ch=24 rssi=-44
PR1HE t_us=34518247 kind=2 logical=11031 seq=11031 ch=11 rssi=-37
PR1HE t_us=34521392 kind=2 logical=11032 seq=11032 ch=10 rssi=-37
PR1HE t_us=34524540 kind=2 logical=11033 seq=11033 ch=12 rssi=-40
PR1HE t_us=34527689 kind=2 logical=11034 seq=11034 ch=26 rssi=-44
PR1HE t_us=34530835 kind=2 logical=11035 seq=11035 ch=8 rssi=-39
PR1HE t_us=34533976 kind=2 logical=11036 seq=11036 ch=6 rssi=-39
PR1HE t_us=34537113 kind=2 logical=11037 seq=11037 ch=16 rssi=-39
PR1HE t_us=34540247 kind=2 logical=11038 seq=11038 ch=29 rssi=-46
PR1HE t_us=34543394 kind=2 logical=11039 seq=11039 ch=13 rssi=-40
PR1HE t_us=34546542 kind=2 logical=11040 seq=11040 ch=26 rssi=-44
PR1HE t_us=34549689 kind=2 logical=11041 seq=11041 ch=1 rssi=-40
PR1HA_BEGIN total=40 kept=40
PR1HA t_us=620475 kind=7 logical=246 seq=246 ch=20 rssi=-42
PR1HA t_us=963036 kind=3 logical=355 seq=0 ch=12 rssi=0
PR1HA t_us=5586229 kind=3 logical=1826 seq=0 ch=18 rssi=0
PR1HA t_us=6868914 kind=5 logical=2235 seq=1 ch=33 rssi=0
PR1HA t_us=7475104 kind=3 logical=2427 seq=0 ch=12 rssi=0
PR1HA t_us=7582350 kind=5 logical=2462 seq=1 ch=6 rssi=0
PR1HA t_us=13214410 kind=5 logical=4254 seq=1 ch=39 rssi=0
PR1HA t_us=13852424 kind=5 logical=4457 seq=1 ch=27 rssi=0
PR1HA t_us=13877575 kind=5 logical=4465 seq=1 ch=7 rssi=0
PR1HA t_us=15716163 kind=5 logical=5050 seq=1 ch=2 rssi=0
PR1HA t_us=17504467 kind=5 logical=5619 seq=1 ch=31 rssi=0
PR1HA t_us=18642182 kind=5 logical=5981 seq=1 ch=29 rssi=0
PR1HA t_us=19245222 kind=3 logical=6172 seq=0 ch=12 rssi=0
PR1HA t_us=20848492 kind=5 logical=6683 seq=1 ch=26 rssi=0
PR1HA t_us=21709647 kind=5 logical=6957 seq=1 ch=24 rssi=0
PR1HA t_us=21964231 kind=5 logical=7038 seq=1 ch=8 rssi=0
PR1HA t_us=26015424 kind=5 logical=8327 seq=1 ch=10 rssi=0
PR1HA t_us=26317123 kind=5 logical=8423 seq=1 ch=2 rssi=0
PR1HA t_us=26882449 kind=3 logical=8602 seq=0 ch=12 rssi=0
PR1HA t_us=27470559 kind=5 logical=8790 seq=1 ch=16 rssi=0
PR1HA t_us=27714682 kind=3 logical=8867 seq=0 ch=13 rssi=0
PR1HA t_us=27756564 kind=5 logical=8881 seq=1 ch=13 rssi=0
PR1HA t_us=29714206 kind=3 logical=9503 seq=0 ch=12 rssi=0
PR1HA t_us=29898792 kind=3 logical=9562 seq=0 ch=27 rssi=0
PR1HA t_us=30368309 kind=5 logical=9712 seq=1 ch=2 rssi=0
PR1HA t_us=30782773 kind=3 logical=9843 seq=0 ch=24 rssi=0
PR1HA t_us=32096893 kind=5 logical=10262 seq=1 ch=28 rssi=0
PR1HA t_us=32577764 kind=5 logical=10415 seq=1 ch=20 rssi=0
PR1HA t_us=33096343 kind=5 logical=10580 seq=1 ch=20 rssi=0
PR1HA t_us=33169123 kind=5 logical=10603 seq=1 ch=24 rssi=0
PR1HA t_us=33860203 kind=5 logical=10823 seq=1 ch=12 rssi=0
PR1HA t_us=33863347 kind=5 logical=10824 seq=1 ch=11 rssi=0
PR1HA t_us=33866489 kind=5 logical=10825 seq=1 ch=2 rssi=0
PR1HA t_us=33869632 kind=5 logical=10826 seq=1 ch=0 rssi=0
PR1HA t_us=33872776 kind=5 logical=10827 seq=1 ch=14 rssi=0
PR1HA t_us=33875919 kind=5 logical=10828 seq=1 ch=16 rssi=0
PR1HA t_us=33879061 kind=5 logical=10829 seq=1 ch=33 rssi=0
PR1HA t_us=33882204 kind=5 logical=10830 seq=1 ch=36 rssi=0
PR1HA t_us=33885348 kind=6 logical=10831 seq=0 ch=36 rssi=0
PR1HA t_us=33930535 kind=7 logical=10844 seq=10844 ch=36 rssi=-50
PR1HE_END
