Processing safe (platform: espressif32 @ 6.5.0; board: esp32-s3-devkitc-1; framework: arduino)
--------------------------------------------------------------------------------
Verbose mode can be enabled via `-v, --verbose` option
CONFIGURATION: https://docs.platformio.org/page/boards/espressif32/esp32-s3-devkitc-1.html
PLATFORM: Espressif 32 (6.5.0) > Espressif ESP32-S3-DevKitC-1-N8 (8 MB QD, No PSRAM)
HARDWARE: ESP32S3 240MHz, 320KB RAM, 8MB Flash
DEBUG: Current (esp-builtin) On-board (esp-builtin) External (cmsis-dap, esp-bridge, esp-prog, iot-bus-jtag, jlink, minimodule, olimex-arm-usb-ocd, olimex-arm-usb-ocd-h, olimex-arm-usb-tiny-h, olimex-jtag-tiny, tumpa)
PACKAGES: 
 - framework-arduinoespressif32 @ 3.20014.231204 (2.0.14) 
 - tool-esptoolpy @ 1.40501.0 (4.5.1) 
 - toolchain-riscv32-esp @ 8.4.0+2021r2-patch5 
 - toolchain-xtensa-esp32s3 @ 8.4.0+2021r2-patch5
LDF: Library Dependency Finder -> https://bit.ly/configure-pio-ldf
LDF Modes: Finder ~ chain, Compatibility ~ soft
Found 33 compatible libraries
Scanning dependencies...
Dependency Graph
|-- SPI @ 2.0.0
Building in release mode
Compiling runs\pr1-board-test\build\safe\safe\src\main.cpp.o
Compiling runs\pr1-board-test\build\safe\safe\src\pr1_sx1280_radiolib.cpp.o
Building runs\pr1-board-test\build\safe\safe\bootloader.bin
Generating partitions runs\pr1-board-test\build\safe\safe\partitions.bin
Compiling runs\pr1-board-test\build\safe\safe\lib8fb\SPI\SPI.cpp.o
esptool.py v4.5.1
Creating esp32s3 image...
Merged 1 ELF section
Successfully created esp32s3 image.
Compiling runs\pr1-board-test\build\safe\safe\FrameworkArduino\Esp.cpp.o
Compiling runs\pr1-board-test\build\safe\safe\FrameworkArduino\FirmwareMSC.cpp.o
Compiling runs\pr1-board-test\build\safe\safe\FrameworkArduino\FunctionalInterrupt.cpp.o
Compiling runs\pr1-board-test\build\safe\safe\FrameworkArduino\HWCDC.cpp.o
Compiling runs\pr1-board-test\build\safe\safe\FrameworkArduino\HardwareSerial.cpp.o
Compiling runs\pr1-board-test\build\safe\safe\FrameworkArduino\IPAddress.cpp.o
Compiling runs\pr1-board-test\build\safe\safe\FrameworkArduino\IPv6Address.cpp.o
Compiling runs\pr1-board-test\build\safe\safe\FrameworkArduino\MD5Builder.cpp.o
Compiling runs\pr1-board-test\build\safe\safe\FrameworkArduino\Print.cpp.o
Compiling runs\pr1-board-test\build\safe\safe\FrameworkArduino\Stream.cpp.o
Compiling runs\pr1-board-test\build\safe\safe\FrameworkArduino\StreamString.cpp.o
Compiling runs\pr1-board-test\build\safe\safe\FrameworkArduino\Tone.cpp.o
Compiling runs\pr1-board-test\build\safe\safe\FrameworkArduino\USB.cpp.o
Archiving runs\pr1-board-test\build\safe\safe\lib8fb\libSPI.a
Compiling runs\pr1-board-test\build\safe\safe\FrameworkArduino\USBCDC.cpp.o
Compiling runs\pr1-board-test\build\safe\safe\FrameworkArduino\USBMSC.cpp.o
Compiling runs\pr1-board-test\build\safe\safe\FrameworkArduino\WMath.cpp.o
Compiling runs\pr1-board-test\build\safe\safe\FrameworkArduino\WString.cpp.o
Compiling runs\pr1-board-test\build\safe\safe\FrameworkArduino\base64.cpp.o
Compiling runs\pr1-board-test\build\safe\safe\FrameworkArduino\cbuf.cpp.o
Compiling runs\pr1-board-test\build\safe\safe\FrameworkArduino\esp32-hal-adc.c.o
Compiling runs\pr1-board-test\build\safe\safe\FrameworkArduino\esp32-hal-bt.c.o
Compiling runs\pr1-board-test\build\safe\safe\FrameworkArduino\esp32-hal-cpu.c.o
Compiling runs\pr1-board-test\build\safe\safe\FrameworkArduino\esp32-hal-dac.c.o
Compiling runs\pr1-board-test\build\safe\safe\FrameworkArduino\esp32-hal-gpio.c.o
Compiling runs\pr1-board-test\build\safe\safe\FrameworkArduino\esp32-hal-i2c-slave.c.o
Compiling runs\pr1-board-test\build\safe\safe\FrameworkArduino\esp32-hal-i2c.c.o
Compiling runs\pr1-board-test\build\safe\safe\FrameworkArduino\esp32-hal-ledc.c.o
Compiling runs\pr1-board-test\build\safe\safe\FrameworkArduino\esp32-hal-matrix.c.o
Compiling runs\pr1-board-test\build\safe\safe\FrameworkArduino\esp32-hal-misc.c.o
Compiling runs\pr1-board-test\build\safe\safe\FrameworkArduino\esp32-hal-psram.c.o
Compiling runs\pr1-board-test\build\safe\safe\FrameworkArduino\esp32-hal-rgb-led.c.o
Compiling runs\pr1-board-test\build\safe\safe\FrameworkArduino\esp32-hal-rmt.c.o
Compiling runs\pr1-board-test\build\safe\safe\FrameworkArduino\esp32-hal-sigmadelta.c.o
Compiling runs\pr1-board-test\build\safe\safe\FrameworkArduino\esp32-hal-spi.c.o
Compiling runs\pr1-board-test\build\safe\safe\FrameworkArduino\esp32-hal-time.c.o
Compiling runs\pr1-board-test\build\safe\safe\FrameworkArduino\esp32-hal-timer.c.o
Compiling runs\pr1-board-test\build\safe\safe\FrameworkArduino\esp32-hal-tinyusb.c.o
Compiling runs\pr1-board-test\build\safe\safe\FrameworkArduino\esp32-hal-touch.c.o
Compiling runs\pr1-board-test\build\safe\safe\FrameworkArduino\esp32-hal-uart.c.o
Compiling runs\pr1-board-test\build\safe\safe\FrameworkArduino\firmware_msc_fat.c.o
Compiling runs\pr1-board-test\build\safe\safe\FrameworkArduino\libb64\cdecode.c.o
Compiling runs\pr1-board-test\build\safe\safe\FrameworkArduino\libb64\cencode.c.o
Compiling runs\pr1-board-test\build\safe\safe\FrameworkArduino\main.cpp.o
Compiling runs\pr1-board-test\build\safe\safe\FrameworkArduino\stdlib_noniso.c.o
Compiling runs\pr1-board-test\build\safe\safe\FrameworkArduino\wiring_pulse.c.o
Compiling runs\pr1-board-test\build\safe\safe\FrameworkArduino\wiring_shift.c.o
python : C:/Users/USER/.platformio/packages/framework-arduinoespressif32/cores/esp32/esp32-hal-uart.c: In function 'uar
tSetPins':
At line:1 char:410
+ ... $env:PATH"; python tools/pr1_experiment_controller.py prepare runs/pr ...
+                 ~~~~~~~~~~~~~~~~~~~~~~~~~~~~~~~~~~~~~~~~~~~~~~~~~~~~~~~~~
    + CategoryInfo          : NotSpecified: (C:/Users/USER/.... 'uartSetPins'::String) [], RemoteException
    + FullyQualifiedErrorId : NativeCommandError
 
C:/Users/USER/.platformio/packages/framework-arduinoespressif32/cores/esp32/esp32-hal-uart.c:153:9: warning: 'return' w
ith no value, in function returning non-void
         return;
         ^~~~~~
C:/Users/USER/.platformio/packages/framework-arduinoespressif32/cores/esp32/esp32-hal-uart.c:149:6: note: declared here
 bool uartSetPins(uint8_t uart_num, int8_t rxPin, int8_t txPin, int8_t ctsPin, int8_t rtsPin)
      ^~~~~~~~~~~
Archiving runs\pr1-board-test\build\safe\safe\libFrameworkArduino.a
Linking runs\pr1-board-test\build\safe\safe\firmware.elf
Retrieving maximum program size runs\pr1-board-test\build\safe\safe\firmware.elf
Checking size runs\pr1-board-test\build\safe\safe\firmware.elf
Advanced Memory Usage is available via "PlatformIO Home > Project Inspect"
RAM:   [=         ]   5.7% (used 18652 bytes from 327680 bytes)
Flash: [=         ]   8.0% (used 250257 bytes from 3145728 bytes)
Building runs\pr1-board-test\build\safe\safe\firmware.bin
esptool.py v4.5.1
Creating esp32s3 image...
Merged 2 ELF sections
Successfully created esp32s3 image.
========================= [SUCCESS] Took 38.57 seconds =========================

Environment    Status    Duration
-------------  --------  ------------
safe           SUCCESS   00:00:38.568
========================= 1 succeeded in 00:00:38.568 =========================
Processing rf_rx_compile (platform: espressif32 @ 6.5.0; board: esp32-s3-devkitc-1; framework: arduino)
--------------------------------------------------------------------------------
Library Manager: Installing jgromes/RadioLib @ 7.7.1
Unpacking 0% 10% 20% 30% 40% 50% 60% 70% 80% 90% 100%
Library Manager: RadioLib@7.7.1 has been installed!
Verbose mode can be enabled via `-v, --verbose` option
CONFIGURATION: https://docs.platformio.org/page/boards/espressif32/esp32-s3-devkitc-1.html
PLATFORM: Espressif 32 (6.5.0) > Espressif ESP32-S3-DevKitC-1-N8 (8 MB QD, No PSRAM)
HARDWARE: ESP32S3 240MHz, 320KB RAM, 8MB Flash
DEBUG: Current (esp-builtin) On-board (esp-builtin) External (cmsis-dap, esp-bridge, esp-prog, iot-bus-jtag, jlink, minimodule, olimex-arm-usb-ocd, olimex-arm-usb-ocd-h, olimex-arm-usb-tiny-h, olimex-jtag-tiny, tumpa)
PACKAGES: 
 - framework-arduinoespressif32 @ 3.20014.231204 (2.0.14) 
 - tool-esptoolpy @ 1.40501.0 (4.5.1) 
 - toolchain-riscv32-esp @ 8.4.0+2021r2-patch5 
 - toolchain-xtensa-esp32s3 @ 8.4.0+2021r2-patch5
LDF: Library Dependency Finder -> https://bit.ly/configure-pio-ldf
LDF Modes: Finder ~ chain, Compatibility ~ soft
Found 34 compatible libraries
Scanning dependencies...
Dependency Graph
|-- RadioLib @ 7.7.1
|-- SPI @ 2.0.0
Building in release mode
Compiling runs\pr1-board-test\build\rx\rf_rx_compile\src\main.cpp.o
Compiling runs\pr1-board-test\build\rx\rf_rx_compile\src\pr1_sx1280_radiolib.cpp.o
Building runs\pr1-board-test\build\rx\rf_rx_compile\bootloader.bin
Generating partitions runs\pr1-board-test\build\rx\rf_rx_compile\partitions.bin
Compiling runs\pr1-board-test\build\rx\rf_rx_compile\lib8fb\SPI\SPI.cpp.o
esptool.py v4.5.1
Creating esp32s3 image...
Merged 1 ELF section
Successfully created esp32s3 image.
Compiling runs\pr1-board-test\build\rx\rf_rx_compile\lib200\RadioLib\Hal.cpp.o
Compiling runs\pr1-board-test\build\rx\rf_rx_compile\lib200\RadioLib\Module.cpp.o
Compiling runs\pr1-board-test\build\rx\rf_rx_compile\lib200\RadioLib\hal\Arduino\ArduinoHal.cpp.o
Compiling runs\pr1-board-test\build\rx\rf_rx_compile\lib200\RadioLib\hal\RPiPico\PicoHal.cpp.o
Compiling runs\pr1-board-test\build\rx\rf_rx_compile\lib200\RadioLib\hal\Stm32duino\Stm32wlHal.cpp.o
Compiling runs\pr1-board-test\build\rx\rf_rx_compile\lib200\RadioLib\modules\CC1101\CC1101.cpp.o
Compiling runs\pr1-board-test\build\rx\rf_rx_compile\lib200\RadioLib\modules\LLCC68\LLCC68.cpp.o
Compiling runs\pr1-board-test\build\rx\rf_rx_compile\lib200\RadioLib\modules\LR11x0\LR1110.cpp.o
Compiling runs\pr1-board-test\build\rx\rf_rx_compile\lib200\RadioLib\modules\LR11x0\LR1120.cpp.o
Compiling runs\pr1-board-test\build\rx\rf_rx_compile\lib200\RadioLib\modules\LR11x0\LR1121.cpp.o
In file included from include/pr1_sx1280_radiolib.hpp:8,
                 from src/pr1_sx1280_radiolib.cpp:1:
.pio/libdeps/rf_rx_compile/RadioLib/src/RadioLib.h:67:4: warning: #warning "Use of USB CDC for debug output is not reco
mmended (might stop on first sleep). Use hardware UART instead." [-Wcpp]
   #warning "Use of USB CDC for debug output is not recommended (might stop on first sleep). Use hardware UART instead.
"
    ^~~~~~~
In file included from include/pr1_sx1280_radiolib.hpp:8,
                 from src/main.cpp:8:
.pio/libdeps/rf_rx_compile/RadioLib/src/RadioLib.h:67:4: warning: #warning "Use of USB CDC for debug output is not reco
mmended (might stop on first sleep). Use hardware UART instead." [-Wcpp]
   #warning "Use of USB CDC for debug output is not recommended (might stop on first sleep). Use hardware UART instead.
"
    ^~~~~~~
Compiling runs\pr1-board-test\build\rx\rf_rx_compile\lib200\RadioLib\modules\LR11x0\LR11x0.cpp.o
Compiling runs\pr1-board-test\build\rx\rf_rx_compile\lib200\RadioLib\modules\LR11x0\LR11x0_commands.cpp.o
Archiving runs\pr1-board-test\build\rx\rf_rx_compile\lib8fb\libSPI.a
Compiling runs\pr1-board-test\build\rx\rf_rx_compile\lib200\RadioLib\modules\LR11x0\LR11x0_crypto.cpp.o
Compiling runs\pr1-board-test\build\rx\rf_rx_compile\lib200\RadioLib\modules\LR11x0\LR11x0_gnss.cpp.o
Compiling runs\pr1-board-test\build\rx\rf_rx_compile\lib200\RadioLib\modules\LR11x0\LR11x0_wifi.cpp.o
Compiling runs\pr1-board-test\build\rx\rf_rx_compile\lib200\RadioLib\modules\LR11x0\LR_common.cpp.o
Compiling runs\pr1-board-test\build\rx\rf_rx_compile\lib200\RadioLib\modules\LR2021\LR2021.cpp.o
Compiling runs\pr1-board-test\build\rx\rf_rx_compile\lib200\RadioLib\modules\LR2021\LR2021_cmds_chip_control.cpp.o
Compiling runs\pr1-board-test\build\rx\rf_rx_compile\lib200\RadioLib\modules\LR2021\LR2021_cmds_flrc.cpp.o
Compiling runs\pr1-board-test\build\rx\rf_rx_compile\lib200\RadioLib\modules\LR2021\LR2021_cmds_gfsk.cpp.o
Compiling runs\pr1-board-test\build\rx\rf_rx_compile\lib200\RadioLib\modules\LR2021\LR2021_cmds_lora.cpp.o
Compiling runs\pr1-board-test\build\rx\rf_rx_compile\lib200\RadioLib\modules\LR2021\LR2021_cmds_misc.cpp.o
Compiling runs\pr1-board-test\build\rx\rf_rx_compile\lib200\RadioLib\modules\LR2021\LR2021_cmds_ook.cpp.o
Compiling runs\pr1-board-test\build\rx\rf_rx_compile\lib200\RadioLib\modules\LR2021\LR2021_cmds_oqpsk.cpp.o
Compiling runs\pr1-board-test\build\rx\rf_rx_compile\lib200\RadioLib\modules\LR2021\LR2021_cmds_radio.cpp.o
Compiling runs\pr1-board-test\build\rx\rf_rx_compile\lib200\RadioLib\modules\LR2021\LR2021_cmds_ranging.cpp.o
Compiling runs\pr1-board-test\build\rx\rf_rx_compile\lib200\RadioLib\modules\LR2021\LR2021_config.cpp.o
Compiling runs\pr1-board-test\build\rx\rf_rx_compile\lib200\RadioLib\modules\RF69\RF69.cpp.o
Compiling runs\pr1-board-test\build\rx\rf_rx_compile\lib200\RadioLib\modules\SX123x\SX1231.cpp.o
Compiling runs\pr1-board-test\build\rx\rf_rx_compile\lib200\RadioLib\modules\SX123x\SX1233.cpp.o
Compiling runs\pr1-board-test\build\rx\rf_rx_compile\lib200\RadioLib\modules\SX126x\STM32WLx.cpp.o
Compiling runs\pr1-board-test\build\rx\rf_rx_compile\lib200\RadioLib\modules\SX126x\SX1261.cpp.o
Compiling runs\pr1-board-test\build\rx\rf_rx_compile\lib200\RadioLib\modules\SX126x\SX1262.cpp.o
Compiling runs\pr1-board-test\build\rx\rf_rx_compile\lib200\RadioLib\modules\SX126x\SX1268.cpp.o
Compiling runs\pr1-board-test\build\rx\rf_rx_compile\lib200\RadioLib\modules\SX126x\SX126x.cpp.o
Compiling runs\pr1-board-test\build\rx\rf_rx_compile\lib200\RadioLib\modules\SX126x\SX126x_LR_FHSS.cpp.o
Compiling runs\pr1-board-test\build\rx\rf_rx_compile\lib200\RadioLib\modules\SX126x\SX126x_commands.cpp.o
Compiling runs\pr1-board-test\build\rx\rf_rx_compile\lib200\RadioLib\modules\SX126x\SX126x_config.cpp.o
Compiling runs\pr1-board-test\build\rx\rf_rx_compile\lib200\RadioLib\modules\SX127x\SX1272.cpp.o
Compiling runs\pr1-board-test\build\rx\rf_rx_compile\lib200\RadioLib\modules\SX127x\SX1273.cpp.o
Compiling runs\pr1-board-test\build\rx\rf_rx_compile\lib200\RadioLib\modules\SX127x\SX1276.cpp.o
Compiling runs\pr1-board-test\build\rx\rf_rx_compile\lib200\RadioLib\modules\SX127x\SX1277.cpp.o
Compiling runs\pr1-board-test\build\rx\rf_rx_compile\lib200\RadioLib\modules\SX127x\SX1278.cpp.o
Compiling runs\pr1-board-test\build\rx\rf_rx_compile\lib200\RadioLib\modules\SX127x\SX1279.cpp.o
Compiling runs\pr1-board-test\build\rx\rf_rx_compile\lib200\RadioLib\modules\SX127x\SX127x.cpp.o
Compiling runs\pr1-board-test\build\rx\rf_rx_compile\lib200\RadioLib\modules\SX128x\SX1280.cpp.o
Compiling runs\pr1-board-test\build\rx\rf_rx_compile\lib200\RadioLib\modules\SX128x\SX1281.cpp.o
Compiling runs\pr1-board-test\build\rx\rf_rx_compile\lib200\RadioLib\modules\SX128x\SX1282.cpp.o
Compiling runs\pr1-board-test\build\rx\rf_rx_compile\lib200\RadioLib\modules\SX128x\SX128x.cpp.o
Compiling runs\pr1-board-test\build\rx\rf_rx_compile\lib200\RadioLib\modules\Si443x\Si4430.cpp.o
Compiling runs\pr1-board-test\build\rx\rf_rx_compile\lib200\RadioLib\modules\Si443x\Si4431.cpp.o
Compiling runs\pr1-board-test\build\rx\rf_rx_compile\lib200\RadioLib\modules\Si443x\Si4432.cpp.o
Compiling runs\pr1-board-test\build\rx\rf_rx_compile\lib200\RadioLib\modules\Si443x\Si443x.cpp.o
Compiling runs\pr1-board-test\build\rx\rf_rx_compile\lib200\RadioLib\modules\nRF24\nRF24.cpp.o
Compiling runs\pr1-board-test\build\rx\rf_rx_compile\lib200\RadioLib\protocols\ADSB\ADSB.cpp.o
Compiling runs\pr1-board-test\build\rx\rf_rx_compile\lib200\RadioLib\protocols\AFSK\AFSK.cpp.o
Compiling runs\pr1-board-test\build\rx\rf_rx_compile\lib200\RadioLib\protocols\APRS\APRS.cpp.o
Compiling runs\pr1-board-test\build\rx\rf_rx_compile\lib200\RadioLib\protocols\AX25\AX25.cpp.o
Compiling runs\pr1-board-test\build\rx\rf_rx_compile\lib200\RadioLib\protocols\BellModem\BellModem.cpp.o
Compiling runs\pr1-board-test\build\rx\rf_rx_compile\lib200\RadioLib\protocols\ExternalRadio\ExternalRadio.cpp.o
Compiling runs\pr1-board-test\build\rx\rf_rx_compile\lib200\RadioLib\protocols\FSK4\FSK4.cpp.o
Compiling runs\pr1-board-test\build\rx\rf_rx_compile\lib200\RadioLib\protocols\Hellschreiber\Hellschreiber.cpp.o
Compiling runs\pr1-board-test\build\rx\rf_rx_compile\lib200\RadioLib\protocols\LoRaWAN\LoRaWAN.cpp.o
Compiling runs\pr1-board-test\build\rx\rf_rx_compile\lib200\RadioLib\protocols\LoRaWAN\LoRaWANBands.cpp.o
Compiling runs\pr1-board-test\build\rx\rf_rx_compile\lib200\RadioLib\protocols\LoRaWAN\LoRaWANPacMan.cpp.o
Compiling runs\pr1-board-test\build\rx\rf_rx_compile\lib200\RadioLib\protocols\LoRaWAN\LoRaWANPackageTS003.cpp.o
Compiling runs\pr1-board-test\build\rx\rf_rx_compile\lib200\RadioLib\protocols\LoRaWAN\LoRaWANPackageTS009.cpp.o
Compiling runs\pr1-board-test\build\rx\rf_rx_compile\lib200\RadioLib\protocols\Morse\Morse.cpp.o
Compiling runs\pr1-board-test\build\rx\rf_rx_compile\lib200\RadioLib\protocols\Pager\Pager.cpp.o
Compiling runs\pr1-board-test\build\rx\rf_rx_compile\lib200\RadioLib\protocols\PhysicalLayer\PhysicalLayer.cpp.o
Compiling runs\pr1-board-test\build\rx\rf_rx_compile\lib200\RadioLib\protocols\Print\ITA2String.cpp.o
Compiling runs\pr1-board-test\build\rx\rf_rx_compile\lib200\RadioLib\protocols\Print\Print.cpp.o
Compiling runs\pr1-board-test\build\rx\rf_rx_compile\lib200\RadioLib\protocols\RTTY\RTTY.cpp.o
Compiling runs\pr1-board-test\build\rx\rf_rx_compile\lib200\RadioLib\protocols\SSTV\SSTV.cpp.o
Compiling runs\pr1-board-test\build\rx\rf_rx_compile\lib200\RadioLib\utils\BCH.cpp.o
Compiling runs\pr1-board-test\build\rx\rf_rx_compile\lib200\RadioLib\utils\CRC.cpp.o
Compiling runs\pr1-board-test\build\rx\rf_rx_compile\lib200\RadioLib\utils\ConvCode.cpp.o
Compiling runs\pr1-board-test\build\rx\rf_rx_compile\lib200\RadioLib\utils\Cryptography.cpp.o
Compiling runs\pr1-board-test\build\rx\rf_rx_compile\lib200\RadioLib\utils\Utils.cpp.o
Compiling runs\pr1-board-test\build\rx\rf_rx_compile\FrameworkArduino\Esp.cpp.o
Compiling runs\pr1-board-test\build\rx\rf_rx_compile\FrameworkArduino\FirmwareMSC.cpp.o
Compiling runs\pr1-board-test\build\rx\rf_rx_compile\FrameworkArduino\FunctionalInterrupt.cpp.o
Compiling runs\pr1-board-test\build\rx\rf_rx_compile\FrameworkArduino\HWCDC.cpp.o
Compiling runs\pr1-board-test\build\rx\rf_rx_compile\FrameworkArduino\HardwareSerial.cpp.o
Compiling runs\pr1-board-test\build\rx\rf_rx_compile\FrameworkArduino\IPAddress.cpp.o
Compiling runs\pr1-board-test\build\rx\rf_rx_compile\FrameworkArduino\IPv6Address.cpp.o
Compiling runs\pr1-board-test\build\rx\rf_rx_compile\FrameworkArduino\MD5Builder.cpp.o
Compiling runs\pr1-board-test\build\rx\rf_rx_compile\FrameworkArduino\Print.cpp.o
Compiling runs\pr1-board-test\build\rx\rf_rx_compile\FrameworkArduino\Stream.cpp.o
Compiling runs\pr1-board-test\build\rx\rf_rx_compile\FrameworkArduino\StreamString.cpp.o
Compiling runs\pr1-board-test\build\rx\rf_rx_compile\FrameworkArduino\Tone.cpp.o
Archiving runs\pr1-board-test\build\rx\rf_rx_compile\lib200\libRadioLib.a
Compiling runs\pr1-board-test\build\rx\rf_rx_compile\FrameworkArduino\USB.cpp.o
Compiling runs\pr1-board-test\build\rx\rf_rx_compile\FrameworkArduino\USBCDC.cpp.o
Compiling runs\pr1-board-test\build\rx\rf_rx_compile\FrameworkArduino\USBMSC.cpp.o
Compiling runs\pr1-board-test\build\rx\rf_rx_compile\FrameworkArduino\WMath.cpp.o
Compiling runs\pr1-board-test\build\rx\rf_rx_compile\FrameworkArduino\WString.cpp.o
Compiling runs\pr1-board-test\build\rx\rf_rx_compile\FrameworkArduino\base64.cpp.o
Compiling runs\pr1-board-test\build\rx\rf_rx_compile\FrameworkArduino\cbuf.cpp.o
Compiling runs\pr1-board-test\build\rx\rf_rx_compile\FrameworkArduino\esp32-hal-adc.c.o
Compiling runs\pr1-board-test\build\rx\rf_rx_compile\FrameworkArduino\esp32-hal-bt.c.o
Compiling runs\pr1-board-test\build\rx\rf_rx_compile\FrameworkArduino\esp32-hal-cpu.c.o
Compiling runs\pr1-board-test\build\rx\rf_rx_compile\FrameworkArduino\esp32-hal-dac.c.o
Compiling runs\pr1-board-test\build\rx\rf_rx_compile\FrameworkArduino\esp32-hal-gpio.c.o
Compiling runs\pr1-board-test\build\rx\rf_rx_compile\FrameworkArduino\esp32-hal-i2c-slave.c.o
Compiling runs\pr1-board-test\build\rx\rf_rx_compile\FrameworkArduino\esp32-hal-i2c.c.o
Compiling runs\pr1-board-test\build\rx\rf_rx_compile\FrameworkArduino\esp32-hal-ledc.c.o
Compiling runs\pr1-board-test\build\rx\rf_rx_compile\FrameworkArduino\esp32-hal-matrix.c.o
Compiling runs\pr1-board-test\build\rx\rf_rx_compile\FrameworkArduino\esp32-hal-misc.c.o
Compiling runs\pr1-board-test\build\rx\rf_rx_compile\FrameworkArduino\esp32-hal-psram.c.o
Compiling runs\pr1-board-test\build\rx\rf_rx_compile\FrameworkArduino\esp32-hal-rgb-led.c.o
Compiling runs\pr1-board-test\build\rx\rf_rx_compile\FrameworkArduino\esp32-hal-rmt.c.o
Compiling runs\pr1-board-test\build\rx\rf_rx_compile\FrameworkArduino\esp32-hal-sigmadelta.c.o
Compiling runs\pr1-board-test\build\rx\rf_rx_compile\FrameworkArduino\esp32-hal-spi.c.o
Compiling runs\pr1-board-test\build\rx\rf_rx_compile\FrameworkArduino\esp32-hal-time.c.o
Compiling runs\pr1-board-test\build\rx\rf_rx_compile\FrameworkArduino\esp32-hal-timer.c.o
Compiling runs\pr1-board-test\build\rx\rf_rx_compile\FrameworkArduino\esp32-hal-tinyusb.c.o
Compiling runs\pr1-board-test\build\rx\rf_rx_compile\FrameworkArduino\esp32-hal-touch.c.o
Compiling runs\pr1-board-test\build\rx\rf_rx_compile\FrameworkArduino\esp32-hal-uart.c.o
Compiling runs\pr1-board-test\build\rx\rf_rx_compile\FrameworkArduino\firmware_msc_fat.c.o
Compiling runs\pr1-board-test\build\rx\rf_rx_compile\FrameworkArduino\libb64\cdecode.c.o
Compiling runs\pr1-board-test\build\rx\rf_rx_compile\FrameworkArduino\libb64\cencode.c.o
Compiling runs\pr1-board-test\build\rx\rf_rx_compile\FrameworkArduino\main.cpp.o
Compiling runs\pr1-board-test\build\rx\rf_rx_compile\FrameworkArduino\stdlib_noniso.c.o
Compiling runs\pr1-board-test\build\rx\rf_rx_compile\FrameworkArduino\wiring_pulse.c.o
Compiling runs\pr1-board-test\build\rx\rf_rx_compile\FrameworkArduino\wiring_shift.c.o
C:/Users/USER/.platformio/packages/framework-arduinoespressif32/cores/esp32/esp32-hal-uart.c: In function 'uartSetPins'
:
C:/Users/USER/.platformio/packages/framework-arduinoespressif32/cores/esp32/esp32-hal-uart.c:153:9: warning: 'return' w
ith no value, in function returning non-void
         return;
         ^~~~~~
C:/Users/USER/.platformio/packages/framework-arduinoespressif32/cores/esp32/esp32-hal-uart.c:149:6: note: declared here
 bool uartSetPins(uint8_t uart_num, int8_t rxPin, int8_t txPin, int8_t ctsPin, int8_t rtsPin)
      ^~~~~~~~~~~
Archiving runs\pr1-board-test\build\rx\rf_rx_compile\libFrameworkArduino.a
Linking runs\pr1-board-test\build\rx\rf_rx_compile\firmware.elf
Retrieving maximum program size runs\pr1-board-test\build\rx\rf_rx_compile\firmware.elf
Checking size runs\pr1-board-test\build\rx\rf_rx_compile\firmware.elf
Advanced Memory Usage is available via "PlatformIO Home > Project Inspect"
RAM:   [=         ]   7.5% (used 24540 bytes from 327680 bytes)
Flash: [=         ]   9.6% (used 301101 bytes from 3145728 bytes)
Building runs\pr1-board-test\build\rx\rf_rx_compile\firmware.bin
esptool.py v4.5.1
Creating esp32s3 image...
Merged 2 ELF sections
Successfully created esp32s3 image.
======================== [SUCCESS] Took 140.56 seconds ========================

Environment    Status    Duration
-------------  --------  ------------
rf_rx_compile  SUCCESS   00:02:20.555
========================= 1 succeeded in 00:02:20.555 =========================
NotPlatformIOProjectError: Not a PlatformIO project. `platformio.ini` file has not been found in current working direct
ory (runs\pr1-board-test\generated). To initialize new project please use `platformio project init` command
{
  "session": {
    "schema_version": 1,
    "created_utc": "2026-09-29T08:59:52.851973Z",
    "firmware_sha": "d1b7ec2b1130fd63fb0eb11fd900b0622766f14c",
    "target_packets": 1000,
    "sweep_gaps_us": [
      5000,
      1000,
      500,
      300,
      250,
      225,
      200,
      175,
      150,
      125,
      0
    ],
    "ports": {
      "rx": "COM3",
      "tx": "COM4"
    },
    "serial_baud": 115200,
    "build_identity": {
      "source_head_sha": "b7c4dee978ce0dbec852a7b077a3a157a7da0c20",
      "frozen_firmware_sha": "d1b7ec2b1130fd63fb0eb11fd900b0622766f14c",
      "git_dirty": false,
      "platformio_version": "PlatformIO Core, version 6.1.19",
      "platformio_ini_sha256": "6f79f96979b96bf460260b1c13cdf85e16b6d647f183232e921e72e0bde094a3",
      "controller_file_sha256": "cc7f1e7bf1d1840de3e8485fb72f2d5e6467010b5c7957debc8cc4739d0748de"
    },
    "evidence_boundary": "host_orchestration_only_frozen_rf_baseline_unchanged",
    "session_id": "pr1-20260929T085952.851973Z"
  },
  "prebuild_requested": true,
  "build_results": {
    "created_utc": "2026-09-29T09:02:54.888604Z",
    "builds": [
      {
        "environment": "safe",
        "gap_us": null,
        "returncode": 0,
        "build_dir": "runs\\pr1-board-test\\build\\safe"
      },
      {
        "environment": "rf_rx_compile",
        "gap_us": null,
        "returncode": 0,
        "build_dir": "runs\\pr1-board-test\\build\\rx"
      },
      {
        "environment": "rf_tx_compile",
        "gap_us": 5000,
        "returncode": 1,
        "build_dir": "runs\\pr1-board-test\\build\\tx-5000us"
      }
    ]
  }
}
