ESP-ROM:esp32s3-20210327
Build:Mar 27 2021
rst:0x15 (USB_UART_CHIP_RESET),boot:0x38 (SPI_FAST_FLASH_BOOT)
Saved PC:0x42028b26
SPIWP:0xee
mode:DIO, clock div:1
load:0x3fce3808,len:0x44c
load:0x403c9700,len:0xbd8
load:0x403cc700,len:0x2a80
entry 0x403c98d0
PR1_RUNTIME_BOOT
runtime_profile=phase1-fixed-flrc-tx
runtime_role=tx
board_family=LILYGO T3-S3-MVSRBoard
board_reference_revision=V1.1 upstream reference
radio_target=SX1280
upstream_reference_commit=840a2e788b3192c4e9bddf0640c1ecaf703c2598
hardware_verified=0
protocol_version=1
protocol_header_bytes=16
rf_enabled=1
sx1280_spi_hz=2000000
sx1280_cs=7
sx1280_rst=8
sx1280_sclk=5
sx1280_mosi=6
sx1280_miso=3
sx1280_dio1=9
sx1280_busy=36
sx1280_tx_enable=10
sx1280_rx_enable=21
PR1_FIXED_FLRC_PROFILE
frequency_mhz=2404.000
bitrate_kbps=1300
coding_rate=3
output_dbm=0
tx_gap_us=150
packet_bytes=116
adaptive_layers=channel_map
ctrl_plane_core=0
afh_enabled=1
afh_session_id=1
afh_session_seed=0x5052314441525431
afh_map_version=1
afh_active_channels=40
afh_resync_after_misses=8
afh_rendezvous_first=20
adaptive_map=1
map_lead_frames=600
map_guard_frames=100
quality_cfg=fast_shift:2,slow_shift:5,suspect_q15:30000,exclude_q15:27853,recover_q15:30720,suspect_losses:2,exclude_losses:4,recover_successes:3,probe_ms:200-3200,min_active:12
afh_schedule_fp=18,21,5,3,0,6,29,20,36,25,9,24,14,28,37,17,30,10,32,26,31,7,22,35,16,1,2,12,39,13,15,11,38,19,33,23,34,4,27,8,16,19,10,17,24,21,5,14
PR1_RUNTIME_LIVE_READY
PR1T v=1 t_us=34889706 field=device_state value=2
PR1T v=1 t_us=34889706 field=scheduler_misses value=0
PR1T v=1 t_us=34889706 field=trace_overwrites value=34357
PR1T v=1 t_us=34889706 field=capability_mask value=12
PR1H t_us=35866689 session_id=1 map_version=16 locked=0 channel=5 logical=11821 retunes=11821 retune_failures=0 standby_failures=0 timeout_advances=0 resync_entries=0 locks=0 agree=0 disagree=0 period_est_us=0 max_consecutive_timeouts=0 retune_us_p99=72 retune_us_max=104 hop_compute_us_p99=30 hop_compute_us_max=49
PR1HQ acq_anchors=0 acq_crc=0 acq_frames=0 acq_done_us=0
PR1HC ok=566,564,568,100,566,567,566,566,569,566,569,79,151,41,331,567,563,533,60,101,40,186,371,246,41,281,100,39,58,40,41,122,77,99,58,217,25,567,456,564 crc=0,0,0,0,0,0,0,0,0,0,0,0,0,0,0,0,0,0,0,0,0,0,0,0,0,0,0,0,0,0,0,0,0,0,0,0,0,0,0,0
PR1CP core=0 lines=50 parse_fail=0 in_dropped=0 out_lines=50 write_waits=0 stack_free=3312 window_waits=0 work_us_max=47
PR1QS map_version=16 active=14 bits=a0000187f7 pending=1 pending_v=17 pending_act=11932 min_active_seen=14 proposals=0 commits=25 commit_late=0 expired=0 activations=15 tx_rejects=0 outcomes_dropped=0 events=40 emit_dropped=0 activation_count=15 ctrl_us_p99=11 ctrl_us_max=11 ctrl_us_n=50 ctrl_us_p50=4 ctrl_us_p95=6
PR1QA v=2 activation=978 applied_at=978
PR1QA v=3 activation=1578 applied_at=1578
PR1QA v=4 activation=2178 applied_at=2178
PR1QA v=5 activation=2778 applied_at=2778
PR1QA v=6 activation=3378 applied_at=3378
PR1QA v=7 activation=3978 applied_at=3978
PR1QA v=8 activation=4578 applied_at=4578
PR1QA v=9 activation=5317 applied_at=5317
PR1QA v=10 activation=5987 applied_at=5987
PR1QA v=11 activation=6587 applied_at=6587
PR1QA v=12 activation=7187 applied_at=7187
PR1QA v=13 activation=8153 applied_at=8153
PR1QA v=14 activation=8753 applied_at=8753
PR1QA v=15 activation=10178 applied_at=10178
PR1QA v=16 activation=11332 applied_at=11332
PR1QC ch=0 mhz=2404 state=0 fast_q15=32767 slow_q15=32767 ok=0 crc=0 timeout=0 probe_ok=0 probe_fail=0 suspects=0 exclusions=0 reinclusions=0 last_excl_ms=0
PR1QC ch=1 mhz=2406 state=0 fast_q15=32767 slow_q15=32767 ok=0 crc=0 timeout=0 probe_ok=0 probe_fail=0 suspects=0 exclusions=0 reinclusions=0 last_excl_ms=0
PR1QC ch=2 mhz=2408 state=0 fast_q15=32767 slow_q15=32767 ok=0 crc=0 timeout=0 probe_ok=0 probe_fail=0 suspects=0 exclusions=0 reinclusions=0 last_excl_ms=0
PR1QC ch=3 mhz=2410 state=0 fast_q15=32767 slow_q15=32767 ok=0 crc=0 timeout=0 probe_ok=0 probe_fail=0 suspects=0 exclusions=0 reinclusions=0 last_excl_ms=0
PR1QC ch=4 mhz=2412 state=0 fast_q15=32767 slow_q15=32767 ok=0 crc=0 timeout=0 probe_ok=0 probe_fail=0 suspects=0 exclusions=0 reinclusions=0 last_excl_ms=0
PR1QC ch=5 mhz=2414 state=0 fast_q15=32767 slow_q15=32767 ok=0 crc=0 timeout=0 probe_ok=0 probe_fail=0 suspects=0 exclusions=0 reinclusions=0 last_excl_ms=0
PR1QC ch=6 mhz=2416 state=0 fast_q15=32767 slow_q15=32767 ok=0 crc=0 timeout=0 probe_ok=0 probe_fail=0 suspects=0 exclusions=0 reinclusions=0 last_excl_ms=0
PR1QC ch=7 mhz=2418 state=0 fast_q15=32767 slow_q15=32767 ok=0 crc=0 timeout=0 probe_ok=0 probe_fail=0 suspects=0 exclusions=0 reinclusions=0 last_excl_ms=0
PR1QC ch=8 mhz=2420 state=0 fast_q15=32767 slow_q15=32767 ok=0 crc=0 timeout=0 probe_ok=0 probe_fail=0 suspects=0 exclusions=0 reinclusions=0 last_excl_ms=0
PR1QC ch=9 mhz=2422 state=0 fast_q15=32767 slow_q15=32767 ok=0 crc=0 timeout=0 probe_ok=0 probe_fail=0 suspects=0 exclusions=0 reinclusions=0 last_excl_ms=0
PR1QC ch=10 mhz=2424 state=0 fast_q15=32767 slow_q15=32767 ok=0 crc=0 timeout=0 probe_ok=0 probe_fail=0 suspects=0 exclusions=0 reinclusions=0 last_excl_ms=0
PR1QC ch=11 mhz=2426 state=0 fast_q15=32767 slow_q15=32767 ok=0 crc=0 timeout=0 probe_ok=0 probe_fail=0 suspects=0 exclusions=0 reinclusions=0 last_excl_ms=0
PR1QC ch=12 mhz=2428 state=0 fast_q15=32767 slow_q15=32767 ok=0 crc=0 timeout=0 probe_ok=0 probe_fail=0 suspects=0 exclusions=0 reinclusions=0 last_excl_ms=0
PR1QC ch=13 mhz=2430 state=0 fast_q15=32767 slow_q15=32767 ok=0 crc=0 timeout=0 probe_ok=0 probe_fail=0 suspects=0 exclusions=0 reinclusions=0 last_excl_ms=0
PR1QC ch=14 mhz=2432 state=0 fast_q15=32767 slow_q15=32767 ok=0 crc=0 timeout=0 probe_ok=0 probe_fail=0 suspects=0 exclusions=0 reinclusions=0 last_excl_ms=0
PR1QC ch=15 mhz=2434 state=0 fast_q15=32767 slow_q15=32767 ok=0 crc=0 timeout=0 probe_ok=0 probe_fail=0 suspects=0 exclusions=0 reinclusions=0 last_excl_ms=0
PR1QC ch=16 mhz=2436 state=0 fast_q15=32767 slow_q15=32767 ok=0 crc=0 timeout=0 probe_ok=0 probe_fail=0 suspects=0 exclusions=0 reinclusions=0 last_excl_ms=0
PR1QC ch=17 mhz=2438 state=0 fast_q15=32767 slow_q15=32767 ok=0 crc=0 timeout=0 probe_ok=0 probe_fail=0 suspects=0 exclusions=0 reinclusions=0 last_excl_ms=0
PR1QC ch=18 mhz=2440 state=0 fast_q15=32767 slow_q15=32767 ok=0 crc=0 timeout=0 probe_ok=0 probe_fail=0 suspects=0 exclusions=0 reinclusions=0 last_excl_ms=0
PR1QC ch=19 mhz=2442 state=0 fast_q15=32767 slow_q15=32767 ok=0 crc=0 timeout=0 probe_ok=0 probe_fail=0 suspects=0 exclusions=0 reinclusions=0 last_excl_ms=0
PR1QC ch=20 mhz=2444 state=0 fast_q15=32767 slow_q15=32767 ok=0 crc=0 timeout=0 probe_ok=0 probe_fail=0 suspects=0 exclusions=0 reinclusions=0 last_excl_ms=0
PR1QC ch=21 mhz=2446 state=0 fast_q15=32767 slow_q15=32767 ok=0 crc=0 timeout=0 probe_ok=0 probe_fail=0 suspects=0 exclusions=0 reinclusions=0 last_excl_ms=0
PR1QC ch=22 mhz=2448 state=0 fast_q15=32767 slow_q15=32767 ok=0 crc=0 timeout=0 probe_ok=0 probe_fail=0 suspects=0 exclusions=0 reinclusions=0 last_excl_ms=0
PR1QC ch=23 mhz=2450 state=0 fast_q15=32767 slow_q15=32767 ok=0 crc=0 timeout=0 probe_ok=0 probe_fail=0 suspects=0 exclusions=0 reinclusions=0 last_excl_ms=0
PR1QC ch=24 mhz=2452 state=0 fast_q15=32767 slow_q15=32767 ok=0 crc=0 timeout=0 probe_ok=0 probe_fail=0 suspects=0 exclusions=0 reinclusions=0 last_excl_ms=0
PR1QC ch=25 mhz=2454 state=0 fast_q15=32767 slow_q15=32767 ok=0 crc=0 timeout=0 probe_ok=0 probe_fail=0 suspects=0 exclusions=0 reinclusions=0 last_excl_ms=0
PR1QC ch=26 mhz=2456 state=0 fast_q15=32767 slow_q15=32767 ok=0 crc=0 timeout=0 probe_ok=0 probe_fail=0 suspects=0 exclusions=0 reinclusions=0 last_excl_ms=0
PR1QC ch=27 mhz=2458 state=0 fast_q15=32767 slow_q15=32767 ok=0 crc=0 timeout=0 probe_ok=0 probe_fail=0 suspects=0 exclusions=0 reinclusions=0 last_excl_ms=0
PR1QC ch=28 mhz=2460 state=0 fast_q15=32767 slow_q15=32767 ok=0 crc=0 timeout=0 probe_ok=0 probe_fail=0 suspects=0 exclusions=0 reinclusions=0 last_excl_ms=0
PR1QC ch=29 mhz=2462 state=0 fast_q15=32767 slow_q15=32767 ok=0 crc=0 timeout=0 probe_ok=0 probe_fail=0 suspects=0 exclusions=0 reinclusions=0 last_excl_ms=0
PR1QC ch=30 mhz=2464 state=0 fast_q15=32767 slow_q15=32767 ok=0 crc=0 timeout=0 probe_ok=0 probe_fail=0 suspects=0 exclusions=0 reinclusions=0 last_excl_ms=0
PR1QC ch=31 mhz=2466 state=0 fast_q15=32767 slow_q15=32767 ok=0 crc=0 timeout=0 probe_ok=0 probe_fail=0 suspects=0 exclusions=0 reinclusions=0 last_excl_ms=0
PR1QC ch=32 mhz=2468 state=0 fast_q15=32767 slow_q15=32767 ok=0 crc=0 timeout=0 probe_ok=0 probe_fail=0 suspects=0 exclusions=0 reinclusions=0 last_excl_ms=0
PR1QC ch=33 mhz=2470 state=0 fast_q15=32767 slow_q15=32767 ok=0 crc=0 timeout=0 probe_ok=0 probe_fail=0 suspects=0 exclusions=0 reinclusions=0 last_excl_ms=0
PR1QC ch=34 mhz=2472 state=0 fast_q15=32767 slow_q15=32767 ok=0 crc=0 timeout=0 probe_ok=0 probe_fail=0 suspects=0 exclusions=0 reinclusions=0 last_excl_ms=0
PR1QC ch=35 mhz=2474 state=0 fast_q15=32767 slow_q15=32767 ok=0 crc=0 timeout=0 probe_ok=0 probe_fail=0 suspects=0 exclusions=0 reinclusions=0 last_excl_ms=0
PR1QC ch=36 mhz=2476 state=0 fast_q15=32767 slow_q15=32767 ok=0 crc=0 timeout=0 probe_ok=0 probe_fail=0 suspects=0 exclusions=0 reinclusions=0 last_excl_ms=0
PR1QC ch=37 mhz=2478 state=0 fast_q15=32767 slow_q15=32767 ok=0 crc=0 timeout=0 probe_ok=0 probe_fail=0 suspects=0 exclusions=0 reinclusions=0 last_excl_ms=0
PR1QC ch=38 mhz=2480 state=0 fast_q15=32767 slow_q15=32767 ok=0 crc=0 timeout=0 probe_ok=0 probe_fail=0 suspects=0 exclusions=0 reinclusions=0 last_excl_ms=0
PR1QC ch=39 mhz=2482 state=0 fast_q15=32767 slow_q15=32767 ok=0 crc=0 timeout=0 probe_ok=0 probe_fail=0 suspects=0 exclusions=0 reinclusions=0 last_excl_ms=0
PR1QE t_ms=1764 kind=5 logical=388 target=978 id=1 v=2 ch=0 value=1 bits=efffffffff
PR1QE t_ms=3530 kind=4 logical=978 target=978 id=0 v=2 ch=0 value=39 bits=efffffffff
PR1QE t_ms=3560 kind=5 logical=988 target=1578 id=2 v=3 ch=0 value=1 bits=ef96efdfff
PR1QE t_ms=5329 kind=4 logical=1578 target=1578 id=0 v=3 ch=0 value=33 bits=ef96efdfff
PR1QE t_ms=5353 kind=5 logical=1586 target=2178 id=3 v=4 ch=0 value=1 bits=eb86ebdfff
PR1QE t_ms=7122 kind=4 logical=2178 target=2178 id=0 v=4 ch=0 value=30 bits=eb86ebdfff
PR1QE t_ms=7140 kind=5 logical=2184 target=2778 id=4 v=5 ch=0 value=1 bits=ea86ebd7ff
PR1QE t_ms=8914 kind=4 logical=2778 target=2778 id=0 v=5 ch=0 value=28 bits=ea86ebd7ff
PR1QE t_ms=8940 kind=5 logical=2787 target=3378 id=5 v=6 ch=0 value=1 bits=e882e3d7f7
PR1QE t_ms=10705 kind=4 logical=3378 target=3378 id=0 v=6 ch=0 value=24 bits=e882e3d7f7
PR1QE t_ms=10734 kind=5 logical=3388 target=3978 id=6 v=7 ch=0 value=1 bits=e802e3d7f7
PR1QE t_ms=12494 kind=4 logical=3978 target=3978 id=0 v=7 ch=0 value=23 bits=e802e3d7f7
PR1QE t_ms=12530 kind=5 logical=3990 target=4578 id=7 v=8 ch=0 value=1 bits=e802e3c7f7
PR1QE t_ms=14283 kind=4 logical=4578 target=4578 id=0 v=8 ch=0 value=22 bits=e802e3c7f7
PR1QE t_ms=14310 kind=5 logical=4587 target=4878 id=8 v=8 ch=36 value=2 bits=0000000000
PR1QE t_ms=14718 kind=5 logical=4724 target=5317 id=9 v=9 ch=0 value=1 bits=e802c3c7f7
PR1QE t_ms=16486 kind=4 logical=5317 target=5317 id=0 v=9 ch=0 value=21 bits=e802c3c7f7
PR1QE t_ms=16519 kind=5 logical=5328 target=5617 id=10 v=9 ch=24 value=2 bits=0000000000
PR1QE t_ms=16716 kind=5 logical=5394 target=5987 id=11 v=10 ch=0 value=1 bits=e002c3c7f7
PR1QE t_ms=18483 kind=4 logical=5987 target=5987 id=0 v=10 ch=0 value=20 bits=e002c3c7f7
PR1QE t_ms=18510 kind=5 logical=5996 target=6587 id=12 v=11 ch=0 value=1 bits=e00243c7f7
PR1QE t_ms=20271 kind=4 logical=6587 target=6587 id=0 v=11 ch=0 value=19 bits=e00243c7f7
PR1QE t_ms=20304 kind=5 logical=6598 target=7187 id=13 v=12 ch=0 value=1 bits=e00043c7f7
PR1QE t_ms=22059 kind=4 logical=7187 target=7187 id=0 v=12 ch=0 value=18 bits=e00043c7f7
PR1QE t_ms=22077 kind=5 logical=7193 target=7487 id=14 v=12 ch=13 value=2 bits=0000000000
PR1QE t_ms=22988 kind=5 logical=7499 target=7788 id=15 v=12 ch=3 value=2 bits=0000000000
PR1QE t_ms=23170 kind=5 logical=7560 target=8153 id=16 v=13 ch=0 value=1 bits=e0004387f7
PR1QE t_ms=24936 kind=4 logical=8153 target=8153 id=0 v=13 ch=0 value=17 bits=e0004387f7
PR1QE t_ms=24969 kind=5 logical=8164 target=8753 id=17 v=14 ch=0 value=1 bits=e0000387f7
PR1QE t_ms=26723 kind=4 logical=8753 target=8753 id=0 v=14 ch=0 value=16 bits=e0000387f7
PR1QE t_ms=26753 kind=5 logical=8763 target=9053 id=18 v=14 ch=18 value=2 bits=0000000000
PR1QE t_ms=27637 kind=5 logical=9060 target=9354 id=19 v=14 ch=11 value=2 bits=0000000000
PR1QE t_ms=28549 kind=5 logical=9366 target=9655 id=20 v=14 ch=20 value=2 bits=0000000000
PR1QE t_ms=29204 kind=5 logical=9586 target=10178 id=21 v=15 ch=0 value=1 bits=a0000387f7
PR1QE t_ms=30967 kind=4 logical=10178 target=10178 id=0 v=15 ch=0 value=15 bits=a0000387f7
PR1QE t_ms=30996 kind=5 logical=10188 target=10478 id=22 v=15 ch=27 value=2 bits=0000000000
PR1QE t_ms=31892 kind=5 logical=10489 target=10779 id=23 v=15 ch=30 value=2 bits=0000000000
PR1QE t_ms=32637 kind=5 logical=10739 target=11332 id=24 v=16 ch=0 value=1 bits=a0000187f7
PR1QE t_ms=34402 kind=4 logical=11332 target=11332 id=0 v=16 ch=0 value=14 bits=a0000187f7
PR1QE t_ms=34426 kind=5 logical=11340 target=11932 id=25 v=17 ch=0 value=1 bits=a000018777
PR1QE_END
PR1HE_BEGIN total=12186 count=256
PR1HE t_us=36202171 kind=0 logical=11926 seq=11926 ch=16 rssi=0
PR1HE t_us=36205152 kind=0 logical=11927 seq=11927 ch=7 rssi=0
PR1HE t_us=36208134 kind=0 logical=11928 seq=11928 ch=6 rssi=0
PR1HE t_us=36211100 kind=0 logical=11929 seq=11929 ch=15 rssi=0
PR1HE t_us=36214083 kind=0 logical=11930 seq=11930 ch=5 rssi=0
PR1HE t_us=36217059 kind=0 logical=11931 seq=11931 ch=8 rssi=0
PR1HE t_us=36220028 kind=0 logical=11932 seq=11932 ch=0 rssi=0
PR1HE t_us=36222999 kind=0 logical=11933 seq=11933 ch=4 rssi=0
PR1HE t_us=36225973 kind=0 logical=11934 seq=11934 ch=6 rssi=0
PR1HE t_us=36228949 kind=0 logical=11935 seq=11935 ch=39 rssi=0
PR1HE t_us=36231919 kind=0 logical=11936 seq=11936 ch=9 rssi=0
PR1HE t_us=36234894 kind=0 logical=11937 seq=11937 ch=15 rssi=0
PR1HE t_us=36237866 kind=0 logical=11938 seq=11938 ch=37 rssi=0
PR1HE t_us=36240839 kind=0 logical=11939 seq=11939 ch=10 rssi=0
PR1HE t_us=36243820 kind=0 logical=11940 seq=11940 ch=1 rssi=0
PR1HE t_us=36246795 kind=0 logical=11941 seq=11941 ch=5 rssi=0
PR1HE t_us=36249774 kind=0 logical=11942 seq=11942 ch=4 rssi=0
PR1HE t_us=36252749 kind=0 logical=11943 seq=11943 ch=0 rssi=0
PR1HE t_us=36255727 kind=0 logical=11944 seq=11944 ch=8 rssi=0
PR1HE t_us=36258701 kind=0 logical=11945 seq=11945 ch=2 rssi=0
PR1HE t_us=36261673 kind=0 logical=11946 seq=11946 ch=16 rssi=0
PR1HE t_us=36264645 kind=0 logical=11947 seq=11947 ch=39 rssi=0
PR1HE t_us=36267622 kind=0 logical=11948 seq=11948 ch=8 rssi=0
PR1HE t_us=36270597 kind=0 logical=11949 seq=11949 ch=6 rssi=0
PR1HE t_us=36273574 kind=0 logical=11950 seq=11950 ch=10 rssi=0
PR1HE t_us=36276539 kind=0 logical=11951 seq=11951 ch=5 rssi=0
PR1HE t_us=36279509 kind=0 logical=11952 seq=11952 ch=9 rssi=0
PR1HE t_us=36282488 kind=0 logical=11953 seq=11953 ch=15 rssi=0
PR1HE t_us=36285469 kind=0 logical=11954 seq=11954 ch=0 rssi=0
PR1HE t_us=36288445 kind=0 logical=11955 seq=11955 ch=16 rssi=0
PR1HE t_us=36291428 kind=0 logical=11956 seq=11956 ch=37 rssi=0
PR1HE t_us=36294406 kind=0 logical=11957 seq=11957 ch=2 rssi=0
PR1HE t_us=36297382 kind=0 logical=11958 seq=11958 ch=4 rssi=0
PR1HE t_us=36300355 kind=0 logical=11959 seq=11959 ch=1 rssi=0
PR1HE t_us=36303334 kind=0 logical=11960 seq=11960 ch=9 rssi=0
PR1HE t_us=36306308 kind=0 logical=11961 seq=11961 ch=0 rssi=0
PR1HE t_us=36309286 kind=0 logical=11962 seq=11962 ch=2 rssi=0
PR1HE t_us=36312272 kind=0 logical=11963 seq=11963 ch=4 rssi=0
PR1HE t_us=36315250 kind=0 logical=11964 seq=11964 ch=8 rssi=0
PR1HE t_us=36318233 kind=0 logical=11965 seq=11965 ch=39 rssi=0
PR1HE t_us=36321213 kind=0 logical=11966 seq=11966 ch=6 rssi=0
PR1HE t_us=36324196 kind=0 logical=11967 seq=11967 ch=5 rssi=0
PR1HE t_us=36327171 kind=0 logical=11968 seq=11968 ch=10 rssi=0
PR1HE t_us=36330146 kind=0 logical=11969 seq=11969 ch=15 rssi=0
PR1HE t_us=36333121 kind=0 logical=11970 seq=11970 ch=16 rssi=0
PR1HE t_us=36336095 kind=0 logical=11971 seq=11971 ch=1 rssi=0
PR1HE t_us=36339077 kind=0 logical=11972 seq=11972 ch=37 rssi=0
PR1HE t_us=36342053 kind=0 logical=11973 seq=11973 ch=0 rssi=0
PR1HE t_us=36345028 kind=0 logical=11974 seq=11974 ch=37 rssi=0
PR1HE t_us=36347999 kind=0 logical=11975 seq=11975 ch=39 rssi=0
PR1HE t_us=36350967 kind=0 logical=11976 seq=11976 ch=4 rssi=0
PR1HE t_us=36353934 kind=0 logical=11977 seq=11977 ch=15 rssi=0
PR1HE t_us=36356908 kind=0 logical=11978 seq=11978 ch=16 rssi=0
PR1HE t_us=36359878 kind=0 logical=11979 seq=11979 ch=5 rssi=0
PR1HE t_us=36362851 kind=0 logical=11980 seq=11980 ch=1 rssi=0
PR1HE t_us=36365832 kind=0 logical=11981 seq=11981 ch=9 rssi=0
PR1HE t_us=36368806 kind=0 logical=11982 seq=11982 ch=2 rssi=0
PR1HE t_us=36371785 kind=0 logical=11983 seq=11983 ch=8 rssi=0
PR1HE t_us=36374761 kind=0 logical=11984 seq=11984 ch=6 rssi=0
PR1HE t_us=36377737 kind=0 logical=11985 seq=11985 ch=10 rssi=0
PR1HE t_us=36380717 kind=0 logical=11986 seq=11986 ch=15 rssi=0
PR1HE t_us=36383696 kind=0 logical=11987 seq=11987 ch=8 rssi=0
PR1HE t_us=36386669 kind=0 logical=11988 seq=11988 ch=0 rssi=0
PR1HE t_us=36389641 kind=0 logical=11989 seq=11989 ch=10 rssi=0
PR1HE t_us=36392615 kind=0 logical=11990 seq=11990 ch=1 rssi=0
PR1HE t_us=36395585 kind=0 logical=11991 seq=11991 ch=2 rssi=0
PR1HE t_us=36398552 kind=0 logical=11992 seq=11992 ch=37 rssi=0
PR1HE t_us=36401527 kind=0 logical=11993 seq=11993 ch=5 rssi=0
PR1HE t_us=36404505 kind=0 logical=11994 seq=11994 ch=6 rssi=0
PR1HE t_us=36407488 kind=0 logical=11995 seq=11995 ch=39 rssi=0
PR1HE t_us=36410469 kind=0 logical=11996 seq=11996 ch=4 rssi=0
PR1HE t_us=36413445 kind=0 logical=11997 seq=11997 ch=16 rssi=0
PR1HE t_us=36416428 kind=0 logical=11998 seq=11998 ch=9 rssi=0
PR1HE t_us=36419406 kind=0 logical=11999 seq=11999 ch=10 rssi=0
PR1HE t_us=36422382 kind=0 logical=12000 seq=12000 ch=15 rssi=0
PR1HE t_us=36425355 kind=0 logical=12001 seq=12001 ch=8 rssi=0
PR1HE t_us=36428334 kind=0 logical=12002 seq=12002 ch=4 rssi=0
PR1HE t_us=36431308 kind=0 logical=12003 seq=12003 ch=9 rssi=0
PR1HE t_us=36434286 kind=0 logical=12004 seq=12004 ch=16 rssi=0
PR1HE t_us=36437272 kind=0 logical=12005 seq=12005 ch=2 rssi=0
PR1HE t_us=36440250 kind=0 logical=12006 seq=12006 ch=37 rssi=0
PR1HE t_us=36443233 kind=0 logical=12007 seq=12007 ch=0 rssi=0
PR1HE t_us=36446213 kind=0 logical=12008 seq=12008 ch=1 rssi=0
PR1HE t_us=36449196 kind=0 logical=12009 seq=12009 ch=39 rssi=0
PR1HE t_us=36452171 kind=0 logical=12010 seq=12010 ch=5 rssi=0
PR1HE t_us=36455146 kind=0 logical=12011 seq=12011 ch=6 rssi=0
PR1HE t_us=36458121 kind=0 logical=12012 seq=12012 ch=5 rssi=0
PR1HE t_us=36461095 kind=0 logical=12013 seq=12013 ch=1 rssi=0
PR1HE t_us=36464077 kind=0 logical=12014 seq=12014 ch=37 rssi=0
PR1HE t_us=36467053 kind=0 logical=12015 seq=12015 ch=39 rssi=0
PR1HE t_us=36470028 kind=0 logical=12016 seq=12016 ch=16 rssi=0
PR1HE t_us=36473000 kind=0 logical=12017 seq=12017 ch=9 rssi=0
PR1HE t_us=36475974 kind=0 logical=12018 seq=12018 ch=10 rssi=0
PR1HE t_us=36478943 kind=0 logical=12019 seq=12019 ch=2 rssi=0
PR1HE t_us=36481908 kind=0 logical=12020 seq=12020 ch=6 rssi=0
PR1HE t_us=36484878 kind=0 logical=12021 seq=12021 ch=15 rssi=0
PR1HE t_us=36487851 kind=0 logical=12022 seq=12022 ch=0 rssi=0
PR1HE t_us=36490832 kind=0 logical=12023 seq=12023 ch=8 rssi=0
PR1HE t_us=36493806 kind=0 logical=12024 seq=12024 ch=4 rssi=0
PR1HE t_us=36496785 kind=0 logical=12025 seq=12025 ch=9 rssi=0
PR1HE t_us=36499761 kind=0 logical=12026 seq=12026 ch=5 rssi=0
PR1HE t_us=36502737 kind=0 logical=12027 seq=12027 ch=6 rssi=0
PR1HE t_us=36505717 kind=0 logical=12028 seq=12028 ch=15 rssi=0
PR1HE t_us=36508696 kind=0 logical=12029 seq=12029 ch=2 rssi=0
PR1HE t_us=36511669 kind=0 logical=12030 seq=12030 ch=16 rssi=0
PR1HE t_us=36514641 kind=0 logical=12031 seq=12031 ch=4 rssi=0
PR1HE t_us=36517615 kind=0 logical=12032 seq=12032 ch=0 rssi=0
PR1HE t_us=36520585 kind=0 logical=12033 seq=12033 ch=39 rssi=0
PR1HE t_us=36523552 kind=0 logical=12034 seq=12034 ch=37 rssi=0
PR1HE t_us=36526527 kind=0 logical=12035 seq=12035 ch=8 rssi=0
PR1HE t_us=36529505 kind=0 logical=12036 seq=12036 ch=10 rssi=0
PR1HE t_us=36532488 kind=0 logical=12037 seq=12037 ch=1 rssi=0
PR1HE t_us=36535469 kind=0 logical=12038 seq=12038 ch=39 rssi=0
PR1HE t_us=36538445 kind=0 logical=12039 seq=12039 ch=10 rssi=0
PR1HE t_us=36541428 kind=0 logical=12040 seq=12040 ch=2 rssi=0
PR1HE t_us=36544406 kind=0 logical=12041 seq=12041 ch=9 rssi=0
PR1HE t_us=36547382 kind=0 logical=12042 seq=12042 ch=16 rssi=0
PR1HE t_us=36550355 kind=0 logical=12043 seq=12043 ch=8 rssi=0
PR1HE t_us=36553334 kind=0 logical=12044 seq=12044 ch=0 rssi=0
PR1HE t_us=36556308 kind=0 logical=12045 seq=12045 ch=37 rssi=0
PR1HE t_us=36559286 kind=0 logical=12046 seq=12046 ch=6 rssi=0
PR1HE t_us=36562272 kind=0 logical=12047 seq=12047 ch=4 rssi=0
PR1HE t_us=36565250 kind=0 logical=12048 seq=12048 ch=15 rssi=0
PR1HE t_us=36568233 kind=0 logical=12049 seq=12049 ch=1 rssi=0
PR1HE t_us=36571213 kind=0 logical=12050 seq=12050 ch=5 rssi=0
PR1HE t_us=36574196 kind=0 logical=12051 seq=12051 ch=1 rssi=0
PR1HE t_us=36577171 kind=0 logical=12052 seq=12052 ch=37 rssi=0
PR1HE t_us=36580146 kind=0 logical=12053 seq=12053 ch=16 rssi=0
PR1HE t_us=36583121 kind=0 logical=12054 seq=12054 ch=39 rssi=0
PR1HE t_us=36586095 kind=0 logical=12055 seq=12055 ch=5 rssi=0
PR1HE t_us=36589077 kind=0 logical=12056 seq=12056 ch=0 rssi=0
PR1HE t_us=36592053 kind=0 logical=12057 seq=12057 ch=8 rssi=0
PR1HE t_us=36595028 kind=0 logical=12058 seq=12058 ch=6 rssi=0
PR1HE t_us=36598000 kind=0 logical=12059 seq=12059 ch=15 rssi=0
PR1HE t_us=36600974 kind=0 logical=12060 seq=12060 ch=4 rssi=0
PR1HE t_us=36603943 kind=0 logical=12061 seq=12061 ch=2 rssi=0
PR1HE t_us=36606914 kind=0 logical=12062 seq=12062 ch=10 rssi=0
PR1HE t_us=36609892 kind=0 logical=12063 seq=12063 ch=9 rssi=0
PR1HE t_us=36612868 kind=0 logical=12064 seq=12064 ch=1 rssi=0
PR1HE t_us=36615839 kind=0 logical=12065 seq=12065 ch=37 rssi=0
PR1HE t_us=36618820 kind=0 logical=12066 seq=12066 ch=4 rssi=0
PR1HE t_us=36621795 kind=0 logical=12067 seq=12067 ch=2 rssi=0
PR1HE t_us=36624774 kind=0 logical=12068 seq=12068 ch=39 rssi=0
PR1HE t_us=36627749 kind=0 logical=12069 seq=12069 ch=5 rssi=0
PR1HE t_us=36630727 kind=0 logical=12070 seq=12070 ch=6 rssi=0
PR1HE t_us=36633701 kind=0 logical=12071 seq=12071 ch=8 rssi=0
PR1HE t_us=36636673 kind=0 logical=12072 seq=12072 ch=16 rssi=0
PR1HE t_us=36639645 kind=0 logical=12073 seq=12073 ch=10 rssi=0
PR1HE t_us=36642622 kind=0 logical=12074 seq=12074 ch=9 rssi=0
PR1HE t_us=36645597 kind=0 logical=12075 seq=12075 ch=0 rssi=0
PR1HE t_us=36648574 kind=0 logical=12076 seq=12076 ch=15 rssi=0
PR1HE t_us=36651539 kind=0 logical=12077 seq=12077 ch=8 rssi=0
PR1HE t_us=36654515 kind=0 logical=12078 seq=12078 ch=37 rssi=0
PR1HE t_us=36657497 kind=0 logical=12079 seq=12079 ch=39 rssi=0
PR1HE t_us=36660474 kind=0 logical=12080 seq=12080 ch=9 rssi=0
PR1HE t_us=36663451 kind=0 logical=12081 seq=12081 ch=2 rssi=0
PR1HE t_us=36666427 kind=0 logical=12082 seq=12082 ch=5 rssi=0
PR1HE t_us=36669404 kind=0 logical=12083 seq=12083 ch=16 rssi=0
PR1HE t_us=36672378 kind=0 logical=12084 seq=12084 ch=0 rssi=0
PR1HE t_us=36675359 kind=0 logical=12085 seq=12085 ch=15 rssi=0
PR1HE t_us=36678334 kind=0 logical=12086 seq=12086 ch=1 rssi=0
PR1HE t_us=36681308 kind=0 logical=12087 seq=12087 ch=10 rssi=0
PR1HE t_us=36684286 kind=0 logical=12088 seq=12088 ch=6 rssi=0
PR1HE t_us=36687272 kind=0 logical=12089 seq=12089 ch=4 rssi=0
PR1HE t_us=36690250 kind=0 logical=12090 seq=12090 ch=8 rssi=0
PR1HE t_us=36693233 kind=0 logical=12091 seq=12091 ch=10 rssi=0
PR1HE t_us=36696213 kind=0 logical=12092 seq=12092 ch=2 rssi=0
PR1HE t_us=36699196 kind=0 logical=12093 seq=12093 ch=37 rssi=0
PR1HE t_us=36702171 kind=0 logical=12094 seq=12094 ch=5 rssi=0
PR1HE t_us=36705146 kind=0 logical=12095 seq=12095 ch=0 rssi=0
PR1HE t_us=36708121 kind=0 logical=12096 seq=12096 ch=16 rssi=0
PR1HE t_us=36711095 kind=0 logical=12097 seq=12097 ch=9 rssi=0
PR1HE t_us=36714077 kind=0 logical=12098 seq=12098 ch=6 rssi=0
PR1HE t_us=36717053 kind=0 logical=12099 seq=12099 ch=4 rssi=0
PR1HE t_us=36720028 kind=0 logical=12100 seq=12100 ch=39 rssi=0
PR1HE t_us=36722999 kind=0 logical=12101 seq=12101 ch=15 rssi=0
PR1HE t_us=36725967 kind=0 logical=12102 seq=12102 ch=1 rssi=0
PR1HE t_us=36728943 kind=0 logical=12103 seq=12103 ch=10 rssi=0
PR1HE t_us=36731908 kind=0 logical=12104 seq=12104 ch=8 rssi=0
PR1HE t_us=36734878 kind=0 logical=12105 seq=12105 ch=37 rssi=0
PR1HE t_us=36737851 kind=0 logical=12106 seq=12106 ch=4 rssi=0
PR1HE t_us=36740832 kind=0 logical=12107 seq=12107 ch=1 rssi=0
PR1HE t_us=36743806 kind=0 logical=12108 seq=12108 ch=16 rssi=0
PR1HE t_us=36746785 kind=0 logical=12109 seq=12109 ch=2 rssi=0
PR1HE t_us=36749761 kind=0 logical=12110 seq=12110 ch=39 rssi=0
PR1HE t_us=36752737 kind=0 logical=12111 seq=12111 ch=6 rssi=0
PR1HE t_us=36755717 kind=0 logical=12112 seq=12112 ch=15 rssi=0
PR1HE t_us=36758696 kind=0 logical=12113 seq=12113 ch=5 rssi=0
PR1HE t_us=36761669 kind=0 logical=12114 seq=12114 ch=0 rssi=0
PR1HE t_us=36764641 kind=0 logical=12115 seq=12115 ch=9 rssi=0
PR1HE t_us=36767615 kind=0 logical=12116 seq=12116 ch=39 rssi=0
PR1HE t_us=36770585 kind=0 logical=12117 seq=12117 ch=37 rssi=0
PR1HE t_us=36773545 kind=0 logical=12118 seq=12118 ch=9 rssi=0
PR1HE t_us=36776509 kind=0 logical=12119 seq=12119 ch=1 rssi=0
PR1HE t_us=36779488 kind=0 logical=12120 seq=12120 ch=0 rssi=0
PR1HE t_us=36782469 kind=0 logical=12121 seq=12121 ch=15 rssi=0
PR1HE t_us=36785445 kind=0 logical=12122 seq=12122 ch=10 rssi=0
PR1HE t_us=36788428 kind=0 logical=12123 seq=12123 ch=2 rssi=0
PR1HE t_us=36791406 kind=0 logical=12124 seq=12124 ch=8 rssi=0
PR1HE t_us=36794382 kind=0 logical=12125 seq=12125 ch=4 rssi=0
PR1HE t_us=36797355 kind=0 logical=12126 seq=12126 ch=5 rssi=0
PR1HE t_us=36800334 kind=0 logical=12127 seq=12127 ch=6 rssi=0
PR1HE t_us=36803308 kind=0 logical=12128 seq=12128 ch=16 rssi=0
PR1HE t_us=36806286 kind=0 logical=12129 seq=12129 ch=10 rssi=0
PR1HE t_us=36809272 kind=0 logical=12130 seq=12130 ch=2 rssi=0
PR1HE t_us=36812250 kind=0 logical=12131 seq=12131 ch=15 rssi=0
PR1HE t_us=36815233 kind=0 logical=12132 seq=12132 ch=9 rssi=0
PR1HE t_us=36818213 kind=0 logical=12133 seq=12133 ch=39 rssi=0
PR1HE t_us=36821196 kind=0 logical=12134 seq=12134 ch=37 rssi=0
PR1HE t_us=36824171 kind=0 logical=12135 seq=12135 ch=16 rssi=0
PR1HE t_us=36827146 kind=0 logical=12136 seq=12136 ch=4 rssi=0
PR1HE t_us=36830121 kind=0 logical=12137 seq=12137 ch=0 rssi=0
PR1HE t_us=36833095 kind=0 logical=12138 seq=12138 ch=6 rssi=0
PR1HE t_us=36836077 kind=0 logical=12139 seq=12139 ch=8 rssi=0
PR1HE t_us=36839053 kind=0 logical=12140 seq=12140 ch=1 rssi=0
PR1HE t_us=36842028 kind=0 logical=12141 seq=12141 ch=5 rssi=0
PR1HE t_us=36844999 kind=0 logical=12142 seq=12142 ch=2 rssi=0
PR1HE t_us=36847973 kind=0 logical=12143 seq=12143 ch=6 rssi=0
PR1HE t_us=36850943 kind=0 logical=12144 seq=12144 ch=9 rssi=0
PR1HE t_us=36853908 kind=0 logical=12145 seq=12145 ch=0 rssi=0
PR1HE t_us=36856878 kind=0 logical=12146 seq=12146 ch=10 rssi=0
PR1HE t_us=36859851 kind=0 logical=12147 seq=12147 ch=37 rssi=0
PR1HE t_us=36862832 kind=0 logical=12148 seq=12148 ch=1 rssi=0
PR1HE t_us=36865806 kind=0 logical=12149 seq=12149 ch=4 rssi=0
PR1HE t_us=36868785 kind=0 logical=12150 seq=12150 ch=15 rssi=0
PR1HE t_us=36871761 kind=0 logical=12151 seq=12151 ch=8 rssi=0
PR1HE t_us=36874737 kind=0 logical=12152 seq=12152 ch=5 rssi=0
PR1HE t_us=36877717 kind=0 logical=12153 seq=12153 ch=39 rssi=0
PR1HE t_us=36880696 kind=0 logical=12154 seq=12154 ch=16 rssi=0
PR1HE t_us=36883669 kind=0 logical=12155 seq=12155 ch=5 rssi=0
PR1HE t_us=36886641 kind=0 logical=12156 seq=12156 ch=39 rssi=0
PR1HE t_us=36889615 kind=0 logical=12157 seq=12157 ch=15 rssi=0
PR1HE t_us=36892585 kind=0 logical=12158 seq=12158 ch=4 rssi=0
PR1HE t_us=36895552 kind=0 logical=12159 seq=12159 ch=16 rssi=0
PR1HE t_us=36898527 kind=0 logical=12160 seq=12160 ch=0 rssi=0
PR1HE t_us=36901505 kind=0 logical=12161 seq=12161 ch=10 rssi=0
PR1HE t_us=36904488 kind=0 logical=12162 seq=12162 ch=9 rssi=0
PR1HE t_us=36907469 kind=0 logical=12163 seq=12163 ch=8 rssi=0
PR1HE t_us=36910445 kind=0 logical=12164 seq=12164 ch=37 rssi=0
PR1HE t_us=36913428 kind=0 logical=12165 seq=12165 ch=2 rssi=0
PR1HE t_us=36916406 kind=0 logical=12166 seq=12166 ch=1 rssi=0
PR1HE t_us=36919382 kind=0 logical=12167 seq=12167 ch=6 rssi=0
PR1HE t_us=36922355 kind=0 logical=12168 seq=12168 ch=0 rssi=0
PR1HE t_us=36925340 kind=0 logical=12169 seq=12169 ch=39 rssi=0
PR1HE t_us=36928317 kind=0 logical=12170 seq=12170 ch=4 rssi=0
PR1HE t_us=36931294 kind=0 logical=12171 seq=12171 ch=2 rssi=0
PR1HE t_us=36934274 kind=0 logical=12172 seq=12172 ch=15 rssi=0
PR1HE t_us=36937250 kind=0 logical=12173 seq=12173 ch=10 rssi=0
PR1HE t_us=36940233 kind=0 logical=12174 seq=12174 ch=5 rssi=0
PR1HE t_us=36943213 kind=0 logical=12175 seq=12175 ch=8 rssi=0
PR1HE t_us=36946196 kind=0 logical=12176 seq=12176 ch=1 rssi=0
PR1HE t_us=36949170 kind=0 logical=12177 seq=12177 ch=9 rssi=0
PR1HE t_us=36952146 kind=0 logical=12178 seq=12178 ch=16 rssi=0
PR1HE t_us=36955121 kind=0 logical=12179 seq=12179 ch=37 rssi=0
PR1HE t_us=36958095 kind=0 logical=12180 seq=12180 ch=6 rssi=0
PR1HE t_us=36961077 kind=0 logical=12181 seq=12181 ch=1 rssi=0
PR1HA_BEGIN total=4 kept=4
PR1HA t_us=601930 kind=9 logical=0 seq=53 ch=18 rssi=0
PR1HA t_us=34894693 kind=9 logical=11495 seq=6484 ch=9 rssi=0
PR1HA t_us=34897597 kind=10 logical=11495 seq=44 ch=9 rssi=0
PR1HA t_us=35886695 kind=9 logical=11821 seq=21475 ch=37 rssi=0
PR1HE_END
