ESP-ROM:esp32s3-20210327
Build:Mar 27 2021
rst:0x15 (USB_UART_CHIP_RESET),boot:0x18 (SPI_FAST_FLASH_BOOT)
Saved PC:0x40041a79
SPIWP:0xee
mode:DIO, clock div:1
load:0x3fce3808,len:0x44c
load:0x403c9700,len:0xbd8
load:0x403cc700,len:0x2a80
entry 0x403c98d0
PR1_RUNTIME_BOOT
runtime_profile=phase1-fixed-flrc-rx
runtime_role=rx
board_family=LILYGO T3-S3-MVSRBoard
board_reference_revision=V1.1 upstream reference
radio_target=SX1280
upstream_reference_commit=840a2e788b3192c4e9bddf0640c1ecaf703c2598
hardware_verified=0
protocol_version=1
protocol_header_bytes=16
rf_enabled=1
sx1280_spi_hz=2000000
sx1280_cs=7
sx1280_rst=8
sx1280_sclk=5
sx1280_mosi=6
sx1280_miso=3
sx1280_dio1=9
sx1280_busy=36
sx1280_tx_enable=10
sx1280_rx_enable=21
PR1_FIXED_FLRC_PROFILE
frequency_mhz=2404.000
bitrate_kbps=1300
coding_rate=3
output_dbm=0
tx_gap_us=5000
packet_bytes=116
adaptive_layers=channel_map
ctrl_plane_core=0
afh_enabled=1
afh_session_id=1
afh_session_seed=0x5052314441525431
afh_map_version=1
afh_active_channels=40
afh_resync_after_misses=8
afh_rendezvous_first=20
adaptive_map=1
map_lead_frames=600
map_guard_frames=100
quality_cfg=fast_shift:2,slow_shift:5,suspect_q15:30000,exclude_q15:22937,recover_q15:30720,suspect_losses:2,exclude_losses:4,recover_successes:3,probe_ms:3200-25600,min_active:12,exclude_slow_q15:31129,reinstate_successes:3,map_min_interval_ms:5000
afh_schedule_fp=18,21,5,3,0,6,29,20,36,25,9,24,14,28,37,17,30,10,32,26,31,7,22,35,16,1,2,12,39,13,15,11,38,19,33,23,34,4,27,8,16,19,10,17,24,21,5,14
PR1_RUNTIME_LIVE_READY
PR1T v=1 t_us=34146048 field=device_state value=2
PR1T v=1 t_us=34146048 field=rssi_dbm value=-47
PR1T v=1 t_us=34146048 field=crc_good value=11070
PR1T v=1 t_us=34146048 field=crc_bad value=25
PR1T v=1 t_us=34146048 field=missing value=66
PR1T v=1 t_us=34146048 field=queue_depth value=0
PR1T v=1 t_us=34146048 field=max_queue_depth value=1
PR1T v=1 t_us=34146048 field=irq_to_spi_us value=12
PR1T v=1 t_us=34146048 field=spi_duration_us value=1251
PR1T v=1 t_us=34146048 field=rx_processing_us value=1252
PR1T v=1 t_us=34146048 field=spi_end_to_rearm_start_us value=236
PR1T v=1 t_us=34146048 field=rx_rearm_us value=421
PR1T v=1 t_us=34146048 field=irq_to_rx_ready_us value=1892
PR1T v=1 t_us=34146048 field=trace_overwrites value=99735
PR1T v=1 t_us=34146048 field=capability_mask value=12
PR1H t_us=34456840 session_id=1 map_version=6 locked=1 channel=2 logical=11584 retunes=11219 retune_failures=0 standby_failures=0 timeout_advances=54 resync_entries=1 locks=2 agree=11141 disagree=0 period_est_us=2984 max_consecutive_timeouts=9 retune_us_p99=72 retune_us_max=74 hop_compute_us_p99=40 hop_compute_us_max=54
PR1HQ acq_anchors=1 acq_crc=0 acq_frames=33 acq_done_us=868267
PR1HC ok=334,331,331,331,331,334,332,331,332,334,332,329,331,329,335,332,330,332,329,216,217,331,331,70,64,332,332,67,26,111,161,110,329,329,326,332,334,164,328,331 crc=0,0,0,0,0,0,0,0,0,0,0,0,1,4,0,0,0,0,0,2,0,1,0,1,7,2,0,0,0,0,1,1,1,1,3,0,0,0,0,0
PR1CP core=0 lines=19 parse_fail=0 in_dropped=0 out_lines=38 write_waits=75 stack_free=2948 window_waits=1336892 work_us_max=38
PR1QS map_version=6 active=30 bits=df0667ffff pending=1 pending_v=7 pending_act=11733 min_active_seen=30 proposals=19 commits=19 commit_late=0 expired=0 activations=5 tx_rejects=0 outcomes_dropped=0 events=158 emit_dropped=0 activation_count=5 ctrl_us_p99=7 ctrl_us_max=7 ctrl_us_n=19 ctrl_us_p50=5 ctrl_us_p95=7
PR1QA v=2 activation=1431 applied_at=1431
PR1QA v=3 activation=3103 applied_at=3103
PR1QA v=4 activation=4774 applied_at=4774
PR1QA v=5 activation=6447 applied_at=6447
PR1QA v=6 activation=8121 applied_at=8121
PR1QC ch=0 mhz=2404 state=0 fast_q15=32767 slow_q15=32767 ok=334 crc=0 timeout=0 probe_ok=0 probe_fail=0 suspects=0 exclusions=0 reinclusions=0 last_excl_ms=0
PR1QC ch=1 mhz=2406 state=0 fast_q15=32767 slow_q15=32767 ok=331 crc=0 timeout=0 probe_ok=0 probe_fail=0 suspects=0 exclusions=0 reinclusions=0 last_excl_ms=0
PR1QC ch=2 mhz=2408 state=1 fast_q15=28159 slow_q15=31806 ok=331 crc=0 timeout=1 probe_ok=0 probe_fail=0 suspects=1 exclusions=0 reinclusions=0 last_excl_ms=0
PR1QC ch=3 mhz=2410 state=0 fast_q15=32767 slow_q15=32767 ok=331 crc=0 timeout=0 probe_ok=0 probe_fail=0 suspects=0 exclusions=0 reinclusions=0 last_excl_ms=0
PR1QC ch=4 mhz=2412 state=0 fast_q15=32767 slow_q15=32767 ok=331 crc=0 timeout=0 probe_ok=0 probe_fail=0 suspects=0 exclusions=0 reinclusions=0 last_excl_ms=0
PR1QC ch=5 mhz=2414 state=0 fast_q15=32767 slow_q15=32767 ok=334 crc=0 timeout=0 probe_ok=0 probe_fail=0 suspects=0 exclusions=0 reinclusions=0 last_excl_ms=0
PR1QC ch=6 mhz=2416 state=0 fast_q15=32767 slow_q15=32767 ok=332 crc=0 timeout=0 probe_ok=0 probe_fail=0 suspects=0 exclusions=0 reinclusions=0 last_excl_ms=0
PR1QC ch=7 mhz=2418 state=2 fast_q15=24703 slow_q15=30875 ok=331 crc=0 timeout=2 probe_ok=0 probe_fail=0 suspects=1 exclusions=1 reinclusions=0 last_excl_ms=34172
PR1QC ch=8 mhz=2420 state=0 fast_q15=32767 slow_q15=32767 ok=332 crc=0 timeout=0 probe_ok=0 probe_fail=0 suspects=0 exclusions=0 reinclusions=0 last_excl_ms=0
PR1QC ch=9 mhz=2422 state=0 fast_q15=32767 slow_q15=32767 ok=334 crc=0 timeout=0 probe_ok=0 probe_fail=0 suspects=0 exclusions=0 reinclusions=0 last_excl_ms=0
PR1QC ch=10 mhz=2424 state=0 fast_q15=32767 slow_q15=32767 ok=332 crc=0 timeout=0 probe_ok=0 probe_fail=0 suspects=0 exclusions=0 reinclusions=0 last_excl_ms=0
PR1QC ch=11 mhz=2426 state=0 fast_q15=32767 slow_q15=32767 ok=329 crc=0 timeout=0 probe_ok=0 probe_fail=0 suspects=0 exclusions=0 reinclusions=0 last_excl_ms=0
PR1QC ch=12 mhz=2428 state=0 fast_q15=32764 slow_q15=32736 ok=331 crc=1 timeout=0 probe_ok=0 probe_fail=0 suspects=1 exclusions=0 reinclusions=0 last_excl_ms=0
PR1QC ch=13 mhz=2430 state=2 fast_q15=28046 slow_q15=30722 ok=329 crc=4 timeout=1 probe_ok=0 probe_fail=0 suspects=4 exclusions=1 reinclusions=0 last_excl_ms=33100
PR1QC ch=14 mhz=2432 state=0 fast_q15=32767 slow_q15=32767 ok=335 crc=0 timeout=0 probe_ok=0 probe_fail=0 suspects=0 exclusions=0 reinclusions=0 last_excl_ms=0
PR1QC ch=15 mhz=2434 state=0 fast_q15=32767 slow_q15=32767 ok=332 crc=0 timeout=0 probe_ok=0 probe_fail=0 suspects=0 exclusions=0 reinclusions=0 last_excl_ms=0
PR1QC ch=16 mhz=2436 state=0 fast_q15=32767 slow_q15=32767 ok=330 crc=0 timeout=0 probe_ok=0 probe_fail=0 suspects=0 exclusions=0 reinclusions=0 last_excl_ms=0
PR1QC ch=17 mhz=2438 state=0 fast_q15=32767 slow_q15=32767 ok=332 crc=0 timeout=0 probe_ok=0 probe_fail=0 suspects=0 exclusions=0 reinclusions=0 last_excl_ms=0
PR1QC ch=18 mhz=2440 state=1 fast_q15=28157 slow_q15=31773 ok=329 crc=0 timeout=3 probe_ok=0 probe_fail=0 suspects=3 exclusions=0 reinclusions=0 last_excl_ms=0
PR1QC ch=19 mhz=2442 state=2 fast_q15=32764 slow_q15=32362 ok=216 crc=2 timeout=2 probe_ok=1 probe_fail=0 suspects=3 exclusions=1 reinclusions=0 last_excl_ms=19113
PR1QC ch=20 mhz=2444 state=2 fast_q15=32762 slow_q15=31996 ok=217 crc=0 timeout=3 probe_ok=1 probe_fail=0 suspects=3 exclusions=1 reinclusions=0 last_excl_ms=21718
PR1QC ch=21 mhz=2446 state=1 fast_q15=29309 slow_q15=31806 ok=331 crc=1 timeout=1 probe_ok=0 probe_fail=0 suspects=2 exclusions=0 reinclusions=0 last_excl_ms=0
PR1QC ch=22 mhz=2448 state=0 fast_q15=32764 slow_q15=32736 ok=331 crc=0 timeout=1 probe_ok=0 probe_fail=0 suspects=1 exclusions=0 reinclusions=0 last_excl_ms=0
PR1QC ch=23 mhz=2450 state=2 fast_q15=32762 slow_q15=31970 ok=70 crc=1 timeout=1 probe_ok=2 probe_fail=0 suspects=1 exclusions=1 reinclusions=0 last_excl_ms=5887
PR1QC ch=24 mhz=2452 state=2 fast_q15=32203 slow_q15=29436 ok=64 crc=7 timeout=1 probe_ok=2 probe_fail=0 suspects=1 exclusions=1 reinclusions=0 last_excl_ms=3126
PR1QC ch=25 mhz=2454 state=0 fast_q15=32506 slow_q15=32028 ok=332 crc=2 timeout=0 probe_ok=0 probe_fail=0 suspects=2 exclusions=0 reinclusions=0 last_excl_ms=0
PR1QC ch=26 mhz=2456 state=1 fast_q15=29309 slow_q15=31565 ok=332 crc=0 timeout=3 probe_ok=0 probe_fail=0 suspects=3 exclusions=0 reinclusions=0 last_excl_ms=0
PR1QC ch=27 mhz=2458 state=2 fast_q15=31873 slow_q15=30613 ok=67 crc=0 timeout=4 probe_ok=1 probe_fail=0 suspects=3 exclusions=1 reinclusions=0 last_excl_ms=7304
PR1QC ch=28 mhz=2460 state=2 fast_q15=32161 slow_q15=30804 ok=26 crc=0 timeout=3 probe_ok=1 probe_fail=0 suspects=1 exclusions=1 reinclusions=0 last_excl_ms=2316
PR1QC ch=29 mhz=2462 state=2 fast_q15=26513 slow_q15=30457 ok=111 crc=0 timeout=7 probe_ok=1 probe_fail=0 suspects=3 exclusions=1 reinclusions=0 last_excl_ms=8159
PR1QC ch=30 mhz=2464 state=2 fast_q15=31948 slow_q15=30257 ok=161 crc=1 timeout=5 probe_ok=1 probe_fail=0 suspects=3 exclusions=1 reinclusions=0 last_excl_ms=15540
PR1QC ch=31 mhz=2466 state=2 fast_q15=32656 slow_q15=31620 ok=110 crc=1 timeout=3 probe_ok=1 probe_fail=0 suspects=2 exclusions=1 reinclusions=0 last_excl_ms=9283
PR1QC ch=32 mhz=2468 state=0 fast_q15=32704 slow_q15=32137 ok=329 crc=1 timeout=1 probe_ok=0 probe_fail=0 suspects=2 exclusions=0 reinclusions=0 last_excl_ms=0
PR1QC ch=33 mhz=2470 state=1 fast_q15=29309 slow_q15=31776 ok=329 crc=1 timeout=1 probe_ok=0 probe_fail=0 suspects=2 exclusions=0 reinclusions=0 last_excl_ms=0
PR1QC ch=34 mhz=2472 state=2 fast_q15=27335 slow_q15=30516 ok=326 crc=3 timeout=2 probe_ok=0 probe_fail=0 suspects=5 exclusions=1 reinclusions=0 last_excl_ms=34334
PR1QC ch=35 mhz=2474 state=2 fast_q15=24702 slow_q15=30846 ok=332 crc=0 timeout=3 probe_ok=0 probe_fail=0 suspects=2 exclusions=1 reinclusions=0 last_excl_ms=34178
PR1QC ch=36 mhz=2476 state=0 fast_q15=32767 slow_q15=32767 ok=334 crc=0 timeout=0 probe_ok=0 probe_fail=0 suspects=0 exclusions=0 reinclusions=0 last_excl_ms=0
PR1QC ch=37 mhz=2478 state=2 fast_q15=32764 slow_q15=32353 ok=164 crc=0 timeout=2 probe_ok=2 probe_fail=0 suspects=2 exclusions=1 reinclusions=0 last_excl_ms=14414
PR1QC ch=38 mhz=2480 state=0 fast_q15=32764 slow_q15=32733 ok=328 crc=0 timeout=2 probe_ok=0 probe_fail=0 suspects=2 exclusions=0 reinclusions=0 last_excl_ms=0
PR1QC ch=39 mhz=2482 state=1 fast_q15=28159 slow_q15=31806 ok=331 crc=0 timeout=1 probe_ok=0 probe_fail=0 suspects=1 exclusions=0 reinclusions=0 last_excl_ms=0
PR1QE t_ms=1188 kind=7 logical=453 target=0 id=0 v=1 ch=29 value=0 bits=0000000000
PR1QE t_ms=1801 kind=7 logical=658 target=0 id=0 v=1 ch=31 value=0 bits=0000000000
PR1QE t_ms=1855 kind=11 logical=676 target=0 id=0 v=1 ch=29 value=0 bits=0000000000
PR1QE t_ms=2130 kind=7 logical=768 target=0 id=0 v=1 ch=38 value=0 bits=0000000000
PR1QE t_ms=2220 kind=7 logical=798 target=0 id=0 v=1 ch=28 value=0 bits=0000000000
PR1QE t_ms=2316 kind=8 logical=830 target=0 id=0 v=1 ch=28 value=2 bits=0000000000
PR1QE t_ms=2317 kind=0 logical=831 target=1431 id=1 v=2 ch=0 value=1 bits=ffefffffff
PR1QE t_ms=2324 kind=1 logical=833 target=1431 id=1 v=2 ch=0 value=1 bits=ffefffffff
PR1QE t_ms=2372 kind=11 logical=849 target=0 id=0 v=1 ch=31 value=0 bits=0000000000
PR1QE t_ms=2567 kind=7 logical=914 target=0 id=0 v=1 ch=24 value=0 bits=0000000000
PR1QE t_ms=2758 kind=11 logical=978 target=0 id=0 v=1 ch=38 value=0 bits=0000000000
PR1QE t_ms=3008 kind=7 logical=1062 target=0 id=0 v=1 ch=21 value=0 bits=0000000000
PR1QE t_ms=3126 kind=8 logical=1101 target=0 id=0 v=1 ch=24 value=2 bits=0000000000
PR1QE t_ms=3246 kind=7 logical=1141 target=0 id=0 v=1 ch=30 value=0 bits=0000000000
PR1QE t_ms=3569 kind=7 logical=1249 target=0 id=0 v=1 ch=22 value=0 bits=0000000000
PR1QE t_ms=3593 kind=11 logical=1257 target=0 id=0 v=1 ch=21 value=0 bits=0000000000
PR1QE t_ms=3817 kind=11 logical=1332 target=0 id=0 v=1 ch=30 value=0 bits=0000000000
PR1QE t_ms=4111 kind=4 logical=1431 target=1431 id=0 v=2 ch=0 value=39 bits=ffefffffff
PR1QE t_ms=4158 kind=7 logical=1446 target=0 id=0 v=2 ch=27 value=0 bits=0000000000
PR1QE t_ms=4242 kind=11 logical=1474 target=0 id=0 v=2 ch=22 value=0 bits=0000000000
PR1QE t_ms=4744 kind=11 logical=1642 target=0 id=0 v=2 ch=27 value=0 bits=0000000000
PR1QE t_ms=4771 kind=7 logical=1651 target=0 id=0 v=2 ch=29 value=0 bits=0000000000
PR1QE t_ms=4984 kind=7 logical=1722 target=0 id=0 v=2 ch=19 value=0 bits=0000000000
PR1QE t_ms=5333 kind=11 logical=1839 target=0 id=0 v=2 ch=29 value=0 bits=0000000000
PR1QE t_ms=5474 kind=7 logical=1886 target=0 id=0 v=2 ch=34 value=0 bits=0000000000
PR1QE t_ms=5570 kind=11 logical=1918 target=0 id=0 v=2 ch=19 value=0 bits=0000000000
PR1QE t_ms=5632 kind=7 logical=1939 target=0 id=0 v=2 ch=23 value=0 bits=0000000000
PR1QE t_ms=5887 kind=8 logical=2024 target=0 id=0 v=2 ch=23 value=2 bits=0000000000
PR1QE t_ms=6018 kind=11 logical=2068 target=0 id=0 v=2 ch=34 value=0 bits=0000000000
PR1QE t_ms=6512 kind=7 logical=2233 target=0 id=0 v=2 ch=27 value=0 bits=0000000000
PR1QE t_ms=7173 kind=11 logical=2454 target=0 id=0 v=2 ch=27 value=0 bits=0000000000
PR1QE t_ms=7230 kind=7 logical=2473 target=0 id=0 v=2 ch=27 value=0 bits=0000000000
PR1QE t_ms=7304 kind=8 logical=2498 target=0 id=0 v=2 ch=27 value=2 bits=0000000000
PR1QE t_ms=7318 kind=0 logical=2503 target=3103 id=2 v=3 ch=0 value=1 bits=ffe67fffff
PR1QE t_ms=7336 kind=1 logical=2509 target=3103 id=2 v=3 ch=0 value=1 bits=ffe67fffff
PR1QE t_ms=7523 kind=7 logical=2571 target=0 id=0 v=2 ch=20 value=0 bits=0000000000
PR1QE t_ms=7850 kind=7 logical=2680 target=0 id=0 v=2 ch=29 value=0 bits=0000000000
PR1QE t_ms=8011 kind=11 logical=2734 target=0 id=0 v=2 ch=20 value=0 bits=0000000000
PR1QE t_ms=8159 kind=8 logical=2783 target=0 id=0 v=2 ch=29 value=2 bits=0000000000
PR1QE t_ms=8459 kind=7 logical=2883 target=0 id=0 v=2 ch=26 value=0 bits=0000000000
PR1QE t_ms=8678 kind=7 logical=2956 target=0 id=0 v=2 ch=31 value=0 bits=0000000000
PR1QE t_ms=8986 kind=11 logical=3059 target=0 id=0 v=2 ch=26 value=0 bits=0000000000
PR1QE t_ms=9117 kind=4 logical=3103 target=3103 id=0 v=3 ch=0 value=36 bits=ffe67fffff
PR1QE t_ms=9283 kind=8 logical=3158 target=0 id=0 v=3 ch=31 value=2 bits=0000000000
PR1QE t_ms=9531 kind=7 logical=3241 target=0 id=0 v=3 ch=13 value=0 bits=0000000000
PR1QE t_ms=9582 kind=7 logical=3258 target=0 id=0 v=3 ch=18 value=0 bits=0000000000
PR1QE t_ms=10126 kind=11 logical=3440 target=0 id=0 v=3 ch=13 value=0 bits=0000000000
PR1QE t_ms=10143 kind=11 logical=3446 target=0 id=0 v=3 ch=18 value=0 bits=0000000000
PR1QE t_ms=11807 kind=7 logical=4003 target=0 id=0 v=3 ch=19 value=0 bits=0000000000
PR1QE t_ms=12318 kind=0 logical=4174 target=4774 id=3 v=4 ch=0 value=1 bits=ff467fffff
PR1QE t_ms=12324 kind=1 logical=4176 target=4774 id=3 v=4 ch=0 value=1 bits=ff467fffff
PR1QE t_ms=12325 kind=11 logical=4176 target=0 id=0 v=3 ch=19 value=0 bits=0000000000
PR1QE t_ms=13518 kind=7 logical=4575 target=0 id=0 v=3 ch=37 value=0 bits=0000000000
PR1QE t_ms=14111 kind=4 logical=4774 target=4774 id=0 v=4 ch=0 value=34 bits=ff467fffff
PR1QE t_ms=14112 kind=0 logical=4774 target=5074 id=4 v=4 ch=24 value=2 bits=0000000000
PR1QE t_ms=14113 kind=11 logical=4774 target=0 id=0 v=4 ch=37 value=0 bits=0000000000
PR1QE t_ms=14124 kind=1 logical=4778 target=5074 id=4 v=4 ch=24 value=1 bits=0000000000
PR1QE t_ms=14131 kind=7 logical=4780 target=0 id=0 v=4 ch=30 value=0 bits=0000000000
PR1QE t_ms=14283 kind=7 logical=4831 target=0 id=0 v=4 ch=37 value=0 bits=0000000000
PR1QE t_ms=14414 kind=8 logical=4875 target=0 id=0 v=4 ch=37 value=2 bits=0000000000
PR1QE t_ms=14620 kind=11 logical=4944 target=0 id=0 v=4 ch=30 value=0 bits=0000000000
PR1QE t_ms=15009 kind=9 logical=5074 target=5074 id=0 v=4 ch=24 value=1 bits=0000000000
PR1QE t_ms=15412 kind=7 logical=5209 target=0 id=0 v=4 ch=30 value=0 bits=0000000000
PR1QE t_ms=15540 kind=8 logical=5252 target=0 id=0 v=4 ch=30 value=2 bits=0000000000
PR1QE t_ms=17318 kind=0 logical=5847 target=6447 id=5 v=5 ch=0 value=1 bits=df067fffff
PR1QE t_ms=17326 kind=1 logical=5850 target=6447 id=5 v=5 ch=0 value=1 bits=df067fffff
PR1QE t_ms=18926 kind=7 logical=6385 target=0 id=0 v=4 ch=35 value=0 bits=0000000000
PR1QE t_ms=18967 kind=7 logical=6399 target=0 id=0 v=4 ch=19 value=0 bits=0000000000
PR1QE t_ms=19109 kind=4 logical=6447 target=6447 id=0 v=5 ch=0 value=32 bits=df067fffff
PR1QE t_ms=19109 kind=0 logical=6447 target=6747 id=6 v=5 ch=23 value=2 bits=0000000000
PR1QE t_ms=19113 kind=8 logical=6448 target=0 id=0 v=5 ch=19 value=2 bits=0000000000
PR1QE t_ms=19115 kind=1 logical=6449 target=6747 id=6 v=5 ch=23 value=1 bits=0000000000
PR1QE t_ms=19394 kind=11 logical=6542 target=0 id=0 v=5 ch=35 value=0 bits=0000000000
PR1QE t_ms=20006 kind=9 logical=6747 target=6747 id=0 v=5 ch=23 value=1 bits=0000000000
PR1QE t_ms=20389 kind=7 logical=6875 target=0 id=0 v=5 ch=12 value=0 bits=0000000000
PR1QE t_ms=20640 kind=7 logical=6959 target=0 id=0 v=5 ch=20 value=0 bits=0000000000
PR1QE t_ms=20828 kind=11 logical=7022 target=0 id=0 v=5 ch=12 value=0 bits=0000000000
PR1QE t_ms=21099 kind=11 logical=7113 target=0 id=0 v=5 ch=20 value=0 bits=0000000000
PR1QE t_ms=21596 kind=7 logical=7279 target=0 id=0 v=5 ch=20 value=0 bits=0000000000
PR1QE t_ms=21640 kind=7 logical=7294 target=0 id=0 v=5 ch=13 value=0 bits=0000000000
PR1QE t_ms=21718 kind=8 logical=7320 target=0 id=0 v=5 ch=20 value=2 bits=0000000000
PR1QE t_ms=22034 kind=11 logical=7426 target=0 id=0 v=5 ch=13 value=0 bits=0000000000
PR1QE t_ms=22318 kind=0 logical=7521 target=8121 id=7 v=6 ch=0 value=1 bits=df0667ffff
PR1QE t_ms=22326 kind=1 logical=7524 target=8121 id=7 v=6 ch=0 value=1 bits=df0667ffff
PR1QE t_ms=22683 kind=7 logical=7643 target=0 id=0 v=5 ch=32 value=0 bits=0000000000
PR1QE t_ms=23020 kind=7 logical=7756 target=0 id=0 v=5 ch=18 value=0 bits=0000000000
PR1QE t_ms=23050 kind=7 logical=7766 target=0 id=0 v=5 ch=38 value=0 bits=0000000000
PR1QE t_ms=23136 kind=11 logical=7795 target=0 id=0 v=5 ch=32 value=0 bits=0000000000
PR1QE t_ms=23483 kind=11 logical=7911 target=0 id=0 v=5 ch=38 value=0 bits=0000000000
PR1QE t_ms=23489 kind=11 logical=7913 target=0 id=0 v=5 ch=18 value=0 bits=0000000000
PR1QE t_ms=23722 kind=7 logical=7991 target=0 id=0 v=5 ch=25 value=0 bits=0000000000
PR1QE t_ms=24108 kind=4 logical=8121 target=8121 id=0 v=6 ch=0 value=30 bits=df0667ffff
PR1QE t_ms=24109 kind=0 logical=8121 target=8421 id=8 v=6 ch=28 value=2 bits=0000000000
PR1QE t_ms=24113 kind=11 logical=8122 target=0 id=0 v=6 ch=25 value=0 bits=0000000000
PR1QE t_ms=24115 kind=1 logical=8123 target=8421 id=8 v=6 ch=28 value=1 bits=0000000000
PR1QE t_ms=25006 kind=9 logical=8421 target=8421 id=0 v=6 ch=28 value=1 bits=0000000000
PR1QE t_ms=25008 kind=0 logical=8422 target=8722 id=9 v=6 ch=27 value=2 bits=0000000000
PR1QE t_ms=25014 kind=1 logical=8424 target=8722 id=9 v=6 ch=27 value=1 bits=0000000000
PR1QE t_ms=25603 kind=7 logical=8621 target=0 id=0 v=6 ch=33 value=0 bits=0000000000
PR1QE t_ms=25904 kind=9 logical=8722 target=8722 id=0 v=6 ch=27 value=1 bits=0000000000
PR1QE t_ms=25906 kind=0 logical=8723 target=9023 id=10 v=6 ch=37 value=2 bits=0000000000
PR1QE t_ms=25909 kind=1 logical=8724 target=9023 id=10 v=6 ch=37 value=1 bits=0000000000
PR1QE t_ms=26080 kind=11 logical=8781 target=0 id=0 v=6 ch=33 value=0 bits=0000000000
PR1QE t_ms=26253 kind=7 logical=8839 target=0 id=0 v=6 ch=34 value=0 bits=0000000000
PR1QE t_ms=26722 kind=11 logical=8996 target=0 id=0 v=6 ch=34 value=0 bits=0000000000
PR1QE t_ms=26803 kind=9 logical=9023 target=9023 id=0 v=6 ch=37 value=1 bits=0000000000
PR1QE t_ms=26805 kind=0 logical=9024 target=9324 id=11 v=6 ch=31 value=2 bits=0000000000
PR1QE t_ms=26811 kind=1 logical=9026 target=9324 id=1PR1QE t_ms=27702 kind=9 logical=9324 target=9324 id=0 v=6 ch=31 value=1 bits=0000000000
PR1QE t_ms=27704 kind=0 logical=9325 target=9625 id=12 v=6 ch=29 value=2 bits=0000000000
PR1QE t_ms=27710 kind=1 logical=9327 target=9625 id=12 v=6 ch=29 value=1 bits=0000000000
PR1QE t_ms=28600 kind=9 logical=9625 target=9625 id=0 v=6 ch=29 value=1 bits=0000000000
PR1QE t_ms=28602 kind=0 logical=9626 target=9926 id=13 v=6 ch=24 value=2 bits=0000000000
PR1QE t_ms=28608 kind=1 logical=9628 target=9926 id=13 v=6 ch=24 value=1 bits=0000000000
PR1QE t_ms=29499 kind=9 logical=9926 target=9926 id=0 v=6 ch=24 value=1 bits=0000000000
PR1QE t_ms=29501 kind=0 logical=9927 target=10227 id=14 v=6 ch=19 value=2 bits=0000000000
PR1QE t_ms=29507 kind=1 logical=9929 target=10227 id=14 v=6 ch=19 value=1 bits=0000000000
PR1QE t_ms=30398 kind=9 logical=10227 target=10227 id=0 v=6 ch=19 value=1 bits=0000000000
PR1QE t_ms=30400 kind=0 logical=10228 target=10528 id=15 v=6 ch=23 value=2 bits=0000000000
PR1QE t_ms=30406 kind=1 logical=10230 target=10528 id=15 v=6 ch=23 value=1 bits=0000000000
PR1QE t_ms=30410 kind=7 logical=10231 target=0 id=0 v=6 ch=26 value=0 bits=0000000000
PR1QE t_ms=30870 kind=11 logical=10385 target=0 id=0 v=6 ch=26 value=0 bits=0000000000
PR1QE t_ms=31297 kind=9 logical=10528 target=10528 id=0 v=6 ch=23 value=1 bits=0000000000
PR1QE t_ms=31298 kind=0 logical=10529 target=10829 id=16 v=6 ch=30 value=2 bits=0000000000
PR1QE t_ms=31305 kind=1 logical=10531 target=10829 id=16 v=6 ch=30 value=1 bits=0000000000
PR1QE t_ms=31750 kind=7 logical=10680 target=0 id=0 v=6 ch=34 value=0 bits=0000000000
PR1QE t_ms=31858 kind=7 logical=10716 target=0 id=0 v=6 ch=13 value=0 bits=0000000000
PR1QE t_ms=32195 kind=9 logical=10829 target=10829 id=0 v=6 ch=30 value=1 bits=0000000000
PR1QE t_ms=32197 kind=0 logical=10830 target=11130 id=17 v=6 ch=37 value=2 bits=0000000000
PR1QE t_ms=32206 kind=1 logical=10833 target=11130 id=17 v=6 ch=37 value=1 bits=0000000000
PR1QE t_ms=32237 kind=11 logical=10843 target=0 id=0 v=6 ch=34 value=0 bits=0000000000
PR1QE t_ms=32321 kind=11 logical=10871 target=0 id=0 v=6 ch=13 value=0 bits=0000000000
PR1QE t_ms=32768 kind=7 logical=11021 target=0 id=0 v=6 ch=32 value=0 bits=0000000000
PR1QE t_ms=33016 kind=7 logical=11104 target=0 id=0 v=6 ch=13 value=0 bits=0000000000
PR1QE t_ms=33094 kind=9 logical=11130 target=11130 id=0 v=6 ch=37 value=1 bits=0000000000
PR1QE t_ms=33096 kind=0 logical=11131 target=11431 id=18 v=6 ch=20 value=2 bits=0000000000
PR1QE t_ms=33100 kind=8 logical=11132 target=0 id=0 v=6 ch=13 value=2 bits=0000000000
PR1QE t_ms=33102 kind=1 logical=11133 target=11431 id=18 v=6 ch=20 value=1 bits=0000000000
PR1QE t_ms=33102 kind=0 logical=11133 target=11733 id=19 v=7 ch=0 value=1 bits=df0667dfff
PR1QE t_ms=33132 kind=1 logical=11143 target=11733 id=19 v=7 ch=0 value=1 bits=df0667dfff
PR1QE t_ms=33243 kind=11 logical=11180 target=0 id=0 v=6 ch=32 value=0 bits=0000000000
PR1QE t_ms=33357 kind=7 logical=11218 target=0 id=0 v=6 ch=25 value=0 bits=0000000000
PR1QE t_ms=33551 kind=7 logical=11283 target=0 id=0 v=6 ch=34 value=0 bits=0000000000
PR1QE t_ms=33733 kind=11 logical=11344 target=0 id=0 v=6 ch=25 value=0 bits=0000000000
PR1QE t_ms=33993 kind=9 logical=11431 target=11431 id=0 v=6 ch=20 value=1 bits=0000000000
PR1QE t_ms=34061 kind=11 logical=11454 target=0 id=0 v=6 ch=34 value=0 bits=0000000000
PR1QE t_ms=34156 kind=7 logical=11483 target=0 id=0 v=6 ch=35 value=0 bits=0000000000
PR1QE t_ms=34156 kind=7 logical=11484 target=0 id=0 v=6 ch=7 value=0 bits=0000000000
PR1QE t_ms=34156 kind=7 logical=11485 target=0 id=0 v=6 ch=33 value=0 bits=0000000000
PR1QE t_ms=34157 kind=7 logical=11486 target=0 id=0 v=6 ch=21 value=0 bits=0000000000
PR1QE t_ms=34166 kind=7 logical=11489 target=0 id=0 v=6 ch=34 value=0 bits=0000000000
PR1QE t_ms=34169 kind=7 logical=11490 target=0 id=0 v=6 ch=18 value=0 bits=0000000000
PR1QE t_ms=34172 kind=8 logical=11491 target=0 id=0 v=6 ch=7 value=2 bits=0000000000
PR1QE t_ms=34175 kind=7 logical=11492 target=0 id=0 v=6 ch=2 value=0 bits=0000000000
PR1QE t_ms=34178 kind=8 logical=11493 target=0 id=0 v=6 ch=35 value=2 bits=0000000000
PR1QE t_ms=34184 kind=7 logical=11495 target=0 id=0 v=6 ch=26 value=0 bits=0000000000
PR1QE t_ms=34187 kind=7 logical=11496 target=0 id=0 v=6 ch=39 value=0 bits=0000000000
PR1QE t_ms=34334 kind=8 logical=11543 target=0 id=0 v=6 ch=34 value=2 bits=0000000000
PR1QE_END
PR1HE_BEGIN total=11538 count=256
PR1HE t_us=34835765 kind=2 logical=11711 seq=11711 ch=39 rssi=-55
PR1HE t_us=34838757 kind=2 logical=11712 seq=11712 ch=5 rssi=-44
PR1HE t_us=34841740 kind=2 logical=11713 seq=11713 ch=22 rssi=-49
PR1HE t_us=34844733 kind=2 logical=11714 seq=11714 ch=21 rssi=-53
PR1HE t_us=34847723 kind=2 logical=11715 seq=11715 ch=11 rssi=-44
PR1HE t_us=34850706 kind=2 logical=11716 seq=11716 ch=18 rssi=-47
PR1HE t_us=34853693 kind=2 logical=11717 seq=11717 ch=6 rssi=-44
PR1HE t_us=34856685 kind=2 logical=11718 seq=11718 ch=0 rssi=-44
PR1HE t_us=34859675 kind=2 logical=11719 seq=11719 ch=3 rssi=-45
PR1HE t_us=34862660 kind=2 logical=11720 seq=11720 ch=4 rssi=-44
PR1HE t_us=34865651 kind=2 logical=11721 seq=11721 ch=2 rssi=-45
PR1HE t_us=34868638 kind=2 logical=11722 seq=11722 ch=10 rssi=-44
PR1HE t_us=34871627 kind=2 logical=11723 seq=11723 ch=12 rssi=-44
PR1HE t_us=34874615 kind=2 logical=11724 seq=11724 ch=16 rssi=-46
PR1HE t_us=34877598 kind=2 logical=11725 seq=11725 ch=25 rssi=-52
PR1HE t_us=34880587 kind=2 logical=11726 seq=11726 ch=38 rssi=-54
PR1HE t_us=34883572 kind=2 logical=11727 seq=11727 ch=9 rssi=-45
PR1HE t_us=34886562 kind=2 logical=11728 seq=11728 ch=17 rssi=-47
PR1HE t_us=34889551 kind=2 logical=11729 seq=11729 ch=34 rssi=-53
PR1HE t_us=34892536 kind=2 logical=11730 seq=11730 ch=8 rssi=-45
PR1HE t_us=34895524 kind=2 logical=11731 seq=11731 ch=13 rssi=-45
PR1HE t_us=34898508 kind=2 logical=11732 seq=11732 ch=18 rssi=-47
PR1HE t_us=34901502 kind=2 logical=11733 seq=11733 ch=6 rssi=-44
PR1HE t_us=34904493 kind=2 logical=11734 seq=11734 ch=32 rssi=-53
PR1HE t_us=34907479 kind=2 logical=11735 seq=11735 ch=12 rssi=-45
PR1HE t_us=34910463 kind=2 logical=11736 seq=11736 ch=16 rssi=-46
PR1HE t_us=34913444 kind=2 logical=11737 seq=11737 ch=33 rssi=-53
PR1HE t_us=34916427 kind=2 logical=11738 seq=11738 ch=26 rssi=-53
PR1HE t_us=34919406 kind=2 logical=11739 seq=11739 ch=9 rssi=-45
PR1HE t_us=34922381 kind=2 logical=11740 seq=11740 ch=2 rssi=-45
PR1HE t_us=34925360 kind=2 logical=11741 seq=11741 ch=21 rssi=-48
PR1HE t_us=34928338 kind=2 logical=11742 seq=11742 ch=0 rssi=-45
PR1HE t_us=34931326 kind=2 logical=11743 seq=11743 ch=36 rssi=-53
PR1HE t_us=34934311 kind=2 logical=11744 seq=11744 ch=35 rssi=-53
PR1HE t_us=34937292 kind=2 logical=11745 seq=11745 ch=25 rssi=-53
PR1HE t_us=34940276 kind=2 logical=11746 seq=11746 ch=34 rssi=-53
PR1HE t_us=34943264 kind=2 logical=11747 seq=11747 ch=11 rssi=-45
PR1HE t_us=34946244 kind=2 logical=11748 seq=11748 ch=5 rssi=-44
PR1HE t_us=34949221 kind=2 logical=11749 seq=11749 ch=21 rssi=-48
PR1HE t_us=34952210 kind=2 logical=11750 seq=11750 ch=10 rssi=-45
PR1HE t_us=34955201 kind=2 logical=11751 seq=11751 ch=35 rssi=-53
PR1HE t_us=34958187 kind=2 logical=11752 seq=11752 ch=7 rssi=-44
PR1HE t_us=34961175 kind=2 logical=11753 seq=11753 ch=14 rssi=-44
PR1HE t_us=34964164 kind=2 logical=11754 seq=11754 ch=2 rssi=-45
PR1HE t_us=34967152 kind=2 logical=11755 seq=11755 ch=6 rssi=-44
PR1HE t_us=34970139 kind=2 logical=11756 seq=11756 ch=0 rssi=-45
PR1HE t_us=34973123 kind=2 logical=11757 seq=11757 ch=12 rssi=-45
PR1HE t_us=34976106 kind=2 logical=11758 seq=11758 ch=17 rssi=-46
PR1HE t_us=34979092 kind=2 logical=11759 seq=11759 ch=39 rssi=-55
PR1HE t_us=34982078 kind=2 logical=11760 seq=11760 ch=18 rssi=-47
PR1HE t_us=34985058 kind=2 logical=11761 seq=11761 ch=8 rssi=-45
PR1HE t_us=34988037 kind=2 logical=11762 seq=11762 ch=32 rssi=-53
PR1HE t_us=34991014 kind=2 logical=11763 seq=11763 ch=26 rssi=-53
PR1HE t_us=34993992 kind=3 logical=11764 seq=0 ch=22 rssi=0
PR1HE t_us=34996972 kind=2 logical=11765 seq=11765 ch=4 rssi=-44
PR1HE t_us=34999946 kind=2 logical=11766 seq=11766 ch=1 rssi=-45
PR1HE t_us=35002923 kind=2 logical=11767 seq=11767 ch=9 rssi=-44
PR1HE t_us=35005913 kind=2 logical=11768 seq=11768 ch=33 rssi=-52
PR1HE t_us=35008901 kind=2 logical=11769 seq=11769 ch=36 rssi=-53
PR1HE t_us=35011894 kind=2 logical=11770 seq=11770 ch=3 rssi=-44
PR1HE t_us=35014884 kind=2 logical=11771 seq=11771 ch=15 rssi=-47
PR1HE t_us=35017866 kind=2 logical=11772 seq=11772 ch=38 rssi=-53
PR1HE t_us=35020849 kind=2 logical=11773 seq=11773 ch=16 rssi=-47
PR1HE t_us=35023835 kind=2 logical=11774 seq=11774 ch=3 rssi=-45
PR1HE t_us=35026823 kind=2 logical=11775 seq=11775 ch=26 rssi=-52
PR1HE t_us=35029808 kind=2 logical=11776 seq=11776 ch=38 rssi=-53
PR1HE t_us=35032789 kind=2 logical=11777 seq=11777 ch=7 rssi=-45
PR1HE t_us=35035778 kind=2 logical=11778 seq=11778 ch=35 rssi=-53
PR1HE t_us=35038760 kind=2 logical=11779 seq=11779 ch=4 rssi=-44
PR1HE t_us=35041742 kind=2 logical=11780 seq=11780 ch=11 rssi=-45
PR1HE t_us=35044730 kind=2 logical=11781 seq=11781 ch=22 rssi=-50
PR1HE t_us=35047719 kind=2 logical=11782 seq=11782 ch=21 rssi=-48
PR1HE t_us=35050695 kind=2 logical=11783 seq=11783 ch=9 rssi=-44
PR1HE t_us=35053684 kind=2 logical=11784 seq=11784 ch=36 rssi=-53
PR1HE t_us=35056666 kind=2 logical=11785 seq=11785 ch=10 rssi=-45
PR1HE t_us=35059657 kind=2 logical=11786 seq=11786 ch=8 rssi=-45
PR1HE t_us=35062648 kind=2 logical=11787 seq=11787 ch=12 rssi=-45
PR1HE t_us=35065638 kind=2 logical=11788 seq=11788 ch=2 rssi=-45
PR1HE t_us=35068630 kind=2 logical=11789 seq=11789 ch=39 rssi=-54
PR1HE t_us=35071612 kind=2 logical=11790 seq=11790 ch=33 rssi=-52
PR1HE t_us=35074599 kind=2 logical=11791 seq=11791 ch=0 rssi=-44
PR1HE t_us=35077588 kind=2 logical=11792 seq=11792 ch=34 rssi=-53
PR1HE t_us=35080570 kind=2 logical=11793 seq=11793 ch=17 rssi=-47
PR1HE t_us=35083558 kind=2 logical=11794 seq=11794 ch=16 rssi=-46
PR1HE t_us=35086544 kind=2 logical=11795 seq=11795 ch=6 rssi=-44
PR1HE t_us=35089526 kind=2 logical=11796 seq=11796 ch=25 rssi=-52
PR1HE t_us=35092510 kind=2 logical=11797 seq=11797 ch=1 rssi=-45
PR1HE t_us=35095501 kind=2 logical=11798 seq=11798 ch=32 rssi=-53
PR1HE t_us=35098481 kind=2 logical=11799 seq=11799 ch=18 rssi=-47
PR1HE t_us=35101464 kind=2 logical=11800 seq=11800 ch=5 rssi=-45
PR1HE t_us=35104444 kind=2 logical=11801 seq=11801 ch=14 rssi=-45
PR1HE t_us=35107428 kind=2 logical=11802 seq=11802 ch=15 rssi=-46
PR1HE t_us=35110404 kind=2 logical=11803 seq=11803 ch=18 rssi=-47
PR1HE t_us=35113386 kind=2 logical=11804 seq=11804 ch=5 rssi=-46
PR1HE t_us=35116371 kind=2 logical=11805 seq=11805 ch=33 rssi=-52
PR1HE t_us=35119352 kind=2 logical=11806 seq=11806 ch=9 rssi=-44
PR1HE t_us=35122329 kind=2 logical=11807 seq=11807 ch=0 rssi=-44
PR1HE t_us=35125311 kind=2 logical=11808 seq=11808 ch=8 rssi=-45
PR1HE t_us=35128291 kind=2 logical=11809 seq=11809 ch=3 rssi=-44
PR1HE t_us=35131270 kind=2 logical=11810 seq=11810 ch=1 rssi=-45
PR1HE t_us=35134254 kind=2 logical=11811 seq=11811 ch=35 rssi=-52
PR1HE t_us=35137230 kind=2 logical=11812 seq=11812 ch=16 rssi=-47
PR1HE t_us=35140212 kind=2 logical=11813 seq=11813 ch=21 rssi=-48
PR1HE t_us=35143196 kind=2 logical=11814 seq=11814 ch=11 rssi=-45
PR1HE t_us=35146177 kind=2 logical=11815 seq=11815 ch=26 rssi=-53
PR1HE t_us=35149166 kind=2 logical=11816 seq=11816 ch=4 rssi=-45
PR1HE t_us=35152155 kind=2 logical=11817 seq=11817 ch=25 rssi=-52
PR1HE t_us=35155143 kind=2 logical=11818 seq=11818 ch=2 rssi=-44
PR1HE t_us=35158125 kind=2 logical=11819 seq=11819 ch=32 rssi=-53
PR1HE t_us=35161108 kind=2 logical=11820 seq=11820 ch=38 rssi=-53
PR1HE t_us=35164093 kind=2 logical=11821 seq=11821 ch=6 rssi=-44
PR1HE t_us=35167079 kind=2 logical=11822 seq=11822 ch=7 rssi=-45
PR1HE t_us=35170059 kind=2 logical=11823 seq=11823 ch=14 rssi=-45
PR1HE t_us=35173038 kind=2 logical=11824 seq=11824 ch=36 rssi=-53
PR1HE t_us=35176015 kind=2 logical=11825 seq=11825 ch=10 rssi=-45
PR1HE t_us=35178991 kind=2 logical=11826 seq=11826 ch=15 rssi=-47
PR1HE t_us=35181974 kind=2 logical=11827 seq=11827 ch=34 rssi=-53
PR1HE t_us=35184948 kind=2 logical=11828 seq=11828 ch=12 rssi=-47
PR1HE t_us=35187925 kind=2 logical=11829 seq=11829 ch=17 rssi=-47
PR1HE t_us=35190913 kind=2 logical=11830 seq=11830 ch=22 rssi=-49
PR1HE t_us=35193897 kind=2 logical=11831 seq=11831 ch=39 rssi=-55
PR1HE t_us=35196885 kind=2 logical=11832 seq=11832 ch=26 rssi=-53
PR1HE t_us=35199867 kind=2 logical=11833 seq=11833 ch=22 rssi=-49
PR1HE t_us=35202851 kind=2 logical=11834 seq=11834 ch=33 rssi=-53
PR1HE t_us=35205840 kind=2 logical=11835 seq=11835 ch=16 rssi=-46
PR1HE t_us=35208824 kind=2 logical=11836 seq=11836 ch=4 rssi=-44
PR1HE t_us=35211803 kind=2 logical=11837 seq=11837 ch=15 rssi=-46
PR1HE t_us=35214791 kind=2 logical=11838 seq=11838 ch=18 rssi=-47
PR1HE t_us=35217778 kind=2 logical=11839 seq=11839 ch=9 rssi=-45
PR1HE t_us=35220764 kind=2 logical=11840 seq=11840 ch=38 rssi=-53
PR1HE t_us=35223750 kind=2 logical=11841 seq=11841 ch=10 rssi=-45
PR1HE t_us=35226731 kind=2 logical=11842 seq=11842 ch=8 rssi=-45
PR1HE t_us=35229721 kind=2 logical=11843 seq=11843 ch=5 rssi=-44
PR1HE t_us=35232696 kind=2 logical=11844 seq=11844 ch=21 rssi=-49
PR1HE t_us=35235685 kind=2 logical=11845 seq=11845 ch=12 rssi=-45
PR1HE t_us=35238668 kind=2 logical=11846 seq=11846 ch=34 rssi=-53
PR1HE t_us=35241659 kind=2 logical=11847 seq=11847 ch=7 rssi=-45
PR1HE t_us=35244650 kind=2 logical=11848 seq=11848 ch=32 rssi=-51
PR1HE t_us=35247638 kind=2 logical=11849 seq=11849 ch=1 rssi=-45
PR1HE t_us=35250629 kind=2 logical=11850 seq=11850 ch=14 rssi=-45
PR1HE t_us=35253613 kind=2 logical=11851 seq=11851 ch=36 rssi=-53
PR1HE t_us=35256602 kind=2 logical=11852 seq=11852 ch=39 rssi=-55
PR1HE t_us=35259589 kind=2 logical=11853 seq=11853 ch=11 rssi=-45
PR1HE t_us=35262571 kind=2 logical=11854 seq=11854 ch=17 rssi=-47
PR1HE t_us=35265558 kind=2 logical=11855 seq=11855 ch=0 rssi=-45
PR1HE t_us=35268546 kind=2 logical=11856 seq=11856 ch=6 rssi=-44
PR1HE t_us=35271528 kind=2 logical=11857 seq=11857 ch=25 rssi=-52
PR1HE t_us=35274514 kind=2 logical=11858 seq=11858 ch=2 rssi=-45
PR1HE t_us=35277502 kind=2 logical=11859 seq=11859 ch=35 rssi=-53
PR1HE t_us=35280485 kind=2 logical=11860 seq=11860 ch=3 rssi=-44
PR1HE t_us=35283465 kind=2 logical=11861 seq=11861 ch=4 rssi=-44
PR1HE t_us=35286445 kind=2 logical=11862 seq=11862 ch=8 rssi=-44
PR1HE t_us=35289420 kind=2 logical=11863 seq=11863 ch=11 rssi=-45
PR1HE t_us=35292399 kind=2 logical=11864 seq=11864 ch=34 rssi=-52
PR1HE t_us=35295382 kind=2 logical=11865 seq=11865 ch=22 rssi=-49
PR1HE t_us=35298363 kind=2 logical=11866 seq=11866 ch=14 rssi=-45
PR1HE t_us=35301718 kind=5 logical=11867 seq=1 ch=38 rssi=0
PR1HE t_us=35304326 kind=2 logical=11868 seq=11868 ch=3 rssi=-44
PR1HE t_us=35307309 kind=2 logical=11869 seq=11869 ch=39 rssi=-54
PR1HE t_us=35310292 kind=2 logical=11870 seq=11870 ch=1 rssi=-45
PR1HE t_us=35313273 kind=2 logical=11871 seq=11871 ch=10 rssi=-45
PR1HE t_us=35316254 kind=2 logical=11872 seq=11872 ch=7 rssi=-45
PR1HE t_us=35319232 kind=2 logical=11873 seq=11873 ch=26 rssi=-52
PR1HE t_us=35322213 kind=2 logical=11874 seq=11874 ch=9 rssi=-45
PR1HE t_us=35325198 kind=2 logical=11875 seq=11875 ch=5 rssi=-44
PR1HE t_us=35328179 kind=2 logical=11876 seq=11876 ch=15 rssi=-47
PR1HE t_us=35331167 kind=2 logical=11877 seq=11877 ch=2 rssi=-44
PR1HE t_us=35334157 kind=2 logical=11878 seq=11878 ch=32 rssi=-51
PR1HE t_us=35337144 kind=2 logical=11879 seq=11879 ch=33 rssi=-52
PR1HE t_us=35340127 kind=2 logical=11880 seq=11880 ch=36 rssi=-53
PR1HE t_us=35343108 kind=2 logical=11881 seq=11881 ch=0 rssi=-45
PR1HE t_us=35346094 kind=2 logical=11882 seq=11882 ch=16 rssi=-46
PR1HE t_us=35349081 kind=2 logical=11883 seq=11883 ch=12 rssi=-44
PR1HE t_us=35352061 kind=2 logical=11884 seq=11884 ch=6 rssi=-44
PR1HE t_us=35355039 kind=2 logical=11885 seq=11885 ch=21 rssi=-49
PR1HE t_us=35358017 kind=3 logical=11886 seq=0 ch=18 rssi=0
PR1HE t_us=35360994 kind=2 logical=11887 seq=11887 ch=35 rssi=-53
PR1HE t_us=35363975 kind=2 logical=11888 seq=11888 ch=17 rssi=-47
PR1HE t_us=35366950 kind=2 logical=11889 seq=11889 ch=25 rssi=-51
PR1HE t_us=35369933 kind=2 logical=11890 seq=11890 ch=8 rssi=-45
PR1HE t_us=35372921 kind=2 logical=11891 seq=11891 ch=22 rssi=-50
PR1HE t_us=35375908 kind=2 logical=11892 seq=11892 ch=21 rssi=-48
PR1HE t_us=35378897 kind=2 logical=11893 seq=11893 ch=15 rssi=-45
PR1HE t_us=35381885 kind=2 logical=11894 seq=11894 ch=11 rssi=-45
PR1HE t_us=35384868 kind=2 logical=11895 seq=11895 ch=0 rssi=-45
PR1HE t_us=35387851 kind=2 logical=11896 seq=11896 ch=16 rssi=-46
PR1HE t_us=35390840 kind=2 logical=11897 seq=11897 ch=38 rssi=-53
PR1HE t_us=35393826 kind=2 logical=11898 seq=11898 ch=1 rssi=-45
PR1HE t_us=35396805 kind=2 logical=11899 seq=11899 ch=12 rssi=-45
PR1HE t_us=35399792 kind=2 logical=11900 seq=11900 ch=14 rssi=-45
PR1HE t_us=35402780 kind=2 logical=11901 seq=11901 ch=34 rssi=-53
PR1HE t_us=35405765 kind=2 logical=11902 seq=11902 ch=36 rssi=-53
PR1HE t_us=35408752 kind=2 logical=11903 seq=11903 ch=32 rssi=-51
PR1HE t_us=35411740 kind=2 logical=11904 seq=11904 ch=39 rssi=-55
PR1HE t_us=35414729 kind=2 logical=11905 seq=11905 ch=35 rssi=-52
PR1HE t_us=35417719 kind=2 logical=11906 seq=11906 ch=2 rssi=-44
PR1HE t_us=35420704 kind=2 logical=11907 seq=11907 ch=4 rssi=-44
PR1HE t_us=35423692 kind=2 logical=11908 seq=11908 ch=3 rssi=-44
PR1HE t_us=35426682 kind=2 logical=11909 seq=11909 ch=17 rssi=-47
PR1HE t_us=35429670 kind=2 logical=11910 seq=11910 ch=5 rssi=-44
PR1HE t_us=35432661 kind=2 logical=11911 seq=11911 ch=10 rssi=-45
PR1HE t_us=35435652 kind=2 logical=11912 seq=11912 ch=26 rssi=-52
PR1HE t_us=35438640 kind=2 logical=11913 seq=11913 ch=6 rssi=-44
PR1HE t_us=35441631 kind=2 logical=11914 seq=11914 ch=18 rssi=-47
PR1HE t_us=35444613 kind=2 logical=11915 seq=11915 ch=9 rssi=-44
PR1HE t_us=35447604 kind=2 logical=11916 seq=11916 ch=33 rssi=-51
PR1HE t_us=35450590 kind=2 logical=11917 seq=11917 ch=7 rssi=-44
PR1HE t_us=35453575 kind=2 logical=11918 seq=11918 ch=25 rssi=-51
PR1HE t_us=35456561 kind=2 logical=11919 seq=11919 ch=35 rssi=-53
PR1HE t_us=35459548 kind=2 logical=11920 seq=11920 ch=14 rssi=-45
PR1HE t_us=35462529 kind=2 logical=11921 seq=11921 ch=15 rssi=-45
PR1HE t_us=35465514 kind=2 logical=11922 seq=11922 ch=17 rssi=-47
PR1HE t_us=35468503 kind=2 logical=11923 seq=11923 ch=22 rssi=-53
PR1HE t_us=35471484 kind=2 logical=11924 seq=11924 ch=21 rssi=-48
PR1HE t_us=35474467 kind=2 logical=11925 seq=11925 ch=16 rssi=-46
PR1HE t_us=35477447 kind=2 logical=11926 seq=11926 ch=9 rssi=-45
PR1HE t_us=35480421 kind=2 logical=11927 seq=11927 ch=0 rssi=-45
PR1HE t_us=35483393 kind=2 logical=11928 seq=11928 ch=34 rssi=-51
PR1HE t_us=35486377 kind=2 logical=11929 seq=11929 ch=25 rssi=-53
PR1HE t_us=35489354 kind=2 logical=11930 seq=11930 ch=8 rssi=-45
PR1HE t_us=35492327 kind=2 logical=11931 seq=11931 ch=18 rssi=-47
PR1HE t_us=35495304 kind=2 logical=11932 seq=11932 ch=38 rssi=-53
PR1HE t_us=35498288 kind=2 logical=11933 seq=11933 ch=3 rssi=-44
PR1HE t_us=35501268 kind=2 logical=11934 seq=11934 ch=10 rssi=-45
PR1HE t_us=35504244 kind=2 logical=11935 seq=11935 ch=1 rssi=-44
PR1HE t_us=35507227 kind=2 logical=11936 seq=11936 ch=4 rssi=-44
PR1HE t_us=35510216 kind=2 logical=11937 seq=11937 ch=26 rssi=-51
PR1HE t_us=35513207 kind=2 logical=11938 seq=11938 ch=2 rssi=-45
PR1HE t_us=35516195 kind=2 logical=11939 seq=11939 ch=39 rssi=-55
PR1HE t_us=35519180 kind=2 logical=11940 seq=11940 ch=5 rssi=-44
PR1HE t_us=35522171 kind=2 logical=11941 seq=11941 ch=32 rssi=-53
PR1HE t_us=35525158 kind=2 logical=11942 seq=11942 ch=36 rssi=-53
PR1HE t_us=35528146 kind=2 logical=11943 seq=11943 ch=33 rssi=-51
PR1HE t_us=35531128 kind=2 logical=11944 seq=11944 ch=11 rssi=-45
PR1HE t_us=35534110 kind=2 logical=11945 seq=11945 ch=12 rssi=-45
PR1HE t_us=35537095 kind=2 logical=11946 seq=11946 ch=7 rssi=-44
PR1HE t_us=35540083 kind=2 logical=11947 seq=11947 ch=6 rssi=-44
PR1HE t_us=35543064 kind=2 logical=11948 seq=11948 ch=16 rssi=-45
PR1HE t_us=35546042 kind=2 logical=11949 seq=11949 ch=25 rssi=-51
PR1HE t_us=35549018 kind=2 logical=11950 seq=11950 ch=9 rssi=-44
PR1HE t_us=35551995 kind=2 logical=11951 seq=11951 ch=6 rssi=-44
PR1HE t_us=35554978 kind=2 logical=11952 seq=11952 ch=14 rssi=-46
PR1HE t_us=35557952 kind=2 logical=11953 seq=11953 ch=17 rssi=-46
PR1HE t_us=35560935 kind=2 logical=11954 seq=11954 ch=35 rssi=-52
PR1HE t_us=35563924 kind=2 logical=11955 seq=11955 ch=21 rssi=-49
PR1HE t_us=35566911 kind=2 logical=11956 seq=11956 ch=3 rssi=-44
PR1HE t_us=35569900 kind=2 logical=11957 seq=11957 ch=18 rssi=-47
PR1HE t_us=35573257 kind=5 logical=11958 seq=1 ch=4 rssi=0
PR1HE t_us=35576242 kind=5 logical=11959 seq=1 ch=8 rssi=0
PR1HE t_us=35579225 kind=5 logical=11960 seq=1 ch=1 rssi=0
PR1HE t_us=35582210 kind=5 logical=11961 seq=1 ch=36 rssi=0
PR1HE t_us=35585193 kind=5 logical=11962 seq=1 ch=0 rssi=0
PR1HE t_us=35588177 kind=5 logical=11963 seq=1 ch=34 rssi=0
PR1HE t_us=35591161 kind=5 logical=11964 seq=1 ch=26 rssi=0
PR1HE t_us=35594146 kind=5 logical=11965 seq=1 ch=7 rssi=0
PR1HE t_us=35597130 kind=6 logical=11967 seq=0 ch=20 rssi=0
PR1HA_BEGIN total=99 kept=99
PR1HA t_us=769508 kind=4 logical=313 seq=313 ch=20 rssi=-47
PR1HA t_us=868267 kind=7 logical=346 seq=346 ch=20 rssi=-48
PR1HA t_us=1188677 kind=5 logical=453 seq=1 ch=29 rssi=0
PR1HA t_us=1801848 kind=5 logical=658 seq=1 ch=31 rssi=0
PR1HA t_us=2130851 kind=5 logical=768 seq=1 ch=38 rssi=0
PR1HA t_us=2220634 kind=5 logical=798 seq=1 ch=28 rssi=0
PR1HA t_us=2316281 kind=5 logical=830 seq=1 ch=28 rssi=0
PR1HA t_us=2567222 kind=3 logical=914 seq=0 ch=24 rssi=0
PR1HA t_us=3008964 kind=3 logical=1062 seq=0 ch=21 rssi=0
PR1HA t_us=3037089 kind=5 logical=1071 seq=1 ch=28 rssi=0
PR1HA t_us=3126439 kind=3 logical=1101 seq=0 ch=24 rssi=0
PR1HA t_us=3246482 kind=5 logical=1141 seq=1 ch=30 rssi=0
PR1HA t_us=3398582 kind=3 logical=1192 seq=0 ch=24 rssi=0
PR1HA t_us=3569466 kind=5 logical=1249 seq=1 ch=22 rssi=0
PR1HA t_us=3892110 kind=3 logical=1357 seq=0 ch=24 rssi=0
PR1HA t_us=4158801 kind=5 logical=1446 seq=1 ch=27 rssi=0
PR1HA t_us=4771918 kind=5 logical=1651 seq=1 ch=29 rssi=0
PR1HA t_us=4984281 kind=5 logical=1722 seq=1 ch=19 rssi=0
PR1HA t_us=5474802 kind=5 logical=1886 seq=1 ch=34 rssi=0
PR1HA t_us=5632389 kind=3 logical=1939 seq=0 ch=23 rssi=0
PR1HA t_us=5887594 kind=5 logical=2024 seq=1 ch=23 rssi=0
PR1HA t_us=6512655 kind=5 logical=2233 seq=1 ch=27 rssi=0
PR1HA t_us=7056681 kind=3 logical=2415 seq=0 ch=24 rssi=0
PR1HA t_us=7230597 kind=5 logical=2473 seq=1 ch=27 rssi=0
PR1HA t_us=7463473 kind=3 logical=2551 seq=0 ch=24 rssi=0
PR1HA t_us=7523712 kind=5 logical=2571 seq=1 ch=20 rssi=0
PR1HA t_us=7817221 kind=5 logical=2669 seq=1 ch=24 rssi=0
PR1HA t_us=7850219 kind=5 logical=2680 seq=1 ch=29 rssi=0
PR1HA t_us=7921849 kind=3 logical=2704 seq=0 ch=24 rssi=0
PR1HA t_us=8159224 kind=5 logical=2783 seq=1 ch=29 rssi=0
PR1HA t_us=8255223 kind=5 logical=2815 seq=1 ch=27 rssi=0
PR1HA t_us=8459228 kind=5 logical=2883 seq=1 ch=26 rssi=0
PR1HA t_us=8678229 kind=5 logical=2956 seq=1 ch=31 rssi=0
PR1HA t_us=9083233 kind=5 logical=3091 seq=1 ch=29 rssi=0
PR1HA t_us=9283665 kind=5 logical=3158 seq=1 ch=31 rssi=0
PR1HA t_us=9531336 kind=3 logical=3241 seq=0 ch=13 rssi=0
PR1HA t_us=9582498 kind=5 logical=3258 seq=1 ch=18 rssi=0
PR1HA t_us=11807972 kind=3 logical=4003 seq=0 ch=19 rssi=0
PR1HA t_us=12486484 kind=3 logical=4230 seq=0 ch=31 rssi=0
PR1HA t_us=12490647 kind=5 logical=4231 seq=1 ch=29 rssi=0
PR1HA t_us=13518761 kind=5 logical=4575 seq=1 ch=37 rssi=0
PR1HA t_us=13987959 kind=5 logical=4732 seq=1 ch=29 rssi=0
PR1HA t_us=14131396 kind=5 logical=4780 seq=1 ch=30 rssi=0
PR1HA t_us=14283806 kind=5 logical=4831 seq=1 ch=37 rssi=0
PR1HA t_us=15412936 kind=5 logical=5209 seq=1 ch=30 rssi=0
PR1HA t_us=16894221 kind=3 logical=5705 seq=0 ch=30 rssi=0
PR1HA t_us=18128325 kind=5 logical=6118 seq=1 ch=30 rssi=0
PR1HA t_us=18191099 kind=5 logical=6139 seq=1 ch=30 rssi=0
PR1HA t_us=18926011 kind=5 logical=6385 seq=1 ch=35 rssi=0
PR1HA t_us=18967864 kind=5 logical=6399 seq=1 ch=19 rssi=0
PR1HA t_us=19113042 kind=3 logical=6448 seq=0 ch=19 rssi=0
PR1HA t_us=20389132 kind=3 logical=6875 seq=0 ch=12 rssi=0
PR1HA t_us=20640353 kind=5 logical=6959 seq=1 ch=20 rssi=0
PR1HA t_us=21596030 kind=5 logical=7279 seq=1 ch=20 rssi=0
PR1HA t_us=21640490 kind=3 logical=7294 seq=0 ch=13 rssi=0
PR1HA t_us=22683131 kind=5 logical=7643 seq=1 ch=32 rssi=0
PR1HA t_us=23020667 kind=5 logical=7756 seq=1 ch=18 rssi=0
PR1HA t_us=23050490 kind=5 logical=7766 seq=1 ch=38 rssi=0
PR1HA t_us=23722134 kind=3 logical=7991 seq=0 ch=25 rssi=0
PR1HA t_us=25603320 kind=3 logical=8621 seq=0 ch=33 rssi=0
PR1HA t_us=26253262 kind=3 logical=8839 seq=0 ch=34 rssi=0
PR1HA t_us=30410625 kind=5 logical=10231 seq=1 ch=26 rssi=0
PR1HA t_us=31750878 kind=3 logical=10680 seq=0 ch=34 rssi=0
PR1HA t_us=31858416 kind=3 logical=10716 seq=0 ch=13 rssi=0
PR1HA t_us=32768674 kind=3 logical=11021 seq=0 ch=32 rssi=0
PR1HA t_us=33016771 kind=3 logical=11104 seq=0 ch=13 rssi=0
PR1HA t_us=33357162 kind=3 logical=11218 seq=0 ch=25 rssi=0
PR1HA t_us=33551258 kind=3 logical=11283 seq=0 ch=34 rssi=0
PR1HA t_us=34156855 kind=12 logical=11483 seq=11357 ch=35 rssi=0
PR1HA t_us=9367 kind=13 logical=1297 seq=253 ch=0 rssi=440
PR1HA t_us=34156852 kind=5 logical=11483 seq=3 ch=35 rssi=0
PR1HA t_us=34157805 kind=5 logical=11486 seq=1 ch=21 rssi=0
PR1HA t_us=34166735 kind=5 logical=11489 seq=1 ch=34 rssi=0
PR1HA t_us=34169719 kind=5 logical=11490 seq=1 ch=18 rssi=0
PR1HA t_us=34172703 kind=5 logical=11491 seq=1 ch=7 rssi=0
PR1HA t_us=34175687 kind=5 logical=11492 seq=1 ch=2 rssi=0
PR1HA t_us=34178671 kind=5 logical=11493 seq=1 ch=35 rssi=0
PR1HA t_us=34181655 kind=5 logical=11494 seq=1 ch=13 rssi=0
PR1HA t_us=34184639 kind=5 logical=11495 seq=1 ch=26 rssi=0
PR1HA t_us=34187623 kind=5 logical=11496 seq=1 ch=39 rssi=0
PR1HA t_us=34190608 kind=6 logical=11498 seq=0 ch=36 rssi=0
PR1HA t_us=34253622 kind=7 logical=11516 seq=11516 ch=36 rssi=-53
PR1HA t_us=34456625 kind=8 logical=11584 seq=57 ch=255 rssi=-44
PR1HA t_us=34651896 kind=12 logical=11642 seq=65535 ch=12 rssi=0
PR1HA t_us=193236 kind=13 logical=1301 seq=286 ch=0 rssi=438
PR1HA t_us=34651943 kind=6 logical=11707 seq=0 ch=4 rssi=0
PR1HA t_us=34677572 kind=7 logical=11658 seq=11658 ch=4 rssi=-44
PR1HA t_us=34993992 kind=3 logical=11764 seq=0 ch=22 rssi=0
PR1HA t_us=35301718 kind=5 logical=11867 seq=1 ch=38 rssi=0
PR1HA t_us=35358017 kind=3 logical=11886 seq=0 ch=18 rssi=0
PR1HA t_us=35573257 kind=5 logical=11958 seq=1 ch=4 rssi=0
PR1HA t_us=35576242 kind=5 logical=11959 seq=1 ch=8 rssi=0
PR1HA t_us=35579225 kind=5 logical=11960 seq=1 ch=1 rssi=0
PR1HA t_us=35582210 kind=5 logical=11961 seq=1 ch=36 rssi=0
PR1HA t_us=35585193 kind=5 logical=11962 seq=1 ch=0 rssi=0
PR1HA t_us=35588177 kind=5 logical=11963 seq=1 ch=34 rssi=0
PR1HA t_us=35591161 kind=5 logical=11964 seq=1 ch=26 rssi=0
PR1HA t_us=35594146 kind=5 logical=11965 seq=1 ch=7 rssi=0
PR1HA t_us=35597130 kind=6 logical=11967 seq=0 ch=20 rssi=0
PR1HE_END
