ESP-ROM:esp32s3-20210327
Build:Mar 27 2021
rst:0x15 (USB_UART_CHIP_RESET),boot:0x38 (SPI_FAST_FLASH_BOOT)
Saved PC:0x420271be
SPIWP:0xee
mode:DIO, clock div:1
load:0x3fce3808,len:0x44c
load:0x403c9700,len:0xbd8
load:0x403cc700,len:0x2a80
entry 0x403c98d0
PR1_RUNTIME_BOOT
runtime_profile=phase1-fixed-flrc-rx
runtime_role=rx
board_family=LILYGO T3-S3-MVSRBoard
board_reference_revision=V1.1 upstream reference
radio_target=SX1280
upstream_reference_commit=840a2e788b3192c4e9bddf0640c1ecaf703c2598
hardware_verified=0
protocol_version=1
protocol_header_bytes=16
rf_enabled=1
sx1280_spi_hz=2000000
sx1280_cs=7
sx1280_rst=8
sx1280_sclk=5
sx1280_mosi=6
sx1280_miso=3
sx1280_dio1=9
sx1280_busy=36
sx1280_tx_enable=10
sx1280_rx_enable=21
PR1_FIXED_FLRC_PROFILE
frequency_mhz=2404.000
bitrate_kbps=1300
coding_rate=3
output_dbm=0
tx_gap_us=5000
packet_bytes=116
adaptive_layers=off
PR1_RUNTIME_LIVE_READY
PR1T v=1 t_us=19136314 field=device_state value=2
PR1T v=1 t_us=19136314 field=rssi_dbm value=-73
PR1T v=1 t_us=19136314 field=crc_good value=6428
PR1T v=1 t_us=19136314 field=crc_bad value=1
PR1T v=1 t_us=19136314 field=missing value=2
PR1T v=1 t_us=19136314 field=queue_depth value=0
PR1T v=1 t_us=19136314 field=max_queue_depth value=1
PR1T v=1 t_us=19136314 field=irq_to_spi_us value=6
PR1T v=1 t_us=19136314 field=spi_duration_us value=1246
PR1T v=1 t_us=19136314 field=rx_processing_us value=1248
PR1T v=1 t_us=19136314 field=spi_end_to_rearm_start_us value=137
PR1T v=1 t_us=19136314 field=rx_rearm_us value=423
PR1T v=1 t_us=19136314 field=irq_to_rx_ready_us value=1794
PR1T v=1 t_us=19136314 field=trace_overwrites value=57733
PR1T v=1 t_us=19136314 field=capability_mask value=12
PR1T v=1 t_us=19898653 field=device_state value=2
PR1T v=1 t_us=19898653 field=rssi_dbm value=-73
PR1T v=1 t_us=19898653 field=crc_good value=6691
PR1T v=1 t_us=19898653 field=crc_bad value=1
PR1T v=1 t_us=19898653 field=missing value=3
PR1T v=1 t_us=19898653 field=queue_depth value=0
PR1T v=1 t_us=19898653 field=max_queue_depth value=1
PR1T v=1 t_us=19898653 field=irq_to_spi_us value=11
PR1T v=1 t_us=19898653 field=spi_duration_us value=1249
PR1T v=1 t_us=19898653 field=rx_processing_us value=1251
PR1T v=1 t_us=19898653 field=spi_end_to_rearm_start_us value=137
PR1T v=1 t_us=19898653 field=rx_rearm_us value=417
PR1T v=1 t_us=19898653 field=irq_to_rx_ready_us value=1792
PR1T v=1 t_us=19898653 field=trace_overwrites value=60100
PR1T v=1 t_us=19898653 field=capability_mask value=12
PR1T v=1 t_us=20663673 field=device_state value=2
PR1T v=1 t_us=20663673 field=rssi_dbm value=-73
PR1T v=1 t_us=20663673 field=crc_good value=6955
PR1T v=1 t_us=20663673 field=crc_bad value=1
PR1T v=1 t_us=20663673 field=missing value=4
PR1T v=1 t_us=20663673 field=queue_depth value=0
PR1T v=1 t_us=20663673 field=max_queue_depth value=1
PR1T v=1 t_us=20663673 field=irq_to_spi_us value=5
PR1T v=1 t_us=20663673 field=spi_duration_us value=1248
PR1T v=1 t_us=20663673 field=rx_processing_us value=1250
PR1T v=1 t_us=20663673 field=spi_end_to_rearm_start_us value=137
PR1T v=1 t_us=20663673 field=rx_rearm_us value=421
PR1T v=1 t_us=20663673 field=irq_to_rx_ready_us value=1795
PR1T v=1 t_us=20663673 field=trace_overwrites value=62476
PR1T v=1 t_us=20663673 field=capability_mask value=12
PR1T v=1 t_us=21425275 field=device_state value=2
PR1T v=1 t_us=21425275 field=rssi_dbm value=-73
PR1T v=1 t_us=21425275 field=crc_good value=7218
PR1T v=1 t_us=21425275 field=crc_bad value=1
PR1T v=1 t_us=21425275 field=missing value=5
PR1T v=1 t_us=21425275 field=queue_depth value=0
PR1T v=1 t_us=21425275 field=max_queue_depth value=1
PR1T v=1 t_us=21425275 field=irq_to_spi_us value=6
PR1T v=1 t_us=21425275 field=spi_duration_us value=1245
PR1T v=1 t_us=21425275 field=rx_processing_us value=1246
PR1T v=1 t_us=21425275 field=spi_end_to_rearm_start_us value=137
PR1T v=1 t_us=21425275 field=rx_rearm_us value=426
PR1T v=1 t_us=21425275 field=irq_to_rx_ready_us value=1792
PR1T v=1 t_us=21425275 field=trace_overwrites value=64843
PR1T v=1 t_us=21425275 field=capability_mask value=12
PR1T v=1 t_us=22188881 field=device_state value=2
PR1T v=1 t_us=22188881 field=rssi_dbm value=-72
PR1T v=1 t_us=22188881 field=crc_good value=7482
PR1T v=1 t_us=22188881 field=crc_bad value=1
PR1T v=1 t_us=22188881 field=missing value=6
PR1T v=1 t_us=22188881 field=queue_depth value=0
PR1T v=1 t_us=22188881 field=max_queue_depth value=1
PR1T v=1 t_us=22188881 field=irq_to_spi_us value=8
PR1T v=1 t_us=22188881 field=spi_duration_us value=1246
PR1T v=1 t_us=22188881 field=rx_processing_us value=1248
PR1T v=1 t_us=22188881 field=spi_end_to_rearm_start_us value=137
PR1T v=1 t_us=22188881 field=rx_rearm_us value=421
PR1T v=1 t_us=22188881 field=irq_to_rx_ready_us value=1792
PR1T v=1 t_us=22188881 field=trace_overwrites value=67219
PR1T v=1 t_us=22188881 field=capability_mask value=12
PR1T v=1 t_us=22953483 field=device_state value=2
PR1T v=1 t_us=22953483 field=rssi_dbm value=-72
PR1T v=1 t_us=22953483 field=crc_good value=7746
PR1T v=1 t_us=22953483 field=crc_bad value=1
PR1T v=1 t_us=22953483 field=missing value=7
PR1T v=1 t_us=22953483 field=queue_depth value=0
PR1T v=1 t_us=22953483 field=max_queue_depth value=1
PR1T v=1 t_us=22953483 field=irq_to_spi_us value=12
PR1T v=1 t_us=22953483 field=spi_duration_us value=1245
PR1T v=1 t_us=22953483 field=rx_processing_us value=1247
PR1T v=1 t_us=22953483 field=spi_end_to_rearm_start_us value=137
PR1T v=1 t_us=22953483 field=rx_rearm_us value=421
PR1T v=1 t_us=22953483 field=irq_to_rx_ready_us value=1794
PR1T v=1 t_us=22953483 field=trace_overwrites value=69595
PR1T v=1 t_us=22953483 field=capability_mask value=12
PR1T v=1 t_us=23718100 field=device_state value=2
PR1T v=1 t_us=23718100 field=rssi_dbm value=-73
PR1T v=1 t_us=23718100 field=crc_good value=8010
PR1T v=1 t_us=23718100 field=crc_bad value=1
PR1T v=1 t_us=23718100 field=missing value=8
PR1T v=1 t_us=23718100 field=queue_depth value=0
PR1T v=1 t_us=23718100 field=max_queue_depth value=1
PR1T v=1 t_us=23718100 field=irq_to_spi_us value=6
PR1T v=1 t_us=23718100 field=spi_duration_us value=1250
PR1T v=1 t_us=23718100 field=rx_processing_us value=1252
PR1T v=1 t_us=23718100 field=spi_end_to_rearm_start_us value=137
PR1T v=1 t_us=23718100 field=rx_rearm_us value=417
PR1T v=1 t_us=23718100 field=irq_to_rx_ready_us value=1793
PR1T v=1 t_us=23718100 field=trace_overwrites value=71971
PR1T v=1 t_us=23718100 field=capability_mask value=12
PR1T v=1 t_us=24479818 field=device_state value=2
PR1T v=1 t_us=24479818 field=rssi_dbm value=-73
PR1T v=1 t_us=24479818 field=crc_good value=8273
PR1T v=1 t_us=24479818 field=crc_bad value=1
PR1T v=1 t_us=24479818 field=missing value=9
PR1T v=1 t_us=24479818 field=queue_depth value=0
PR1T v=1 t_us=24479818 field=max_queue_depth value=1
PR1T v=1 t_us=24479818 field=irq_to_spi_us value=7
PR1T v=1 t_us=24479818 field=spi_duration_us value=1251
PR1T v=1 t_us=24479818 field=rx_processing_us value=1253
PR1T v=1 t_us=24479818 field=spi_end_to_rearm_start_us value=137
PR1T v=1 t_us=24479818 field=rx_rearm_us value=417
PR1T v=1 t_us=24479818 field=irq_to_rx_ready_us value=1794
PR1T v=1 t_us=24479818 field=trace_overwrites value=74338
PR1T v=1 t_us=24479818 field=capability_mask value=12
PR1T v=1 t_us=25244419 field=device_state value=2
PR1T v=1 t_us=25244419 field=rssi_dbm value=-73
PR1T v=1 t_us=25244419 field=crc_good value=8536
PR1T v=1 t_us=25244419 field=crc_bad value=2
PR1T v=1 t_us=25244419 field=missing value=11
PR1T v=1 t_us=25244419 field=queue_depth value=0
PR1T v=1 t_us=25244419 field=max_queue_depth value=1
PR1T v=1 t_us=25244419 field=irq_to_spi_us value=5
PR1T v=1 t_us=25244419 field=spi_duration_us value=1247
PR1T v=1 t_us=25244419 field=rx_processing_us value=1248
PR1T v=1 t_us=25244419 field=spi_end_to_rearm_start_us value=137
PR1T v=1 t_us=25244419 field=rx_rearm_us value=422
PR1T v=1 t_us=25244419 field=irq_to_rx_ready_us value=1793
PR1T v=1 t_us=25244419 field=trace_overwrites value=76714
PR1T v=1 t_us=25244419 field=capability_mask value=12
PR1T v=1 t_us=26006129 field=device_state value=2
PR1T v=1 t_us=26006129 field=rssi_dbm value=-73
PR1T v=1 t_us=26006129 field=crc_good value=8798
PR1T v=1 t_us=26006129 field=crc_bad value=3
PR1T v=1 t_us=26006129 field=missing value=13
PR1T v=1 t_us=26006129 field=queue_depth value=0
PR1T v=1 t_us=26006129 field=max_queue_depth value=1
PR1T v=1 t_us=26006129 field=irq_to_spi_us value=11
PR1T v=1 t_us=26006129 field=spi_duration_us value=1250
PR1T v=1 t_us=26006129 field=rx_processing_us value=1252
PR1T v=1 t_us=26006129 field=spi_end_to_rearm_start_us value=138
PR1T v=1 t_us=26006129 field=rx_rearm_us value=417
PR1T v=1 t_us=26006129 field=irq_to_rx_ready_us value=1794
PR1T v=1 t_us=26006129 field=trace_overwrites value=79081
PR1T v=1 t_us=26006129 field=capability_mask value=12
PR1T v=1 t_us=26767846 field=device_state value=2
PR1T v=1 t_us=26767846 field=rssi_dbm value=-73
PR1T v=1 t_us=26767846 field=crc_good value=9061
PR1T v=1 t_us=26767846 field=crc_bad value=3
PR1T v=1 t_us=26767846 field=missing value=14
PR1T v=1 t_us=26767846 field=queue_depth value=0
PR1T v=1 t_us=26767846 field=max_queue_depth value=1
PR1T v=1 t_us=26767846 field=irq_to_spi_us value=6
PR1T v=1 t_us=26767846 field=spi_duration_us value=1249
PR1T v=1 t_us=26767846 field=rx_processing_us value=1250
PR1T v=1 t_us=26767846 field=spi_end_to_rearm_start_us value=140
PR1T v=1 t_us=26767846 field=rx_rearm_us value=418
PR1T v=1 t_us=26767846 field=irq_to_rx_ready_us value=1795
PR1T v=1 t_us=26767846 field=trace_overwrites value=81448
PR1T v=1 t_us=26767846 field=capability_mask value=12
PR1T v=1 t_us=27530432 field=device_state value=2
PR1T v=1 t_us=27530432 field=rssi_dbm value=-73
PR1T v=1 t_us=27530432 field=crc_good value=9323
PR1T v=1 t_us=27530432 field=crc_bad value=4
PR1T v=1 t_us=27530432 field=missing value=16
PR1T v=1 t_us=27530432 field=queue_depth value=0
PR1T v=1 t_us=27530432 field=max_queue_depth value=1
PR1T v=1 t_us=27530432 field=irq_to_spi_us value=5
PR1T v=1 t_us=27530432 field=spi_duration_us value=1245
PR1T v=1 t_us=27530432 field=rx_processing_us value=1246
PR1T v=1 t_us=27530432 field=spi_end_to_rearm_start_us value=138
PR1T v=1 t_us=27530432 field=rx_rearm_us value=420
PR1T v=1 t_us=27530432 field=irq_to_rx_ready_us value=1792
PR1T v=1 t_us=27530432 field=trace_overwrites value=83815
PR1T v=1 t_us=27530432 field=capability_mask value=12
PR1T v=1 t_us=28291877 field=device_state value=2
PR1T v=1 t_us=28291877 field=rssi_dbm value=-73
PR1T v=1 t_us=28291877 field=crc_good value=9586
PR1T v=1 t_us=28291877 field=crc_bad value=4
PR1T v=1 t_us=28291877 field=missing value=17
PR1T v=1 t_us=28291877 field=queue_depth value=0
PR1T v=1 t_us=28291877 field=max_queue_depth value=1
PR1T v=1 t_us=28291877 field=irq_to_spi_us value=13
PR1T v=1 t_us=28291877 field=spi_duration_us value=1247
PR1T v=1 t_us=28291877 field=rx_processing_us value=1249
PR1T v=1 t_us=28291877 field=spi_end_to_rearm_start_us value=137
PR1T v=1 t_us=28291877 field=rx_rearm_us value=421
PR1T v=1 t_us=28291877 field=irq_to_rx_ready_us value=1796
PR1T v=1 t_us=28291877 field=trace_overwrites value=86182
PR1T v=1 t_us=28291877 field=capability_mask value=12
PR1T v=1 t_us=29055866 field=device_state value=2
PR1T v=1 t_us=29055866 field=rssi_dbm value=-74
PR1T v=1 t_us=29055866 field=crc_good value=9850
PR1T v=1 t_us=29055866 field=crc_bad value=4
PR1T v=1 t_us=29055866 field=missing value=18
PR1T v=1 t_us=29055866 field=queue_depth value=0
PR1T v=1 t_us=29055866 field=max_queue_depth value=1
PR1T v=1 t_us=29055866 field=irq_to_spi_us value=8
PR1T v=1 t_us=29055866 field=spi_duration_us value=1246
PR1T v=1 t_us=29055866 field=rx_processing_us value=1248
PR1T v=1 t_us=29055866 field=spi_end_to_rearm_start_us value=137
PR1T v=1 t_us=29055866 field=rx_rearm_us value=421
PR1T v=1 t_us=29055866 field=irq_to_rx_ready_us value=1793
PR1T v=1 t_us=29055866 field=trace_overwrites value=88558
PR1T v=1 t_us=29055866 field=capability_mask value=12
PR1T v=1 t_us=29817573 field=device_state value=2
PR1T v=1 t_us=29817573 field=rssi_dbm value=-73
PR1T v=1 t_us=29817573 field=crc_good value=10113
PR1T v=1 t_us=29817573 field=crc_bad value=4
PR1T v=1 t_us=29817573 field=missing value=19
PR1T v=1 t_us=29817573 field=queue_depth value=0
PR1T v=1 t_us=29817573 field=max_queue_depth value=1
PR1T v=1 t_us=29817573 field=irq_to_spi_us value=6
PR1T v=1 t_us=29817573 field=spi_duration_us value=1247
PR1T v=1 t_us=29817573 field=rx_processing_us value=1249
PR1T v=1 t_us=29817573 field=spi_end_to_rearm_start_us value=137
PR1T v=1 t_us=29817573 field=rx_rearm_us value=422
PR1T v=1 t_us=29817573 field=irq_to_rx_ready_us value=1793
PR1T v=1 t_us=29817573 field=trace_overwrites value=90925
PR1T v=1 t_us=29817573 field=capability_mask value=12
PR1T v=1 t_us=30331148 field=device_state value=2
PR1T v=1 t_us=30331148 field=rssi_dbm value=-74
PR1T v=1 t_us=30331148 field=crc_good value=10290
PR1T v=1 t_us=30331148 field=crc_bad value=4
PR1T v=1 t_us=30331148 field=missing value=20
PR1T v=1 t_us=30331148 field=queue_depth value=0
PR1T v=1 t_us=30331148 field=max_queue_depth value=1
PR1T v=1 t_us=30331148 field=irq_to_spi_us value=13
PR1T v=1 t_us=30331148 field=spi_duration_us value=1250
PR1T v=1 t_us=30331148 field=rx_processing_us value=1252
PR1T v=1 t_us=30331148 field=spi_end_to_rearm_start_us value=137
PR1T v=1 t_us=30331148 field=rx_rearm_us value=416
PR1T v=1 t_us=30331148 field=irq_to_rx_ready_us value=1792
PR1T v=1 t_us=30331148 field=trace_overwrites value=92518
PR1T v=1 t_us=30331148 field=capability_mask value=12
