ESP-ROM:esp32s3-20210327
Build:Mar 27 2021
rst:0x15 (USB_UART_CHIP_RESET),boot:0x38 (SPI_FAST_FLASH_BOOT)
Saved PC:0x42028b22
SPIWP:0xee
mode:DIO, clock div:1
load:0x3fce3808,len:0x44c
load:0x403c9700,len:0xbd8
load:0x403cc700,len:0x2a80
entry 0x403c98d0
PR1_RUNTIME_BOOT
runtime_profile=phase1-fixed-flrc-tx
runtime_role=tx
board_family=LILYGO T3-S3-MVSRBoard
board_reference_revision=V1.1 upstream reference
radio_target=SX1280
upstream_reference_commit=840a2e788b3192c4e9bddf0640c1ecaf703c2598
hardware_verified=0
protocol_version=1
protocol_header_bytes=16
rf_enabled=1
sx1280_spi_hz=2000000
sx1280_cs=7
sx1280_rst=8
sx1280_sclk=5
sx1280_mosi=6
sx1280_miso=3
sx1280_dio1=9
sx1280_busy=36
sx1280_tx_enable=10
sx1280_rx_enable=21
PR1_FIXED_FLRC_PROFILE
frequency_mhz=2404.000
bitrate_kbps=1300
coding_rate=3
output_dbm=0
tx_gap_us=150
packet_bytes=116
adaptive_layers=channel_map
ctrl_plane_core=0
afh_enabled=1
afh_session_id=1
afh_session_seed=0x5052314441525431
afh_map_version=1
afh_active_channels=40
afh_resync_after_misses=8
afh_rendezvous_first=20
adaptive_map=1
map_lead_frames=600
map_guard_frames=100
quality_cfg=fast_shift:2,slow_shift:5,suspect_q15:30000,exclude_q15:22937,recover_q15:30720,suspect_losses:2,exclude_losses:4,recover_successes:3,probe_ms:3200-25600,min_active:12,exclude_slow_q15:31129,reinstate_successes:3,map_min_interval_ms:5000
afh_schedule_fp=18,21,5,3,0,6,29,20,36,25,9,24,14,28,37,17,30,10,32,26,31,7,22,35,16,1,2,12,39,13,15,11,38,19,33,23,34,4,27,8,16,19,10,17,24,21,5,14
PR1_RUNTIME_LIVE_READY
PR1T v=1 t_us=34885746 field=device_state value=2
PR1T v=1 t_us=34885746 field=scheduler_misses value=1
PR1T v=1 t_us=34885746 field=trace_overwrites value=34274
PR1T v=1 t_us=34885746 field=capability_mask value=12
PR1H t_us=36107727 session_id=1 map_version=7 locked=0 channel=35 logical=11874 retunes=11874 retune_failures=0 standby_failures=0 timeout_advances=0 resync_entries=0 locks=0 agree=0 disagree=0 period_est_us=0 max_consecutive_timeouts=0 retune_us_p99=72 retune_us_max=106 hop_compute_us_p99=40 hop_compute_us_max=45
PR1HQ acq_anchors=0 acq_crc=0 acq_frames=0 acq_done_us=0
PR1HC ok=346,348,347,347,345,345,348,345,348,346,347,346,348,347,345,348,347,348,348,349,167,217,344,169,122,348,343,75,74,270,75,269,344,346,348,349,32,348,349,347 crc=0,0,0,0,0,0,0,0,0,0,0,0,0,0,0,0,0,0,0,0,0,0,0,0,0,0,0,0,0,0,0,0,0,0,0,0,0,0,0,0
PR1CP core=0 lines=34 parse_fail=0 in_dropped=0 out_lines=34 write_waits=0 stack_free=3312 window_waits=0 work_us_max=47
PR1QS map_version=7 active=30 bits=ef064fffff pending=0 pending_v=7 pending_act=9579 min_active_seen=30 proposals=0 commits=17 commit_late=0 expired=0 activations=6 tx_rejects=0 outcomes_dropped=0 events=23 emit_dropped=0 activation_count=6 ctrl_us_p99=14 ctrl_us_max=14 ctrl_us_n=34 ctrl_us_p50=3 ctrl_us_p95=7
PR1QA v=2 activation=1218 applied_at=1218
PR1QA v=3 activation=2887 applied_at=2887
PR1QA v=4 activation=4558 applied_at=4558
PR1QA v=5 activation=6231 applied_at=6231
PR1QA v=6 activation=7905 applied_at=7905
PR1QA v=7 activation=9579 applied_at=9579
PR1QC ch=0 mhz=2404 state=0 fast_q15=32767 slow_q15=32767 ok=0 crc=0 timeout=0 probe_ok=0 probe_fail=0 suspects=0 exclusions=0 reinclusions=0 last_excl_ms=0
PR1QC ch=1 mhz=2406 state=0 fast_q15=32767 slow_q15=32767 ok=0 crc=0 timeout=0 probe_ok=0 probe_fail=0 suspects=0 exclusions=0 reinclusions=0 last_excl_ms=0
PR1QC ch=2 mhz=2408 state=0 fast_q15=32767 slow_q15=32767 ok=0 crc=0 timeout=0 probe_ok=0 probe_fail=0 suspects=0 exclusions=0 reinclusions=0 last_excl_ms=0
PR1QC ch=3 mhz=2410 state=0 fast_q15=32767 slow_q15=32767 ok=0 crc=0 timeout=0 probe_ok=0 probe_fail=0 suspects=0 exclusions=0 reinclusions=0 last_excl_ms=0
PR1QC ch=4 mhz=2412 state=0 fast_q15=32767 slow_q15=32767 ok=0 crc=0 timeout=0 probe_ok=0 probe_fail=0 suspects=0 exclusions=0 reinclusions=0 last_excl_ms=0
PR1QC ch=5 mhz=2414 state=0 fast_q15=32767 slow_q15=32767 ok=0 crc=0 timeout=0 probe_ok=0 probe_fail=0 suspects=0 exclusions=0 reinclusions=0 last_excl_ms=0
PR1QC ch=6 mhz=2416 state=0 fast_q15=32767 slow_q15=32767 ok=0 crc=0 timeout=0 probe_ok=0 probe_fail=0 suspects=0 exclusions=0 reinclusions=0 last_excl_ms=0
PR1QC ch=7 mhz=2418 state=0 fast_q15=32767 slow_q15=32767 ok=0 crc=0 timeout=0 probe_ok=0 probe_fail=0 suspects=0 exclusions=0 reinclusions=0 last_excl_ms=0
PR1QC ch=8 mhz=2420 state=0 fast_q15=32767 slow_q15=32767 ok=0 crc=0 timeout=0 probe_ok=0 probe_fail=0 suspects=0 exclusions=0 reinclusions=0 last_excl_ms=0
PR1QC ch=9 mhz=2422 state=0 fast_q15=32767 slow_q15=32767 ok=0 crc=0 timeout=0 probe_ok=0 probe_fail=0 suspects=0 exclusions=0 reinclusions=0 last_excl_ms=0
PR1QC ch=10 mhz=2424 state=0 fast_q15=32767 slow_q15=32767 ok=0 crc=0 timeout=0 probe_ok=0 probe_fail=0 suspects=0 exclusions=0 reinclusions=0 last_excl_ms=0
PR1QC ch=11 mhz=2426 state=0 fast_q15=32767 slow_q15=32767 ok=0 crc=0 timeout=0 probe_ok=0 probe_fail=0 suspects=0 exclusions=0 reinclusions=0 last_excl_ms=0
PR1QC ch=12 mhz=2428 state=0 fast_q15=32767 slow_q15=32767 ok=0 crc=0 timeout=0 probe_ok=0 probe_fail=0 suspects=0 exclusions=0 reinclusions=0 last_excl_ms=0
PR1QC ch=13 mhz=2430 state=0 fast_q15=32767 slow_q15=32767 ok=0 crc=0 timeout=0 probe_ok=0 probe_fail=0 suspects=0 exclusions=0 reinclusions=0 last_excl_ms=0
PR1QC ch=14 mhz=2432 state=0 fast_q15=32767 slow_q15=32767 ok=0 crc=0 timeout=0 probe_ok=0 probe_fail=0 suspects=0 exclusions=0 reinclusions=0 last_excl_ms=0
PR1QC ch=15 mhz=2434 state=0 fast_q15=32767 slow_q15=32767 ok=0 crc=0 timeout=0 probe_ok=0 probe_fail=0 suspects=0 exclusions=0 reinclusions=0 last_excl_ms=0
PR1QC ch=16 mhz=2436 state=0 fast_q15=32767 slow_q15=32767 ok=0 crc=0 timeout=0 probe_ok=0 probe_fail=0 suspects=0 exclusions=0 reinclusions=0 last_excl_ms=0
PR1QC ch=17 mhz=2438 state=0 fast_q15=32767 slow_q15=32767 ok=0 crc=0 timeout=0 probe_ok=0 probe_fail=0 suspects=0 exclusions=0 reinclusions=0 last_excl_ms=0
PR1QC ch=18 mhz=2440 state=0 fast_q15=32767 slow_q15=32767 ok=0 crc=0 timeout=0 probe_ok=0 probe_fail=0 suspects=0 exclusions=0 reinclusions=0 last_excl_ms=0
PR1QC ch=19 mhz=2442 state=0 fast_q15=32767 slow_q15=32767 ok=0 crc=0 timeout=0 probe_ok=0 probe_fail=0 suspects=0 exclusions=0 reinclusions=0 last_excl_ms=0
PR1QC ch=20 mhz=2444 state=0 fast_q15=32767 slow_q15=32767 ok=0 crc=0 timeout=0 probe_ok=0 probe_fail=0 suspects=0 exclusions=0 reinclusions=0 last_excl_ms=0
PR1QC ch=21 mhz=2446 state=0 fast_q15=32767 slow_q15=32767 ok=0 crc=0 timeout=0 probe_ok=0 probe_fail=0 suspects=0 exclusions=0 reinclusions=0 last_excl_ms=0
PR1QC ch=22 mhz=2448 state=0 fast_q15=32767 slow_q15=32767 ok=0 crc=0 timeout=0 probe_ok=0 probe_fail=0 suspects=0 exclusions=0 reinclusions=0 last_excl_ms=0
PR1QC ch=23 mhz=2450 state=0 fast_q15=32767 slow_q15=32767 ok=0 crc=0 timeout=0 probe_ok=0 probe_fail=0 suspects=0 exclusions=0 reinclusions=0 last_excl_ms=0
PR1QC ch=24 mhz=2452 state=0 fast_q15=32767 slow_q15=32767 ok=0 crc=0 timeout=0 probe_ok=0 probe_fail=0 suspects=0 exclusions=0 reinclusions=0 last_excl_ms=0
PR1QC ch=25 mhz=2454 state=0 fast_q15=32767 slow_q15=32767 ok=0 crc=0 timeout=0 probe_ok=0 probe_fail=0 suspects=0 exclusions=0 reinclusions=0 last_excl_ms=0
PR1QC ch=26 mhz=2456 state=0 fast_q15=32767 slow_q15=32767 ok=0 crc=0 timeout=0 probe_ok=0 probe_fail=0 suspects=0 exclusions=0 reinclusions=0 last_excl_ms=0
PR1QC ch=27 mhz=2458 state=0 fast_q15=32767 slow_q15=32767 ok=0 crc=0 timeout=0 probe_ok=0 probe_fail=0 suspects=0 exclusions=0 reinclusions=0 last_excl_ms=0
PR1QC ch=28 mhz=2460 state=0 fast_q15=32767 slow_q15=32767 ok=0 crc=0 timeout=0 probe_ok=0 probe_fail=0 suspects=0 exclusions=0 reinclusions=0 last_excl_ms=0
PR1QC ch=29 mhz=2462 state=0 fast_q15=32767 slow_q15=32767 ok=0 crc=0 timeout=0 probe_ok=0 probe_fail=0 suspects=0 exclusions=0 reinclusions=0 last_excl_ms=0
PR1QC ch=30 mhz=2464 state=0 fast_q15=32767 slow_q15=32767 ok=0 crc=0 timeout=0 probe_ok=0 probe_fail=0 suspects=0 exclusions=0 reinclusions=0 last_excl_ms=0
PR1QC ch=31 mhz=2466 state=0 fast_q15=32767 slow_q15=32767 ok=0 crc=0 timeout=0 probe_ok=0 probe_fail=0 suspects=0 exclusions=0 reinclusions=0 last_excl_ms=0
PR1QC ch=32 mhz=2468 state=0 fast_q15=32767 slow_q15=32767 ok=0 crc=0 timeout=0 probe_ok=0 probe_fail=0 suspects=0 exclusions=0 reinclusions=0 last_excl_ms=0
PR1QC ch=33 mhz=2470 state=0 fast_q15=32767 slow_q15=32767 ok=0 crc=0 timeout=0 probe_ok=0 probe_fail=0 suspects=0 exclusions=0 reinclusions=0 last_excl_ms=0
PR1QC ch=34 mhz=2472 state=0 fast_q15=32767 slow_q15=32767 ok=0 crc=0 timeout=0 probe_ok=0 probe_fail=0 suspects=0 exclusions=0 reinclusions=0 last_excl_ms=0
PR1QC ch=35 mhz=2474 state=0 fast_q15=32767 slow_q15=32767 ok=0 crc=0 timeout=0 probe_ok=0 probe_fail=0 suspects=0 exclusions=0 reinclusions=0 last_excl_ms=0
PR1QC ch=36 mhz=2476 state=0 fast_q15=32767 slow_q15=32767 ok=0 crc=0 timeout=0 probe_ok=0 probe_fail=0 suspects=0 exclusions=0 reinclusions=0 last_excl_ms=0
PR1QC ch=37 mhz=2478 state=0 fast_q15=32767 slow_q15=32767 ok=0 crc=0 timeout=0 probe_ok=0 probe_fail=0 suspects=0 exclusions=0 reinclusions=0 last_excl_ms=0
PR1QC ch=38 mhz=2480 state=0 fast_q15=32767 slow_q15=32767 ok=0 crc=0 timeout=0 probe_ok=0 probe_fail=0 suspects=0 exclusions=0 reinclusions=0 last_excl_ms=0
PR1QC ch=39 mhz=2482 state=0 fast_q15=32767 slow_q15=32767 ok=0 crc=0 timeout=0 probe_ok=0 probe_fail=0 suspects=0 exclusions=0 reinclusions=0 last_excl_ms=0
PR1QE t_ms=2479 kind=5 logical=626 target=1218 id=1 v=2 ch=0 value=1 bits=efffffffff
PR1QE t_ms=4250 kind=4 logical=1218 target=1218 id=0 v=2 ch=0 value=39 bits=efffffffff
PR1QE t_ms=7486 kind=5 logical=2297 target=2887 id=2 v=3 ch=0 value=1 bits=efa7ffffff
PR1QE t_ms=9256 kind=4 logical=2887 target=2887 id=0 v=3 ch=0 value=36 bits=efa7ffffff
PR1QE t_ms=9292 kind=5 logical=2899 target=3187 id=3 v=3 ch=36 value=2 bits=0000000000
PR1QE t_ms=12480 kind=5 logical=3966 target=4558 id=4 v=4 ch=0 value=1 bits=efa6ffffff
PR1QE t_ms=14250 kind=4 logical=4558 target=4558 id=0 v=4 ch=0 value=35 bits=efa6ffffff
PR1QE t_ms=14282 kind=5 logical=4569 target=4858 id=5 v=4 ch=30 value=2 bits=0000000000
PR1QE t_ms=15179 kind=5 logical=4869 target=5159 id=6 v=4 ch=28 value=2 bits=0000000000
PR1QE t_ms=16078 kind=5 logical=5170 target=5460 id=7 v=4 ch=24 value=2 bits=0000000000
PR1QE t_ms=17485 kind=5 logical=5641 target=6231 id=8 v=5 ch=0 value=1 bits=efa66fffff
PR1QE t_ms=19249 kind=4 logical=6231 target=6231 id=0 v=5 ch=0 value=33 bits=efa66fffff
PR1QE t_ms=22477 kind=5 logical=7312 target=7905 id=9 v=6 ch=0 value=1 bits=efa64fffff
PR1QE t_ms=24248 kind=4 logical=7905 target=7905 id=0 v=6 ch=0 value=32 bits=efa64fffff
PR1QE t_ms=27483 kind=5 logical=8988 target=9579 id=10 v=7 ch=0 value=1 bits=ef064fffff
PR1QE t_ms=29248 kind=4 logical=9579 target=9579 id=0 v=7 ch=0 value=30 bits=ef064fffff
PR1QE t_ms=29280 kind=5 logical=9590 target=9879 id=11 v=7 ch=36 value=2 bits=0000000000
PR1QE t_ms=30164 kind=5 logical=9886 target=10180 id=12 v=7 ch=27 value=2 bits=0000000000
PR1QE t_ms=31078 kind=5 logical=10192 target=10481 id=13 v=7 ch=20 value=2 bits=0000000000
PR1QE t_ms=31964 kind=5 logical=10489 target=10782 id=14 v=7 ch=24 value=2 bits=0000000000
PR1QE t_ms=32875 kind=5 logical=10794 target=11083 id=15 v=7 ch=23 value=2 bits=0000000000
PR1QE t_ms=33762 kind=5 logical=11091 target=11384 id=16 v=7 ch=21 value=2 bits=0000000000
PR1QE t_ms=34666 kind=5 logical=11394 target=11685 id=17 v=7 ch=30 value=2 bits=0000000000
PR1QE_END
PR1HE_BEGIN total=12222 count=256
PR1HE t_us=36392365 kind=0 logical=11962 seq=11962 ch=7 rssi=0
PR1HE t_us=36395354 kind=0 logical=11963 seq=11963 ch=15 rssi=0
PR1HE t_us=36398339 kind=0 logical=11964 seq=11964 ch=22 rssi=0
PR1HE t_us=36401329 kind=0 logical=11965 seq=11965 ch=13 rssi=0
PR1HE t_us=36404316 kind=0 logical=11966 seq=11966 ch=38 rssi=0
PR1HE t_us=36407303 kind=0 logical=11967 seq=11967 ch=33 rssi=0
PR1HE t_us=36410292 kind=0 logical=11968 seq=11968 ch=32 rssi=0
PR1HE t_us=36413286 kind=0 logical=11969 seq=11969 ch=14 rssi=0
PR1HE t_us=36416274 kind=0 logical=11970 seq=11970 ch=7 rssi=0
PR1HE t_us=36419263 kind=0 logical=11971 seq=11971 ch=14 rssi=0
PR1HE t_us=36422251 kind=0 logical=11972 seq=11972 ch=8 rssi=0
PR1HE t_us=36425240 kind=0 logical=11973 seq=11973 ch=16 rssi=0
PR1HE t_us=36428229 kind=0 logical=11974 seq=11974 ch=32 rssi=0
PR1HE t_us=36431214 kind=0 logical=11975 seq=11975 ch=12 rssi=0
PR1HE t_us=36434198 kind=0 logical=11976 seq=11976 ch=25 rssi=0
PR1HE t_us=36437186 kind=0 logical=11977 seq=11977 ch=10 rssi=0
PR1HE t_us=36440174 kind=0 logical=11978 seq=11978 ch=18 rssi=0
PR1HE t_us=36443160 kind=0 logical=11979 seq=11979 ch=15 rssi=0
PR1HE t_us=36446143 kind=0 logical=11980 seq=11980 ch=4 rssi=0
PR1HE t_us=36449133 kind=0 logical=11981 seq=11981 ch=6 rssi=0
PR1HE t_us=36452122 kind=0 logical=11982 seq=11982 ch=5 rssi=0
PR1HE t_us=36455108 kind=0 logical=11983 seq=11983 ch=2 rssi=0
PR1HE t_us=36458097 kind=0 logical=11984 seq=11984 ch=17 rssi=0
PR1HE t_us=36461072 kind=0 logical=11985 seq=11985 ch=35 rssi=0
PR1HE t_us=36464055 kind=0 logical=11986 seq=11986 ch=34 rssi=0
PR1HE t_us=36467037 kind=0 logical=11987 seq=11987 ch=11 rssi=0
PR1HE t_us=36470013 kind=0 logical=11988 seq=11988 ch=1 rssi=0
PR1HE t_us=36472993 kind=0 logical=11989 seq=11989 ch=0 rssi=0
PR1HE t_us=36475982 kind=0 logical=11990 seq=11990 ch=22 rssi=0
PR1HE t_us=36478963 kind=0 logical=11991 seq=11991 ch=26 rssi=0
PR1HE t_us=36481942 kind=0 logical=11992 seq=11992 ch=3 rssi=0
PR1HE t_us=36484930 kind=0 logical=11993 seq=11993 ch=13 rssi=0
PR1HE t_us=36487911 kind=0 logical=11994 seq=11994 ch=19 rssi=0
PR1HE t_us=36490894 kind=0 logical=11995 seq=11995 ch=37 rssi=0
PR1HE t_us=36493877 kind=0 logical=11996 seq=11996 ch=39 rssi=0
PR1HE t_us=36496870 kind=0 logical=11997 seq=11997 ch=38 rssi=0
PR1HE t_us=36499859 kind=0 logical=11998 seq=11998 ch=33 rssi=0
PR1HE t_us=36502844 kind=0 logical=11999 seq=11999 ch=9 rssi=0
PR1HE t_us=36505825 kind=0 logical=12000 seq=12000 ch=33 rssi=0
PR1HE t_us=36508819 kind=0 logical=12001 seq=12001 ch=7 rssi=0
PR1HE t_us=36511812 kind=0 logical=12002 seq=12002 ch=13 rssi=0
PR1HE t_us=36514799 kind=0 logical=12003 seq=12003 ch=15 rssi=0
PR1HE t_us=36517788 kind=0 logical=12004 seq=12004 ch=25 rssi=0
PR1HE t_us=36520776 kind=0 logical=12005 seq=12005 ch=6 rssi=0
PR1HE t_us=36523764 kind=0 logical=12006 seq=12006 ch=32 rssi=0
PR1HE t_us=36526755 kind=0 logical=12007 seq=12007 ch=9 rssi=0
PR1HE t_us=36529740 kind=0 logical=12008 seq=12008 ch=37 rssi=0
PR1HE t_us=36532731 kind=0 logical=12009 seq=12009 ch=17 rssi=0
PR1HE t_us=36535712 kind=0 logical=12010 seq=12010 ch=11 rssi=0
PR1HE t_us=36538691 kind=0 logical=12011 seq=12011 ch=10 rssi=0
PR1HE t_us=36541670 kind=0 logical=12012 seq=12012 ch=0 rssi=0
PR1HE t_us=36544652 kind=0 logical=12013 seq=12013 ch=18 rssi=0
PR1HE t_us=36547634 kind=0 logical=12014 seq=12014 ch=34 rssi=0
PR1HE t_us=36550619 kind=0 logical=12015 seq=12015 ch=26 rssi=0
PR1HE t_us=36553594 kind=0 logical=12016 seq=12016 ch=4 rssi=0
PR1HE t_us=36556571 kind=0 logical=12017 seq=12017 ch=22 rssi=0
PR1HE t_us=36559553 kind=0 logical=12018 seq=12018 ch=12 rssi=0
PR1HE t_us=36562543 kind=0 logical=12019 seq=12019 ch=35 rssi=0
PR1HE t_us=36565530 kind=0 logical=12020 seq=12020 ch=19 rssi=0
PR1HE t_us=36568518 kind=0 logical=12021 seq=12021 ch=38 rssi=0
PR1HE t_us=36571506 kind=0 logical=12022 seq=12022 ch=16 rssi=0
PR1HE t_us=36574495 kind=0 logical=12023 seq=12023 ch=14 rssi=0
PR1HE t_us=36577483 kind=0 logical=12024 seq=12024 ch=8 rssi=0
PR1HE t_us=36580465 kind=0 logical=12025 seq=12025 ch=5 rssi=0
PR1HE t_us=36583451 kind=0 logical=12026 seq=12026 ch=3 rssi=0
PR1HE t_us=36586445 kind=0 logical=12027 seq=12027 ch=2 rssi=0
PR1HE t_us=36589433 kind=0 logical=12028 seq=12028 ch=1 rssi=0
PR1HE t_us=36592421 kind=0 logical=12029 seq=12029 ch=39 rssi=0
PR1HE t_us=36595402 kind=0 logical=12030 seq=12030 ch=19 rssi=0
PR1HE t_us=36598385 kind=0 logical=12031 seq=12031 ch=35 rssi=0
PR1HE t_us=36601380 kind=0 logical=12032 seq=12032 ch=3 rssi=0
PR1HE t_us=36604374 kind=0 logical=12033 seq=12033 ch=11 rssi=0
PR1HE t_us=36607359 kind=0 logical=12034 seq=12034 ch=12 rssi=0
PR1HE t_us=36610342 kind=0 logical=12035 seq=12035 ch=38 rssi=0
PR1HE t_us=36613330 kind=0 logical=12036 seq=12036 ch=33 rssi=0
PR1HE t_us=36616317 kind=0 logical=12037 seq=12037 ch=37 rssi=0
PR1HE t_us=36619306 kind=0 logical=12038 seq=12038 ch=15 rssi=0
PR1HE t_us=36622297 kind=0 logical=12039 seq=12039 ch=2 rssi=0
PR1HE t_us=36625288 kind=0 logical=12040 seq=12040 ch=17 rssi=0
PR1HE t_us=36628277 kind=0 logical=12041 seq=12041 ch=9 rssi=0
PR1HE t_us=36631268 kind=0 logical=12042 seq=12042 ch=18 rssi=0
PR1HE t_us=36634253 kind=0 logical=12043 seq=12043 ch=4 rssi=0
PR1HE t_us=36637241 kind=0 logical=12044 seq=12044 ch=34 rssi=0
PR1HE t_us=36640234 kind=0 logical=12045 seq=12045 ch=39 rssi=0
PR1HE t_us=36643220 kind=0 logical=12046 seq=12046 ch=7 rssi=0
PR1HE t_us=36646209 kind=0 logical=12047 seq=12047 ch=1 rssi=0
PR1HE t_us=36649196 kind=0 logical=12048 seq=12048 ch=10 rssi=0
PR1HE t_us=36652186 kind=0 logical=12049 seq=12049 ch=0 rssi=0
PR1HE t_us=36655174 kind=0 logical=12050 seq=12050 ch=14 rssi=0
PR1HE t_us=36658160 kind=0 logical=12051 seq=12051 ch=8 rssi=0
PR1HE t_us=36661143 kind=0 logical=12052 seq=12052 ch=6 rssi=0
PR1HE t_us=36664132 kind=0 logical=12053 seq=12053 ch=16 rssi=0
PR1HE t_us=36667122 kind=0 logical=12054 seq=12054 ch=5 rssi=0
PR1HE t_us=36670108 kind=0 logical=12055 seq=12055 ch=22 rssi=0
PR1HE t_us=36673097 kind=0 logical=12056 seq=12056 ch=32 rssi=0
PR1HE t_us=36676072 kind=0 logical=12057 seq=12057 ch=26 rssi=0
PR1HE t_us=36679055 kind=0 logical=12058 seq=12058 ch=13 rssi=0
PR1HE t_us=36682037 kind=0 logical=12059 seq=12059 ch=25 rssi=0
PR1HE t_us=36685013 kind=0 logical=12060 seq=12060 ch=3 rssi=0
PR1HE t_us=36687988 kind=0 logical=12061 seq=12061 ch=6 rssi=0
PR1HE t_us=36690971 kind=0 logical=12062 seq=12062 ch=26 rssi=0
PR1HE t_us=36693953 kind=0 logical=12063 seq=12063 ch=34 rssi=0
PR1HE t_us=36696939 kind=0 logical=12064 seq=12064 ch=8 rssi=0
PR1HE t_us=36699917 kind=0 logical=12065 seq=12065 ch=22 rssi=0
PR1HE t_us=36702900 kind=0 logical=12066 seq=12066 ch=14 rssi=0
PR1HE t_us=36705883 kind=0 logical=12067 seq=12067 ch=4 rssi=0
PR1HE t_us=36708871 kind=0 logical=12068 seq=12068 ch=35 rssi=0
PR1HE t_us=36711865 kind=0 logical=12069 seq=12069 ch=5 rssi=0
PR1HE t_us=36714855 kind=0 logical=12070 seq=12070 ch=1 rssi=0
PR1HE t_us=36717833 kind=0 logical=12071 seq=12071 ch=15 rssi=0
PR1HE t_us=36720823 kind=0 logical=12072 seq=12072 ch=39 rssi=0
PR1HE t_us=36723812 kind=0 logical=12073 seq=12073 ch=7 rssi=0
PR1HE t_us=36726799 kind=0 logical=12074 seq=12074 ch=38 rssi=0
PR1HE t_us=36729788 kind=0 logical=12075 seq=12075 ch=16 rssi=0
PR1HE t_us=36732780 kind=0 logical=12076 seq=12076 ch=18 rssi=0
PR1HE t_us=36735774 kind=0 logical=12077 seq=12077 ch=32 rssi=0
PR1HE t_us=36738755 kind=0 logical=12078 seq=12078 ch=37 rssi=0
PR1HE t_us=36741740 kind=0 logical=12079 seq=12079 ch=9 rssi=0
PR1HE t_us=36744731 kind=0 logical=12080 seq=12080 ch=12 rssi=0
PR1HE t_us=36747712 kind=0 logical=12081 seq=12081 ch=17 rssi=0
PR1HE t_us=36750690 kind=0 logical=12082 seq=12082 ch=2 rssi=0
PR1HE t_us=36753670 kind=0 logical=12083 seq=12083 ch=33 rssi=0
PR1HE t_us=36756652 kind=0 logical=12084 seq=12084 ch=0 rssi=0
PR1HE t_us=36759634 kind=0 logical=12085 seq=12085 ch=13 rssi=0
PR1HE t_us=36762620 kind=0 logical=12086 seq=12086 ch=19 rssi=0
PR1HE t_us=36765594 kind=0 logical=12087 seq=12087 ch=10 rssi=0
PR1HE t_us=36768578 kind=0 logical=12088 seq=12088 ch=11 rssi=0
PR1HE t_us=36771553 kind=0 logical=12089 seq=12089 ch=25 rssi=0
PR1HE t_us=36774542 kind=0 logical=12090 seq=12090 ch=14 rssi=0
PR1HE t_us=36777531 kind=0 logical=12091 seq=12091 ch=4 rssi=0
PR1HE t_us=36780518 kind=0 logical=12092 seq=12092 ch=35 rssi=0
PR1HE t_us=36783506 kind=0 logical=12093 seq=12093 ch=15 rssi=0
PR1HE t_us=36786495 kind=0 logical=12094 seq=12094 ch=34 rssi=0
PR1HE t_us=36789483 kind=0 logical=12095 seq=12095 ch=26 rssi=0
PR1HE t_us=36792465 kind=0 logical=12096 seq=12096 ch=1 rssi=0
PR1HE t_us=36795451 kind=0 logical=12097 seq=12097 ch=6 rssi=0
PR1HE t_us=36798438 kind=0 logical=12098 seq=12098 ch=18 rssi=0
PR1HE t_us=36801422 kind=0 logical=12099 seq=12099 ch=9 rssi=0
PR1HE t_us=36804415 kind=0 logical=12100 seq=12100 ch=2 rssi=0
PR1HE t_us=36807409 kind=0 logical=12101 seq=12101 ch=3 rssi=0
PR1HE t_us=36810396 kind=0 logical=12102 seq=12102 ch=17 rssi=0
PR1HE t_us=36813372 kind=0 logical=12103 seq=12103 ch=19 rssi=0
PR1HE t_us=36816361 kind=0 logical=12104 seq=12104 ch=16 rssi=0
PR1HE t_us=36819346 kind=0 logical=12105 seq=12105 ch=32 rssi=0
PR1HE t_us=36822330 kind=0 logical=12106 seq=12106 ch=38 rssi=0
PR1HE t_us=36825317 kind=0 logical=12107 seq=12107 ch=25 rssi=0
PR1HE t_us=36828306 kind=0 logical=12108 seq=12108 ch=5 rssi=0
PR1HE t_us=36831297 kind=0 logical=12109 seq=12109 ch=13 rssi=0
PR1HE t_us=36834286 kind=0 logical=12110 seq=12110 ch=11 rssi=0
PR1HE t_us=36837279 kind=0 logical=12111 seq=12111 ch=8 rssi=0
PR1HE t_us=36840271 kind=0 logical=12112 seq=12112 ch=12 rssi=0
PR1HE t_us=36843264 kind=0 logical=12113 seq=12113 ch=33 rssi=0
PR1HE t_us=36846252 kind=0 logical=12114 seq=12114 ch=0 rssi=0
PR1HE t_us=36849241 kind=0 logical=12115 seq=12115 ch=10 rssi=0
PR1HE t_us=36852232 kind=0 logical=12116 seq=12116 ch=39 rssi=0
PR1HE t_us=36855220 kind=0 logical=12117 seq=12117 ch=22 rssi=0
PR1HE t_us=36858209 kind=0 logical=12118 seq=12118 ch=7 rssi=0
PR1HE t_us=36861196 kind=0 logical=12119 seq=12119 ch=37 rssi=0
PR1HE t_us=36864186 kind=0 logical=12120 seq=12120 ch=39 rssi=0
PR1HE t_us=36867174 kind=0 logical=12121 seq=12121 ch=11 rssi=0
PR1HE t_us=36870160 kind=0 logical=12122 seq=12122 ch=0 rssi=0
PR1HE t_us=36873143 kind=0 logical=12123 seq=12123 ch=35 rssi=0
PR1HE t_us=36876133 kind=0 logical=12124 seq=12124 ch=19 rssi=0
PR1HE t_us=36879122 kind=0 logical=12125 seq=12125 ch=38 rssi=0
PR1HE t_us=36882108 kind=0 logical=12126 seq=12126 ch=2 rssi=0
PR1HE t_us=36885097 kind=0 logical=12127 seq=12127 ch=17 rssi=0
PR1HE t_us=36888072 kind=0 logical=12128 seq=12128 ch=9 rssi=0
PR1HE t_us=36891055 kind=0 logical=12129 seq=12129 ch=7 rssi=0
PR1HE t_us=36894037 kind=0 logical=12130 seq=12130 ch=14 rssi=0
PR1HE t_us=36897013 kind=0 logical=12131 seq=12131 ch=8 rssi=0
PR1HE t_us=36899999 kind=0 logical=12132 seq=12132 ch=18 rssi=0
PR1HE t_us=36902976 kind=0 logical=12133 seq=12133 ch=6 rssi=0
PR1HE t_us=36905953 kind=0 logical=12134 seq=12134 ch=37 rssi=0
PR1HE t_us=36908935 kind=0 logical=12135 seq=12135 ch=5 rssi=0
PR1HE t_us=36911917 kind=0 logical=12136 seq=12136 ch=3 rssi=0
PR1HE t_us=36914900 kind=0 logical=12137 seq=12137 ch=22 rssi=0
PR1HE t_us=36917883 kind=0 logical=12138 seq=12138 ch=34 rssi=0
PR1HE t_us=36920871 kind=0 logical=12139 seq=12139 ch=25 rssi=0
PR1HE t_us=36923865 kind=0 logical=12140 seq=12140 ch=33 rssi=0
PR1HE t_us=36926855 kind=0 logical=12141 seq=12141 ch=15 rssi=0
PR1HE t_us=36929833 kind=0 logical=12142 seq=12142 ch=12 rssi=0
PR1HE t_us=36932817 kind=0 logical=12143 seq=12143 ch=13 rssi=0
PR1HE t_us=36935811 kind=0 logical=12144 seq=12144 ch=32 rssi=0
PR1HE t_us=36938799 kind=0 logical=12145 seq=12145 ch=10 rssi=0
PR1HE t_us=36941788 kind=0 logical=12146 seq=12146 ch=16 rssi=0
PR1HE t_us=36944776 kind=0 logical=12147 seq=12147 ch=26 rssi=0
PR1HE t_us=36947764 kind=0 logical=12148 seq=12148 ch=1 rssi=0
PR1HE t_us=36950755 kind=0 logical=12149 seq=12149 ch=4 rssi=0
PR1HE t_us=36953740 kind=0 logical=12150 seq=12150 ch=38 rssi=0
PR1HE t_us=36956731 kind=0 logical=12151 seq=12151 ch=7 rssi=0
PR1HE t_us=36959712 kind=0 logical=12152 seq=12152 ch=8 rssi=0
PR1HE t_us=36962691 kind=0 logical=12153 seq=12153 ch=9 rssi=0
PR1HE t_us=36965670 kind=0 logical=12154 seq=12154 ch=12 rssi=0
PR1HE t_us=36968652 kind=0 logical=12155 seq=12155 ch=26 rssi=0
PR1HE t_us=36971634 kind=0 logical=12156 seq=12156 ch=4 rssi=0
PR1HE t_us=36974619 kind=0 logical=12157 seq=12157 ch=16 rssi=0
PR1HE t_us=36977600 kind=0 logical=12158 seq=12158 ch=6 rssi=0
PR1HE t_us=36980578 kind=0 logical=12159 seq=12159 ch=33 rssi=0
PR1HE t_us=36983559 kind=0 logical=12160 seq=12160 ch=35 rssi=0
PR1HE t_us=36986541 kind=0 logical=12161 seq=12161 ch=0 rssi=0
PR1HE t_us=36989530 kind=0 logical=12162 seq=12162 ch=13 rssi=0
PR1HE t_us=36992518 kind=0 logical=12163 seq=12163 ch=19 rssi=0
PR1HE t_us=36995506 kind=0 logical=12164 seq=12164 ch=18 rssi=0
PR1HE t_us=36998495 kind=0 logical=12165 seq=12165 ch=11 rssi=0
PR1HE t_us=37001483 kind=0 logical=12166 seq=12166 ch=1 rssi=0
PR1HE t_us=37004465 kind=0 logical=12167 seq=12167 ch=34 rssi=0
PR1HE t_us=37007451 kind=0 logical=12168 seq=12168 ch=22 rssi=0
PR1HE t_us=37010438 kind=0 logical=12169 seq=12169 ch=10 rssi=0
PR1HE t_us=37013422 kind=0 logical=12170 seq=12170 ch=25 rssi=0
PR1HE t_us=37016409 kind=0 logical=12171 seq=12171 ch=5 rssi=0
PR1HE t_us=37019397 kind=0 logical=12172 seq=12172 ch=17 rssi=0
PR1HE t_us=37022385 kind=0 logical=12173 seq=12173 ch=3 rssi=0
PR1HE t_us=37025374 kind=0 logical=12174 seq=12174 ch=32 rssi=0
PR1HE t_us=37028359 kind=0 logical=12175 seq=12175 ch=39 rssi=0
PR1HE t_us=37031342 kind=0 logical=12176 seq=12176 ch=37 rssi=0
PR1HE t_us=37034330 kind=0 logical=12177 seq=12177 ch=2 rssi=0
PR1HE t_us=37037317 kind=0 logical=12178 seq=12178 ch=15 rssi=0
PR1HE t_us=37040306 kind=0 logical=12179 seq=12179 ch=14 rssi=0
PR1HE t_us=37043297 kind=0 logical=12180 seq=12180 ch=11 rssi=0
PR1HE t_us=37046286 kind=0 logical=12181 seq=12181 ch=15 rssi=0
PR1HE t_us=37049279 kind=0 logical=12182 seq=12182 ch=34 rssi=0
PR1HE t_us=37052271 kind=0 logical=12183 seq=12183 ch=39 rssi=0
PR1HE t_us=37055264 kind=0 logical=12184 seq=12184 ch=9 rssi=0
PR1HE t_us=37058252 kind=0 logical=12185 seq=12185 ch=35 rssi=0
PR1HE t_us=37061241 kind=0 logical=12186 seq=12186 ch=38 rssi=0
PR1HE t_us=37064232 kind=0 logical=12187 seq=12187 ch=5 rssi=0
PR1HE t_us=37067220 kind=0 logical=12188 seq=12188 ch=10 rssi=0
PR1HE t_us=37070209 kind=0 logical=12189 seq=12189 ch=7 rssi=0
PR1HE t_us=37073196 kind=0 logical=12190 seq=12190 ch=4 rssi=0
PR1HE t_us=37076186 kind=0 logical=12191 seq=12191 ch=1 rssi=0
PR1HE t_us=37079174 kind=0 logical=12192 seq=12192 ch=13 rssi=0
PR1HE t_us=37082160 kind=0 logical=12193 seq=12193 ch=14 rssi=0
PR1HE t_us=37085143 kind=0 logical=12194 seq=12194 ch=26 rssi=0
PR1HE t_us=37088133 kind=0 logical=12195 seq=12195 ch=3 rssi=0
PR1HE t_us=37091122 kind=0 logical=12196 seq=12196 ch=33 rssi=0
PR1HE t_us=37094108 kind=0 logical=12197 seq=12197 ch=25 rssi=0
PR1HE t_us=37097097 kind=0 logical=12198 seq=12198 ch=22 rssi=0
PR1HE t_us=37100072 kind=0 logical=12199 seq=12199 ch=8 rssi=0
PR1HE t_us=37103055 kind=0 logical=12200 seq=12200 ch=6 rssi=0
PR1HE t_us=37106037 kind=0 logical=12201 seq=12201 ch=17 rssi=0
PR1HE t_us=37109013 kind=0 logical=12202 seq=12202 ch=12 rssi=0
PR1HE t_us=37111995 kind=0 logical=12203 seq=12203 ch=19 rssi=0
PR1HE t_us=37114976 kind=0 logical=12204 seq=12204 ch=2 rssi=0
PR1HE t_us=37117958 kind=0 logical=12205 seq=12205 ch=37 rssi=0
PR1HE t_us=37120942 kind=0 logical=12206 seq=12206 ch=32 rssi=0
PR1HE t_us=37123928 kind=0 logical=12207 seq=12207 ch=18 rssi=0
PR1HE t_us=37126911 kind=0 logical=12208 seq=12208 ch=16 rssi=0
PR1HE t_us=37129894 kind=0 logical=12209 seq=12209 ch=0 rssi=0
PR1HE t_us=37132871 kind=0 logical=12210 seq=12210 ch=18 rssi=0
PR1HE t_us=37135865 kind=0 logical=12211 seq=12211 ch=7 rssi=0
PR1HE t_us=37138855 kind=0 logical=12212 seq=12212 ch=35 rssi=0
PR1HE t_us=37141833 kind=0 logical=12213 seq=12213 ch=34 rssi=0
PR1HE t_us=37144817 kind=0 logical=12214 seq=12214 ch=12 rssi=0
PR1HE t_us=37147811 kind=0 logical=12215 seq=12215 ch=11 rssi=0
PR1HE t_us=37150799 kind=0 logical=12216 seq=12216 ch=2 rssi=0
PR1HE t_us=37153788 kind=0 logical=12217 seq=12217 ch=22 rssi=0
PR1HA_BEGIN total=4 kept=4
PR1HA t_us=607735 kind=9 logical=0 seq=6334 ch=18 rssi=0
PR1HA t_us=34891732 kind=9 logical=11467 seq=7058 ch=2 rssi=0
PR1HA t_us=36126734 kind=9 logical=11874 seq=19819 ch=22 rssi=0
PR1HA t_us=36129635 kind=10 logical=11874 seq=41 ch=22 rssi=0
PR1HE_END
