PR1_RUNTIME_BOOT
runtime_profile=phase1-fixed-flrc-tx
runtime_role=tx
board_family=LILYGO T3-S3-MVSRBoard
board_reference_revision=V1.1 upstream reference
radio_target=SX1280
upstream_reference_commit=840a2e788b3192c4e9bddf0640c1ecaf703c2598
hardware_veriESP-ROM:esp32s3-20210327
Build:Mar 27 2021
rst:0x15 (USB_UART_CHIP_RESET),boot:0x38 (SPI_FAST_FLASH_BOOT)
Saved PC:0x42028b26
SPIWP:0xee
mode:DIO, clock div:1
load:0x3fce3808,len:0x44c
load:0x403c9700,len:0xbd8
load:0x403cc700,len:0x2a80
entry 0x403c98d0
PR1_RUNTIME_BOOT
runtime_profile=phase1-fixed-flrc-tx
runtime_role=tx
board_family=LILYGO T3-S3-MVSRBoard
board_reference_revision=V1.1 upstream reference
radio_target=SX1280
upstream_reference_commit=840a2e788b3192c4e9bddf0640c1ecaf703c2598
hardware_verified=0
protocol_version=1
protocol_header_bytes=16
rf_enabled=1
sx1280_spi_hz=2000000
sx1280_cs=7
sx1280_rst=8
sx1280_sclk=5
sx1280_mosi=6
sx1280_miso=3
sx1280_dio1=9
sx1280_busy=36
sx1280_tx_enable=10
sx1280_rx_enable=21
PR1_FIXED_FLRC_PROFILE
frequency_mhz=2404.000
bitrate_kbps=1300
coding_rate=3
output_dbm=0
tx_gap_us=150
packet_bytes=116
adaptive_layers=channel_map
ctrl_plane_core=0
afh_enabled=1
afh_session_id=1
afh_session_seed=0x5052314441525431
afh_map_version=1
afh_active_channels=40
afh_resync_after_misses=8
afh_rendezvous_first=20
adaptive_map=1
map_lead_frames=600
map_guard_frames=100
quality_cfg=fast_shift:2,slow_shift:5,suspect_q15:30000,exclude_q15:27853,recover_q15:30720,suspect_losses:2,exclude_losses:4,recover_successes:3,probe_ms:200-3200,min_active:12
afh_schedule_fp=18,21,5,3,0,6,29,20,36,25,9,24,14,28,37,17,30,10,32,26,31,7,22,35,16,1,2,12,39,13,15,11,38,19,33,23,34,4,27,8,16,19,10,17,24,21,5,14
PR1_RUNTIME_LIVE_READY
PR1T v=1 t_us=35165705 field=device_state value=2
PR1T v=1 t_us=35165705 field=scheduler_misses value=0
PR1T v=1 t_us=35165705 field=trace_overwrites value=34609
PR1T v=1 t_us=35165705 field=capability_mask value=12
PR1H t_us=36140688 session_id=1 map_version=12 locked=0 channel=0 logical=11904 retunes=11904 retune_failures=0 standby_failures=0 timeout_advances=0 resync_entries=0 locks=0 agree=0 disagree=0 period_est_us=0 max_consecutive_timeouts=0 retune_us_p99=72 retune_us_max=104 hop_compute_us_p99=34 hop_compute_us_max=45
PR1HQ acq_anchors=0 acq_crc=0 acq_frames=0 acq_done_us=0
PR1HC ok=489,491,486,490,488,489,492,485,487,490,487,486,120,45,488,488,268,486,98,81,120,120,340,121,45,61,164,98,29,45,44,44,189,99,99,486,490,491,399,486 crc=0,0,0,0,0,0,0,0,0,0,0,0,0,0,0,0,0,0,0,0,0,0,0,0,0,0,0,0,0,0,0,0,0,0,0,0,0,0,0,0
PR1CP core=0 lines=56 parse_fail=0 in_dropped=0 out_lines=56 write_waits=0 stack_free=3312 window_waits=0 work_us_max=48
PR1QS map_version=12 active=19 bits=b80002cfff pending=0 pending_v=12 pending_act=10233 min_active_seen=19 proposals=0 commits=28 commit_late=0 expired=0 activations=11 tx_rejects=0 outcomes_dropped=0 events=39 emit_dropped=0 activation_count=11 ctrl_us_p99=6 ctrl_us_max=6 ctrl_us_n=56 ctrl_us_p50=3 ctrl_us_p95=6
PR1QA v=2 activation=1112 applied_at=1112
PR1QA v=3 activation=1712 applied_at=1712
PR1QA v=4 activation=2312 applied_at=2312
PR1QA v=5 activation=2912 applied_at=2912
PR1QA v=6 activation=3512 applied_at=3512
PR1QA v=7 activation=4112 applied_at=4112
PR1QA v=8 activation=5177 applied_at=5177
PR1QA v=9 activation=5777 applied_at=5777
PR1QA v=10 activation=7557 applied_at=7557
PR1QA v=11 activation=8972 applied_at=8972
PR1QA v=12 activation=10233 applied_at=10233
PR1QC ch=0 mhz=2404 state=0 fast_q15=32767 slow_q15=32767 ok=0 crc=0 timeout=0 probe_ok=0 probe_fail=0 suspects=0 exclusions=0 reinclusions=0 last_excl_ms=0
PR1QC ch=1 mhz=2406 state=0 fast_q15=32767 slow_q15=32767 ok=0 crc=0 timeout=0 probe_ok=0 probe_fail=0 suspects=0 exclusions=0 reinclusions=0 last_excl_ms=0
PR1QC ch=2 mhz=2408 state=0 fast_q15=32767 slow_q15=32767 ok=0 crc=0 timeout=0 probe_ok=0 probe_fail=0 suspects=0 exclusions=0 reinclusions=0 last_excl_ms=0
PR1QC ch=3 mhz=2410 state=0 fast_q15=32767 slow_q15=32767 ok=0 crc=0 timeout=0 probe_ok=0 probe_fail=0 suspects=0 exclusions=0 reinclusions=0 last_excl_ms=0
PR1QC ch=4 mhz=2412 state=0 fast_q15=32767 slow_q15=32767 ok=0 crc=0 timeout=0 probe_ok=0 probe_fail=0 suspects=0 exclusions=0 reinclusions=0 last_excl_ms=0
PR1QC ch=5 mhz=2414 state=0 fast_q15=32767 slow_q15=32767 ok=0 crc=0 timeout=0 probe_ok=0 probe_fail=0 suspects=0 exclusions=0 reinclusions=0 last_excl_ms=0
PR1QC ch=6 mhz=2416 state=0 fast_q15=32767 slow_q15=32767 ok=0 crc=0 timeout=0 probe_ok=0 probe_fail=0 suspects=0 exclusions=0 reinclusions=0 last_excl_ms=0
PR1QC ch=7 mhz=2418 state=0 fast_q15=32767 slow_q15=32767 ok=0 crc=0 timeout=0 probe_ok=0 probe_fail=0 suspects=0 exclusions=0 reinclusions=0 last_excl_ms=0
PR1QC ch=8 mhz=2420 state=0 fast_q15=32767 slow_q15=32767 ok=0 crc=0 timeout=0 probe_ok=0 probe_fail=0 suspects=0 exclusions=0 reinclusions=0 last_excl_ms=0
PR1QC ch=9 mhz=2422 state=0 fast_q15=32767 slow_q15=32767 ok=0 crc=0 timeout=0 probe_ok=0 probe_fail=0 suspects=0 exclusions=0 reinclusions=0 last_excl_ms=0
PR1QC ch=10 mhz=2424 state=0 fast_q15=32767 slow_q15=32767 ok=0 crc=0 timeout=0 probe_ok=0 probe_fail=0 suspects=0 exclusions=0 reinclusions=0 last_excl_ms=0
PR1QC ch=11 mhz=2426 state=0 fast_q15=32767 slow_q15=32767 ok=0 crc=0 timeout=0 probe_ok=0 probe_fail=0 suspects=0 exclusions=0 reinclusions=0 last_excl_ms=0
PR1QC ch=12 mhz=2428 state=0 fast_q15=32767 slow_q15=32767 ok=0 crc=0 timeout=0 probe_ok=0 probe_fail=0 suspects=0 exclusions=0 reinclusions=0 last_excl_ms=0
PR1QC ch=13 mhz=2430 state=0 fast_q15=32767 slow_q15=32767 ok=0 crc=0 timeout=0 probe_ok=0 probe_fail=0 suspects=0 exclusions=0 reinclusions=0 last_excl_ms=0
PR1QC ch=14 mhz=2432 state=0 fast_q15=32767 slow_q15=32767 ok=0 crc=0 timeout=0 probe_ok=0 probe_fail=0 suspects=0 exclusions=0 reinclusions=0 last_excl_ms=0
PR1QC ch=15 mhz=2434 state=0 fast_q15=32767 slow_q15=32767 ok=0 crc=0 timeout=0 probe_ok=0 probe_fail=0 suspects=0 exclusions=0 reinclusions=0 last_excl_ms=0
PR1QC ch=16 mhz=2436 state=0 fast_q15=32767 slow_q15=32767 ok=0 crc=0 timeout=0 probe_ok=0 probe_fail=0 suspects=0 exclusions=0 reinclusions=0 last_excl_ms=0
PR1QC ch=17 mhz=2438 state=0 fast_q15=32767 slow_q15=32767 ok=0 crc=0 timeout=0 probe_ok=0 probe_fail=0 suspects=0 exclusions=0 reinclusions=0 last_excl_ms=0
PR1QC ch=18 mhz=2440 state=0 fast_q15=32767 slow_q15=32767 ok=0 crc=0 timeout=0 probe_ok=0 probe_fail=0 suspects=0 exclusions=0 reinclusions=0 last_excl_ms=0
PR1QC ch=19 mhz=2442 state=0 fast_q15=32767 slow_q15=32767 ok=0 crc=0 timeout=0 probe_ok=0 probe_fail=0 suspects=0 exclusions=0 reinclusions=0 last_excl_ms=0
PR1QC ch=20 mhz=2444 state=0 fast_q15=32767 slow_q15=32767 ok=0 crc=0 timeout=0 probe_ok=0 probe_fail=0 suspects=0 exclusions=0 reinclusions=0 last_excl_ms=0
PR1QC ch=21 mhz=2446 state=0 fast_q15=32767 slow_q15=32767 ok=0 crc=0 timeout=0 probe_ok=0 probe_fail=0 suspects=0 exclusions=0 reinclusions=0 last_excl_ms=0
PR1QC ch=22 mhz=2448 state=0 fast_q15=32767 slow_q15=32767 ok=0 crc=0 timeout=0 probe_ok=0 probe_fail=0 suspects=0 exclusions=0 reinclusions=0 last_excl_ms=0
PR1QC ch=23 mhz=2450 state=0 fast_q15=32767 slow_q15=32767 ok=0 crc=0 timeout=0 probe_ok=0 probe_fail=0 suspects=0 exclusions=0 reinclusions=0 last_excl_ms=0
PR1QC ch=24 mhz=2452 state=0 fast_q15=32767 slow_q15=32767 ok=0 crc=0 timeout=0 probe_ok=0 probe_fail=0 suspects=0 exclusions=0 reinclusions=0 last_excl_ms=0
PR1QC ch=25 mhz=2454 state=0 fast_q15=32767 slow_q15=32767 ok=0 crc=0 timeout=0 probe_ok=0 probe_fail=0 suspects=0 exclusions=0 reinclusions=0 last_excl_ms=0
PR1QC ch=26 mhz=2456 state=0 fast_q15=32767 slow_q15=32767 ok=0 crc=0 timeout=0 probe_ok=0 probe_fail=0 suspects=0 exclusions=0 reinclusions=0 last_excl_ms=0
PR1QC ch=27 mhz=2458 state=0 fast_q15=32767 slow_q15=32767 ok=0 crc=0 timeout=0 probe_ok=0 probe_fail=0 suspects=0 exclusions=0 reinclusions=0 last_excl_ms=0
PR1QC ch=28 mhz=2460 state=0 fast_q15=32767 slow_q15=32767 ok=0 crc=0 timeout=0 probe_ok=0 probe_fail=0 suspects=0 exclusions=0 reinclusions=0 last_excl_ms=0
PR1QC ch=29 mhz=2462 state=0 fast_q15=32767 slow_q15=32767 ok=0 crc=0 timeout=0 probe_ok=0 probe_fail=0 suspects=0 exclusions=0 reinclusions=0 last_excl_ms=0
PR1QC ch=30 mhz=2464 state=0 fast_q15=32767 slow_q15=32767 ok=0 crc=0 timeout=0 probe_ok=0 probe_fail=0 suspects=0 exclusions=0 reinclusions=0 last_excl_ms=0
PR1QC ch=31 mhz=2466 state=0 fast_q15=32767 slow_q15=32767 ok=0 crc=0 timeout=0 probe_ok=0 probe_fail=0 suspects=0 exclusions=0 reinclusions=0 last_excl_ms=0
PR1QC ch=32 mhz=2468 state=0 fast_q15=32767 slow_q15=32767 ok=0 crc=0 timeout=0 probe_ok=0 probe_fail=0 suspects=0 exclusions=0 reinclusions=0 last_excl_ms=0
PR1QC ch=33 mhz=2470 state=0 fast_q15=32767 slow_q15=32767 ok=0 crc=0 timeout=0 probe_ok=0 probe_fail=0 suspects=0 exclusions=0 reinclusions=0 last_excl_ms=0
PR1QC ch=34 mhz=2472 state=0 fast_q15=32767 slow_q15=32767 ok=0 crc=0 timeout=0 probe_ok=0 probe_fail=0 suspects=0 exclusions=0 reinclusions=0 last_excl_ms=0
PR1QC ch=35 mhz=2474 state=0 fast_q15=32767 slow_q15=32767 ok=0 crc=0 timeout=0 probe_ok=0 probe_fail=0 suspects=0 exclusions=0 reinclusions=0 last_excl_ms=0
PR1QC ch=36 mhz=2476 state=0 fast_q15=32767 slow_q15=32767 ok=0 crc=0 timeout=0 probe_ok=0 probe_fail=0 suspects=0 exclusions=0 reinclusions=0 last_excl_ms=0
PR1QC ch=37 mhz=2478 state=0 fast_q15=32767 slow_q15=32767 ok=0 crc=0 timeout=0 probe_ok=0 probe_fail=0 suspects=0 exclusions=0 reinclusions=0 last_excl_ms=0
PR1QC ch=38 mhz=2480 state=0 fast_q15=32767 slow_q15=32767 ok=0 crc=0 timeout=0 probe_ok=0 probe_fail=0 suspects=0 exclusions=0 reinclusions=0 last_excl_ms=0
PR1QC ch=39 mhz=2482 state=0 fast_q15=32767 slow_q15=32767 ok=0 crc=0 timeout=0 probe_ok=0 probe_fail=0 suspects=0 exclusions=0 reinclusions=0 last_excl_ms=0
PR1QE t_ms=2166 kind=5 logical=522 target=1112 id=1 v=2 ch=0 value=1 bits=ffefffffff
PR1QE t_ms=3936 kind=4 logical=1112 target=1112 id=0 v=2 ch=0 value=39 bits=ffefffffff
PR1QE t_ms=3960 kind=5 logical=1120 target=1712 id=2 v=3 ch=0 value=1 bits=ff0effdfff
PR1QE t_ms=5736 kind=4 logical=1712 target=1712 id=0 v=3 ch=0 value=34 bits=ff0effdfff
PR1QE t_ms=5760 kind=5 logical=1720 target=2312 id=3 v=4 ch=0 value=1 bits=ff0cffdfff
PR1QE t_ms=7529 kind=4 logical=2312 target=2312 id=0 v=4 ch=0 value=33 bits=ff0cffdfff
PR1QE t_ms=7559 kind=5 logical=2322 target=2912 id=4 v=5 ch=0 value=1 bits=ff0cf7dfff
PR1QE t_ms=9322 kind=4 logical=2912 target=2912 id=0 v=5 ch=0 value=32 bits=ff0cf7dfff
PR1QE t_ms=9339 kind=5 logical=2918 target=3512 id=5 v=6 ch=0 value=1 bits=f904f3dfff
PR1QE t_ms=11114 kind=4 logical=3512 target=3512 id=0 v=6 ch=0 value=28 bits=f904f3dfff
PR1QE t_ms=11138 kind=5 logical=3520 target=4112 id=6 v=7 ch=0 value=1 bits=f90443cfff
PR1QE t_ms=12905 kind=4 logical=4112 target=4112 id=0 v=7 ch=0 value=24 bits=f90443cfff
PR1QE t_ms=12926 kind=5 logical=4119 target=4412 id=7 v=7 ch=13 value=2 bits=0000000000
PR1QE t_ms=13832 kind=5 logical=4423 target=4713 id=8 v=7 ch=31 value=2 bits=0000000000
PR1QE t_ms=14324 kind=5 logical=4588 target=5177 id=9 v=8 ch=0 value=1 bits=f90043cfff
PR1QE t_ms=16081 kind=4 logical=5177 target=5177 id=0 v=8 ch=0 value=23 bits=f90043cfff
PR1QE t_ms=16111 kind=5 logical=5187 target=5777 id=10 v=9 ch=0 value=1 bits=f80043cfff
PR1QE t_ms=17871 kind=4 logical=5777 target=5777 id=0 v=9 ch=0 value=22 bits=f80043cfff
PR1QE t_ms=17903 kind=5 logical=5788 target=6077 id=11 v=9 ch=28 value=2 bits=0000000000
PR1QE t_ms=18798 kind=5 logical=6088 target=6378 id=12 v=9 ch=18 value=2 bits=0000000000
PR1QE t_ms=19683 kind=5 logical=6385 target=6679 id=13 v=9 ch=34 value=2 bits=0000000000
PR1QE t_ms=20584 kind=5 logical=6687 target=6980 id=14 v=9 ch=29 value=2 bits=0000000000
PR1QE t_ms=21412 kind=5 logical=6965 target=7557 id=15 v=10 ch=0 value=1 bits=f80042cfff
PR1QE t_ms=23178 kind=4 logical=7557 target=7557 id=0 v=10 ch=0 value=21 bits=f80042cfff
PR1QE t_ms=23201 kind=5 logical=7565 target=7857 id=16 v=10 ch=30 value=2 bits=0000000000
PR1QE t_ms=24107 kind=5 logical=7869 target=8158 id=17 v=10 ch=23 value=2 bits=0000000000
PR1QE t_ms=24986 kind=5 logical=8164 target=8459 id=18 v=10 ch=25 value=2 bits=0000000000
PR1QE t_ms=25621 kind=5 logical=8377 target=8972 id=19 v=11 ch=0 value=1 bits=f80002cfff
PR1QE t_ms=27395 kind=4 logical=8972 target=8972 id=0 v=11 ch=0 value=20 bits=f80002cfff
PR1QE t_ms=27419 kind=5 logical=8980 target=9272 id=20 v=11 ch=24 value=2 bits=0000000000
PR1QE t_ms=28316 kind=5 logical=9281 target=9573 id=21 v=11 ch=12 value=2 bits=0000000000
PR1QE t_ms=29213 kind=5 logical=9582 target=9874 id=22 v=11 ch=19 value=2 bits=0000000000
PR1QE t_ms=29395 kind=5 logical=9643 target=10233 id=23 v=12 ch=0 value=1 bits=b80002cfff
PR1QE t_ms=31153 kind=4 logical=10233 target=10233 id=0 v=12 ch=0 value=19 bits=b80002cfff
PR1QE t_ms=31173 kind=5 logical=10240 target=10533 id=24 v=12 ch=33 value=2 bits=0000000000
PR1QE t_ms=32070 kind=5 logical=10541 target=10834 id=25 v=12 ch=27 value=2 bits=0000000000
PR1QE t_ms=32982 kind=5 logical=10847 target=11135 id=26 v=12 ch=13 value=2 bits=0000000000
PR1QE t_ms=33864 kind=5 logical=11143 target=11436 id=27 v=12 ch=20 value=2 bits=0000000000
PR1QE t_ms=34766 kind=5 logical=11446 target=11737 id=28 v=12 ch=21 value=2 bits=0000000000
PR1QE_END
PR1HE_BEGIN total=12280 count=256
PR1HE t_us=36512213 kind=0 logical=12021 seq=12021 ch=9 rssi=0
PR1HE t_us=36515196 kind=0 logical=12022 seq=12022 ch=5 rssi=0
PR1HE t_us=36518176 kind=0 logical=12023 seq=12023 ch=2 rssi=0
PR1HE t_us=36521157 kind=0 logical=12024 seq=12024 ch=36 rssi=0
PR1HE t_us=36524140 kind=0 logical=12025 seq=12025 ch=14 rssi=0
PR1HE t_us=36527120 kind=0 logical=12026 seq=12026 ch=6 rssi=0
PR1HE t_us=36530097 kind=0 logical=12027 seq=12027 ch=15 rssi=0
PR1HE t_us=36533079 kind=0 logical=12028 seq=12028 ch=39 rssi=0
PR1HE t_us=36536059 kind=0 logical=12029 seq=12029 ch=35 rssi=0
PR1HE t_us=36539028 kind=0 logical=12030 seq=12030 ch=4 rssi=0
PR1HE t_us=36542004 kind=0 logical=12031 seq=12031 ch=17 rssi=0
PR1HE t_us=36544976 kind=0 logical=12032 seq=12032 ch=3 rssi=0
PR1HE t_us=36547949 kind=0 logical=12033 seq=12033 ch=0 rssi=0
PR1HE t_us=36550919 kind=0 logical=12034 seq=12034 ch=5 rssi=0
PR1HE t_us=36553896 kind=0 logical=12035 seq=12035 ch=36 rssi=0
PR1HE t_us=36556873 kind=0 logical=12036 seq=12036 ch=11 rssi=0
PR1HE t_us=36559855 kind=0 logical=12037 seq=12037 ch=2 rssi=0
PR1HE t_us=36562832 kind=0 logical=12038 seq=12038 ch=7 rssi=0
PR1HE t_us=36565806 kind=0 logical=12039 seq=12039 ch=9 rssi=0
PR1HE t_us=36568785 kind=0 logical=12040 seq=12040 ch=6 rssi=0
PR1HE t_us=36571772 kind=0 logical=12041 seq=12041 ch=8 rssi=0
PR1HE t_us=36574751 kind=0 logical=12042 seq=12042 ch=1 rssi=0
PR1HE t_us=36577734 kind=0 logical=12043 seq=12043 ch=10 rssi=0
PR1HE t_us=36580711 kind=0 logical=12044 seq=12044 ch=14 rssi=0
PR1HE t_us=36583691 kind=0 logical=12045 seq=12045 ch=37 rssi=0
PR1HE t_us=36586667 kind=0 logical=12046 seq=12046 ch=4 rssi=0
PR1HE t_us=36589640 kind=0 logical=12047 seq=12047 ch=2 rssi=0
PR1HE t_us=36592613 kind=0 logical=12048 seq=12048 ch=35 rssi=0
PR1HE t_us=36595592 kind=0 logical=12049 seq=12049 ch=39 rssi=0
PR1HE t_us=36598566 kind=0 logical=12050 seq=12050 ch=5 rssi=0
PR1HE t_us=36601545 kind=0 logical=12051 seq=12051 ch=37 rssi=0
PR1HE t_us=36604520 kind=0 logical=12052 seq=12052 ch=17 rssi=0
PR1HE t_us=36607503 kind=0 logical=12053 seq=12053 ch=36 rssi=0
PR1HE t_us=36610479 kind=0 logical=12054 seq=12054 ch=14 rssi=0
PR1HE t_us=36613461 kind=0 logical=12055 seq=12055 ch=0 rssi=0
PR1HE t_us=36616437 kind=0 logical=12056 seq=12056 ch=1 rssi=0
PR1HE t_us=36619424 kind=0 logical=12057 seq=12057 ch=3 rssi=0
PR1HE t_us=36622407 kind=0 logical=12058 seq=12058 ch=10 rssi=0
PR1HE t_us=36625388 kind=0 logical=12059 seq=12059 ch=7 rssi=0
PR1HE t_us=36628366 kind=0 logical=12060 seq=12060 ch=9 rssi=0
PR1HE t_us=36631345 kind=0 logical=12061 seq=12061 ch=11 rssi=0
PR1HE t_us=36634328 kind=0 logical=12062 seq=12062 ch=15 rssi=0
PR1HE t_us=36637309 kind=0 logical=12063 seq=12063 ch=6 rssi=0
PR1HE t_us=36640294 kind=0 logical=12064 seq=12064 ch=8 rssi=0
PR1HE t_us=36643278 kind=0 logical=12065 seq=12065 ch=15 rssi=0
PR1HE t_us=36646258 kind=0 logical=12066 seq=12066 ch=37 rssi=0
PR1HE t_us=36649242 kind=0 logical=12067 seq=12067 ch=8 rssi=0
PR1HE t_us=36652228 kind=0 logical=12068 seq=12068 ch=1 rssi=0
PR1HE t_us=36655213 kind=0 logical=12069 seq=12069 ch=5 rssi=0
PR1HE t_us=36658196 kind=0 logical=12070 seq=12070 ch=10 rssi=0
PR1HE t_us=36661176 kind=0 logical=12071 seq=12071 ch=11 rssi=0
PR1HE t_us=36664157 kind=0 logical=12072 seq=12072 ch=7 rssi=0
PR1HE t_us=36667140 kind=0 logical=12073 seq=12073 ch=0 rssi=0
PR1HE t_us=36670120 kind=0 logical=12074 seq=12074 ch=9 rssi=0
PR1HE t_us=36673097 kind=0 logical=12075 seq=12075 ch=4 rssi=0
PR1HE t_us=36676079 kind=0 logical=12076 seq=12076 ch=6 rssi=0
PR1HE t_us=36679059 kind=0 logical=12077 seq=12077 ch=36 rssi=0
PR1HE t_us=36682028 kind=0 logical=12078 seq=12078 ch=14 rssi=0
PR1HE t_us=36685004 kind=0 logical=12079 seq=12079 ch=3 rssi=0
PR1HE t_us=36687976 kind=0 logical=12080 seq=12080 ch=35 rssi=0
PR1HE t_us=36690955 kind=0 logical=12081 seq=12081 ch=2 rssi=0
PR1HE t_us=36693930 kind=0 logical=12082 seq=12082 ch=39 rssi=0
PR1HE t_us=36696909 kind=0 logical=12083 seq=12083 ch=17 rssi=0
PR1HE t_us=36699890 kind=0 logical=12084 seq=12084 ch=2 rssi=0
PR1HE t_us=36702867 kind=0 logical=12085 seq=12085 ch=8 rssi=0
PR1HE t_us=36705842 kind=0 logical=12086 seq=12086 ch=36 rssi=0
PR1HE t_us=36708826 kind=0 logical=12087 seq=12087 ch=7 rssi=0
PR1HE t_us=36711806 kind=0 logical=12088 seq=12088 ch=35 rssi=0
PR1HE t_us=36714785 kind=0 logical=12089 seq=12089 ch=10 rssi=0
PR1HE t_us=36717772 kind=0 logical=12090 seq=12090 ch=9 rssi=0
PR1HE t_us=36720751 kind=0 logical=12091 seq=12091 ch=0 rssi=0
PR1HE t_us=36723734 kind=0 logical=12092 seq=12092 ch=15 rssi=0
PR1HE t_us=36726711 kind=0 logical=12093 seq=12093 ch=6 rssi=0
PR1HE t_us=36729691 kind=0 logical=12094 seq=12094 ch=14 rssi=0
PR1HE t_us=36732667 kind=0 logical=12095 seq=12095 ch=4 rssi=0
PR1HE t_us=36735646 kind=0 logical=12096 seq=12096 ch=39 rssi=0
PR1HE t_us=36738622 kind=0 logical=12097 seq=12097 ch=3 rssi=0
PR1HE t_us=36741597 kind=0 logical=12098 seq=12098 ch=17 rssi=0
PR1HE t_us=36744572 kind=0 logical=12099 seq=12099 ch=37 rssi=0
PR1HE t_us=36747545 kind=0 logical=12100 seq=12100 ch=11 rssi=0
PR1HE t_us=36750520 kind=0 logical=12101 seq=12101 ch=5 rssi=0
PR1HE t_us=36753503 kind=0 logical=12102 seq=12102 ch=1 rssi=0
PR1HE t_us=36756485 kind=0 logical=12103 seq=12103 ch=15 rssi=0
PR1HE t_us=36759468 kind=0 logical=12104 seq=12104 ch=35 rssi=0
PR1HE t_us=36762450 kind=0 logical=12105 seq=12105 ch=11 rssi=0
PR1HE t_us=36765424 kind=0 logical=12106 seq=12106 ch=2 rssi=0
PR1HE t_us=36768407 kind=0 logical=12107 seq=12107 ch=7 rssi=0
PR1HE t_us=36771388 kind=0 logical=12108 seq=12108 ch=1 rssi=0
PR1HE t_us=36774366 kind=0 logical=12109 seq=12109 ch=6 rssi=0
PR1HE t_us=36777345 kind=0 logical=12110 seq=12110 ch=0 rssi=0
PR1HE t_us=36780328 kind=0 logical=12111 seq=12111 ch=37 rssi=0
PR1HE t_us=36783309 kind=0 logical=12112 seq=12112 ch=9 rssi=0
PR1HE t_us=36786294 kind=0 logical=12113 seq=12113 ch=10 rssi=0
PR1HE t_us=36789278 kind=0 logical=12114 seq=12114 ch=39 rssi=0
PR1HE t_us=36792258 kind=0 logical=12115 seq=12115 ch=4 rssi=0
PR1HE t_us=36795242 kind=0 logical=12116 seq=12116 ch=36 rssi=0
PR1HE t_us=36798228 kind=0 logical=12117 seq=12117 ch=8 rssi=0
PR1HE t_us=36801213 kind=0 logical=12118 seq=12118 ch=17 rssi=0
PR1HE t_us=36804196 kind=0 logical=12119 seq=12119 ch=14 rssi=0
PR1HE t_us=36807176 kind=0 logical=12120 seq=12120 ch=3 rssi=0
PR1HE t_us=36810157 kind=0 logical=12121 seq=12121 ch=5 rssi=0
PR1HE t_us=36813140 kind=0 logical=12122 seq=12122 ch=14 rssi=0
PR1HE t_us=36816120 kind=0 logical=12123 seq=12123 ch=6 rssi=0
PR1HE t_us=36819097 kind=0 logical=12124 seq=12124 ch=36 rssi=0
PR1HE t_us=36822079 kind=0 logical=12125 seq=12125 ch=8 rssi=0
PR1HE t_us=36825059 kind=0 logical=12126 seq=12126 ch=7 rssi=0
PR1HE t_us=36828028 kind=0 logical=12127 seq=12127 ch=5 rssi=0
PR1HE t_us=36831004 kind=0 logical=12128 seq=12128 ch=9 rssi=0
PR1HE t_us=36833976 kind=0 logical=12129 seq=12129 ch=39 rssi=0
PR1HE t_us=36836949 kind=0 logical=12130 seq=12130 ch=4 rssi=0
PR1HE t_us=36839925 kind=0 logical=12131 seq=12131 ch=35 rssi=0
PR1HE t_us=36842902 kind=0 logical=12132 seq=12132 ch=11 rssi=0
PR1HE t_us=36845878 kind=0 logical=12133 seq=12133 ch=15 rssi=0
PR1HE t_us=36848854 kind=0 logical=12134 seq=12134 ch=3 rssi=0
PR1HE t_us=36851832 kind=0 logical=12135 seq=12135 ch=2 rssi=0
PR1HE t_us=36854806 kind=0 logical=12136 seq=12136 ch=0 rssi=0
PR1HE t_us=36857785 kind=0 logical=12137 seq=12137 ch=37 rssi=0
PR1HE t_us=36860772 kind=0 logical=12138 seq=12138 ch=10 rssi=0
PR1HE t_us=36863751 kind=0 logical=12139 seq=12139 ch=17 rssi=0
PR1HE t_us=36866734 kind=0 logical=12140 seq=12140 ch=1 rssi=0
PR1HE t_us=36869711 kind=0 logical=12141 seq=12141 ch=14 rssi=0
PR1HE t_us=36872691 kind=0 logical=12142 seq=12142 ch=8 rssi=0
PR1HE t_us=36875667 kind=0 logical=12143 seq=12143 ch=3 rssi=0
PR1HE t_us=36878640 kind=0 logical=12144 seq=12144 ch=7 rssi=0
PR1HE t_us=36881613 kind=0 logical=12145 seq=12145 ch=1 rssi=0
PR1HE t_us=36884592 kind=0 logical=12146 seq=12146 ch=36 rssi=0
PR1HE t_us=36887566 kind=0 logical=12147 seq=12147 ch=11 rssi=0
PR1HE t_us=36890545 kind=0 logical=12148 seq=12148 ch=2 rssi=0
PR1HE t_us=36893520 kind=0 logical=12149 seq=12149 ch=39 rssi=0
PR1HE t_us=36896503 kind=0 logical=12150 seq=12150 ch=17 rssi=0
PR1HE t_us=36899479 kind=0 logical=12151 seq=12151 ch=9 rssi=0
PR1HE t_us=36902461 kind=0 logical=12152 seq=12152 ch=35 rssi=0
PR1HE t_us=36905437 kind=0 logical=12153 seq=12153 ch=0 rssi=0
PR1HE t_us=36908417 kind=0 logical=12154 seq=12154 ch=4 rssi=0
PR1HE t_us=36911395 kind=0 logical=12155 seq=12155 ch=15 rssi=0
PR1HE t_us=36914377 kind=0 logical=12156 seq=12156 ch=6 rssi=0
PR1HE t_us=36917361 kind=0 logical=12157 seq=12157 ch=37 rssi=0
PR1HE t_us=36920335 kind=0 logical=12158 seq=12158 ch=10 rssi=0
PR1HE t_us=36923317 kind=0 logical=12159 seq=12159 ch=5 rssi=0
PR1HE t_us=36926296 kind=0 logical=12160 seq=12160 ch=1 rssi=0
PR1HE t_us=36929279 kind=0 logical=12161 seq=12161 ch=36 rssi=0
PR1HE t_us=36932262 kind=0 logical=12162 seq=12162 ch=8 rssi=0
PR1HE t_us=36935247 kind=0 logical=12163 seq=12163 ch=39 rssi=0
PR1HE t_us=36938231 kind=0 logical=12164 seq=12164 ch=6 rssi=0
PR1HE t_us=36941213 kind=0 logical=12165 seq=12165 ch=4 rssi=0
PR1HE t_us=36944196 kind=0 logical=12166 seq=12166 ch=7 rssi=0
PR1HE t_us=36947176 kind=0 logical=12167 seq=12167 ch=9 rssi=0
PR1HE t_us=36950157 kind=0 logical=12168 seq=12168 ch=5 rssi=0
PR1HE t_us=36953140 kind=0 logical=12169 seq=12169 ch=11 rssi=0
PR1HE t_us=36956120 kind=0 logical=12170 seq=12170 ch=10 rssi=0
PR1HE t_us=36959097 kind=0 logical=12171 seq=12171 ch=0 rssi=0
PR1HE t_us=36962079 kind=0 logical=12172 seq=12172 ch=3 rssi=0
PR1HE t_us=36965059 kind=0 logical=12173 seq=12173 ch=37 rssi=0
PR1HE t_us=36968028 kind=0 logical=12174 seq=12174 ch=17 rssi=0
PR1HE t_us=36971004 kind=0 logical=12175 seq=12175 ch=14 rssi=0
PR1HE t_us=36973976 kind=0 logical=12176 seq=12176 ch=2 rssi=0
PR1HE t_us=36976949 kind=0 logical=12177 seq=12177 ch=15 rssi=0
PR1HE t_us=36979925 kind=0 logical=12178 seq=12178 ch=35 rssi=0
PR1HE t_us=36982902 kind=0 logical=12179 seq=12179 ch=5 rssi=0
PR1HE t_us=36985878 kind=0 logical=12180 seq=12180 ch=6 rssi=0
PR1HE t_us=36988854 kind=0 logical=12181 seq=12181 ch=11 rssi=0
PR1HE t_us=36991832 kind=0 logical=12182 seq=12182 ch=8 rssi=0
PR1HE t_us=36994806 kind=0 logical=12183 seq=12183 ch=7 rssi=0
PR1HE t_us=36997785 kind=0 logical=12184 seq=12184 ch=1 rssi=0
PR1HE t_us=37000772 kind=0 logical=12185 seq=12185 ch=14 rssi=0
PR1HE t_us=37003751 kind=0 logical=12186 seq=12186 ch=2 rssi=0
PR1HE t_us=37006734 kind=0 logical=12187 seq=12187 ch=17 rssi=0
PR1HE t_us=37009711 kind=0 logical=12188 seq=12188 ch=37 rssi=0
PR1HE t_us=37012691 kind=0 logical=12189 seq=12189 ch=0 rssi=0
PR1HE t_us=37015667 kind=0 logical=12190 seq=12190 ch=35 rssi=0
PR1HE t_us=37018640 kind=0 logical=12191 seq=12191 ch=3 rssi=0
PR1HE t_us=37021613 kind=0 logical=12192 seq=12192 ch=9 rssi=0
PR1HE t_us=37024592 kind=0 logical=12193 seq=12193 ch=15 rssi=0
PR1HE t_us=37027566 kind=0 logical=12194 seq=12194 ch=39 rssi=0
PR1HE t_us=37030545 kind=0 logical=12195 seq=12195 ch=36 rssi=0
PR1HE t_us=37033520 kind=0 logical=12196 seq=12196 ch=4 rssi=0
PR1HE t_us=37036503 kind=0 logical=12197 seq=12197 ch=10 rssi=0
PR1HE t_us=37039479 kind=0 logical=12198 seq=12198 ch=4 rssi=0
PR1HE t_us=37042461 kind=0 logical=12199 seq=12199 ch=8 rssi=0
PR1HE t_us=37045437 kind=0 logical=12200 seq=12200 ch=35 rssi=0
PR1HE t_us=37048418 kind=0 logical=12201 seq=12201 ch=17 rssi=0
PR1HE t_us=37051402 kind=0 logical=12202 seq=12202 ch=7 rssi=0
PR1HE t_us=37054382 kind=0 logical=12203 seq=12203 ch=14 rssi=0
PR1HE t_us=37057358 kind=0 logical=12204 seq=12204 ch=9 rssi=0
PR1HE t_us=37060340 kind=0 logical=12205 seq=12205 ch=39 rssi=0
PR1HE t_us=37063320 kind=0 logical=12206 seq=12206 ch=3 rssi=0
PR1HE t_us=37066296 kind=0 logical=12207 seq=12207 ch=36 rssi=0
PR1HE t_us=37069279 kind=0 logical=12208 seq=12208 ch=11 rssi=0
PR1HE t_us=37072261 kind=0 logical=12209 seq=12209 ch=15 rssi=0
PR1HE t_us=37075247 kind=0 logical=12210 seq=12210 ch=37 rssi=0
PR1HE t_us=37078231 kind=0 logical=12211 seq=12211 ch=1 rssi=0
PR1HE t_us=37081213 kind=0 logical=12212 seq=12212 ch=2 rssi=0
PR1HE t_us=37084193 kind=0 logical=12213 seq=12213 ch=0 rssi=0
PR1HE t_us=37087176 kind=0 logical=12214 seq=12214 ch=5 rssi=0
PR1HE t_us=37090157 kind=0 logical=12215 seq=12215 ch=6 rssi=0
PR1HE t_us=37093140 kind=0 logical=12216 seq=12216 ch=10 rssi=0
PR1HE t_us=37096120 kind=0 logical=12217 seq=12217 ch=37 rssi=0
PR1HE t_us=37099100 kind=0 logical=12218 seq=12218 ch=8 rssi=0
PR1HE t_us=37102084 kind=0 logical=12219 seq=12219 ch=1 rssi=0
PR1HE t_us=37105064 kind=0 logical=12220 seq=12220 ch=14 rssi=0
PR1HE t_us=37108033 kind=0 logical=12221 seq=12221 ch=15 rssi=0
PR1HE t_us=37111009 kind=0 logical=12222 seq=12222 ch=9 rssi=0
PR1HE t_us=37113981 kind=0 logical=12223 seq=12223 ch=4 rssi=0
PR1HE t_us=37116962 kind=0 logical=12224 seq=12224 ch=10 rssi=0
PR1HE t_us=37119942 kind=0 logical=12225 seq=12225 ch=5 rssi=0
PR1HE t_us=37122920 kind=0 logical=12226 seq=12226 ch=0 rssi=0
PR1HE t_us=37125897 kind=0 logical=12227 seq=12227 ch=39 rssi=0
PR1HE t_us=37128873 kind=0 logical=12228 seq=12228 ch=7 rssi=0
PR1HE t_us=37131855 kind=0 logical=12229 seq=12229 ch=17 rssi=0
PR1HE t_us=37134832 kind=0 logical=12230 seq=12230 ch=36 rssi=0
PR1HE t_us=37137806 kind=0 logical=12231 seq=12231 ch=35 rssi=0
PR1HE t_us=37140785 kind=0 logical=12232 seq=12232 ch=11 rssi=0
PR1HE t_us=37143772 kind=0 logical=12233 seq=12233 ch=2 rssi=0
PR1HE t_us=37146751 kind=0 logical=12234 seq=12234 ch=6 rssi=0
PR1HE t_us=37149736 kind=0 logical=12235 seq=12235 ch=3 rssi=0
PR1HE t_us=37152711 kind=0 logical=12236 seq=12236 ch=8 rssi=0
PR1HE t_us=37155691 kind=0 logical=12237 seq=12237 ch=3 rssi=0
PR1HE t_us=37158667 kind=0 logical=12238 seq=12238 ch=39 rssi=0
PR1HE t_us=37161640 kind=0 logical=12239 seq=12239 ch=37 rssi=0
PR1HE t_us=37164613 kind=0 logical=12240 seq=12240 ch=15 rssi=0
PR1HE t_us=37167592 kind=0 logical=12241 seq=12241 ch=4 rssi=0
PR1HE t_us=37170566 kind=0 logical=12242 seq=12242 ch=0 rssi=0
PR1HE t_us=37173539 kind=0 logical=12243 seq=12243 ch=1 rssi=0
PR1HE t_us=37176516 kind=0 logical=12244 seq=12244 ch=6 rssi=0
PR1HE t_us=37179503 kind=0 logical=12245 seq=12245 ch=2 rssi=0
PR1HE t_us=37182479 kind=0 logical=12246 seq=12246 ch=7 rssi=0
PR1HE t_us=37185461 kind=0 logical=12247 seq=12247 ch=5 rssi=0
PR1HE t_us=37188437 kind=0 logical=12248 seq=12248 ch=10 rssi=0
PR1HE t_us=37191417 kind=0 logical=12249 seq=12249 ch=14 rssi=0
PR1HE t_us=37194395 kind=0 logical=12250 seq=12250 ch=11 rssi=0
PR1HE t_us=37197377 kind=0 logical=12251 seq=12251 ch=17 rssi=0
PR1HE t_us=37200361 kind=0 logical=12252 seq=12252 ch=35 rssi=0
PR1HE t_us=37203335 kind=0 logical=12253 seq=12253 ch=9 rssi=0
PR1HE t_us=37206317 kind=0 logical=12254 seq=12254 ch=36 rssi=0
PR1HE t_us=37209296 kind=0 logical=12255 seq=12255 ch=37 rssi=0
PR1HE t_us=37212279 kind=0 logical=12256 seq=12256 ch=36 rssi=0
PR1HE t_us=37215258 kind=0 logical=12257 seq=12257 ch=4 rssi=0
PR1HE t_us=37218242 kind=0 logical=12258 seq=12258 ch=8 rssi=0
PR1HE t_us=37221228 kind=0 logical=12259 seq=12259 ch=7 rssi=0
PR1HE t_us=37224213 kind=0 logical=12260 seq=12260 ch=5 rssi=0
PR1HE t_us=37227196 kind=0 logical=12261 seq=12261 ch=9 rssi=0
PR1HE t_us=37230176 kind=0 logical=12262 seq=12262 ch=0 rssi=0
PR1HE t_us=37233157 kind=0 logical=12263 seq=12263 ch=10 rssi=0
PR1HE t_us=37236140 kind=0 logical=12264 seq=12264 ch=3 rssi=0
PR1HE t_us=37239120 kind=0 logical=12265 seq=12265 ch=14 rssi=0
PR1HE t_us=37242097 kind=0 logical=12266 seq=12266 ch=35 rssi=0
PR1HE t_us=37245080 kind=0 logical=12267 seq=12267 ch=39 rssi=0
PR1HE t_us=37248059 kind=0 logical=12268 seq=12268 ch=1 rssi=0
PR1HE t_us=37251028 kind=0 logical=12269 seq=12269 ch=11 rssi=0
PR1HE t_us=37254004 kind=0 logical=12270 seq=12270 ch=6 rssi=0
PR1HE t_us=37256976 kind=0 logical=12271 seq=12271 ch=17 rssi=0
PR1HE t_us=37259949 kind=0 logical=12272 seq=12272 ch=2 rssi=0
PR1HE t_us=37262925 kind=0 logical=12273 seq=12273 ch=15 rssi=0
PR1HE t_us=37265902 kind=0 logical=12274 seq=12274 ch=17 rssi=0
PR1HE t_us=37268878 kind=0 logical=12275 seq=12275 ch=11 rssi=0
PR1HE t_us=37271854 kind=0 logical=12276 seq=12276 ch=4 rssi=0
PR1HA_BEGIN total=3 kept=3
PR1HA t_us=601931 kind=9 logical=0 seq=53 ch=18 rssi=0
PR1HA t_us=35170692 kind=9 logical=11579 seq=7355 ch=5 rssi=0
PR1HA t_us=36160694 kind=9 logical=11904 seq=21678 ch=17 rssi=0
PR1HE_END
