ESP-ROM:esp32s3-20210327
Build:Mar 27 2021
rst:0x15 (USB_UART_CHIP_RESET),boot:0x38 (SPI_FAST_FLASH_BOOT)
Saved PC:0x42027da6
SPIWP:0xee
mode:DIO, clock div:1
load:0x3fce3808,len:0x44c
load:0x403c9700,len:0xbd8
load:0x403cc700,len:0x2a80
entry 0x403c98d0
PR1_RUNTIME_BOOT
runtime_profile=phase1-fixed-flrc-tx
runtime_role=tx
board_family=LILYGO T3-S3-MVSRBoard
board_reference_revision=V1.1 upstream reference
radio_target=SX1280
upstream_reference_commit=840a2e788b3192c4e9bddf0640c1ecaf703c2598
hardware_verified=0
protocol_version=1
protocol_header_bytes=16
rf_enabled=1
sx1280_spi_hz=2000000
sx1280_cs=7
sx1280_rst=8
sx1280_sclk=5
sx1280_mosi=6
sx1280_miso=3
sx1280_dio1=9
sx1280_busy=36
sx1280_tx_enable=10
sx1280_rx_enable=21
PR1_FIXED_FLRC_PROFILE
frequency_mhz=2404.000
bitrate_kbps=1300
coding_rate=3
output_dbm=0
tx_gap_us=5000
packet_bytes=116
adaptive_layers=off
afh_enabled=1
afh_session_id=1
afh_session_seed=0x5052314441525431
afh_map_version=1
afh_active_channels=40
afh_resync_after_misses=8
afh_rendezvous_first=20
afh_schedule_fp=18,21,5,3,0,6,29,20,36,25,9,24,14,28,37,17,30,10,32,26,31,7,22,35,16,1,2,12,39,13,15,11,38,19,33,23,34,4,27,8,16,19,10,17,24,21,5,14
PR1_RUNTIME_LIVE_READY
PR1T v=1 t_us=4089792 field=device_state value=2
PR1T v=1 t_us=4089792 field=scheduler_misses value=0
PR1T v=1 t_us=4089792 field=trace_overwrites value=1210
PR1T v=1 t_us=4089792 field=capability_mask value=12
PR1H t_us=4842855 session_id=1 map_version=1 locked=0 channel=23 logical=542 retunes=542 retune_failures=0 standby_failures=0 timeout_advances=0 resync_entries=0 locks=0 agree=0 disagree=0 period_est_us=0 max_consecutive_timeouts=0 retune_us_p99=72 retune_us_max=91 hop_compute_us_p99=44 hop_compute_us_max=45
PR1HC ok=13,14,14,14,14,13,14,13,14,14,13,13,13,13,13,13,14,14,13,14,14,14,14,14,14,14,13,14,14,14,13,14,13,13,13,13,14,13,13,14 crc=0,0,0,0,0,0,0,0,0,0,0,0,0,0,0,0,0,0,0,0,0,0,0,0,0,0,0,0,0,0,0,0,0,0,0,0,0,0,0,0
PR1HE_BEGIN total=657 count=256
PR1HE t_us=3744241 kind=0 logical=401 seq=401 ch=23 rssi=0
PR1HE t_us=3752076 kind=0 logical=402 seq=402 ch=8 rssi=0
PR1HE t_us=3759918 kind=0 logical=403 seq=403 ch=7 rssi=0
PR1HE t_us=3767760 kind=0 logical=404 seq=404 ch=10 rssi=0
PR1HE t_us=3775605 kind=0 logical=405 seq=405 ch=38 rssi=0
PR1HE t_us=3783442 kind=0 logical=406 seq=406 ch=30 rssi=0
PR1HE t_us=3791283 kind=0 logical=407 seq=407 ch=34 rssi=0
PR1HE t_us=3799119 kind=0 logical=408 seq=408 ch=22 rssi=0
PR1HE t_us=3806959 kind=0 logical=409 seq=409 ch=3 rssi=0
PR1HE t_us=3814804 kind=0 logical=410 seq=410 ch=11 rssi=0
PR1HE t_us=3822646 kind=0 logical=411 seq=411 ch=21 rssi=0
PR1HE t_us=3830483 kind=0 logical=412 seq=412 ch=20 rssi=0
PR1HE t_us=3838319 kind=0 logical=413 seq=413 ch=15 rssi=0
PR1HE t_us=3846163 kind=0 logical=414 seq=414 ch=6 rssi=0
PR1HE t_us=3853996 kind=0 logical=415 seq=415 ch=2 rssi=0
PR1HE t_us=3861843 kind=0 logical=416 seq=416 ch=14 rssi=0
PR1HE t_us=3869687 kind=0 logical=417 seq=417 ch=19 rssi=0
PR1HE t_us=3877526 kind=0 logical=418 seq=418 ch=12 rssi=0
PR1HE t_us=3885358 kind=0 logical=419 seq=419 ch=25 rssi=0
PR1HE t_us=3893204 kind=0 logical=420 seq=420 ch=26 rssi=0
PR1HE t_us=3901041 kind=0 logical=421 seq=421 ch=24 rssi=0
PR1HE t_us=3908881 kind=0 logical=422 seq=422 ch=9 rssi=0
PR1HE t_us=3916723 kind=0 logical=423 seq=423 ch=39 rssi=0
PR1HE t_us=3924560 kind=0 logical=424 seq=424 ch=36 rssi=0
PR1HE t_us=3932400 kind=0 logical=425 seq=425 ch=0 rssi=0
PR1HE t_us=3940241 kind=0 logical=426 seq=426 ch=37 rssi=0
PR1HE t_us=3948076 kind=0 logical=427 seq=427 ch=17 rssi=0
PR1HE t_us=3955918 kind=0 logical=428 seq=428 ch=29 rssi=0
PR1HE t_us=3963760 kind=0 logical=429 seq=429 ch=16 rssi=0
PR1HE t_us=3971605 kind=0 logical=430 seq=430 ch=27 rssi=0
PR1HE t_us=3979442 kind=0 logical=431 seq=431 ch=35 rssi=0
PR1HE t_us=3987283 kind=0 logical=432 seq=432 ch=32 rssi=0
PR1HE t_us=3995119 kind=0 logical=433 seq=433 ch=4 rssi=0
PR1HE t_us=4002959 kind=0 logical=434 seq=434 ch=28 rssi=0
PR1HE t_us=4010804 kind=0 logical=435 seq=435 ch=18 rssi=0
PR1HE t_us=4018646 kind=0 logical=436 seq=436 ch=31 rssi=0
PR1HE t_us=4026483 kind=0 logical=437 seq=437 ch=33 rssi=0
PR1HE t_us=4034319 kind=0 logical=438 seq=438 ch=5 rssi=0
PR1HE t_us=4042163 kind=0 logical=439 seq=439 ch=13 rssi=0
PR1HE t_us=4049996 kind=0 logical=440 seq=440 ch=1 rssi=0
PR1HE t_us=4057843 kind=0 logical=441 seq=441 ch=33 rssi=0
PR1HE t_us=4065687 kind=0 logical=442 seq=442 ch=27 rssi=0
PR1HE t_us=4073526 kind=0 logical=443 seq=443 ch=5 rssi=0
PR1HE t_us=4081359 kind=0 logical=444 seq=444 ch=17 rssi=0
PR1HE t_us=4089205 kind=0 logical=445 seq=445 ch=19 rssi=0
PR1HE t_us=4097081 kind=0 logical=446 seq=446 ch=0 rssi=0
PR1HE t_us=4104931 kind=0 logical=447 seq=447 ch=35 rssi=0
PR1HE t_us=4112778 kind=0 logical=448 seq=448 ch=15 rssi=0
PR1HE t_us=4120621 kind=0 logical=449 seq=449 ch=8 rssi=0
PR1HE t_us=4128455 kind=0 logical=450 seq=450 ch=39 rssi=0
PR1HE t_us=4136295 kind=0 logical=451 seq=451 ch=23 rssi=0
PR1HE t_us=4144137 kind=0 logical=452 seq=452 ch=10 rssi=0
PR1HE t_us=4151983 kind=0 logical=453 seq=453 ch=29 rssi=0
PR1HE t_us=4159827 kind=0 logical=454 seq=454 ch=25 rssi=0
PR1HE t_us=4167672 kind=0 logical=455 seq=455 ch=34 rssi=0
PR1HE t_us=4175503 kind=0 logical=456 seq=456 ch=18 rssi=0
PR1HE t_us=4183335 kind=0 logical=457 seq=457 ch=22 rssi=0
PR1HE t_us=4191182 kind=0 logical=458 seq=458 ch=31 rssi=0
PR1HE t_us=4199022 kind=0 logical=459 seq=459 ch=28 rssi=0
PR1HE t_us=4206867 kind=0 logical=460 seq=460 ch=30 rssi=0
PR1HE t_us=4214711 kind=0 logical=461 seq=461 ch=21 rssi=0
PR1HE t_us=4222556 kind=0 logical=462 seq=462 ch=13 rssi=0
PR1HE t_us=4230390 kind=0 logical=463 seq=463 ch=2 rssi=0
PR1HE t_us=4238229 kind=0 logical=464 seq=464 ch=16 rssi=0
PR1HE t_us=4246064 kind=0 logical=465 seq=465 ch=24 rssi=0
PR1HE t_us=4253907 kind=0 logical=466 seq=466 ch=38 rssi=0
PR1HE t_us=4261747 kind=0 logical=467 seq=467 ch=36 rssi=0
PR1HE t_us=4269590 kind=0 logical=468 seq=468 ch=3 rssi=0
PR1HE t_us=4277429 kind=0 logical=469 seq=469 ch=4 rssi=0
PR1HE t_us=4285265 kind=0 logical=470 seq=470 ch=12 rssi=0
PR1HE t_us=4293098 kind=0 logical=471 seq=471 ch=7 rssi=0
PR1HE t_us=4300942 kind=0 logical=472 seq=472 ch=14 rssi=0
PR1HE t_us=4308787 kind=0 logical=473 seq=473 ch=11 rssi=0
PR1HE t_us=4316627 kind=0 logical=474 seq=474 ch=9 rssi=0
PR1HE t_us=4324461 kind=0 logical=475 seq=475 ch=32 rssi=0
PR1HE t_us=4332300 kind=0 logical=476 seq=476 ch=37 rssi=0
PR1HE t_us=4340137 kind=0 logical=477 seq=477 ch=6 rssi=0
PR1HE t_us=4347983 kind=0 logical=478 seq=478 ch=20 rssi=0
PR1HE t_us=4355827 kind=0 logical=479 seq=479 ch=26 rssi=0
PR1HE t_us=4363672 kind=0 logical=480 seq=480 ch=8 rssi=0
PR1HE t_us=4371503 kind=0 logical=481 seq=481 ch=6 rssi=0
PR1HE t_us=4379335 kind=0 logical=482 seq=482 ch=16 rssi=0
PR1HE t_us=4387171 kind=0 logical=483 seq=483 ch=5 rssi=0
PR1HE t_us=4395007 kind=0 logical=484 seq=484 ch=1 rssi=0
PR1HE t_us=4402850 kind=0 logical=485 seq=485 ch=20 rssi=0
PR1HE t_us=4410698 kind=0 logical=486 seq=486 ch=29 rssi=0
PR1HE t_us=4418540 kind=0 logical=487 seq=487 ch=21 rssi=0
PR1HE t_us=4426377 kind=0 logical=488 seq=488 ch=15 rssi=0
PR1HE t_us=4434222 kind=0 logical=489 seq=489 ch=38 rssi=0
PR1HE t_us=4442053 kind=0 logical=490 seq=490 ch=10 rssi=0
PR1HE t_us=4449894 kind=0 logical=491 seq=491 ch=25 rssi=0
PR1HE t_us=4457736 kind=0 logical=492 seq=492 ch=2 rssi=0
PR1HE t_us=4465575 kind=0 logical=493 seq=493 ch=14 rssi=0
PR1HE t_us=4473414 kind=0 logical=494 seq=494 ch=32 rssi=0
PR1HE t_us=4481253 kind=0 logical=495 seq=495 ch=24 rssi=0
PR1HE t_us=4489088 kind=0 logical=496 seq=496 ch=34 rssi=0
PR1HE t_us=4496930 kind=0 logical=497 seq=497 ch=36 rssi=0
PR1HE t_us=4504772 kind=0 logical=498 seq=498 ch=22 rssi=0
PR1HE t_us=4512615 kind=0 logical=499 seq=499 ch=9 rssi=0
PR1HE t_us=4520448 kind=0 logical=500 seq=500 ch=39 rssi=0
PR1HE t_us=4528295 kind=0 logical=501 seq=501 ch=4 rssi=0
PR1HE t_us=4536137 kind=0 logical=502 seq=502 ch=23 rssi=0
PR1HE t_us=4543983 kind=0 logical=503 seq=503 ch=17 rssi=0
PR1HE t_us=4551827 kind=0 logical=504 seq=504 ch=13 rssi=0
PR1HE t_us=4559672 kind=0 logical=505 seq=505 ch=12 rssi=0
PR1HE t_us=4567503 kind=0 logical=506 seq=506 ch=27 rssi=0
PR1HE t_us=4575335 kind=0 logical=507 seq=507 ch=35 rssi=0
PR1HE t_us=4583171 kind=0 logical=508 seq=508 ch=18 rssi=0
PR1HE t_us=4591007 kind=0 logical=509 seq=509 ch=26 rssi=0
PR1HE t_us=4598850 kind=0 logical=510 seq=510 ch=11 rssi=0
PR1HE t_us=4606698 kind=0 logical=511 seq=511 ch=28 rssi=0
PR1HE t_us=4614540 kind=0 logical=512 seq=512 ch=30 rssi=0
PR1HE t_us=4622377 kind=0 logical=513 seq=513 ch=19 rssi=0
PR1HE t_us=4630218 kind=0 logical=514 seq=514 ch=7 rssi=0
PR1HE t_us=4638053 kind=0 logical=515 seq=515 ch=33 rssi=0
PR1HE t_us=4645894 kind=0 logical=516 seq=516 ch=3 rssi=0
PR1HE t_us=4653736 kind=0 logical=517 seq=517 ch=0 rssi=0
PR1HE t_us=4661568 kind=0 logical=518 seq=518 ch=31 rssi=0
PR1HE t_us=4669407 kind=0 logical=519 seq=519 ch=37 rssi=0
PR1HE t_us=4677253 kind=0 logical=520 seq=520 ch=29 rssi=0
PR1HE t_us=4685088 kind=0 logical=521 seq=521 ch=6 rssi=0
PR1HE t_us=4692930 kind=0 logical=522 seq=522 ch=25 rssi=0
PR1HE t_us=4700772 kind=0 logical=523 seq=523 ch=21 rssi=0
PR1HE t_us=4708615 kind=0 logical=524 seq=524 ch=4 rssi=0
PR1HE t_us=4716448 kind=0 logical=525 seq=525 ch=9 rssi=0
PR1HE t_us=4724295 kind=0 logical=526 seq=526 ch=24 rssi=0
PR1HE t_us=4732137 kind=0 logical=527 seq=527 ch=31 rssi=0
PR1HE t_us=4739983 kind=0 logical=528 seq=528 ch=20 rssi=0
PR1HE t_us=4747827 kind=0 logical=529 seq=529 ch=22 rssi=0
PR1HE t_us=4755672 kind=0 logical=530 seq=530 ch=1 rssi=0
PR1HE t_us=4763503 kind=0 logical=531 seq=531 ch=28 rssi=0
PR1HE t_us=4771335 kind=0 logical=532 seq=532 ch=3 rssi=0
PR1HE t_us=4779171 kind=0 logical=533 seq=533 ch=19 rssi=0
PR1HE t_us=4787007 kind=0 logical=534 seq=534 ch=27 rssi=0
PR1HE t_us=4794850 kind=0 logical=535 seq=535 ch=16 rssi=0
PR1HE t_us=4802698 kind=0 logical=536 seq=536 ch=2 rssi=0
PR1HE t_us=4810540 kind=0 logical=537 seq=537 ch=39 rssi=0
PR1HE t_us=4818377 kind=0 logical=538 seq=538 ch=8 rssi=0
PR1HE t_us=4826218 kind=0 logical=539 seq=539 ch=36 rssi=0
PR1HE t_us=4834053 kind=0 logical=540 seq=540 ch=17 rssi=0
PR1HE t_us=4841894 kind=0 logical=541 seq=541 ch=23 rssi=0
PR1HE t_us=4849770 kind=0 logical=542 seq=542 ch=10 rssi=0
PR1HE t_us=4857627 kind=0 logical=543 seq=543 ch=0 rssi=0
PR1HE t_us=4865461 kind=0 logical=544 seq=544 ch=32 rssi=0
PR1HE t_us=4873300 kind=0 logical=545 seq=545 ch=35 rssi=0
PR1HE t_us=4881137 kind=0 logical=546 seq=546 ch=38 rssi=0
PR1HE t_us=4888983 kind=0 logical=547 seq=547 ch=30 rssi=0
PR1HE t_us=4896821 kind=0 logical=548 seq=548 ch=5 rssi=0
PR1HE t_us=4904663 kind=0 logical=549 seq=549 ch=33 rssi=0
PR1HE t_us=4912501 kind=0 logical=550 seq=550 ch=13 rssi=0
PR1HE t_us=4920342 kind=0 logical=551 seq=551 ch=14 rssi=0
PR1HE t_us=4928181 kind=0 logical=552 seq=552 ch=34 rssi=0
PR1HE t_us=4936014 kind=0 logical=553 seq=553 ch=26 rssi=0
PR1HE t_us=4943850 kind=0 logical=554 seq=554 ch=12 rssi=0
PR1HE t_us=4951698 kind=0 logical=555 seq=555 ch=18 rssi=0
PR1HE t_us=4959540 kind=0 logical=556 seq=556 ch=11 rssi=0
PR1HE t_us=4967377 kind=0 logical=557 seq=557 ch=37 rssi=0
PR1HE t_us=4975218 kind=0 logical=558 seq=558 ch=15 rssi=0
PR1HE t_us=4983053 kind=0 logical=559 seq=559 ch=7 rssi=0
PR1HE t_us=4990894 kind=0 logical=560 seq=560 ch=10 rssi=0
PR1HE t_us=4998736 kind=0 logical=561 seq=561 ch=6 rssi=0
PR1HE t_us=5006575 kind=0 logical=562 seq=562 ch=38 rssi=0
PR1HE t_us=5014414 kind=0 logical=563 seq=563 ch=17 rssi=0
PR1HE t_us=5022253 kind=0 logical=564 seq=564 ch=33 rssi=0
PR1HE t_us=5030088 kind=0 logical=565 seq=565 ch=5 rssi=0
PR1HE t_us=5037930 kind=0 logical=566 seq=566 ch=16 rssi=0
PR1HE t_us=5045772 kind=0 logical=567 seq=567 ch=36 rssi=0
PR1HE t_us=5053615 kind=0 logical=568 seq=568 ch=21 rssi=0
PR1HE t_us=5061448 kind=0 logical=569 seq=569 ch=32 rssi=0
PR1HE t_us=5069295 kind=0 logical=570 seq=570 ch=37 rssi=0
PR1HE t_us=5077137 kind=0 logical=571 seq=571 ch=4 rssi=0
PR1HE t_us=5084983 kind=0 logical=572 seq=572 ch=35 rssi=0
PR1HE t_us=5092821 kind=0 logical=573 seq=573 ch=3 rssi=0
PR1HE t_us=5100663 kind=0 logical=574 seq=574 ch=2 rssi=0
PR1HE t_us=5108501 kind=0 logical=575 seq=575 ch=31 rssi=0
PR1HE t_us=5116342 kind=0 logical=576 seq=576 ch=1 rssi=0
PR1HE t_us=5124188 kind=0 logical=577 seq=577 ch=30 rssi=0
PR1HE t_us=5132022 kind=0 logical=578 seq=578 ch=27 rssi=0
PR1HE t_us=5139867 kind=0 logical=579 seq=579 ch=7 rssi=0
PR1HE t_us=5147711 kind=0 logical=580 seq=580 ch=15 rssi=0
PR1HE t_us=5155556 kind=0 logical=581 seq=581 ch=29 rssi=0
PR1HE t_us=5163390 kind=0 logical=582 seq=582 ch=19 rssi=0
PR1HE t_us=5171229 kind=0 logical=583 seq=583 ch=13 rssi=0
PR1HE t_us=5179064 kind=0 logical=584 seq=584 ch=22 rssi=0
PR1HE t_us=5186907 kind=0 logical=585 seq=585 ch=39 rssi=0
PR1HE t_us=5194747 kind=0 logical=586 seq=586 ch=34 rssi=0
PR1HE t_us=5202590 kind=0 logical=587 seq=587 ch=23 rssi=0
PR1HE t_us=5210424 kind=0 logical=588 seq=588 ch=0 rssi=0
PR1HE t_us=5218265 kind=0 logical=589 seq=589 ch=24 rssi=0
PR1HE t_us=5226098 kind=0 logical=590 seq=590 ch=25 rssi=0
PR1HE t_us=5233942 kind=0 logical=591 seq=591 ch=14 rssi=0
PR1HE t_us=5241787 kind=0 logical=592 seq=592 ch=26 rssi=0
PR1HE t_us=5249627 kind=0 logical=593 seq=593 ch=18 rssi=0
PR1HE t_us=5257461 kind=0 logical=594 seq=594 ch=12 rssi=0
PR1HE t_us=5265300 kind=0 logical=595 seq=595 ch=8 rssi=0
PR1HE t_us=5273137 kind=0 logical=596 seq=596 ch=11 rssi=0
PR1HE t_us=5280983 kind=0 logical=597 seq=597 ch=9 rssi=0
PR1HE t_us=5288827 kind=0 logical=598 seq=598 ch=20 rssi=0
PR1HE t_us=5296672 kind=0 logical=599 seq=599 ch=28 rssi=0
PR1HE t_us=5304503 kind=0 logical=600 seq=600 ch=13 rssi=0
PR1HE t_us=5312335 kind=0 logical=601 seq=601 ch=4 rssi=0
PR1HE t_us=5320171 kind=0 logical=602 seq=602 ch=23 rssi=0
PR1HE t_us=5328007 kind=0 logical=603 seq=603 ch=19 rssi=0
PR1HE t_us=5335850 kind=0 logical=604 seq=604 ch=9 rssi=0
PR1HE t_us=5343699 kind=0 logical=605 seq=605 ch=34 rssi=0
PR1HE t_us=5351540 kind=0 logical=606 seq=606 ch=1 rssi=0
PR1HE t_us=5359379 kind=0 logical=607 seq=607 ch=27 rssi=0
PR1HE t_us=5367222 kind=0 logical=608 seq=608 ch=39 rssi=0
PR1HE t_us=5375053 kind=0 logical=609 seq=609 ch=26 rssi=0
PR1HE t_us=5382894 kind=0 logical=610 seq=610 ch=37 rssi=0
PR1HE t_us=5390736 kind=0 logical=611 seq=611 ch=35 rssi=0
PR1HE t_us=5398568 kind=0 logical=612 seq=612 ch=21 rssi=0
PR1HE t_us=5406401 kind=0 logical=613 seq=613 ch=8 rssi=0
PR1HE t_us=5414241 kind=0 logical=614 seq=614 ch=5 rssi=0
PR1HE t_us=5422076 kind=0 logical=615 seq=615 ch=14 rssi=0
PR1HE t_us=5429918 kind=0 logical=616 seq=616 ch=0 rssi=0
PR1HE t_us=5437760 kind=0 logical=617 seq=617 ch=36 rssi=0
PR1HE t_us=5445605 kind=0 logical=618 seq=618 ch=16 rssi=0
PR1HE t_us=5453442 kind=0 logical=619 seq=619 ch=2 rssi=0
PR1HE t_us=5461283 kind=0 logical=620 seq=620 ch=32 rssi=0
PR1HE t_us=5469119 kind=0 logical=621 seq=621 ch=33 rssi=0
PR1HE t_us=5476959 kind=0 logical=622 seq=622 ch=18 rssi=0
PR1HE t_us=5484804 kind=0 logical=623 seq=623 ch=3 rssi=0
PR1HE t_us=5492646 kind=0 logical=624 seq=624 ch=7 rssi=0
PR1HE t_us=5500483 kind=0 logical=625 seq=625 ch=6 rssi=0
PR1HE t_us=5508319 kind=0 logical=626 seq=626 ch=11 rssi=0
PR1HE t_us=5516163 kind=0 logical=627 seq=627 ch=15 rssi=0
PR1HE t_us=5523996 kind=0 logical=628 seq=628 ch=30 rssi=0
PR1HE t_us=5531843 kind=0 logical=629 seq=629 ch=20 rssi=0
PR1HE t_us=5539687 kind=0 logical=630 seq=630 ch=17 rssi=0
PR1HE t_us=5547526 kind=0 logical=631 seq=631 ch=31 rssi=0
PR1HE t_us=5555358 kind=0 logical=632 seq=632 ch=24 rssi=0
PR1HE t_us=5563204 kind=0 logical=633 seq=633 ch=28 rssi=0
PR1HE t_us=5571041 kind=0 logical=634 seq=634 ch=29 rssi=0
PR1HE t_us=5578881 kind=0 logical=635 seq=635 ch=22 rssi=0
PR1HE t_us=5586723 kind=0 logical=636 seq=636 ch=10 rssi=0
PR1HE t_us=5594560 kind=0 logical=637 seq=637 ch=38 rssi=0
PR1HE t_us=5602400 kind=0 logical=638 seq=638 ch=25 rssi=0
PR1HE t_us=5610241 kind=0 logical=639 seq=639 ch=12 rssi=0
PR1HE t_us=5618076 kind=0 logical=640 seq=640 ch=38 rssi=0
PR1HE t_us=5625918 kind=0 logical=641 seq=641 ch=5 rssi=0
PR1HE t_us=5633764 kind=0 logical=642 seq=642 ch=7 rssi=0
PR1HE t_us=5641603 kind=0 logical=643 seq=643 ch=8 rssi=0
PR1HE t_us=5649442 kind=0 logical=644 seq=644 ch=23 rssi=0
PR1HE t_us=5657283 kind=0 logical=645 seq=645 ch=21 rssi=0
PR1HE t_us=5665119 kind=0 logical=646 seq=646 ch=32 rssi=0
PR1HE t_us=5672959 kind=0 logical=647 seq=647 ch=25 rssi=0
PR1HE t_us=5680804 kind=0 logical=648 seq=648 ch=27 rssi=0
PR1HE t_us=5688646 kind=0 logical=649 seq=649 ch=35 rssi=0
PR1HE t_us=5696483 kind=0 logical=650 seq=650 ch=39 rssi=0
PR1HE t_us=5704319 kind=0 logical=651 seq=651 ch=1 rssi=0
PR1HE t_us=5712163 kind=0 logical=652 seq=652 ch=34 rssi=0
PR1HE t_us=5719996 kind=0 logical=653 seq=653 ch=6 rssi=0
PR1HE t_us=5727843 kind=0 logical=654 seq=654 ch=28 rssi=0
PR1HE t_us=5735687 kind=0 logical=655 seq=655 ch=26 rssi=0
PR1HE t_us=5743526 kind=0 logical=656 seq=656 ch=10 rssi=0
PR1HE_END
