# 2026-09-30T12:28:32.809751Z window start: 1-both-flat-floor
PR1T v=1 t_us=2664064136 field=device_state value=2
PR1T v=1 t_us=2664064136 field=rssi_dbm value=-50
PR1T v=1 t_us=2664064136 field=crc_good value=3402147
PR1T v=1 t_us=2664064136 field=crc_bad value=493920
PR1T v=1 t_us=2664064136 field=missing value=512036
PR1T v=1 t_us=2664064136 field=queue_depth value=0
PR1T v=1 t_us=2664064136 field=max_queue_depth value=1
PR1T v=1 t_us=2664064136 field=irq_to_spi_us value=6
PR1T v=1 t_us=2664064136 field=spi_duration_us value=1246
PR1T v=1 t_us=2664064136 field=rx_processing_us value=1247
PR1T v=1 t_us=2664064136 field=spi_end_to_rearm_start_us value=136
PR1T v=1 t_us=2664064136 field=rx_rearm_us value=416
PR1T v=1 t_us=2664064136 field=irq_to_rx_ready_us value=1787
PR1T v=1 t_us=2664064136 field=trace_overwrites value=35066235
PR1T v=1 t_us=2664064136 field=capability_mask value=12
PR1T v=1 t_us=2724077081 field=device_state value=2
PR1T v=1 t_us=2724077081 field=rssi_dbm value=-51
PR1T v=1 t_us=2724077081 field=crc_good value=3422952
PR1T v=1 t_us=2724077081 field=crc_bad value=493973
PR1T v=1 t_us=2724077081 field=missing value=512105
PR1T v=1 t_us=2724077081 field=queue_depth value=0
PR1T v=1 t_us=2724077081 field=max_queue_depth value=1
PR1T v=1 t_us=2724077081 field=irq_to_spi_us value=13
PR1T v=1 t_us=2724077081 field=spi_duration_us value=1246
PR1T v=1 t_us=2724077081 field=rx_processing_us value=1247
PR1T v=1 t_us=2724077081 field=spi_end_to_rearm_start_us value=135
PR1T v=1 t_us=2724077081 field=rx_rearm_us value=417
PR1T v=1 t_us=2724077081 field=irq_to_rx_ready_us value=1787
PR1T v=1 t_us=2724077081 field=trace_overwrites value=35253957
PR1T v=1 t_us=2724077081 field=capability_mask value=12
# 2026-09-30T12:30:35.801919Z window start: 2-tx-13deg
PR1T v=1 t_us=2787054496 field=device_state value=2
PR1T v=1 t_us=2787054496 field=rssi_dbm value=-53
PR1T v=1 t_us=2787054496 field=crc_good value=3444803
PR1T v=1 t_us=2787054496 field=crc_bad value=494004
PR1T v=1 t_us=2787054496 field=missing value=512159
PR1T v=1 t_us=2787054496 field=queue_depth value=0
PR1T v=1 t_us=2787054496 field=max_queue_depth value=1
PR1T v=1 t_us=2787054496 field=irq_to_spi_us value=6
PR1T v=1 t_us=2787054496 field=spi_duration_us value=1245
PR1T v=1 t_us=2787054496 field=rx_processing_us value=1247
PR1T v=1 t_us=2787054496 field=spi_end_to_rearm_start_us value=136
PR1T v=1 t_us=2787054496 field=rx_rearm_us value=415
PR1T v=1 t_us=2787054496 field=irq_to_rx_ready_us value=1788
PR1T v=1 t_us=2787054496 field=trace_overwrites value=35450895
PR1T v=1 t_us=2787054496 field=capability_mask value=12
PR1T v=1 t_us=2847067649 field=device_state value=2
PR1T v=1 t_us=2847067649 field=rssi_dbm value=-54
PR1T v=1 t_us=2847067649 field=crc_good value=3465638
PR1T v=1 t_us=2847067649 field=crc_bad value=494020
PR1T v=1 t_us=2847067649 field=missing value=512198
PR1T v=1 t_us=2847067649 field=queue_depth value=0
PR1T v=1 t_us=2847067649 field=max_queue_depth value=1
PR1T v=1 t_us=2847067649 field=irq_to_spi_us value=6
PR1T v=1 t_us=2847067649 field=spi_duration_us value=1246
PR1T v=1 t_us=2847067649 field=rx_processing_us value=1248
PR1T v=1 t_us=2847067649 field=spi_end_to_rearm_start_us value=136
PR1T v=1 t_us=2847067649 field=rx_rearm_us value=417
PR1T v=1 t_us=2847067649 field=irq_to_rx_ready_us value=1790
PR1T v=1 t_us=2847067649 field=trace_overwrites value=35638554
PR1T v=1 t_us=2847067649 field=capability_mask value=12
# 2026-09-30T12:34:02.613875Z window start: 3-tx-vertical+board-raised-8cm-rotated
PR1T v=1 t_us=2993863910 field=device_state value=2
PR1T v=1 t_us=2993863910 field=rssi_dbm value=-43
PR1T v=1 t_us=2993863910 field=crc_good value=3516580
PR1T v=1 t_us=2993863910 field=crc_bad value=494070
PR1T v=1 t_us=2993863910 field=missing value=512315
PR1T v=1 t_us=2993863910 field=queue_depth value=0
PR1T v=1 t_us=2993863910 field=max_queue_depth value=1
PR1T v=1 t_us=2993863910 field=irq_to_spi_us value=5
PR1T v=1 t_us=2993863910 field=spi_duration_us value=1245
PR1T v=1 t_us=2993863910 field=rx_processing_us value=1247
PR1T v=1 t_us=2993863910 field=spi_end_to_rearm_start_us value=136
PR1T v=1 t_us=2993863910 field=rx_rearm_us value=417
PR1T v=1 t_us=2993863910 field=irq_to_rx_ready_us value=1789
PR1T v=1 t_us=2993863910 field=trace_overwrites value=36097482
PR1T v=1 t_us=2993863910 field=capability_mask value=12
PR1T v=1 t_us=3053874685 field=device_state value=2
PR1T v=1 t_us=3053874685 field=rssi_dbm value=-43
PR1T v=1 t_us=3053874685 field=crc_good value=3537441
PR1T v=1 t_us=3053874685 field=crc_bad value=494071
PR1T v=1 t_us=3053874685 field=missing value=512327
PR1T v=1 t_us=3053874685 field=queue_depth value=0
PR1T v=1 t_us=3053874685 field=max_queue_depth value=1
PR1T v=1 t_us=3053874685 field=irq_to_spi_us value=11
PR1T v=1 t_us=3053874685 field=spi_duration_us value=1245
PR1T v=1 t_us=3053874685 field=rx_processing_us value=1246
PR1T v=1 t_us=3053874685 field=spi_end_to_rearm_start_us value=137
PR1T v=1 t_us=3053874685 field=rx_rearm_us value=416
PR1T v=1 t_us=3053874685 field=irq_to_rx_ready_us value=1786
PR1T v=1 t_us=3053874685 field=trace_overwrites value=36285240
PR1T v=1 t_us=3053874685 field=capability_mask value=12
# 2026-09-30T12:36:39.264285Z window start: 4-both-flat-floor-repeat
PR1T v=1 t_us=3150512141 field=device_state value=2
PR1T v=1 t_us=3150512141 field=rssi_dbm value=-58
PR1T v=1 t_us=3150512141 field=crc_good value=3570981
PR1T v=1 t_us=3150512141 field=crc_bad value=494116
PR1T v=1 t_us=3150512141 field=missing value=512400
PR1T v=1 t_us=3150512141 field=queue_depth value=0
PR1T v=1 t_us=3150512141 field=max_queue_depth value=1
PR1T v=1 t_us=3150512141 field=irq_to_spi_us value=6
PR1T v=1 t_us=3150512141 field=spi_duration_us value=1247
PR1T v=1 t_us=3150512141 field=rx_processing_us value=1249
PR1T v=1 t_us=3150512141 field=spi_end_to_rearm_start_us value=136
PR1T v=1 t_us=3150512141 field=rx_rearm_us value=417
PR1T v=1 t_us=3150512141 field=irq_to_rx_ready_us value=1789
PR1T v=1 t_us=3150512141 field=trace_overwrites value=36587505
PR1T v=1 t_us=3150512141 field=capability_mask value=12
PR1T v=1 t_us=3210523015 field=device_state value=2
PR1T v=1 t_us=3210523015 field=rssi_dbm value=-61
PR1T v=1 t_us=3210523015 field=crc_good value=3591682
PR1T v=1 t_us=3210523015 field=crc_bad value=494229
PR1T v=1 t_us=3210523015 field=missing value=512572
PR1T v=1 t_us=3210523015 field=queue_depth value=0
PR1T v=1 t_us=3210523015 field=max_queue_depth value=1
PR1T v=1 t_us=3210523015 field=irq_to_spi_us value=6
PR1T v=1 t_us=3210523015 field=spi_duration_us value=1247
PR1T v=1 t_us=3210523015 field=rx_processing_us value=1249
PR1T v=1 t_us=3210523015 field=spi_end_to_rearm_start_us value=136
PR1T v=1 t_us=3210523015 field=rx_rearm_us value=416
PR1T v=1 t_us=3210523015 field=irq_to_rx_ready_us value=1789
PR1T v=1 t_us=3210523015 field=trace_overwrites value=36774847
PR1T v=1 t_us=3210523015 field=capability_mask value=12
