ESP-ROM:esp32s3-20210327
Build:Mar 27 2021
rst:0x15 (USB_UART_CHIP_RESET),boot:0x38 (SPI_FAST_FLASH_BOOT)
Saved PC:0x42027ec6
SPIWP:0xee
mode:DIO, clock div:1
load:0x3fce3808,len:0x44c
load:0x403c9700,len:0xbd8
load:0x403cc700,len:0x2a80
entry 0x403c98d0
PR1_RUNTIME_BOOT
runtime_profile=phase1-fixed-flrc-tx
runtime_role=tx
board_family=LILYGO T3-S3-MVSRBoard
board_reference_revision=V1.1 upstream reference
radio_target=SX1280
upstream_reference_commit=840a2e788b3192c4e9bddf0640c1ecaf703c2598
hardware_verified=0
protocol_version=1
protocol_header_bytes=16
rf_enabled=1
sx1280_spi_hz=2000000
sx1280_cs=7
sx1280_rst=8
sx1280_sclk=5
sx1280_mosi=6
sx1280_miso=3
sx1280_dio1=9
sx1280_busy=36
sx1280_tx_enable=10
sx1280_rx_enable=21
PR1_FIXED_FLRC_PROFILE
frequency_mhz=2404.000
bitrate_kbps=1300
coding_rate=3
output_dbm=0
tx_gap_us=1000
packet_bytes=116
adaptive_layers=off
afh_enabled=1
afh_session_id=1
afh_session_seed=0x5052314441525431
afh_map_version=1
afh_active_channels=40
afh_resync_after_misses=8
afh_rendezvous_first=20
afh_schedule_fp=18,21,5,3,0,6,29,20,36,25,9,24,14,28,37,17,30,10,32,26,31,7,22,35,16,1,2,12,39,13,15,11,38,19,33,23,34,4,27,8,16,19,10,17,24,21,5,14
PR1_RUNTIME_LIVE_READY
PR1T v=1 t_us=6122192 field=device_state value=2
PR1T v=1 t_us=6122192 field=scheduler_misses value=0
PR1T v=1 t_us=6122192 field=trace_overwrites value=4186
PR1T v=1 t_us=6122192 field=capability_mask value=12
PR1H t_us=6879486 session_id=1 map_version=1 locked=0 channel=20 logical=1635 retunes=1635 retune_failures=0 standby_failures=0 timeout_advances=0 resync_entries=0 locks=0 agree=0 disagree=0 period_est_us=0 max_consecutive_timeouts=0 retune_us_p99=74 retune_us_max=97 hop_compute_us_p99=38 hop_compute_us_max=46
PR1HC ok=41,41,41,41,41,41,41,41,41,41,41,40,41,41,41,40,40,41,41,41,41,41,41,41,41,41,41,41,41,41,40,41,40,41,41,41,41,41,41,41 crc=0,0,0,0,0,0,0,0,0,0,0,0,0,0,0,0,0,0,0,0,0,0,0,0,0,0,0,0,0,0,0,0,0,0,0,0,0,0,0,0
PR1HE_BEGIN total=1962 count=256
PR1HE t_us=7157240 kind=0 logical=1706 seq=1706 ch=10 rssi=0
PR1HE t_us=7161084 kind=0 logical=1707 seq=1707 ch=4 rssi=0
PR1HE t_us=7164933 kind=0 logical=1708 seq=1708 ch=2 rssi=0
PR1HE t_us=7168785 kind=0 logical=1709 seq=1709 ch=20 rssi=0
PR1HE t_us=7172632 kind=0 logical=1710 seq=1710 ch=27 rssi=0
PR1HE t_us=7176475 kind=0 logical=1711 seq=1711 ch=33 rssi=0
PR1HE t_us=7180323 kind=0 logical=1712 seq=1712 ch=0 rssi=0
PR1HE t_us=7184165 kind=0 logical=1713 seq=1713 ch=8 rssi=0
PR1HE t_us=7188018 kind=0 logical=1714 seq=1714 ch=13 rssi=0
PR1HE t_us=7191866 kind=0 logical=1715 seq=1715 ch=21 rssi=0
PR1HE t_us=7195709 kind=0 logical=1716 seq=1716 ch=1 rssi=0
PR1HE t_us=7199549 kind=0 logical=1717 seq=1717 ch=26 rssi=0
PR1HE t_us=7203393 kind=0 logical=1718 seq=1718 ch=25 rssi=0
PR1HE t_us=7207240 kind=0 logical=1719 seq=1719 ch=34 rssi=0
PR1HE t_us=7211084 kind=0 logical=1720 seq=1720 ch=37 rssi=0
PR1HE t_us=7214933 kind=0 logical=1721 seq=1721 ch=20 rssi=0
PR1HE t_us=7218785 kind=0 logical=1722 seq=1722 ch=39 rssi=0
PR1HE t_us=7222632 kind=0 logical=1723 seq=1723 ch=31 rssi=0
PR1HE t_us=7226475 kind=0 logical=1724 seq=1724 ch=21 rssi=0
PR1HE t_us=7230323 kind=0 logical=1725 seq=1725 ch=32 rssi=0
PR1HE t_us=7234165 kind=0 logical=1726 seq=1726 ch=34 rssi=0
PR1HE t_us=7238018 kind=0 logical=1727 seq=1727 ch=15 rssi=0
PR1HE t_us=7241866 kind=0 logical=1728 seq=1728 ch=5 rssi=0
PR1HE t_us=7245709 kind=0 logical=1729 seq=1729 ch=2 rssi=0
PR1HE t_us=7249549 kind=0 logical=1730 seq=1730 ch=29 rssi=0
PR1HE t_us=7253393 kind=0 logical=1731 seq=1731 ch=0 rssi=0
PR1HE t_us=7257240 kind=0 logical=1732 seq=1732 ch=28 rssi=0
PR1HE t_us=7261084 kind=0 logical=1733 seq=1733 ch=38 rssi=0
PR1HE t_us=7264927 kind=0 logical=1734 seq=1734 ch=19 rssi=0
PR1HE t_us=7268777 kind=0 logical=1735 seq=1735 ch=16 rssi=0
PR1HE t_us=7272627 kind=0 logical=1736 seq=1736 ch=27 rssi=0
PR1HE t_us=7276470 kind=0 logical=1737 seq=1737 ch=12 rssi=0
PR1HE t_us=7280322 kind=0 logical=1738 seq=1738 ch=30 rssi=0
PR1HE t_us=7284164 kind=0 logical=1739 seq=1739 ch=13 rssi=0
PR1HE t_us=7288011 kind=0 logical=1740 seq=1740 ch=6 rssi=0
PR1HE t_us=7291858 kind=0 logical=1741 seq=1741 ch=8 rssi=0
PR1HE t_us=7295708 kind=0 logical=1742 seq=1742 ch=33 rssi=0
PR1HE t_us=7299549 kind=0 logical=1743 seq=1743 ch=26 rssi=0
PR1HE t_us=7303393 kind=0 logical=1744 seq=1744 ch=17 rssi=0
PR1HE t_us=7307240 kind=0 logical=1745 seq=1745 ch=4 rssi=0
PR1HE t_us=7311084 kind=0 logical=1746 seq=1746 ch=35 rssi=0
PR1HE t_us=7314927 kind=0 logical=1747 seq=1747 ch=11 rssi=0
PR1HE t_us=7318777 kind=0 logical=1748 seq=1748 ch=1 rssi=0
PR1HE t_us=7322627 kind=0 logical=1749 seq=1749 ch=36 rssi=0
PR1HE t_us=7326470 kind=0 logical=1750 seq=1750 ch=3 rssi=0
PR1HE t_us=7330322 kind=0 logical=1751 seq=1751 ch=24 rssi=0
PR1HE t_us=7334164 kind=0 logical=1752 seq=1752 ch=7 rssi=0
PR1HE t_us=7338011 kind=0 logical=1753 seq=1753 ch=9 rssi=0
PR1HE t_us=7341858 kind=0 logical=1754 seq=1754 ch=18 rssi=0
PR1HE t_us=7345708 kind=0 logical=1755 seq=1755 ch=23 rssi=0
PR1HE t_us=7349549 kind=0 logical=1756 seq=1756 ch=25 rssi=0
PR1HE t_us=7353393 kind=0 logical=1757 seq=1757 ch=10 rssi=0
PR1HE t_us=7357240 kind=0 logical=1758 seq=1758 ch=22 rssi=0
PR1HE t_us=7361084 kind=0 logical=1759 seq=1759 ch=14 rssi=0
PR1HE t_us=7364933 kind=0 logical=1760 seq=1760 ch=30 rssi=0
PR1HE t_us=7368785 kind=0 logical=1761 seq=1761 ch=4 rssi=0
PR1HE t_us=7372632 kind=0 logical=1762 seq=1762 ch=11 rssi=0
PR1HE t_us=7376475 kind=0 logical=1763 seq=1763 ch=24 rssi=0
PR1HE t_us=7380323 kind=0 logical=1764 seq=1764 ch=0 rssi=0
PR1HE t_us=7384165 kind=0 logical=1765 seq=1765 ch=27 rssi=0
PR1HE t_us=7388018 kind=0 logical=1766 seq=1766 ch=1 rssi=0
PR1HE t_us=7391866 kind=0 logical=1767 seq=1767 ch=23 rssi=0
PR1HE t_us=7395709 kind=0 logical=1768 seq=1768 ch=31 rssi=0
PR1HE t_us=7399549 kind=0 logical=1769 seq=1769 ch=13 rssi=0
PR1HE t_us=7403393 kind=0 logical=1770 seq=1770 ch=19 rssi=0
PR1HE t_us=7407246 kind=0 logical=1771 seq=1771 ch=39 rssi=0
PR1HE t_us=7411089 kind=0 logical=1772 seq=1772 ch=7 rssi=0
PR1HE t_us=7414935 kind=0 logical=1773 seq=1773 ch=15 rssi=0
PR1HE t_us=7418785 kind=0 logical=1774 seq=1774 ch=2 rssi=0
PR1HE t_us=7422639 kind=0 logical=1775 seq=1775 ch=32 rssi=0
PR1HE t_us=7426483 kind=0 logical=1776 seq=1776 ch=5 rssi=0
PR1HE t_us=7430330 kind=0 logical=1777 seq=1777 ch=3 rssi=0
PR1HE t_us=7434170 kind=0 logical=1778 seq=1778 ch=10 rssi=0
PR1HE t_us=7438017 kind=0 logical=1779 seq=1779 ch=28 rssi=0
PR1HE t_us=7441867 kind=0 logical=1780 seq=1780 ch=21 rssi=0
PR1HE t_us=7445713 kind=0 logical=1781 seq=1781 ch=8 rssi=0
PR1HE t_us=7449555 kind=0 logical=1782 seq=1782 ch=25 rssi=0
PR1HE t_us=7453401 kind=0 logical=1783 seq=1783 ch=9 rssi=0
PR1HE t_us=7457250 kind=0 logical=1784 seq=1784 ch=33 rssi=0
PR1HE t_us=7461089 kind=0 logical=1785 seq=1785 ch=38 rssi=0
PR1HE t_us=7464933 kind=0 logical=1786 seq=1786 ch=14 rssi=0
PR1HE t_us=7468785 kind=0 logical=1787 seq=1787 ch=16 rssi=0
PR1HE t_us=7472632 kind=0 logical=1788 seq=1788 ch=36 rssi=0
PR1HE t_us=7476475 kind=0 logical=1789 seq=1789 ch=29 rssi=0
PR1HE t_us=7480323 kind=0 logical=1790 seq=1790 ch=12 rssi=0
PR1HE t_us=7484165 kind=0 logical=1791 seq=1791 ch=26 rssi=0
PR1HE t_us=7488018 kind=0 logical=1792 seq=1792 ch=34 rssi=0
PR1HE t_us=7491870 kind=0 logical=1793 seq=1793 ch=22 rssi=0
PR1HE t_us=7495720 kind=0 logical=1794 seq=1794 ch=18 rssi=0
PR1HE t_us=7499565 kind=0 logical=1795 seq=1795 ch=17 rssi=0
PR1HE t_us=7503406 kind=0 logical=1796 seq=1796 ch=37 rssi=0
PR1HE t_us=7507250 kind=0 logical=1797 seq=1797 ch=6 rssi=0
PR1HE t_us=7511089 kind=0 logical=1798 seq=1798 ch=35 rssi=0
PR1HE t_us=7514933 kind=0 logical=1799 seq=1799 ch=20 rssi=0
PR1HE t_us=7518785 kind=0 logical=1800 seq=1800 ch=1 rssi=0
PR1HE t_us=7522632 kind=0 logical=1801 seq=1801 ch=31 rssi=0
PR1HE t_us=7526475 kind=0 logical=1802 seq=1802 ch=3 rssi=0
PR1HE t_us=7530323 kind=0 logical=1803 seq=1803 ch=8 rssi=0
PR1HE t_us=7534165 kind=0 logical=1804 seq=1804 ch=24 rssi=0
PR1HE t_us=7538018 kind=0 logical=1805 seq=1805 ch=25 rssi=0
PR1HE t_us=7541866 kind=0 logical=1806 seq=1806 ch=17 rssi=0
PR1HE t_us=7545709 kind=0 logical=1807 seq=1807 ch=7 rssi=0
PR1HE t_us=7549549 kind=0 logical=1808 seq=1808 ch=9 rssi=0
PR1HE t_us=7553393 kind=0 logical=1809 seq=1809 ch=34 rssi=0
PR1HE t_us=7557246 kind=0 logical=1810 seq=1810 ch=15 rssi=0
PR1HE t_us=7561089 kind=0 logical=1811 seq=1811 ch=0 rssi=0
PR1HE t_us=7564935 kind=0 logical=1812 seq=1812 ch=38 rssi=0
PR1HE t_us=7568785 kind=0 logical=1813 seq=1813 ch=22 rssi=0
PR1HE t_us=7572632 kind=0 logical=1814 seq=1814 ch=29 rssi=0
PR1HE t_us=7576475 kind=0 logical=1815 seq=1815 ch=2 rssi=0
PR1HE t_us=7580323 kind=0 logical=1816 seq=1816 ch=12 rssi=0
PR1HE t_us=7584165 kind=0 logical=1817 seq=1817 ch=27 rssi=0
PR1HE t_us=7588018 kind=0 logical=1818 seq=1818 ch=39 rssi=0
PR1HE t_us=7591866 kind=0 logical=1819 seq=1819 ch=5 rssi=0
PR1HE t_us=7595709 kind=0 logical=1820 seq=1820 ch=35 rssi=0
PR1HE t_us=7599549 kind=0 logical=1821 seq=1821 ch=30 rssi=0
PR1HE t_us=7603393 kind=0 logical=1822 seq=1822 ch=10 rssi=0
PR1HE t_us=7607240 kind=0 logical=1823 seq=1823 ch=13 rssi=0
PR1HE t_us=7611084 kind=0 logical=1824 seq=1824 ch=20 rssi=0
PR1HE t_us=7614933 kind=0 logical=1825 seq=1825 ch=26 rssi=0
PR1HE t_us=7618785 kind=0 logical=1826 seq=1826 ch=18 rssi=0
PR1HE t_us=7622632 kind=0 logical=1827 seq=1827 ch=32 rssi=0
PR1HE t_us=7626475 kind=0 logical=1828 seq=1828 ch=11 rssi=0
PR1HE t_us=7630323 kind=0 logical=1829 seq=1829 ch=16 rssi=0
PR1HE t_us=7634165 kind=0 logical=1830 seq=1830 ch=4 rssi=0
PR1HE t_us=7638018 kind=0 logical=1831 seq=1831 ch=19 rssi=0
PR1HE t_us=7641866 kind=0 logical=1832 seq=1832 ch=36 rssi=0
PR1HE t_us=7645709 kind=0 logical=1833 seq=1833 ch=6 rssi=0
PR1HE t_us=7649549 kind=0 logical=1834 seq=1834 ch=33 rssi=0
PR1HE t_us=7653393 kind=0 logical=1835 seq=1835 ch=28 rssi=0
PR1HE t_us=7657246 kind=0 logical=1836 seq=1836 ch=37 rssi=0
PR1HE t_us=7661089 kind=0 logical=1837 seq=1837 ch=14 rssi=0
PR1HE t_us=7664935 kind=0 logical=1838 seq=1838 ch=23 rssi=0
PR1HE t_us=7668785 kind=0 logical=1839 seq=1839 ch=21 rssi=0
PR1HE t_us=7672639 kind=0 logical=1840 seq=1840 ch=31 rssi=0
PR1HE t_us=7676483 kind=0 logical=1841 seq=1841 ch=32 rssi=0
PR1HE t_us=7680330 kind=0 logical=1842 seq=1842 ch=10 rssi=0
PR1HE t_us=7684170 kind=0 logical=1843 seq=1843 ch=24 rssi=0
PR1HE t_us=7688017 kind=0 logical=1844 seq=1844 ch=25 rssi=0
PR1HE t_us=7691867 kind=0 logical=1845 seq=1845 ch=11 rssi=0
PR1HE t_us=7695713 kind=0 logical=1846 seq=1846 ch=22 rssi=0
PR1HE t_us=7699555 kind=0 logical=1847 seq=1847 ch=17 rssi=0
PR1HE t_us=7703401 kind=0 logical=1848 seq=1848 ch=9 rssi=0
PR1HE t_us=7707250 kind=0 logical=1849 seq=1849 ch=19 rssi=0
PR1HE t_us=7711089 kind=0 logical=1850 seq=1850 ch=36 rssi=0
PR1HE t_us=7714939 kind=0 logical=1851 seq=1851 ch=15 rssi=0
PR1HE t_us=7718787 kind=0 logical=1852 seq=1852 ch=0 rssi=0
PR1HE t_us=7722638 kind=0 logical=1853 seq=1853 ch=26 rssi=0
PR1HE t_us=7726483 kind=0 logical=1854 seq=1854 ch=33 rssi=0
PR1HE t_us=7730330 kind=0 logical=1855 seq=1855 ch=5 rssi=0
PR1HE t_us=7734170 kind=0 logical=1856 seq=1856 ch=34 rssi=0
PR1HE t_us=7738017 kind=0 logical=1857 seq=1857 ch=2 rssi=0
PR1HE t_us=7741867 kind=0 logical=1858 seq=1858 ch=21 rssi=0
PR1HE t_us=7745713 kind=0 logical=1859 seq=1859 ch=20 rssi=0
PR1HE t_us=7749555 kind=0 logical=1860 seq=1860 ch=28 rssi=0
PR1HE t_us=7753401 kind=0 logical=1861 seq=1861 ch=27 rssi=0
PR1HE t_us=7757250 kind=0 logical=1862 seq=1862 ch=6 rssi=0
PR1HE t_us=7761089 kind=0 logical=1863 seq=1863 ch=23 rssi=0
PR1HE t_us=7764933 kind=0 logical=1864 seq=1864 ch=16 rssi=0
PR1HE t_us=7768785 kind=0 logical=1865 seq=1865 ch=8 rssi=0
PR1HE t_us=7772639 kind=0 logical=1866 seq=1866 ch=3 rssi=0
PR1HE t_us=7776483 kind=0 logical=1867 seq=1867 ch=38 rssi=0
PR1HE t_us=7780330 kind=0 logical=1868 seq=1868 ch=37 rssi=0
PR1HE t_us=7784170 kind=0 logical=1869 seq=1869 ch=14 rssi=0
PR1HE t_us=7788017 kind=0 logical=1870 seq=1870 ch=4 rssi=0
PR1HE t_us=7791867 kind=0 logical=1871 seq=1871 ch=13 rssi=0
PR1HE t_us=7795713 kind=0 logical=1872 seq=1872 ch=30 rssi=0
PR1HE t_us=7799555 kind=0 logical=1873 seq=1873 ch=29 rssi=0
PR1HE t_us=7803401 kind=0 logical=1874 seq=1874 ch=18 rssi=0
PR1HE t_us=7807250 kind=0 logical=1875 seq=1875 ch=12 rssi=0
PR1HE t_us=7811089 kind=0 logical=1876 seq=1876 ch=39 rssi=0
PR1HE t_us=7814933 kind=0 logical=1877 seq=1877 ch=1 rssi=0
PR1HE t_us=7818785 kind=0 logical=1878 seq=1878 ch=35 rssi=0
PR1HE t_us=7822632 kind=0 logical=1879 seq=1879 ch=7 rssi=0
PR1HE t_us=7826475 kind=0 logical=1880 seq=1880 ch=1 rssi=0
PR1HE t_us=7830323 kind=0 logical=1881 seq=1881 ch=2 rssi=0
PR1HE t_us=7834165 kind=0 logical=1882 seq=1882 ch=36 rssi=0
PR1HE t_us=7838018 kind=0 logical=1883 seq=1883 ch=8 rssi=0
PR1HE t_us=7841866 kind=0 logical=1884 seq=1884 ch=21 rssi=0
PR1HE t_us=7845709 kind=0 logical=1885 seq=1885 ch=23 rssi=0
PR1HE t_us=7849549 kind=0 logical=1886 seq=1886 ch=14 rssi=0
PR1HE t_us=7853393 kind=0 logical=1887 seq=1887 ch=25 rssi=0
PR1HE t_us=7857240 kind=0 logical=1888 seq=1888 ch=13 rssi=0
PR1HE t_us=7861084 kind=0 logical=1889 seq=1889 ch=33 rssi=0
PR1HE t_us=7864927 kind=0 logical=1890 seq=1890 ch=4 rssi=0
PR1HE t_us=7868777 kind=0 logical=1891 seq=1891 ch=27 rssi=0
PR1HE t_us=7872627 kind=0 logical=1892 seq=1892 ch=16 rssi=0
PR1HE t_us=7876470 kind=0 logical=1893 seq=1893 ch=11 rssi=0
PR1HE t_us=7880322 kind=0 logical=1894 seq=1894 ch=5 rssi=0
PR1HE t_us=7884164 kind=0 logical=1895 seq=1895 ch=9 rssi=0
PR1HE t_us=7888011 kind=0 logical=1896 seq=1896 ch=32 rssi=0
PR1HE t_us=7891858 kind=0 logical=1897 seq=1897 ch=39 rssi=0
PR1HE t_us=7895708 kind=0 logical=1898 seq=1898 ch=31 rssi=0
PR1HE t_us=7899549 kind=0 logical=1899 seq=1899 ch=30 rssi=0
PR1HE t_us=7903393 kind=0 logical=1900 seq=1900 ch=38 rssi=0
PR1HE t_us=7907240 kind=0 logical=1901 seq=1901 ch=6 rssi=0
PR1HE t_us=7911084 kind=0 logical=1902 seq=1902 ch=29 rssi=0
PR1HE t_us=7914927 kind=0 logical=1903 seq=1903 ch=24 rssi=0
PR1HE t_us=7918777 kind=0 logical=1904 seq=1904 ch=18 rssi=0
PR1HE t_us=7922627 kind=0 logical=1905 seq=1905 ch=10 rssi=0
PR1HE t_us=7926470 kind=0 logical=1906 seq=1906 ch=34 rssi=0
PR1HE t_us=7930322 kind=0 logical=1907 seq=1907 ch=0 rssi=0
PR1HE t_us=7934164 kind=0 logical=1908 seq=1908 ch=3 rssi=0
PR1HE t_us=7938011 kind=0 logical=1909 seq=1909 ch=37 rssi=0
PR1HE t_us=7941858 kind=0 logical=1910 seq=1910 ch=26 rssi=0
PR1HE t_us=7945708 kind=0 logical=1911 seq=1911 ch=22 rssi=0
PR1HE t_us=7949549 kind=0 logical=1912 seq=1912 ch=35 rssi=0
PR1HE t_us=7953393 kind=0 logical=1913 seq=1913 ch=20 rssi=0
PR1HE t_us=7957240 kind=0 logical=1914 seq=1914 ch=12 rssi=0
PR1HE t_us=7961084 kind=0 logical=1915 seq=1915 ch=17 rssi=0
PR1HE t_us=7964927 kind=0 logical=1916 seq=1916 ch=7 rssi=0
PR1HE t_us=7968777 kind=0 logical=1917 seq=1917 ch=15 rssi=0
PR1HE t_us=7972627 kind=0 logical=1918 seq=1918 ch=28 rssi=0
PR1HE t_us=7976470 kind=0 logical=1919 seq=1919 ch=19 rssi=0
PR1HE t_us=7980322 kind=0 logical=1920 seq=1920 ch=4 rssi=0
PR1HE t_us=7984164 kind=0 logical=1921 seq=1921 ch=0 rssi=0
PR1HE t_us=7988011 kind=0 logical=1922 seq=1922 ch=8 rssi=0
PR1HE t_us=7991858 kind=0 logical=1923 seq=1923 ch=33 rssi=0
PR1HE t_us=7995708 kind=0 logical=1924 seq=1924 ch=21 rssi=0
PR1HE t_us=7999549 kind=0 logical=1925 seq=1925 ch=23 rssi=0
PR1HE t_us=8003394 kind=0 logical=1926 seq=1926 ch=36 rssi=0
PR1HE t_us=8007240 kind=0 logical=1927 seq=1927 ch=22 rssi=0
PR1HE t_us=8011083 kind=0 logical=1928 seq=1928 ch=13 rssi=0
PR1HE t_us=8014927 kind=0 logical=1929 seq=1929 ch=14 rssi=0
PR1HE t_us=8018777 kind=0 logical=1930 seq=1930 ch=27 rssi=0
PR1HE t_us=8022627 kind=0 logical=1931 seq=1931 ch=15 rssi=0
PR1HE t_us=8026470 kind=0 logical=1932 seq=1932 ch=34 rssi=0
PR1HE t_us=8030322 kind=0 logical=1933 seq=1933 ch=26 rssi=0
PR1HE t_us=8034164 kind=0 logical=1934 seq=1934 ch=18 rssi=0
PR1HE t_us=8038011 kind=0 logical=1935 seq=1935 ch=5 rssi=0
PR1HE t_us=8041858 kind=0 logical=1936 seq=1936 ch=39 rssi=0
PR1HE t_us=8045708 kind=0 logical=1937 seq=1937 ch=35 rssi=0
PR1HE t_us=8049549 kind=0 logical=1938 seq=1938 ch=38 rssi=0
PR1HE t_us=8053394 kind=0 logical=1939 seq=1939 ch=37 rssi=0
PR1HE t_us=8057240 kind=0 logical=1940 seq=1940 ch=7 rssi=0
PR1HE t_us=8061083 kind=0 logical=1941 seq=1941 ch=25 rssi=0
PR1HE t_us=8064933 kind=0 logical=1942 seq=1942 ch=20 rssi=0
PR1HE t_us=8068785 kind=0 logical=1943 seq=1943 ch=12 rssi=0
PR1HE t_us=8072632 kind=0 logical=1944 seq=1944 ch=29 rssi=0
PR1HE t_us=8076475 kind=0 logical=1945 seq=1945 ch=30 rssi=0
PR1HE t_us=8080323 kind=0 logical=1946 seq=1946 ch=2 rssi=0
PR1HE t_us=8084165 kind=0 logical=1947 seq=1947 ch=24 rssi=0
PR1HE t_us=8088012 kind=0 logical=1948 seq=1948 ch=32 rssi=0
PR1HE t_us=8091858 kind=0 logical=1949 seq=1949 ch=3 rssi=0
PR1HE t_us=8095705 kind=0 logical=1950 seq=1950 ch=11 rssi=0
PR1HE t_us=8099542 kind=0 logical=1951 seq=1951 ch=10 rssi=0
PR1HE t_us=8103381 kind=0 logical=1952 seq=1952 ch=9 rssi=0
PR1HE t_us=8107220 kind=0 logical=1953 seq=1953 ch=19 rssi=0
PR1HE t_us=8111071 kind=0 logical=1954 seq=1954 ch=6 rssi=0
PR1HE t_us=8114920 kind=0 logical=1955 seq=1955 ch=31 rssi=0
PR1HE t_us=8118768 kind=0 logical=1956 seq=1956 ch=1 rssi=0
PR1HE t_us=8122614 kind=0 logical=1957 seq=1957 ch=16 rssi=0
PR1HE t_us=8126453 kind=0 logical=1958 seq=1958 ch=17 rssi=0
PR1HE t_us=8130299 kind=0 logical=1959 seq=1959 ch=28 rssi=0
PR1HE t_us=8134134 kind=0 logical=1960 seq=1960 ch=9 rssi=0
PR1HE t_us=8137988 kind=0 logical=1961 seq=1961 ch=21 rssi=0
PR1HA_BEGIN total=0 kept=0
PR1HE_END
