# board RX COM3 MAC e8:06:90:96:83:38 firmware.bin sha256 3481240099b664c1f80071875143a1a5b78e8bd324624e6ebfd1a6b186e613bb clip.adpcm sha256 c04611d80152799f875d1bc46de74090284bbc93ca498dec1b257d105f42c8f1
# operator: melody clearly heard (2026-10-03)
ESP-ROM:esp32s3-20210327
Build:Mar 27 2021
rst:0x15 (USB_UART_CHIP_RESET),boot:0x18 (SPI_FAST_FLASH_BOOT)
Saved PC:0x420239fa
SPIWP:0xee
mode:DIO, clock div:1
load:0x3fce3808,len:0x44c
load:0x403c9700,len:0xbd8
load:0x403cc700,len:0x2a80
entry 0x403c98d0
PR1_AUDIO_BRINGUP
audio_mode=clip clip_bytes=353400 clip_blocks=3534 samples_per_block=188 codec=ima_adpcm_4bit
audio_mode=tone tone_hz=440 amplitude=4096 sample_rate=32000 bits=16 channels=RIGHT_LEFT(mono dup) port=I2S1 bclk=40 lrclk=41 dout=39 sd=38 dma=8x160 apll=0 rf=off
[AUDIO] MAX98357A I2S1 install=ESP_OK set_pin=ESP_OK zero=ESP_OK core=0
commands: m = mute/unmute, s = stats
[AUDIO] blocks=222 loops=0 decode_errors=0 max_decode_us=44
[AUDIO] t_ms=2004 frames=41736 expected=64128 short_writes=0 errors=0 max_write_us=9944 playing=1
[AUDIO] blocks=563 loops=0 decode_errors=0 max_decode_us=44
[AUDIO] t_ms=4004 frames=105844 expected=128128 short_writes=0 errors=0 max_write_us=9944 playing=1
[AUDIO] blocks=903 loops=0 decode_errors=0 max_decode_us=44
[AUDIO] t_ms=6004 frames=169764 expected=192128 short_writes=0 errors=0 max_write_us=9944 playing=1
[AUDIO] blocks=1244 loops=0 decode_errors=0 max_decode_us=44
[AUDIO] t_ms=8004 frames=233872 expected=256128 short_writes=0 errors=0 max_write_us=9944 playing=1
[AUDIO] blocks=1584 loops=0 decode_errors=0 max_decode_us=44
[AUDIO] t_ms=10004 frames=297792 expected=320128 short_writes=0 errors=0 max_write_us=9944 playing=1
[AUDIO] blocks=1925 loops=0 decode_errors=0 max_decode_us=44
[AUDIO] t_ms=12004 frames=361900 expected=384128 short_writes=0 errors=0 max_write_us=9944 playing=1
[AUDIO] blocks=2265 loops=0 decode_errors=0 max_decode_us=44
[AUDIO] t_ms=14004 frames=425820 expected=448128 short_writes=0 errors=0 max_write_us=9944 playing=1
[AUDIO] blocks=2605 loops=0 decode_errors=0 max_decode_us=44
[AUDIO] t_ms=16004 frames=489740 expected=512128 short_writes=0 errors=0 max_write_us=9944 playing=1
[AUDIO] blocks=2946 loops=0 decode_errors=0 max_decode_us=44
[AUDIO] t_ms=18004 frames=553848 expected=576128 short_writes=0 errors=0 max_write_us=9944 playing=1
[AUDIO] blocks=3286 loops=0 decode_errors=0 max_decode_us=44
[AUDIO] t_ms=20004 frames=617768 expected=640128 short_writes=0 errors=0 max_write_us=9944 playing=1
[AUDIO] blocks=3627 loops=1 decode_errors=0 max_decode_us=44
[AUDIO] t_ms=22004 frames=681876 expected=704128 short_writes=0 errors=0 max_write_us=9944 playing=1
[AUDIO] blocks=3967 loops=1 decode_errors=0 max_decode_us=44
[AUDIO] t_ms=24004 frames=745796 expected=768128 short_writes=0 errors=0 max_write_us=9944 playing=1
[AUDIO] blocks=4308 loops=1 decode_errors=0 max_decode_us=44
[AUDIO] t_ms=26004 frames=809904 expected=832128 short_writes=0 errors=0 max_write_us=9944 playing=1
[AUDIO] blocks=4648 loops=1 decode_errors=0 max_decode_us=44
[AUDIO] t_ms=28004 frames=873824 expected=896128 short_writes=0 errors=0 max_write_us=9944 playing=1
[AUDIO] blocks=4988 loops=1 decode_errors=0 max_decode_us=44
[AUDIO] t_ms=30004 frames=937744 expected=960128 short_writes=0 errors=0 max_write_us=9944 playing=1
[AUDIO] blocks=5329 loops=1 decode_errors=0 max_decode_us=44
[AUDIO] t_ms=32004 frames=1001852 expected=1024128 short_writes=0 errors=0 max_write_us=9944 playing=1
[AUDIO] blocks=5669 loops=1 decode_errors=0 max_decode_us=44
[AUDIO] t_ms=34004 frames=1065772 expected=1088128 short_writes=0 errors=0 max_write_us=9944 playing=1
[AUDIO] blocks=6010 loops=1 decode_errors=0 max_decode_us=44
[AUDIO] t_ms=36004 frames=1129880 expected=1152128 short_writes=0 errors=0 max_write_us=9944 playing=1
[AUDIO] blocks=6350 loops=1 decode_errors=0 max_decode_us=44
[AUDIO] t_ms=38004 frames=1193800 expected=1216128 short_writes=0 errors=0 max_write_us=9944 playing=1
[AUDIO] blocks=6691 loops=1 decode_errors=0 max_decode_us=44
[AUDIO] t_ms=40004 frames=1257908 expected=1280128 short_writes=0 errors=0 max_write_us=9944 playing=1
[AUDIO] blocks=7031 loops=1 decode_errors=0 max_decode_us=44
[AUDIO] t_ms=42004 frames=1321828 expected=1344128 short_writes=0 errors=0 max_write_us=9944 playing=1
[AUDIO] blocks=7371 loops=2 decode_errors=0 max_decode_us=44
[AUDIO] t_ms=44004 frames=1385748 expected=1408128 short_writes=0 errors=0 max_write_us=9944 playing=1
[AUDIO] blocks=7712 loops=2 decode_errors=0 max_decode_us=44
[AUDIO] t_ms=46004 frames=1449856 expected=1472128 short_writes=0 errors=0 max_write_us=9944 playing=1
[AUDIO] blocks=8052 loops=2 decode_errors=0 max_decode_us=44
[AUDIO] t_ms=48004 frames=1513776 expected=1536128 short_writes=0 errors=0 max_write_us=9944 playing=1
[AUDIO] blocks=8393 loops=2 decode_errors=0 max_decode_us=44
[AUDIO] t_ms=50004 frames=1577884 expected=1600128 short_writes=0 errors=0 max_write_us=9944 playing=1
