ESP-ROM:esp32s3-20210327
Build:Mar 27 2021
rst:0x15 (USB_UART_CHIP_RESET),boot:0x38 (SPI_FAST_FLASH_BOOT)
Saved PC:0x40041a76
SPIWP:0xee
mode:DIO, clock div:1
load:0x3fce3808,len:0x44c
load:0x403c9700,len:0xbd8
load:0x403cc700,len:0x2a80
entry 0x403c98d0
PR1_RUNTIME_BOOT
runtime_profile=phase1-fixed-flrc-rx
runtime_role=rx
board_family=LILYGO T3-S3-MVSRBoard
board_reference_revision=V1.1 upstream reference
radio_target=SX1280
upstream_reference_commit=840a2e788b3192c4e9bddf0640c1ecaf703c2598
hardware_verified=0
protocol_version=1
protocol_header_bytes=16
rf_enabled=1
sx1280_spi_hz=2000000
sx1280_cs=7
sx1280_rst=8
sx1280_sclk=5
sx1280_mosi=6
sx1280_miso=3
sx1280_dio1=9
sx1280_busy=36
sx1280_tx_enable=10
sx1280_rx_enable=21
PR1_FIXED_FLRC_PROFILE
frequency_mhz=2404.000
bitrate_kbps=1300
coding_rate=3
output_dbm=0
tx_gap_us=5000
packet_bytes=116
adaptive_layers=channel_map
ctrl_plane_core=0
afh_enabled=1
afh_session_id=1
afh_session_seed=0x5052314441525431
afh_map_version=1
afh_active_channels=40
afh_resync_after_misses=8
afh_rendezvous_first=20
adaptive_map=1
c3_cfg=strike_shift:2,strike_base_ms:25600,strike_cap_ms:102400,strike_decay_ms:120000,neighbor_radius:2,neighbor_min_bad:2,neighbor_bad_slow_q15:0,neighbor_direct_fast_q15:26869,probe_window:3,probation:0
map_lead_frames=600
map_guard_frames=100
quality_cfg=fast_shift:2,slow_shift:5,suspect_q15:30000,exclude_q15:22937,recover_q15:30720,suspect_losses:2,exclude_losses:4,recover_successes:3,probe_ms:3200-25600,min_active:12,exclude_slow_q15:31129,reinstate_successes:3,map_min_interval_ms:5000
afh_schedule_fp=18,21,5,3,0,6,29,20,36,25,9,24,14,28,37,17,30,10,32,26,31,7,22,35,16,1,2,12,39,13,15,11,38,19,33,23,34,4,27,8,16,19,10,17,24,21,5,14
PR1_RUNTIME_LIVE_READY
PR1T v=1 t_us=98904241 field=device_state value=2
PR1T v=1 t_us=98904241 field=rssi_dbm value=-42
PR1T v=1 t_us=98904241 field=crc_good value=32662
PR1T v=1 t_us=98904241 field=crc_bad value=46
PR1T v=1 t_us=98904241 field=missing value=79
PR1T v=1 t_us=98904241 field=queue_depth value=0
PR1T v=1 t_us=98904241 field=max_queue_depth value=1
PR1T v=1 t_us=98904241 field=irq_to_spi_us value=10
PR1T v=1 t_us=98904241 field=spi_duration_us value=1248
PR1T v=1 t_us=98904241 field=rx_processing_us value=1250
PR1T v=1 t_us=98904241 field=spi_end_to_rearm_start_us value=236
PR1T v=1 t_us=98904241 field=rx_rearm_us value=422
PR1T v=1 t_us=98904241 field=irq_to_rx_ready_us value=1891
PR1T v=1 t_us=98904241 field=trace_overwrites value=294252
PR1T v=1 t_us=98904241 field=capability_mask value=12
PR1H t_us=99216060 session_id=1 map_version=19 locked=1 channel=8 logical=33189 retunes=32794 retune_failures=0 standby_failures=0 timeout_advances=46 resync_entries=1 locks=2 agree=32703 disagree=0 period_est_us=2989 max_consecutive_timeouts=9 retune_us_p99=71 retune_us_max=74 hop_compute_us_p99=37 hop_compute_us_max=63
PR1HQ acq_anchors=1 acq_crc=0 acq_frames=33 acq_done_us=893620
PR1HC ok=947,950,938,946,943,640,950,946,942,944,945,945,946,948,951,945,946,947,947,950,941,948,838,493,764,945,943,597,156,73,202,399,701,659,688,947,949,948,947,949 crc=0,0,2,1,0,1,0,1,0,1,1,0,1,0,0,3,1,1,0,1,1,0,0,6,1,1,0,3,4,5,2,2,2,4,0,0,0,1,0,0
PR1CP core=0 lines=52 parse_fail=0 in_dropped=0 out_lines=104 write_waits=225 stack_free=2932 window_waits=3938925 work_us_max=41
PR1QS map_version=19 active=32 bits=fb073fffff pending=0 pending_v=19 pending_act=32344 min_active_seen=31 proposals=52 commits=52 commit_late=0 expired=0 activations=18 tx_rejects=0 outcomes_dropped=0 events=297 emit_dropped=0 activation_count=18 ctrl_us_p99=12 ctrl_us_max=12 ctrl_us_n=52 ctrl_us_p50=5 ctrl_us_p95=7
PR1QA v=2 activation=1415 applied_at=1415
PR1QA v=3 activation=3082 applied_at=3082
PR1QA v=4 activation=4749 applied_at=4749
PR1QA v=5 activation=8058 applied_at=8058
PR1QA v=6 activation=9731 applied_at=9731
PR1QA v=7 activation=11403 applied_at=11403
PR1QA v=8 activation=13075 applied_at=13075
PR1QA v=9 activation=14748 applied_at=14748
PR1QA v=10 activation=16417 applied_at=16417
PR1QA v=11 activation=18085 applied_at=18085
PR1QA v=12 activation=19754 applied_at=19754
PR1QA v=13 activation=21423 applied_at=21423
PR1QA v=14 activation=23091 applied_at=23091
PR1QA v=15 activation=24759 applied_at=24759
PR1QA v=16 activation=26426 applied_at=26426
PR1QA v=17 activation=28098 applied_at=28098
PR1QA v=18 activation=29770 applied_at=29770
PR1QA v=19 activation=32344 applied_at=32344
PR1QC ch=0 mhz=2404 state=0 fast_q15=32767 slow_q15=32767 ok=947 crc=0 timeout=0 probe_ok=0 probe_fail=0 suspects=0 exclusions=0 reinclusions=0 last_excl_ms=0
PR1QC ch=1 mhz=2406 state=1 fast_q15=26623 slow_q15=31775 ok=950 crc=0 timeout=1 probe_ok=0 probe_fail=0 suspects=1 exclusions=0 reinclusions=0 last_excl_ms=0
PR1QC ch=2 mhz=2408 state=0 fast_q15=32764 slow_q15=32736 ok=938 crc=2 timeout=3 probe_ok=0 probe_fail=0 suspects=5 exclusions=0 reinclusions=0 last_excl_ms=0
PR1QC ch=3 mhz=2410 state=0 fast_q15=32764 slow_q15=32736 ok=946 crc=1 timeout=1 probe_ok=0 probe_fail=0 suspects=2 exclusions=0 reinclusions=0 last_excl_ms=0
PR1QC ch=4 mhz=2412 state=0 fast_q15=32764 slow_q15=32736 ok=943 crc=0 timeout=1 probe_ok=0 probe_fail=0 suspects=1 exclusions=0 reinclusions=0 last_excl_ms=0
PR1QC ch=5 mhz=2414 state=0 fast_q15=32764 slow_q15=32729 ok=640 crc=1 timeout=4 probe_ok=3 probe_fail=0 suspects=5 exclusions=1 reinclusions=1 last_excl_ms=55937
PR1QC ch=6 mhz=2416 state=0 fast_q15=32764 slow_q15=32736 ok=950 crc=0 timeout=1 probe_ok=0 probe_fail=0 suspects=1 exclusions=0 reinclusions=0 last_excl_ms=0
PR1QC ch=7 mhz=2418 state=1 fast_q15=26621 slow_q15=31745 ok=946 crc=1 timeout=1 probe_ok=0 probe_fail=0 suspects=2 exclusions=0 reinclusions=0 last_excl_ms=0
PR1QC ch=8 mhz=2420 state=0 fast_q15=32767 slow_q15=32767 ok=942 crc=0 timeout=0 probe_ok=0 probe_fail=0 suspects=0 exclusions=0 reinclusions=0 last_excl_ms=0
PR1QC ch=9 mhz=2422 state=0 fast_q15=32764 slow_q15=32736 ok=944 crc=1 timeout=0 probe_ok=0 probe_fail=0 suspects=1 exclusions=0 reinclusions=0 last_excl_ms=0
PR1QC ch=10 mhz=2424 state=1 fast_q15=26621 slow_q15=31743 ok=945 crc=1 timeout=1 probe_ok=0 probe_fail=0 suspects=2 exclusions=0 reinclusions=0 last_excl_ms=0
PR1QC ch=11 mhz=2426 state=1 fast_q15=26623 slow_q15=31775 ok=945 crc=0 timeout=1 probe_ok=0 probe_fail=0 suspects=1 exclusions=0 reinclusions=0 last_excl_ms=0
PR1QC ch=12 mhz=2428 state=0 fast_q15=32764 slow_q15=32736 ok=946 crc=1 timeout=0 probe_ok=0 probe_fail=0 suspects=1 exclusions=0 reinclusions=0 last_excl_ms=0
PR1QC ch=13 mhz=2430 state=0 fast_q15=32767 slow_q15=32767 ok=948 crc=0 timeout=0 probe_ok=0 probe_fail=0 suspects=0 exclusions=0 reinclusions=0 last_excl_ms=0
PR1QC ch=14 mhz=2432 state=1 fast_q15=26621 slow_q15=31745 ok=951 crc=0 timeout=2 probe_ok=0 probe_fail=0 suspects=2 exclusions=0 reinclusions=0 last_excl_ms=0
PR1QC ch=15 mhz=2434 state=0 fast_q15=32764 slow_q15=32736 ok=945 crc=3 timeout=0 probe_ok=0 probe_fail=0 suspects=3 exclusions=0 reinclusions=0 last_excl_ms=0
PR1QC ch=16 mhz=2436 state=1 fast_q15=26621 slow_q15=31745 ok=946 crc=1 timeout=1 probe_ok=0 probe_fail=0 suspects=2 exclusions=0 reinclusions=0 last_excl_ms=0
PR1QC ch=17 mhz=2438 state=1 fast_q15=30175 slow_q15=31865 ok=947 crc=1 timeout=0 probe_ok=0 probe_fail=0 suspects=1 exclusions=0 reinclusions=0 last_excl_ms=0
PR1QC ch=18 mhz=2440 state=0 fast_q15=32764 slow_q15=32736 ok=947 crc=0 timeout=1 probe_ok=0 probe_fail=0 suspects=1 exclusions=0 reinclusions=0 last_excl_ms=0
PR1QC ch=19 mhz=2442 state=0 fast_q15=32764 slow_q15=32736 ok=950 crc=1 timeout=0 probe_ok=0 probe_fail=0 suspects=1 exclusions=0 reinclusions=0 last_excl_ms=0
PR1QC ch=20 mhz=2444 state=1 fast_q15=26621 slow_q15=31745 ok=941 crc=1 timeout=2 probe_ok=0 probe_fail=0 suspects=3 exclusions=0 reinclusions=0 last_excl_ms=0
PR1QC ch=21 mhz=2446 state=0 fast_q15=32767 slow_q15=32767 ok=948 crc=0 timeout=0 probe_ok=0 probe_fail=0 suspects=0 exclusions=0 reinclusions=0 last_excl_ms=0
PR1QC ch=22 mhz=2448 state=2 fast_q15=32764 slow_q15=32098 ok=838 crc=0 timeout=2 probe_ok=1 probe_fail=0 suspects=2 exclusions=1 reinclusions=0 last_excl_ms=86181
PR1QC ch=23 mhz=2450 state=2 fast_q15=32764 slow_q15=32503 ok=493 crc=6 timeout=0 probe_ok=3 probe_fail=0 suspects=6 exclusions=2 reinclusions=1 last_excl_ms=72833
PR1QC ch=24 mhz=2452 state=2 fast_q15=26621 slow_q15=31745 ok=764 crc=1 timeout=3 probe_ok=3 probe_fail=0 suspects=2 exclusions=2 reinclusions=1 last_excl_ms=98922
PR1QC ch=25 mhz=2454 state=0 fast_q15=32764 slow_q15=32736 ok=945 crc=1 timeout=2 probe_ok=0 probe_fail=0 suspects=3 exclusions=0 reinclusions=0 last_excl_ms=0
PR1QC ch=26 mhz=2456 state=2 fast_q15=26621 slow_q15=31745 ok=943 crc=0 timeout=2 probe_ok=0 probe_fail=0 suspects=1 exclusions=1 reinclusions=0 last_excl_ms=98915
PR1QC ch=27 mhz=2458 state=2 fast_q15=32764 slow_q15=32616 ok=597 crc=3 timeout=1 probe_ok=3 probe_fail=0 suspects=1 exclusions=2 reinclusions=1 last_excl_ms=77862
PR1QC ch=28 mhz=2460 state=2 fast_q15=24573 slow_q15=31073 ok=156 crc=4 timeout=2 probe_ok=3 probe_fail=0 suspects=2 exclusions=2 reinclusions=1 last_excl_ms=45458
PR1QC ch=29 mhz=2462 state=2 fast_q15=32495 slow_q15=30526 ok=73 crc=5 timeout=1 probe_ok=4 probe_fail=0 suspects=1 exclusions=2 reinclusions=1 last_excl_ms=26770
PR1QC ch=30 mhz=2464 state=2 fast_q15=32764 slow_q15=32324 ok=202 crc=2 timeout=1 probe_ok=3 probe_fail=0 suspects=0 exclusions=2 reinclusions=1 last_excl_ms=45467
PR1QC ch=31 mhz=2466 state=2 fast_q15=32764 slow_q15=32240 ok=399 crc=2 timeout=2 probe_ok=3 probe_fail=0 suspects=1 exclusions=2 reinclusions=1 last_excl_ms=74297
PR1QC ch=32 mhz=2468 state=2 fast_q15=28156 slow_q15=31378 ok=701 crc=2 timeout=5 probe_ok=3 probe_fail=0 suspects=4 exclusions=2 reinclusions=1 last_excl_ms=96315
PR1QC ch=33 mhz=2470 state=0 fast_q15=32764 slow_q15=32464 ok=659 crc=4 timeout=0 probe_ok=3 probe_fail=0 suspects=3 exclusions=1 reinclusions=1 last_excl_ms=63673
PR1QC ch=34 mhz=2472 state=2 fast_q15=32764 slow_q15=32460 ok=688 crc=0 timeout=1 probe_ok=2 probe_fail=0 suspects=0 exclusions=1 reinclusions=0 last_excl_ms=70126
PR1QC ch=35 mhz=2474 state=1 fast_q15=26623 slow_q15=31775 ok=947 crc=0 timeout=1 probe_ok=0 probe_fail=0 suspects=1 exclusions=0 reinclusions=0 last_excl_ms=0
PR1QC ch=36 mhz=2476 state=1 fast_q15=28159 slow_q15=31806 ok=949 crc=0 timeout=1 probe_ok=0 probe_fail=0 suspects=1 exclusions=0 reinclusions=0 last_excl_ms=0
PR1QC ch=37 mhz=2478 state=0 fast_q15=32764 slow_q15=32736 ok=948 crc=1 timeout=0 probe_ok=0 probe_fail=0 suspects=1 exclusions=0 reinclusions=0 last_excl_ms=0
PR1QC ch=38 mhz=2480 state=0 fast_q15=32764 slow_q15=32736 ok=947 crc=0 timeout=1 probe_ok=0 probe_fail=0 suspects=1 exclusions=0 reinclusions=0 last_excl_ms=0
PR1QC ch=39 mhz=2482 state=0 fast_q15=32767 slow_q15=32767 ok=949 crc=0 timeout=0 probe_ok=0 probe_fail=0 suspects=0 exclusions=0 reinclusions=0 last_excl_ms=0
PR1QE t_ms=1883 kind=7 logical=676 target=0 id=0 v=1 ch=29 value=0 bits=0000000000
PR1QE t_ms=2297 kind=8 logical=814 target=0 id=0 v=1 ch=29 value=2 bits=0000000000
PR1QE t_ms=2299 kind=0 logical=815 target=1415 id=1 v=2 ch=0 value=1 bits=ffdfffffff
PR1QE t_ms=2308 kind=1 logical=818 target=1415 id=1 v=2 ch=0 value=1 bits=ffdfffffff
PR1QE t_ms=2990 kind=7 logical=1045 target=0 id=0 v=1 ch=14 value=0 bits=0000000000
PR1QE t_ms=3587 kind=11 logical=1244 target=0 id=0 v=1 ch=14 value=0 bits=0000000000
PR1QE t_ms=4098 kind=4 logical=1415 target=1415 id=0 v=2 ch=0 value=39 bits=ffdfffffff
PR1QE t_ms=5467 kind=7 logical=1871 target=0 id=0 v=2 ch=19 value=0 bits=0000000000
PR1QE t_ms=5497 kind=0 logical=1881 target=2181 id=2 v=2 ch=29 value=2 bits=0000000000
PR1QE t_ms=5506 kind=1 logical=1884 target=2181 id=2 v=2 ch=29 value=1 bits=0000000000
PR1QE t_ms=6040 kind=11 logical=2062 target=0 id=0 v=2 ch=19 value=0 bits=0000000000
PR1QE t_ms=6397 kind=9 logical=2181 target=2181 id=0 v=2 ch=29 value=1 bits=0000000000
PR1QE t_ms=6598 kind=7 logical=2248 target=0 id=0 v=2 ch=31 value=0 bits=0000000000
PR1QE t_ms=6649 kind=7 logical=2265 target=0 id=0 v=2 ch=24 value=0 bits=0000000000
PR1QE t_ms=6955 kind=8 logical=2367 target=0 id=0 v=2 ch=24 value=2 bits=0000000000
PR1QE t_ms=7132 kind=11 logical=2426 target=0 id=0 v=2 ch=31 value=0 bits=0000000000
PR1QE t_ms=7299 kind=0 logical=2482 target=3082 id=3 v=3 ch=0 value=1 bits=ffdeffffff
PR1QE t_ms=7305 kind=1 logical=2484 target=3082 id=3 v=3 ch=0 value=1 bits=ffdeffffff
PR1QE t_ms=7821 kind=7 logical=2656 target=0 id=0 v=2 ch=28 value=0 bits=0000000000
PR1QE t_ms=8377 kind=8 logical=2841 target=0 id=0 v=2 ch=28 value=2 bits=0000000000
PR1QE t_ms=9098 kind=4 logical=3082 target=3082 id=0 v=3 ch=0 value=38 bits=ffdeffffff
PR1QE t_ms=9768 kind=8 logical=3305 target=0 id=0 v=3 ch=30 value=2 bits=0000000000
PR1QE t_ms=10032 kind=8 logical=3393 target=0 id=0 v=3 ch=27 value=2 bits=0000000000
PR1QE t_ms=11673 kind=7 logical=3940 target=0 id=0 v=3 ch=32 value=0 bits=0000000000
PR1QE t_ms=12243 kind=11 logical=4130 target=0 id=0 v=3 ch=32 value=0 bits=0000000000
PR1QE t_ms=12299 kind=0 logical=4149 target=4749 id=4 v=4 ch=0 value=1 bits=ff86ffffff
PR1QE t_ms=12305 kind=1 logical=4151 target=4749 id=4 v=4 ch=0 value=1 bits=ff86ffffff
PR1QE t_ms=14097 kind=4 logical=4749 target=4749 id=0 v=4 ch=0 value=35 bits=ff86ffffff
PR1QE t_ms=14098 kind=0 logical=4749 target=5049 id=5 v=4 ch=24 value=2 bits=0000000000
PR1QE t_ms=14104 kind=1 logical=4751 target=5049 id=5 v=4 ch=24 value=1 bits=0000000000
PR1QE t_ms=14996 kind=9 logical=5049 target=5049 id=0 v=4 ch=24 value=1 bits=0000000000
PR1QE t_ms=14998 kind=0 logical=5050 target=5350 id=6 v=4 ch=30 value=2 bits=0000000000
PR1QE t_ms=15004 kind=1 logical=5052 target=5350 id=6 v=4 ch=30 value=1 bits=0000000000
PR1QE t_ms=15540 kind=7 logical=5231 target=0 id=0 v=4 ch=32 value=0 bits=0000000000
PR1QE t_ms=15896 kind=9 logical=5350 target=5350 id=0 v=4 ch=30 value=1 bits=0000000000
PR1QE t_ms=15898 kind=0 logical=5351 target=5651 id=7 v=4 ch=27 value=2 bits=0000000000
PR1QE t_ms=15904 kind=1 logical=5353 target=5651 id=7 v=4 ch=27 value=1 bits=0000000000
PR1QE t_ms=16057 kind=11 logical=5404 target=0 id=0 v=4 ch=32 value=0 bits=0000000000
PR1QE t_ms=16521 kind=7 logical=5559 target=0 id=0 v=4 ch=5 value=0 bits=0000000000
PR1QE t_ms=16796 kind=9 logical=5651 target=5651 id=0 v=4 ch=27 value=1 bits=0000000000
PR1QE t_ms=16797 kind=0 logical=5652 target=5952 id=8 v=4 ch=29 value=2 bits=0000000000
PR1QE t_ms=16801 kind=1 logical=5653 target=5952 id=8 v=4 ch=29 value=1 bits=0000000000
PR1QE t_ms=17014 kind=11 logical=5724 target=0 id=0 v=4 ch=5 value=0 bits=0000000000
PR1QE t_ms=17695 kind=9 logical=5952 target=5952 id=0 v=4 ch=29 value=1 bits=0000000000
PR1QE t_ms=17697 kind=0 logical=5953 target=6253 id=9 v=4 ch=28 value=2 bits=0000000000
PR1QE t_ms=17703 kind=1 logical=5955 target=6253 id=9 v=4 ch=28 value=1 bits=0000000000
PR1QE t_ms=18595 kind=9 logical=6253 target=6253 id=0 v=4 ch=28 value=1 bits=0000000000
PR1QE t_ms=18597 kind=0 logical=6254 target=6554 id=10 v=4 ch=24 value=2 bits=0000000000
PR1QE t_ms=18603 kind=1 logical=6256 target=6554 id=10 v=4 ch=24 value=1 bits=0000000000
PR1QE t_ms=19235 kind=7 logical=6467 target=0 id=0 v=4 ch=38 value=0 bits=0000000000
PR1QE t_ms=19495 kind=9 logical=6554 target=6554 id=0 v=4 ch=24 value=1 bits=0000000000
PR1QE t_ms=19497 kind=0 logical=6555 target=6855 id=11 v=4 ch=30 value=2 bits=0000000000
PR1QE t_ms=19503 kind=1 logical=6557 target=6855 id=11 v=4 ch=30 value=1 bits=0000000000
PR1QE t_ms=19764 kind=7 logical=6644 target=0 id=0 v=4 ch=20 value=0 bits=0000000000
PR1QE t_ms=19770 kind=11 logical=6646 target=0 id=0 v=4 ch=38 value=0 bits=0000000000
PR1QE t_ms=20200 kind=7 logical=6790 target=0 id=0 v=4 ch=2 value=0 bits=0000000000
PR1QE t_ms=20224 kind=11 logical=6798 target=0 id=0 v=4 ch=20 value=0 bits=0000000000
PR1QE t_ms=20395 kind=9 logical=6855 target=6855 id=0 v=4 ch=30 value=1 bits=0000000000
PR1QE t_ms=20396 kind=0 logical=6856 target=7156 id=12 v=4 ch=27 value=2 bits=0000000000
PR1QE t_ms=20417 kind=1 logical=6863 target=7156 id=12 v=4 ch=27 value=1 bits=0000000000
PR1QE t_ms=20858 kind=11 logical=7010 target=0 id=0 v=4 ch=2 value=0 bits=0000000000
PR1QE t_ms=21294 kind=9 logical=7156 target=7156 id=0 v=4 ch=27 value=1 bits=0000000000
PR1QE t_ms=21296 kind=0 logical=7157 target=7457 id=13 v=4 ch=29 value=2 bits=0000000000
PR1QE t_ms=21302 kind=1 logical=7159 target=7457 id=13 v=4 ch=29 value=1 bits=0000000000
PR1QE t_ms=21755 kind=7 logical=7310 target=0 id=0 v=4 ch=6 value=0 bits=0000000000
PR1QE t_ms=22194 kind=9 logical=7457 target=7457 id=0 v=4 ch=29 value=1 bits=0000000000
PR1QE t_ms=22194 kind=10 logical=7457 target=0 id=0 v=4 ch=29 value=36 bits=0000000000
PR1QE t_ms=22196 kind=0 logical=7458 target=8058 id=14 v=5 ch=0 value=1 bits=ffa6ffffff
PR1QE t_ms=22209 kind=11 logical=7462 target=0 id=0 v=4 ch=6 value=0 bits=0000000000
PR1QE t_ms=22217 kind=1 logical=7465 target=8058 id=14 v=5 ch=0 value=1 bits=ffa6ffffff
PR1QE t_ms=23989 kind=4 logical=8058 target=8058 id=0 v=5 ch=0 value=36 bits=ffa6ffffff
PR1QE t_ms=23990 kind=0 logical=8058 target=8358 id=15 v=5 ch=24 value=2 bits=0000000000
PR1QE t_ms=23993 kind=1 logical=8059 target=8358 id=15 v=5 ch=24 value=1 bits=0000000000
PR1QE t_ms=24399 kind=7 logical=8195 target=0 id=0 v=5 ch=23 value=0 bits=0000000000
PR1QE t_ms=24887 kind=9 logical=8358 target=8358 id=0 v=5 ch=24 value=1 bits=0000000000
PR1QE t_ms=24887 kind=10 logical=8358 target=0 id=0 v=5 ch=24 value=37 bits=0000000000
PR1QE t_ms=24890 kind=11 logical=8359 target=0 id=0 v=5 ch=23 value=0 bits=0000000000
PR1QE t_ms=25799 kind=7 logical=8663 target=0 id=0 v=5 ch=23 value=0 bits=0000000000
PR1QE t_ms=25895 kind=8 logical=8695 target=0 id=0 v=5 ch=23 value=2 bits=0000000000
PR1QE t_ms=26770 kind=8 logical=8988 target=0 id=0 v=5 ch=29 value=2 bits=0000000000
PR1QE t_ms=26875 kind=8 logical=9023 target=0 id=0 v=5 ch=31 value=2 bits=0000000000
PR1QE t_ms=27197 kind=0 logical=9131 target=9731 id=16 v=6 ch=0 value=1 bits=ff077fffff
PR1QE t_ms=27218 kind=1 logical=9138 target=9731 id=16 v=6 ch=0 value=1 bits=ff077fffff
PR1QE t_ms=27795 kind=7 logical=9331 target=0 id=0 v=5 ch=3 value=0 bits=0000000000
PR1QE t_ms=28086 kind=7 logical=9428 target=0 id=0 v=5 ch=2 value=0 bits=0000000000
PR1QE t_ms=28370 kind=11 logical=9523 target=0 id=0 v=5 ch=3 value=0 bits=0000000000
PR1QE t_ms=28603 kind=11 logical=9601 target=0 id=0 v=5 ch=2 value=0 bits=0000000000
PR1QE t_ms=28990 kind=4 logical=9731 target=9731 id=0 v=6 ch=0 value=34 bits=ff077fffff
PR1QE t_ms=28991 kind=0 logical=9731 target=10031 id=17 v=6 ch=27 value=2 bits=0000000000
PR1QE t_ms=28997 kind=1 logical=9733 target=10031 id=17 v=6 ch=27 value=1 bits=0000000000
PR1QE t_ms=29890 kind=9 logical=10031 target=10031 id=0 v=6 ch=27 value=1 bits=0000000000
PR1QE t_ms=29890 kind=10 logical=10031 target=0 id=0 v=6 ch=27 value=35 bits=0000000000
PR1QE t_ms=30133 kind=7 logical=10112 target=0 id=0 v=6 ch=20 value=0 bits=0000000000
PR1QE t_ms=30246 kind=7 logical=10150 target=0 id=0 v=6 ch=33 value=0 bits=0000000000
PR1QE t_ms=30658 kind=11 logical=10288 target=0 id=0 v=6 ch=20 value=0 bits=0000000000
PR1QE t_ms=30742 kind=11 logical=10316 target=0 id=0 v=6 ch=33 value=0 bits=0000000000
PR1QE t_ms=30974 kind=7 logical=10394 target=0 id=0 v=6 ch=5 value=0 bits=0000000000
PR1QE t_ms=31468 kind=11 logical=10559 target=0 id=0 v=6 ch=5 value=0 bits=0000000000
PR1QE t_ms=32197 kind=0 logical=10803 target=11403 id=18 v=7 ch=0 value=1 bits=ff0f7fffff
PR1QE t_ms=32205 kind=1 logical=10806 target=11403 id=18 v=7 ch=0 value=1 bits=ff0f7fffff
PR1QE t_ms=32769 kind=7 logical=10994 target=0 id=0 v=6 ch=25 value=0 bits=0000000000
PR1QE t_ms=33267 kind=11 logical=11160 target=0 id=0 v=6 ch=25 value=0 bits=0000000000
PR1QE t_ms=33994 kind=4 logical=11403 target=11403 id=0 v=7 ch=0 value=35 bits=ff0f7fffff
PR1QE t_ms=33994 kind=0 logical=11403 target=11703 id=19 v=7 ch=28 value=2 bits=0000000000
PR1QE t_ms=34006 kind=1 logical=11407 target=11703 id=19 v=7 ch=28 value=1 bits=0000000000
PR1QE t_ms=34892 kind=9 logical=11703 target=11703 id=0 v=7 ch=28 value=1 bits=0000000000
PR1QE t_ms=34894 kind=0 logical=11704 target=12004 id=20 v=7 ch=23 value=2 bits=0000000000
PR1QE t_ms=34897 kind=1 logical=11705 target=12004 id=20 v=7 ch=23 value=1 bits=0000000000
PR1QE t_ms=35686 kind=7 logical=11969 target=0 id=0 v=7 ch=2 value=0 bits=0000000000
PR1QE t_ms=35792 kind=9 logical=12004 target=12004 id=0 v=7 ch=23 value=1 bits=0000000000
PR1QE t_ms=35794 kind=0 logical=12005 target=12305 id=21 v=7 ch=30 value=2 bits=0000000000
PR1QE t_ms=35800 kind=1 logical=12007 target=12305 id=21 v=7 ch=30 value=1 bits=0000000000
PR1QE t_ms=36210 kind=11 logical=12144 target=0 id=0 v=7 ch=2 value=0 bits=0000000000
PR1QE t_ms=36692 kind=9 logical=12305 target=12305 id=0 v=7 ch=30 value=1 bits=0000000000
PR1QE t_ms=36692 kind=10 logical=12305 target=0 id=0 v=7 ch=30 value=36 bits=0000000000
PR1QE t_ms=37199 kind=0 logical=12475 target=13075 id=22 v=8 ch=0 value=1 bits=ff4f7fffff
PR1QE t_ms=37205 kind=1 logical=12477 target=13075 id=22 v=8 ch=0 value=1 bits=ff4f7fffff
PR1QE t_ms=37840 kind=7 logical=12689 target=0 id=0 v=7 ch=5 value=0 bits=0000000000
PR1QE t_ms=37895 kind=7 logical=12708 target=0 id=0 v=7 ch=7 value=0 bits=0000000000
PR1QE t_ms=38237 kind=7 logical=12822 target=0 id=0 v=7 ch=32 value=0 bits=0000000000
PR1QE t_ms=38333 kind=11 logical=12854 target=0 id=0 v=7 ch=5 value=0 bits=0000000000
PR1QE t_ms=38491 kind=11 logical=12907 target=0 id=0 v=7 ch=7 value=0 bits=0000000000
PR1QE t_ms=38739 kind=11 logical=12990 target=0 id=0 v=7 ch=32 value=0 bits=0000000000
PR1QE t_ms=38992 kind=4 logical=13075 target=13075 id=0 v=8 ch=0 value=36 bits=ff4f7fffff
PR1QE t_ms=38992 kind=0 logical=13075 target=13375 id=23 v=8 ch=31 value=2 bits=0000000000
PR1QE t_ms=39004 kind=1 logical=13079 target=13375 id=23 v=8 ch=31 value=1 bits=0000000000
PR1QE t_ms=39890 kind=9 logical=13375 target=13375 id=0 v=8 ch=31 value=1 bits=0000000000
PR1QE t_ms=39892 kind=0 logical=13376 target=13676 id=24 v=8 ch=23 value=2 bits=0000000000
PR1QE t_ms=39898 kind=1 logical=13378 target=13676 id=24 v=8 ch=23 value=1 bits=0000000000
PR1QE t_ms=40790 kind=9 logical=13676 target=13676 id=0 v=8 ch=23 value=1 bits=0000000000
PR1QE t_ms=40792 kind=0 logical=13677 target=13977 id=25 v=8 ch=28 value=2 bits=0000000000
PR1QE t_ms=40798 kind=1 logical=13679 target=13977 id=25 v=8 ch=28 value=1 bits=0000000000
PR1QE t_ms=41690 kind=9 logical=13977 target=13977 id=0 v=8 ch=28 value=1 bits=0000000000
PR1QE t_ms=41690 kind=10 logical=13977 target=0 id=0 v=8 ch=28 value=37 bits=0000000000
PR1QE t_ms=42200 kind=0 logical=14148 target=14748 id=26 v=9 ch=0 value=1 bits=ff5f7fffff
PR1QE t_ms=42209 kind=1 logical=14151 target=14748 id=26 v=9 ch=0 value=1 bits=ff5f7fffff
PR1QE t_ms=43254 kind=7 logical=14500 target=0 id=0 v=8 ch=32 value=0 bits=0000000000
PR1QE t_ms=43355 kind=7 logical=14534 target=0 id=0 v=8 ch=27 value=0 bits=0000000000
PR1QE t_ms=43511 kind=8 logical=14586 target=0 id=0 v=8 ch=32 value=2 bits=0000000000
PR1QE t_ms=43872 kind=11 logical=14707 target=0 id=0 v=8 ch=27 value=0 bits=0000000000
PR1QE t_ms=43993 kind=4 logical=14748 target=14748 id=0 v=9 ch=0 value=37 bits=ff5f7fffff
PR1QE t_ms=45300 kind=7 logical=15183 target=0 id=0 v=9 ch=28 value=0 bits=0000000000
PR1QE t_ms=45458 kind=8 logical=15236 target=0 id=0 v=9 ch=28 value=2 bits=0000000000
PR1QE t_ms=45467 kind=8 logical=15239 target=0 id=0 v=9 ch=30 value=2 bits=0000000000
PR1QE t_ms=47200 kind=0 logical=15817 target=16417 id=27 v=10 ch=0 value=1 bits=fe0f7fffff
PR1QE t_ms=47209 kind=1 logical=15820 target=16417 id=27 v=10 ch=0 value=1 bits=fe0f7fffff
PR1QE t_ms=48999 kind=4 logical=16417 target=16417 id=0 v=10 ch=0 value=34 bits=fe0f7fffff
PR1QE t_ms=48999 kind=0 logical=16417 target=16717 id=28 v=10 ch=23 value=2 bits=0000000000
PR1QE t_ms=49005 kind=1 logical=16419 target=16717 id=28 v=10 ch=23 value=1 bits=0000000000
PR1QE t_ms=49174 kind=7 logical=16475 target=0 id=0 v=10 ch=9 value=0 bits=0000000000
PR1QE t_ms=49641 kind=11 logical=16631 target=0 id=0 v=10 ch=9 value=0 bits=0000000000
PR1QE t_ms=49867 kind=7 logical=16706 target=0 id=0 v=10 ch=18 value=0 bits=0000000000
PR1QE t_ms=49899 kind=9 logical=16717 target=16717 id=0 v=10 ch=23 value=1 bits=0000000000
PR1QE t_ms=49899 kind=10 logical=16717 target=0 id=0 v=10 ch=23 value=35 bits=0000000000
PR1QE t_ms=50366 kind=11 logical=16873 target=0 id=0 v=10 ch=18 value=0 bits=0000000000
PR1QE t_ms=52062 kind=7 logical=17438 target=0 id=0 v=10 ch=25 value=0 bits=0000000000
PR1QE t_ms=52201 kind=0 logical=17485 target=18085 id=29 v=11 ch=0 value=1 bits=fe0fffffff
PR1QE t_ms=52207 kind=1 logical=17487 target=18085 id=29 v=11 ch=0 value=1 bits=fe0fffffff
PR1QE t_ms=52555 kind=11 logical=17603 target=0 id=0 v=10 ch=25 value=0 bits=0000000000
PR1QE t_ms=54000 kind=4 logical=18085 target=18085 id=0 v=11 ch=0 value=35 bits=fe0fffffff
PR1QE_END
PR1PROP id=53 type=map v=20 old=19 bits=fa001fffff oldbits=fb073fffff act=34016 rx_logical=33416 active=27
PR1HE_BEGIN total=33439 count=256
PR1HE t_us=100587416 kind=5 logical=33648 seq=1 ch=13 rssi=0
PR1HE t_us=100590402 kind=5 logical=33649 seq=1 ch=16 rssi=0
PR1HE t_us=100593389 kind=5 logical=33650 seq=1 ch=6 rssi=0
PR1HE t_us=100596375 kind=5 logical=33651 seq=1 ch=12 rssi=0
PR1HE t_us=100599361 kind=5 logical=33652 seq=1 ch=15 rssi=0
PR1HE t_us=100602346 kind=5 logical=33653 seq=1 ch=14 rssi=0
PR1HE t_us=100605332 kind=5 logical=33654 seq=1 ch=11 rssi=0
PR1HE t_us=100608319 kind=6 logical=33656 seq=0 ch=20 rssi=0
PR1HE t_us=100676049 kind=7 logical=33669 seq=33669 ch=20 rssi=-40
PR1HE t_us=100676049 kind=2 logical=33669 seq=33669 ch=20 rssi=-40
PR1HE t_us=100679038 kind=2 logical=33670 seq=33670 ch=26 rssi=-42
PR1HE t_us=100682019 kind=2 logical=33671 seq=33671 ch=15 rssi=-42
PR1HE t_us=100685009 kind=2 logical=33672 seq=33672 ch=9 rssi=-42
PR1HE t_us=100687997 kind=2 logical=33673 seq=33673 ch=16 rssi=-42
PR1HE t_us=100690990 kind=2 logical=33674 seq=33674 ch=35 rssi=-41
PR1HE t_us=100693979 kind=2 logical=33675 seq=33675 ch=32 rssi=-42
PR1HE t_us=100696970 kind=2 logical=33676 seq=33676 ch=39 rssi=-42
PR1HE t_us=100699965 kind=2 logical=33677 seq=33677 ch=38 rssi=-42
PR1HE t_us=100702955 kind=2 logical=33678 seq=33678 ch=18 rssi=-47
PR1HE t_us=100705947 kind=2 logical=33679 seq=33679 ch=36 rssi=-40
PR1HE t_us=100708934 kind=2 logical=33680 seq=33680 ch=11 rssi=-42
PR1HE t_us=100711922 kind=2 logical=33681 seq=33681 ch=14 rssi=-42
PR1HE t_us=100714912 kind=2 logical=33682 seq=33682 ch=25 rssi=-42
PR1HE t_us=100717899 kind=2 logical=33683 seq=33683 ch=8 rssi=-42
PR1HE t_us=100720883 kind=2 logical=33684 seq=33684 ch=19 rssi=-42
PR1HE t_us=100723872 kind=2 logical=33685 seq=33685 ch=37 rssi=-42
PR1HE t_us=100726858 kind=2 logical=33686 seq=33686 ch=13 rssi=-42
PR1HE t_us=100729844 kind=2 logical=33687 seq=33687 ch=21 rssi=-40
PR1HE t_us=100732825 kind=2 logical=33688 seq=33688 ch=5 rssi=-42
PR1HE t_us=100735815 kind=2 logical=33689 seq=33689 ch=3 rssi=-42
PR1HE t_us=100738805 kind=2 logical=33690 seq=33690 ch=0 rssi=-42
PR1HE t_us=100741793 kind=2 logical=33691 seq=33691 ch=1 rssi=-42
PR1HE t_us=100744775 kind=2 logical=33692 seq=33692 ch=12 rssi=-42
PR1HE t_us=100747752 kind=2 logical=33693 seq=33693 ch=24 rssi=-42
PR1HE t_us=100750737 kind=2 logical=33694 seq=33694 ch=6 rssi=-42
PR1HE t_us=100753721 kind=2 logical=33695 seq=33695 ch=17 rssi=-42
PR1HE t_us=100756107 kind=3 logical=33696 seq=0 ch=25 rssi=0
PR1HE t_us=100759684 kind=2 logical=33697 seq=33697 ch=19 rssi=-43
PR1HE t_us=100762665 kind=2 logical=33698 seq=33698 ch=6 rssi=-42
PR1HE t_us=100765648 kind=2 logical=33699 seq=33699 ch=18 rssi=-42
PR1HE t_us=100768630 kind=2 logical=33700 seq=33700 ch=4 rssi=-42
PR1HE t_us=100771612 kind=2 logical=33701 seq=33701 ch=16 rssi=-42
PR1HE t_us=100774596 kind=2 logical=33702 seq=33702 ch=32 rssi=-42
PR1HE t_us=100777579 kind=2 logical=33703 seq=33703 ch=39 rssi=-42
PR1HE t_us=100780561 kind=2 logical=33704 seq=33704 ch=2 rssi=-42
PR1HE t_us=100783544 kind=2 logical=33705 seq=33705 ch=38 rssi=-42
PR1HE t_us=100786542 kind=2 logical=33706 seq=33706 ch=17 rssi=-42
PR1HE t_us=100789531 kind=2 logical=33707 seq=33707 ch=9 rssi=-42
PR1HE t_us=100792519 kind=2 logical=33708 seq=33708 ch=15 rssi=-42
PR1HE t_us=100795502 kind=2 logical=33709 seq=33709 ch=36 rssi=-42
PR1HE t_us=100798490 kind=2 logical=33710 seq=33710 ch=11 rssi=-42
PR1HE t_us=100801479 kind=2 logical=33711 seq=33711 ch=26 rssi=-42
PR1HE t_us=100804465 kind=2 logical=33712 seq=33712 ch=0 rssi=-42
PR1HE t_us=100807454 kind=2 logical=33713 seq=33713 ch=35 rssi=-40
PR1HE t_us=100810442 kind=2 logical=33714 seq=33714 ch=14 rssi=-42
PR1HE t_us=100813431 kind=2 logical=33715 seq=33715 ch=33 rssi=-42
PR1HE t_us=100816414 kind=2 logical=33716 seq=33716 ch=37 rssi=-42
PR1HE t_us=100819401 kind=2 logical=33717 seq=33717 ch=8 rssi=-42
PR1HE t_us=100822379 kind=2 logical=33718 seq=33718 ch=13 rssi=-42
PR1HE t_us=100825360 kind=2 logical=33719 seq=33719 ch=24 rssi=-42
PR1HE t_us=100828343 kind=2 logical=33720 seq=33720 ch=1 rssi=-42
PR1HE t_us=100831327 kind=2 logical=33721 seq=33721 ch=3 rssi=-42
PR1HE t_us=100834309 kind=2 logical=33722 seq=33722 ch=10 rssi=-42
PR1HE t_us=100837290 kind=2 logical=33723 seq=33723 ch=12 rssi=-42
PR1HE t_us=100840273 kind=2 logical=33724 seq=33724 ch=5 rssi=-42
PR1HE t_us=100843256 kind=2 logical=33725 seq=33725 ch=21 rssi=-42
PR1HE t_us=100846243 kind=2 logical=33726 seq=33726 ch=20 rssi=-42
PR1HE t_us=100849231 kind=2 logical=33727 seq=33727 ch=7 rssi=-42
PR1HE t_us=100852222 kind=2 logical=33728 seq=33728 ch=32 rssi=-42
PR1HE t_us=100855209 kind=2 logical=33729 seq=33729 ch=12 rssi=-42
PR1HE t_us=100858197 kind=2 logical=33730 seq=33730 ch=33 rssi=-42
PR1HE t_us=100861184 kind=2 logical=33731 seq=33731 ch=21 rssi=-42
PR1HE t_us=100864175 kind=2 logical=33732 seq=33732 ch=35 rssi=-40
PR1HE t_us=100867165 kind=2 logical=33733 seq=33733 ch=36 rssi=-42
PR1HE t_us=100870149 kind=2 logical=33734 seq=33734 ch=1 rssi=-42
PR1HE t_us=100873138 kind=2 logical=33735 seq=33735 ch=16 rssi=-42
PR1HE t_us=100876132 kind=2 logical=33736 seq=33736 ch=8 rssi=-42
PR1HE t_us=100879127 kind=2 logical=33737 seq=33737 ch=26 rssi=-42
PR1HE t_us=100882114 kind=2 logical=33738 seq=33738 ch=10 rssi=-42
PR1HE t_us=100885104 kind=2 logical=33739 seq=33739 ch=37 rssi=-42
PR1HE t_us=100888097 kind=2 logical=33740 seq=33740 ch=6 rssi=-42
PR1HE t_us=100891086 kind=2 logical=33741 seq=33741 ch=2 rssi=-42
PR1HE t_us=100894074 kind=2 logical=33742 seq=33742 ch=5 rssi=-42
PR1HE t_us=100897061 kind=2 logical=33743 seq=33743 ch=25 rssi=-42
PR1HE t_us=100900061 kind=2 logical=33744 seq=33744 ch=39 rssi=-42
PR1HE t_us=100903047 kind=2 logical=33745 seq=33745 ch=15 rssi=-42
PR1HE t_us=100906032 kind=2 logical=33746 seq=33746 ch=17 rssi=-42
PR1HE t_us=100909014 kind=2 logical=33747 seq=33747 ch=0 rssi=-42
PR1HE t_us=100912009 kind=2 logical=33748 seq=33748 ch=7 rssi=-42
PR1HE t_us=100914999 kind=2 logical=33749 seq=33749 ch=19 rssi=-42
PR1HE t_us=100917981 kind=2 logical=33750 seq=33750 ch=14 rssi=-42
PR1HE t_us=100920971 kind=2 logical=33751 seq=33751 ch=11 rssi=-42
PR1HE t_us=100923962 kind=2 logical=33752 seq=33752 ch=13 rssi=-42
PR1HE t_us=100926954 kind=2 logical=33753 seq=33753 ch=38 rssi=-42
PR1HE t_us=100929948 kind=2 logical=33754 seq=33754 ch=3 rssi=-42
PR1HE t_us=100932942 kind=2 logical=33755 seq=33755 ch=18 rssi=-42
PR1HE t_us=100935925 kind=2 logical=33756 seq=33756 ch=9 rssi=-42
PR1HE t_us=100938913 kind=2 logical=33757 seq=33757 ch=4 rssi=-42
PR1HE t_us=100941901 kind=2 logical=33758 seq=33758 ch=20 rssi=-42
PR1HE t_us=100944885 kind=2 logical=33759 seq=33759 ch=24 rssi=-42
PR1HE t_us=100947871 kind=2 logical=33760 seq=33760 ch=11 rssi=-42
PR1HE t_us=100950861 kind=2 logical=33761 seq=33761 ch=25 rssi=-42
PR1HE t_us=100953845 kind=2 logical=33762 seq=33762 ch=3 rssi=-42
PR1HE t_us=100956826 kind=2 logical=33763 seq=33763 ch=5 rssi=-42
PR1HE t_us=100959816 kind=2 logical=33764 seq=33764 ch=36 rssi=-42
PR1HE t_us=100962810 kind=2 logical=33765 seq=33765 ch=1 rssi=-42
PR1HE t_us=100965803 kind=2 logical=33766 seq=33766 ch=26 rssi=-40
PR1HE t_us=100968796 kind=2 logical=33767 seq=33767 ch=16 rssi=-42
PR1HE t_us=100971783 kind=2 logical=33768 seq=33768 ch=14 rssi=-41
PR1HE t_us=100974767 kind=2 logical=33769 seq=33769 ch=15 rssi=-42
PR1HE t_us=100977754 kind=2 logical=33770 seq=33770 ch=8 rssi=-41
PR1HE t_us=100980737 kind=2 logical=33771 seq=33771 ch=0 rssi=-42
PR1HE t_us=100983717 kind=2 logical=33772 seq=33772 ch=37 rssi=-41
PR1HE t_us=100986698 kind=2 logical=33773 seq=33773 ch=10 rssi=-42
PR1HE t_us=100989678 kind=2 logical=33774 seq=33774 ch=20 rssi=-42
PR1HE t_us=100992662 kind=2 logical=33775 seq=33775 ch=32 rssi=-40
PR1HE t_us=100995644 kind=2 logical=33776 seq=33776 ch=17 rssi=-42
PR1HE t_us=100998626 kind=2 logical=33777 seq=33777 ch=21 rssi=-42
PR1HE t_us=101001614 kind=2 logical=33778 seq=33778 ch=6 rssi=-42
PR1HE t_us=101004598 kind=2 logical=33779 seq=33779 ch=35 rssi=-42
PR1HE t_us=101007580 kind=2 logical=33780 seq=33780 ch=18 rssi=-42
PR1HE t_us=101010562 kind=2 logical=33781 seq=33781 ch=2 rssi=-42
PR1HE t_us=101013544 kind=2 logical=33782 seq=33782 ch=9 rssi=-41
PR1HE t_us=101016533 kind=2 logical=33783 seq=33783 ch=19 rssi=-42
PR1HE t_us=101019521 kind=2 logical=33784 seq=33784 ch=12 rssi=-42
PR1HE t_us=101022509 kind=2 logical=33785 seq=33785 ch=24 rssi=-42
PR1HE t_us=101025498 kind=2 logical=33786 seq=33786 ch=38 rssi=-42
PR1HE t_us=101028491 kind=2 logical=33787 seq=33787 ch=39 rssi=-42
PR1HE t_us=101031479 kind=2 logical=33788 seq=33788 ch=4 rssi=-42
PR1HE t_us=101034469 kind=2 logical=33789 seq=33789 ch=33 rssi=-40
PR1HE t_us=101037457 kind=2 logical=33790 seq=33790 ch=7 rssi=-42
PR1HE t_us=101040446 kind=2 logical=33791 seq=33791 ch=13 rssi=-42
PR1HE t_us=101043433 kind=2 logical=33792 seq=33792 ch=0 rssi=-42
PR1HE t_us=101046422 kind=2 logical=33793 seq=33793 ch=10 rssi=-41
PR1HE t_us=101049406 kind=2 logical=33794 seq=33794 ch=11 rssi=-42
PR1HE t_us=101052399 kind=2 logical=33795 seq=33795 ch=21 rssi=-42
PR1HE t_us=101055382 kind=2 logical=33796 seq=33796 ch=25 rssi=-42
PR1HE t_us=101058363 kind=2 logical=33797 seq=33797 ch=8 rssi=-42
PR1HE t_us=101061351 kind=2 logical=33798 seq=33798 ch=9 rssi=-42
PR1HE t_us=101064336 kind=2 logical=33799 seq=33799 ch=39 rssi=-41
PR1HE t_us=101067318 kind=2 logical=33800 seq=33800 ch=36 rssi=-42
PR1HE t_us=101070300 kind=2 logical=33801 seq=33801 ch=6 rssi=-42
PR1HE t_us=101073275 kind=2 logical=33802 seq=33802 ch=38 rssi=-41
PR1HE t_us=101076257 kind=2 logical=33803 seq=33803 ch=3 rssi=-42
PR1HE t_us=101079246 kind=2 logical=33804 seq=33804 ch=4 rssi=-41
PR1HE t_us=101082233 kind=2 logical=33805 seq=33805 ch=1 rssi=-42
PR1HE t_us=101085221 kind=2 logical=33806 seq=33806 ch=20 rssi=-42
PR1HE t_us=101088205 kind=2 logical=33807 seq=33807 ch=18 rssi=-42
PR1HE t_us=101091193 kind=2 logical=33808 seq=33808 ch=16 rssi=-42
PR1HE t_us=101094183 kind=2 logical=33809 seq=33809 ch=2 rssi=-42
PR1HE t_us=101097170 kind=2 logical=33810 seq=33810 ch=24 rssi=-42
PR1HE t_us=101100152 kind=2 logical=33811 seq=33811 ch=37 rssi=-42
PR1HE t_us=101103140 kind=2 logical=33812 seq=33812 ch=12 rssi=-42
PR1HE t_us=101106130 kind=2 logical=33813 seq=33813 ch=5 rssi=-42
PR1HE t_us=101109117 kind=2 logical=33814 seq=33814 ch=14 rssi=-42
PR1HE t_us=101112104 kind=2 logical=33815 seq=33815 ch=35 rssi=-42
PR1HE t_us=101115095 kind=2 logical=33816 seq=33816 ch=17 rssi=-41
PR1HE t_us=101118076 kind=2 logical=33817 seq=33817 ch=32 rssi=-40
PR1HE t_us=101121061 kind=2 logical=33818 seq=33818 ch=26 rssi=-39
PR1HE t_us=101124049 kind=2 logical=33819 seq=33819 ch=33 rssi=-42
PR1HE t_us=101127034 kind=2 logical=33820 seq=33820 ch=7 rssi=-42
PR1HE t_us=101130016 kind=2 logical=33821 seq=33821 ch=13 rssi=-42
PR1HE t_us=101133007 kind=2 logical=33822 seq=33822 ch=15 rssi=-41
PR1HE t_us=101135995 kind=2 logical=33823 seq=33823 ch=19 rssi=-42
PR1HE t_us=101138983 kind=2 logical=33824 seq=33824 ch=36 rssi=-40
PR1HE t_us=101141973 kind=2 logical=33825 seq=33825 ch=8 rssi=-42
PR1HE t_us=101144964 kind=2 logical=33826 seq=33826 ch=16 rssi=-42
PR1HE t_us=101147955 kind=2 logical=33827 seq=33827 ch=37 rssi=-42
PR1HE t_us=101150944 kind=2 logical=33828 seq=33828 ch=7 rssi=-42
PR1HE t_us=101153927 kind=2 logical=33829 seq=33829 ch=18 rssi=-42
PR1HE t_us=101156920 kind=2 logical=33830 seq=33830 ch=14 rssi=-42
PR1HE t_us=101159908 kind=2 logical=33831 seq=33831 ch=0 rssi=-42
PR1HE t_us=101162897 kind=2 logical=33832 seq=33832 ch=20 rssi=-41
PR1HE t_us=101165886 kind=2 logical=33833 seq=33833 ch=10 rssi=-42
PR1HE t_us=101168875 kind=2 logical=33834 seq=33834 ch=38 rssi=-42
PR1HE t_us=101171863 kind=2 logical=33835 seq=33835 ch=13 rssi=-42
PR1HE t_us=101174849 kind=2 logical=33836 seq=33836 ch=17 rssi=-42
PR1HE t_us=101177828 kind=2 logical=33837 seq=33837 ch=32 rssi=-42
PR1HE t_us=101180817 kind=2 logical=33838 seq=33838 ch=19 rssi=-42
PR1HE t_us=101183808 kind=2 logical=33839 seq=33839 ch=26 rssi=-42
PR1HE t_us=101186797 kind=2 logical=33840 seq=33840 ch=4 rssi=-41
PR1HE t_us=101189785 kind=2 logical=33841 seq=33841 ch=5 rssi=-42
PR1HE t_us=101192764 kind=2 logical=33842 seq=33842 ch=1 rssi=-42
PR1HE t_us=101195750 kind=2 logical=33843 seq=33843 ch=35 rssi=-42
PR1HE t_us=101198733 kind=2 logical=33844 seq=33844 ch=12 rssi=-42
PR1HE t_us=101201714 kind=2 logical=33845 seq=33845 ch=2 rssi=-42
PR1HE t_us=101204697 kind=2 logical=33846 seq=33846 ch=24 rssi=-42
PR1HE t_us=101207684 kind=2 logical=33847 seq=33847 ch=3 rssi=-42
PR1HE t_us=101210668 kind=2 logical=33848 seq=33848 ch=9 rssi=-42
PR1HE t_us=101213654 kind=2 logical=33849 seq=33849 ch=39 rssi=-41
PR1HE t_us=101216634 kind=2 logical=33850 seq=33850 ch=21 rssi=-42
PR1HE t_us=101219618 kind=2 logical=33851 seq=33851 ch=6 rssi=-41
PR1HE t_us=101222599 kind=2 logical=33852 seq=33852 ch=25 rssi=-42
PR1HE t_us=101225582 kind=2 logical=33853 seq=33853 ch=15 rssi=-41
PR1HE t_us=101228565 kind=2 logical=33854 seq=33854 ch=33 rssi=-42
PR1HE t_us=101231545 kind=2 logical=33855 seq=33855 ch=11 rssi=-42
PR1HE t_us=101234536 kind=2 logical=33856 seq=33856 ch=33 rssi=-42
PR1HE t_us=101237524 kind=2 logical=33857 seq=33857 ch=8 rssi=-42
PR1HE t_us=101240511 kind=2 logical=33858 seq=33858 ch=15 rssi=-42
PR1HE t_us=101243500 kind=2 logical=33859 seq=33859 ch=24 rssi=-42
PR1HE t_us=101246491 kind=2 logical=33860 seq=33860 ch=11 rssi=-42
PR1HE t_us=101249484 kind=2 logical=33861 seq=33861 ch=39 rssi=-42
PR1HE t_us=101252472 kind=2 logical=33862 seq=33862 ch=38 rssi=-42
PR1HE t_us=101255459 kind=2 logical=33863 seq=33863 ch=4 rssi=-42
PR1HE t_us=101258448 kind=2 logical=33864 seq=33864 ch=5 rssi=-41
PR1HE t_us=101261436 kind=2 logical=33865 seq=33865 ch=10 rssi=-42
PR1HE t_us=101264425 kind=2 logical=33866 seq=33866 ch=26 rssi=-42
PR1HE t_us=101267408 kind=2 logical=33867 seq=33867 ch=20 rssi=-42
PR1HE t_us=101270401 kind=2 logical=33868 seq=33868 ch=12 rssi=-42
PR1HE t_us=101273383 kind=2 logical=33869 seq=33869 ch=14 rssi=-42
PR1HE t_us=101276366 kind=2 logical=33870 seq=33870 ch=16 rssi=-41
PR1HE t_us=101279353 kind=2 logical=33871 seq=33871 ch=21 rssi=-42
PR1HE t_us=101282337 kind=2 logical=33872 seq=33872 ch=17 rssi=-42
PR1HE t_us=101285319 kind=2 logical=33873 seq=33873 ch=6 rssi=-42
PR1HE t_us=101288301 kind=2 logical=33874 seq=33874 ch=25 rssi=-42
PR1HE t_us=101291278 kind=2 logical=33875 seq=33875 ch=32 rssi=-42
PR1HE t_us=101294260 kind=2 logical=33876 seq=33876 ch=0 rssi=-42
PR1HE t_us=101297248 kind=2 logical=33877 seq=33877 ch=7 rssi=-42
PR1HE t_us=101300237 kind=2 logical=33878 seq=33878 ch=2 rssi=-42
PR1HE t_us=101303230 kind=2 logical=33879 seq=33879 ch=19 rssi=-42
PR1HE t_us=101306222 kind=2 logical=33880 seq=33880 ch=3 rssi=-42
PR1HE t_us=101309207 kind=2 logical=33881 seq=33881 ch=9 rssi=-42
PR1HE t_us=101312195 kind=2 logical=33882 seq=33882 ch=18 rssi=-42
PR1HE t_us=101315185 kind=2 logical=33883 seq=33883 ch=37 rssi=-42
PR1HE t_us=101318173 kind=2 logical=33884 seq=33884 ch=35 rssi=-42
PR1HE t_us=101321154 kind=2 logical=33885 seq=33885 ch=36 rssi=-40
PR1HE t_us=101324143 kind=2 logical=33886 seq=33886 ch=13 rssi=-42
PR1HE t_us=101327131 kind=2 logical=33887 seq=33887 ch=1 rssi=-42
PR1HE t_us=101330119 kind=2 logical=33888 seq=33888 ch=6 rssi=-43
PR1HE t_us=101333106 kind=2 logical=33889 seq=33889 ch=9 rssi=-42
PR1HE t_us=101336096 kind=2 logical=33890 seq=33890 ch=36 rssi=-42
PR1HE t_us=101339085 kind=2 logical=33891 seq=33891 ch=25 rssi=-42
PR1HE t_us=101342066 kind=2 logical=33892 seq=33892 ch=16 rssi=-42
PR1HE t_us=101345051 kind=2 logical=33893 seq=33893 ch=37 rssi=-42
PR1HE t_us=101348038 kind=2 logical=33894 seq=33894 ch=38 rssi=-42
PR1HE t_us=101351021 kind=2 logical=33895 seq=33895 ch=32 rssi=-42
PR1HE t_us=101354013 kind=2 logical=33896 seq=33896 ch=0 rssi=-42
PR1HE t_us=101357004 kind=2 logical=33897 seq=33897 ch=2 rssi=-42
PR1HE t_us=101359983 kind=2 logical=33898 seq=33898 ch=3 rssi=-42
PR1HE t_us=101362975 kind=2 logical=33899 seq=33899 ch=20 rssi=-42
PR1HE t_us=101365966 kind=2 logical=33900 seq=33900 ch=13 rssi=-42
PR1HE t_us=101368957 kind=2 logical=33901 seq=33901 ch=18 rssi=-42
PR1HE t_us=101371951 kind=2 logical=33902 seq=33902 ch=1 rssi=-42
PR1HE t_us=101374946 kind=2 logical=33903 seq=33903 ch=19 rssi=-42
PR1HE t_us=101377929 kind=2 logical=33904 seq=33904 ch=24 rssi=-40
PR1HE t_us=101380917 kind=2 logical=33905 seq=33905 ch=7 rssi=-42
PR1HE t_us=101383905 kind=2 logical=33906 seq=33906 ch=21 rssi=-42
PR1HE t_us=101386890 kind=2 logical=33907 seq=33907 ch=15 rssi=-42
PR1HE t_us=101389878 kind=2 logical=33908 seq=33908 ch=14 rssi=-42
PR1HE t_us=101392865 kind=2 logical=33909 seq=33909 ch=10 rssi=-42
PR1HE t_us=101395851 kind=2 logical=33910 seq=33910 ch=17 rssi=-41
PR1HE t_us=101398830 kind=2 logical=33911 seq=33911 ch=4 rssi=-42
PR1HE t_us=101401819 kind=2 logical=33912 seq=33912 ch=5 rssi=-42
PR1HE t_us=101404810 kind=2 logical=33913 seq=33913 ch=11 rssi=-42
PR1HE t_us=101407800 kind=2 logical=33914 seq=33914 ch=35 rssi=-42
PR1HE t_us=101410788 kind=2 logical=33915 seq=33915 ch=8 rssi=-42
PR1HA_BEGIN total=112 kept=112
PR1HA t_us=794625 kind=4 logical=313 seq=313 ch=20 rssi=-42
PR1HA t_us=893620 kind=7 logical=346 seq=346 ch=20 rssi=-42
PR1HA t_us=1883630 kind=3 logical=676 seq=0 ch=29 rssi=0
PR1HA t_us=2297634 kind=3 logical=814 seq=0 ch=29 rssi=0
PR1HA t_us=2990877 kind=5 logical=1045 seq=1 ch=14 rssi=0
PR1HA t_us=3869510 kind=3 logical=1338 seq=0 ch=29 rssi=0
PR1HA t_us=5467669 kind=3 logical=1871 seq=0 ch=19 rssi=0
PR1HA t_us=6598535 kind=3 logical=2248 seq=0 ch=31 rssi=0
PR1HA t_us=6649907 kind=5 logical=2265 seq=1 ch=24 rssi=0
PR1HA t_us=6955909 kind=5 logical=2367 seq=1 ch=24 rssi=0
PR1HA t_us=7821423 kind=3 logical=2656 seq=0 ch=28 rssi=0
PR1HA t_us=8377117 kind=3 logical=2841 seq=0 ch=28 rssi=0
PR1HA t_us=9261985 kind=5 logical=3136 seq=1 ch=28 rssi=0
PR1HA t_us=9768938 kind=5 logical=3305 seq=1 ch=30 rssi=0
PR1HA t_us=10032938 kind=5 logical=3393 seq=1 ch=27 rssi=0
PR1HA t_us=11673582 kind=3 logical=3940 seq=0 ch=32 rssi=0
PR1HA t_us=12120586 kind=3 logical=4089 seq=0 ch=30 rssi=0
PR1HA t_us=12333455 kind=3 logical=4160 seq=0 ch=27 rssi=0
PR1HA t_us=12680591 kind=3 logical=4276 seq=0 ch=28 rssi=0
PR1HA t_us=15540830 kind=5 logical=5231 seq=1 ch=32 rssi=0
PR1HA t_us=16521400 kind=5 logical=5559 seq=1 ch=5 rssi=0
PR1HA t_us=19235540 kind=5 logical=6467 seq=1 ch=38 rssi=0
PR1HA t_us=19764266 kind=3 logical=6644 seq=0 ch=20 rssi=0
PR1HA t_us=20200700 kind=3 logical=6790 seq=0 ch=2 rssi=0
PR1HA t_us=21755509 kind=5 logical=7310 seq=1 ch=6 rssi=0
PR1HA t_us=24399974 kind=3 logical=8195 seq=0 ch=23 rssi=0
PR1HA t_us=25799504 kind=3 logical=8663 seq=0 ch=23 rssi=0
PR1HA t_us=26770982 kind=3 logical=8988 seq=0 ch=29 rssi=0
PR1HA t_us=26875925 kind=5 logical=9023 seq=1 ch=31 rssi=0
PR1HA t_us=27524654 kind=5 logical=9240 seq=1 ch=29 rssi=0
PR1HA t_us=27560183 kind=3 logical=9252 seq=0 ch=29 rssi=0
PR1HA t_us=27795446 kind=3 logical=9331 seq=0 ch=3 rssi=0
PR1HA t_us=28086663 kind=5 logical=9428 seq=1 ch=2 rssi=0
PR1HA t_us=30133126 kind=5 logical=10112 seq=1 ch=20 rssi=0
PR1HA t_us=30246334 kind=3 logical=10150 seq=0 ch=33 rssi=0
PR1HA t_us=30974655 kind=3 logical=10394 seq=0 ch=5 rssi=0
PR1HA t_us=32769332 kind=3 logical=10994 seq=0 ch=25 rssi=0
PR1HA t_us=35686816 kind=3 logical=11969 seq=0 ch=2 rssi=0
PR1HA t_us=37840255 kind=5 logical=12689 seq=1 ch=5 rssi=0
PR1HA t_us=37895836 kind=3 logical=12708 seq=0 ch=7 rssi=0
PR1HA t_us=38237484 kind=3 logical=12822 seq=0 ch=32 rssi=0
PR1HA t_us=43254040 kind=5 logical=14500 seq=1 ch=32 rssi=0
PR1HA t_us=43355351 kind=3 logical=14534 seq=0 ch=27 rssi=0
PR1HA t_us=43511104 kind=5 logical=14586 seq=1 ch=32 rssi=0
PR1HA t_us=45300263 kind=5 logical=15183 seq=1 ch=28 rssi=0
PR1HA t_us=45467893 kind=3 logical=15239 seq=0 ch=30 rssi=0
PR1HA t_us=48997925 kind=3 logical=16416 seq=0 ch=28 rssi=0
PR1HA t_us=49174276 kind=3 logical=16475 seq=0 ch=9 rssi=0
PR1HA t_us=49867306 kind=5 logical=16706 seq=1 ch=18 rssi=0
PR1HA t_us=52062328 kind=5 logical=17438 seq=1 ch=25 rssi=0
PR1HA t_us=54727353 kind=5 logical=18327 seq=1 ch=5 rssi=0
PR1HA t_us=54988020 kind=5 logical=18414 seq=1 ch=3 rssi=0
PR1HA t_us=55857116 kind=5 logical=18704 seq=1 ch=5 rssi=0
PR1HA t_us=58820259 kind=3 logical=19694 seq=0 ch=15 rssi=0
PR1HA t_us=61479040 kind=3 logical=20581 seq=0 ch=12 rssi=0
PR1HA t_us=62488050 kind=3 logical=20918 seq=0 ch=23 rssi=0
PR1HA t_us=62941053 kind=3 logical=21069 seq=0 ch=33 rssi=0
PR1HA t_us=63025429 kind=5 logical=21097 seq=1 ch=2 rssi=0
PR1HA t_us=63532061 kind=3 logical=21266 seq=0 ch=33 rssi=0
PR1HA t_us=64233293 kind=3 logical=21500 seq=0 ch=15 rssi=0
PR1HA t_us=65060011 kind=3 logical=21776 seq=0 ch=33 rssi=0
PR1HA t_us=66088083 kind=3 logical=22119 seq=0 ch=23 rssi=0
PR1HA t_us=68403476 kind=5 logical=22891 seq=1 ch=25 rssi=0
PR1HA t_us=68763482 kind=5 logical=23011 seq=1 ch=2 rssi=0
PR1HA t_us=69095753 kind=3 logical=23122 seq=0 ch=37 rssi=0
PR1HA t_us=70126551 kind=5 logical=23466 seq=1 ch=34 rssi=0
PR1HA t_us=70555124 kind=3 logical=23609 seq=0 ch=23 rssi=0
PR1HA t_us=72752144 kind=3 logical=24342 seq=0 ch=23 rssi=0
PR1HA t_us=74051530 kind=5 logical=24775 seq=1 ch=26 rssi=0
PR1HA t_us=74297533 kind=5 logical=24857 seq=1 ch=31 rssi=0
PR1HA t_us=74494306 kind=3 logical=24923 seq=0 ch=31 rssi=0
PR1HA t_us=77862436 kind=3 logical=26046 seq=0 ch=27 rssi=0
PR1HA t_us=82717237 kind=3 logical=27669 seq=0 ch=24 rssi=0
PR1HA t_us=84953380 kind=3 logical=28416 seq=0 ch=15 rssi=0
PR1HA t_us=85276930 kind=5 logical=28524 seq=1 ch=22 rssi=0
PR1HA t_us=86086278 kind=5 logical=28795 seq=1 ch=22 rssi=0
PR1HA t_us=86579118 kind=5 logical=28960 seq=1 ch=4 rssi=0
PR1HA t_us=86592926 kind=3 logical=28965 seq=0 ch=16 rssi=0
PR1HA t_us=87298388 kind=3 logical=29201 seq=0 ch=10 rssi=0
PR1HA t_us=96315314 kind=5 logical=32220 seq=1 ch=32 rssi=0
PR1HA t_us=98643698 kind=3 logical=33000 seq=0 ch=17 rssi=0
PR1HA t_us=98915077 kind=12 logical=33088 seq=10666 ch=26 rssi=0
PR1HA t_us=8669 kind=13 logical=1308 seq=255 ch=0 rssi=434
PR1HA t_us=98915076 kind=5 logical=33088 seq=3 ch=26 rssi=0
PR1HA t_us=98916718 kind=5 logical=33091 seq=1 ch=16 rssi=0
PR1HA t_us=98922687 kind=5 logical=33093 seq=1 ch=24 rssi=0
PR1HA t_us=98925672 kind=5 logical=33094 seq=1 ch=1 rssi=0
PR1HA t_us=98928657 kind=5 logical=33095 seq=1 ch=32 rssi=0
PR1HA t_us=98931642 kind=5 logical=33096 seq=1 ch=11 rssi=0
PR1HA t_us=98934627 kind=5 logical=33097 seq=1 ch=20 rssi=0
PR1HA t_us=98937612 kind=5 logical=33098 seq=1 ch=36 rssi=0
PR1HA t_us=98940597 kind=5 logical=33099 seq=1 ch=7 rssi=0
PR1HA t_us=98943583 kind=5 logical=33100 seq=1 ch=10 rssi=0
PR1HA t_us=98946567 kind=6 logical=33102 seq=0 ch=36 rssi=0
PR1HA t_us=99099563 kind=7 logical=33150 seq=33150 ch=36 rssi=-42
PR1HA t_us=99216071 kind=8 logical=33189 seq=40 ch=255 rssi=-42
PR1HA t_us=99390094 kind=12 logical=33230 seq=65535 ch=6 rssi=0
PR1HA t_us=172009 kind=13 logical=1303 seq=283 ch=0 rssi=421
PR1HA t_us=99390139 kind=6 logical=33288 seq=0 ch=4 rssi=0
PR1HA t_us=99455034 kind=7 logical=33269 seq=33269 ch=4 rssi=-42
PR1HA t_us=100193133 kind=5 logical=33516 seq=1 ch=18 rssi=0
PR1HA t_us=100584431 kind=5 logical=33647 seq=1 ch=25 rssi=0
PR1HA t_us=100587416 kind=5 logical=33648 seq=1 ch=13 rssi=0
PR1HA t_us=100590402 kind=5 logical=33649 seq=1 ch=16 rssi=0
PR1HA t_us=100593389 kind=5 logical=33650 seq=1 ch=6 rssi=0
PR1HA t_us=100596375 kind=5 logical=33651 seq=1 ch=12 rssi=0
PR1HA t_us=100599361 kind=5 logical=33652 seq=1 ch=15 rssi=0
PR1HA t_us=100602346 kind=5 logical=33653 seq=1 ch=14 rssi=0
PR1HA t_us=100605332 kind=5 logical=33654 seq=1 ch=11 rssi=0
PR1HA t_us=100608319 kind=6 logical=33656 seq=0 ch=20 rssi=0
PR1HA t_us=100676049 kind=7 logical=33669 seq=33669 ch=20 rssi=-40
PR1HA t_us=100756107 kind=3 logical=33696 seq=0 ch=25 rssi=0
PR1HE_END
