ESP-ROM:esp32s3-20210327
Build:Mar 27 2021
rst:0x15 (USB_UART_CHIP_RESET),boot:0x38 (SPI_FAST_FLASH_BOOT)
Saved PC:0x420271be
SPIWP:0xee
mode:DIO, clock div:1
load:0x3fce3808,len:0x44c
load:0x403c9700,len:0xbd8
load:0x403cc700,len:0x2a80
entry 0x403c98d0
PR1_RUNTIME_BOOT
runtime_profile=phase1-fixed-flrc-rx
runtime_role=rx
board_family=LILYGO T3-S3-MVSRBoard
board_reference_revision=V1.1 upstream reference
radio_target=SX1280
upstream_reference_commit=840a2e788b3192c4e9bddf0640c1ecaf703c2598
hardware_verified=0
protocol_version=1
protocol_header_bytes=16
rf_enabled=1
sx1280_spi_hz=2000000
sx1280_cs=7
sx1280_rst=8
sx1280_sclk=5
sx1280_mosi=6
sx1280_miso=3
sx1280_dio1=9
sx1280_busy=36
sx1280_tx_enable=10
sx1280_rx_enable=21
PR1_FIXED_FLRC_PROFILE
frequency_mhz=2404.000
bitrate_kbps=1300
coding_rate=3
output_dbm=0
tx_gap_us=5000
packet_bytes=116
adaptive_layers=off
PR1_RUNTIME_LIVE_READY
PR1T v=1 t_us=19202195 field=device_state value=2
PR1T v=1 t_us=19202195 field=rssi_dbm value=-76
PR1T v=1 t_us=19202195 field=crc_good value=6316
PR1T v=1 t_us=19202195 field=crc_bad value=116
PR1T v=1 t_us=19202195 field=missing value=138
PR1T v=1 t_us=19202195 field=queue_depth value=0
PR1T v=1 t_us=19202195 field=max_queue_depth value=1
PR1T v=1 t_us=19202195 field=irq_to_spi_us value=6
PR1T v=1 t_us=19202195 field=spi_duration_us value=1250
PR1T v=1 t_us=19202195 field=rx_processing_us value=1252
PR1T v=1 t_us=19202195 field=spi_end_to_rearm_start_us value=137
PR1T v=1 t_us=19202195 field=rx_rearm_us value=417
PR1T v=1 t_us=19202195 field=irq_to_rx_ready_us value=1794
PR1T v=1 t_us=19202195 field=trace_overwrites value=57760
PR1T v=1 t_us=19202195 field=capability_mask value=12
PR1T v=1 t_us=19981075 field=device_state value=2
PR1T v=1 t_us=19981075 field=rssi_dbm value=-76
PR1T v=1 t_us=19981075 field=crc_good value=6576
PR1T v=1 t_us=19981075 field=crc_bad value=124
PR1T v=1 t_us=19981075 field=missing value=148
PR1T v=1 t_us=19981075 field=queue_depth value=0
PR1T v=1 t_us=19981075 field=max_queue_depth value=1
PR1T v=1 t_us=19981075 field=irq_to_spi_us value=5
PR1T v=1 t_us=19981075 field=spi_duration_us value=1253
PR1T v=1 t_us=19981075 field=rx_processing_us value=1255
PR1T v=1 t_us=19981075 field=spi_end_to_rearm_start_us value=137
PR1T v=1 t_us=19981075 field=rx_rearm_us value=416
PR1T v=1 t_us=19981075 field=irq_to_rx_ready_us value=1794
PR1T v=1 t_us=19981075 field=trace_overwrites value=60172
PR1T v=1 t_us=19981075 field=capability_mask value=12
PR1T v=1 t_us=20771438 field=device_state value=2
PR1T v=1 t_us=20771438 field=rssi_dbm value=-75
PR1T v=1 t_us=20771438 field=crc_good value=6842
PR1T v=1 t_us=20771438 field=crc_bad value=131
PR1T v=1 t_us=20771438 field=missing value=156
PR1T v=1 t_us=20771438 field=queue_depth value=0
PR1T v=1 t_us=20771438 field=max_queue_depth value=1
PR1T v=1 t_us=20771438 field=irq_to_spi_us value=6
PR1T v=1 t_us=20771438 field=spi_duration_us value=1250
PR1T v=1 t_us=20771438 field=rx_processing_us value=1252
PR1T v=1 t_us=20771438 field=spi_end_to_rearm_start_us value=137
PR1T v=1 t_us=20771438 field=rx_rearm_us value=418
PR1T v=1 t_us=20771438 field=irq_to_rx_ready_us value=1792
PR1T v=1 t_us=20771438 field=trace_overwrites value=62629
PR1T v=1 t_us=20771438 field=capability_mask value=12
PR1T v=1 t_us=21559039 field=device_state value=2
PR1T v=1 t_us=21559039 field=rssi_dbm value=-77
PR1T v=1 t_us=21559039 field=crc_good value=7106
PR1T v=1 t_us=21559039 field=crc_bad value=138
PR1T v=1 t_us=21559039 field=missing value=165
PR1T v=1 t_us=21559039 field=queue_depth value=0
PR1T v=1 t_us=21559039 field=max_queue_depth value=1
PR1T v=1 t_us=21559039 field=irq_to_spi_us value=11
PR1T v=1 t_us=21559039 field=spi_duration_us value=1249
PR1T v=1 t_us=21559039 field=rx_processing_us value=1251
PR1T v=1 t_us=21559039 field=spi_end_to_rearm_start_us value=137
PR1T v=1 t_us=21559039 field=rx_rearm_us value=416
PR1T v=1 t_us=21559039 field=irq_to_rx_ready_us value=1795
PR1T v=1 t_us=21559039 field=trace_overwrites value=65068
PR1T v=1 t_us=21559039 field=capability_mask value=12
PR1T v=1 t_us=22337983 field=device_state value=2
PR1T v=1 t_us=22337983 field=rssi_dbm value=-77
PR1T v=1 t_us=22337983 field=crc_good value=7365
PR1T v=1 t_us=22337983 field=crc_bad value=148
PR1T v=1 t_us=22337983 field=missing value=176
PR1T v=1 t_us=22337983 field=queue_depth value=0
PR1T v=1 t_us=22337983 field=max_queue_depth value=1
PR1T v=1 t_us=22337983 field=irq_to_spi_us value=6
PR1T v=1 t_us=22337983 field=spi_duration_us value=1246
PR1T v=1 t_us=22337983 field=rx_processing_us value=1248
PR1T v=1 t_us=22337983 field=spi_end_to_rearm_start_us value=137
PR1T v=1 t_us=22337983 field=rx_rearm_us value=421
PR1T v=1 t_us=22337983 field=irq_to_rx_ready_us value=1793
PR1T v=1 t_us=22337983 field=trace_overwrites value=67489
PR1T v=1 t_us=22337983 field=capability_mask value=12
PR1T v=1 t_us=23126009 field=device_state value=2
PR1T v=1 t_us=23126009 field=rssi_dbm value=-77
PR1T v=1 t_us=23126009 field=crc_good value=7632
PR1T v=1 t_us=23126009 field=crc_bad value=150
PR1T v=1 t_us=23126009 field=missing value=182
PR1T v=1 t_us=23126009 field=queue_depth value=0
PR1T v=1 t_us=23126009 field=max_queue_depth value=1
PR1T v=1 t_us=23126009 field=irq_to_spi_us value=6
PR1T v=1 t_us=23126009 field=spi_duration_us value=1246
PR1T v=1 t_us=23126009 field=rx_processing_us value=1248
PR1T v=1 t_us=23126009 field=spi_end_to_rearm_start_us value=137
PR1T v=1 t_us=23126009 field=rx_rearm_us value=420
PR1T v=1 t_us=23126009 field=irq_to_rx_ready_us value=1793
PR1T v=1 t_us=23126009 field=trace_overwrites value=69910
PR1T v=1 t_us=23126009 field=capability_mask value=12
PR1T v=1 t_us=23904248 field=device_state value=2
PR1T v=1 t_us=23904248 field=rssi_dbm value=-77
PR1T v=1 t_us=23904248 field=crc_good value=7896
PR1T v=1 t_us=23904248 field=crc_bad value=154
PR1T v=1 t_us=23904248 field=missing value=187
PR1T v=1 t_us=23904248 field=queue_depth value=0
PR1T v=1 t_us=23904248 field=max_queue_depth value=1
PR1T v=1 t_us=23904248 field=irq_to_spi_us value=6
PR1T v=1 t_us=23904248 field=spi_duration_us value=1245
PR1T v=1 t_us=23904248 field=rx_processing_us value=1247
PR1T v=1 t_us=23904248 field=spi_end_to_rearm_start_us value=138
PR1T v=1 t_us=23904248 field=rx_rearm_us value=421
PR1T v=1 t_us=23904248 field=irq_to_rx_ready_us value=1792
PR1T v=1 t_us=23904248 field=trace_overwrites value=72322
PR1T v=1 t_us=23904248 field=capability_mask value=12
PR1T v=1 t_us=24686157 field=device_state value=2
PR1T v=1 t_us=24686157 field=rssi_dbm value=-76
PR1T v=1 t_us=24686157 field=crc_good value=8161
PR1T v=1 t_us=24686157 field=crc_bad value=159
PR1T v=1 t_us=24686157 field=missing value=194
PR1T v=1 t_us=24686157 field=queue_depth value=0
PR1T v=1 t_us=24686157 field=max_queue_depth value=1
PR1T v=1 t_us=24686157 field=irq_to_spi_us value=6
PR1T v=1 t_us=24686157 field=spi_duration_us value=1246
PR1T v=1 t_us=24686157 field=rx_processing_us value=1247
PR1T v=1 t_us=24686157 field=spi_end_to_rearm_start_us value=137
PR1T v=1 t_us=24686157 field=rx_rearm_us value=420
PR1T v=1 t_us=24686157 field=irq_to_rx_ready_us value=1794
PR1T v=1 t_us=24686157 field=trace_overwrites value=74752
PR1T v=1 t_us=24686157 field=capability_mask value=12
PR1T v=1 t_us=25482375 field=device_state value=2
PR1T v=1 t_us=25482375 field=rssi_dbm value=-75
PR1T v=1 t_us=25482375 field=crc_good value=8432
PR1T v=1 t_us=25482375 field=crc_bad value=163
PR1T v=1 t_us=25482375 field=missing value=199
PR1T v=1 t_us=25482375 field=queue_depth value=0
PR1T v=1 t_us=25482375 field=max_queue_depth value=1
PR1T v=1 t_us=25482375 field=irq_to_spi_us value=11
PR1T v=1 t_us=25482375 field=spi_duration_us value=1249
PR1T v=1 t_us=25482375 field=rx_processing_us value=1251
PR1T v=1 t_us=25482375 field=spi_end_to_rearm_start_us value=137
PR1T v=1 t_us=25482375 field=rx_rearm_us value=417
PR1T v=1 t_us=25482375 field=irq_to_rx_ready_us value=1792
PR1T v=1 t_us=25482375 field=trace_overwrites value=77227
PR1T v=1 t_us=25482375 field=capability_mask value=12
PR1T v=1 t_us=26259508 field=device_state value=2
PR1T v=1 t_us=26259508 field=rssi_dbm value=-75
PR1T v=1 t_us=26259508 field=crc_good value=8694
PR1T v=1 t_us=26259508 field=crc_bad value=169
PR1T v=1 t_us=26259508 field=missing value=206
PR1T v=1 t_us=26259508 field=queue_depth value=0
PR1T v=1 t_us=26259508 field=max_queue_depth value=1
PR1T v=1 t_us=26259508 field=irq_to_spi_us value=9
PR1T v=1 t_us=26259508 field=spi_duration_us value=1250
PR1T v=1 t_us=26259508 field=rx_processing_us value=1251
PR1T v=1 t_us=26259508 field=spi_end_to_rearm_start_us value=137
PR1T v=1 t_us=26259508 field=rx_rearm_us value=417
PR1T v=1 t_us=26259508 field=irq_to_rx_ready_us value=1793
PR1T v=1 t_us=26259508 field=trace_overwrites value=79639
PR1T v=1 t_us=26259508 field=capability_mask value=12
PR1T v=1 t_us=27048922 field=device_state value=2
PR1T v=1 t_us=27048922 field=rssi_dbm value=-75
PR1T v=1 t_us=27048922 field=crc_good value=8962
PR1T v=1 t_us=27048922 field=crc_bad value=173
PR1T v=1 t_us=27048922 field=missing value=212
PR1T v=1 t_us=27048922 field=queue_depth value=0
PR1T v=1 t_us=27048922 field=max_queue_depth value=1
PR1T v=1 t_us=27048922 field=irq_to_spi_us value=6
PR1T v=1 t_us=27048922 field=spi_duration_us value=1244
PR1T v=1 t_us=27048922 field=rx_processing_us value=1246
PR1T v=1 t_us=27048922 field=spi_end_to_rearm_start_us value=138
PR1T v=1 t_us=27048922 field=rx_rearm_us value=420
PR1T v=1 t_us=27048922 field=irq_to_rx_ready_us value=1793
PR1T v=1 t_us=27048922 field=trace_overwrites value=82087
PR1T v=1 t_us=27048922 field=capability_mask value=12
PR1T v=1 t_us=27830689 field=device_state value=2
PR1T v=1 t_us=27830689 field=rssi_dbm value=-75
PR1T v=1 t_us=27830689 field=crc_good value=9227
PR1T v=1 t_us=27830689 field=crc_bad value=177
PR1T v=1 t_us=27830689 field=missing value=218
PR1T v=1 t_us=27830689 field=queue_depth value=0
PR1T v=1 t_us=27830689 field=max_queue_depth value=1
PR1T v=1 t_us=27830689 field=irq_to_spi_us value=11
PR1T v=1 t_us=27830689 field=spi_duration_us value=1245
PR1T v=1 t_us=27830689 field=rx_processing_us value=1247
PR1T v=1 t_us=27830689 field=spi_end_to_rearm_start_us value=137
PR1T v=1 t_us=27830689 field=rx_rearm_us value=422
PR1T v=1 t_us=27830689 field=irq_to_rx_ready_us value=1794
PR1T v=1 t_us=27830689 field=trace_overwrites value=84508
PR1T v=1 t_us=27830689 field=capability_mask value=12
PR1T v=1 t_us=28612448 field=device_state value=2
PR1T v=1 t_us=28612448 field=rssi_dbm value=-75
PR1T v=1 t_us=28612448 field=crc_good value=9496
PR1T v=1 t_us=28612448 field=crc_bad value=178
PR1T v=1 t_us=28612448 field=missing value=220
PR1T v=1 t_us=28612448 field=queue_depth value=0
PR1T v=1 t_us=28612448 field=max_queue_depth value=1
PR1T v=1 t_us=28612448 field=irq_to_spi_us value=6
PR1T v=1 t_us=28612448 field=spi_duration_us value=1248
PR1T v=1 t_us=28612448 field=rx_processing_us value=1250
PR1T v=1 t_us=28612448 field=spi_end_to_rearm_start_us value=138
PR1T v=1 t_us=28612448 field=rx_rearm_us value=417
PR1T v=1 t_us=28612448 field=irq_to_rx_ready_us value=1793
PR1T v=1 t_us=28612448 field=trace_overwrites value=86938
PR1T v=1 t_us=28612448 field=capability_mask value=12
PR1T v=1 t_us=29394724 field=device_state value=2
PR1T v=1 t_us=29394724 field=rssi_dbm value=-75
PR1T v=1 t_us=29394724 field=crc_good value=9764
PR1T v=1 t_us=29394724 field=crc_bad value=180
PR1T v=1 t_us=29394724 field=missing value=223
PR1T v=1 t_us=29394724 field=queue_depth value=0
PR1T v=1 t_us=29394724 field=max_queue_depth value=1
PR1T v=1 t_us=29394724 field=irq_to_spi_us value=6
PR1T v=1 t_us=29394724 field=spi_duration_us value=1251
PR1T v=1 t_us=29394724 field=rx_processing_us value=1253
PR1T v=1 t_us=29394724 field=spi_end_to_rearm_start_us value=137
PR1T v=1 t_us=29394724 field=rx_rearm_us value=417
PR1T v=1 t_us=29394724 field=irq_to_rx_ready_us value=1794
PR1T v=1 t_us=29394724 field=trace_overwrites value=89368
PR1T v=1 t_us=29394724 field=capability_mask value=12
PR1T v=1 t_us=30184667 field=device_state value=2
PR1T v=1 t_us=30184667 field=rssi_dbm value=-76
PR1T v=1 t_us=30184667 field=crc_good value=10035
PR1T v=1 t_us=30184667 field=crc_bad value=182
PR1T v=1 t_us=30184667 field=missing value=226
PR1T v=1 t_us=30184667 field=queue_depth value=0
PR1T v=1 t_us=30184667 field=max_queue_depth value=1
PR1T v=1 t_us=30184667 field=irq_to_spi_us value=8
PR1T v=1 t_us=30184667 field=spi_duration_us value=1244
PR1T v=1 t_us=30184667 field=rx_processing_us value=1246
PR1T v=1 t_us=30184667 field=spi_end_to_rearm_start_us value=138
PR1T v=1 t_us=30184667 field=rx_rearm_us value=423
PR1T v=1 t_us=30184667 field=irq_to_rx_ready_us value=1793
PR1T v=1 t_us=30184667 field=trace_overwrites value=91825
PR1T v=1 t_us=30184667 field=capability_mask value=12
PR1T v=1 t_us=30721175 field=device_state value=2
PR1T v=1 t_us=30721175 field=rssi_dbm value=-75
PR1T v=1 t_us=30721175 field=crc_good value=10216
PR1T v=1 t_us=30721175 field=crc_bad value=184
PR1T v=1 t_us=30721175 field=missing value=230
PR1T v=1 t_us=30721175 field=queue_depth value=0
PR1T v=1 t_us=30721175 field=max_queue_depth value=1
PR1T v=1 t_us=30721175 field=irq_to_spi_us value=11
PR1T v=1 t_us=30721175 field=spi_duration_us value=1250
PR1T v=1 t_us=30721175 field=rx_processing_us value=1251
PR1T v=1 t_us=30721175 field=spi_end_to_rearm_start_us value=136
PR1T v=1 t_us=30721175 field=rx_rearm_us value=417
PR1T v=1 t_us=30721175 field=irq_to_rx_ready_us value=1794
PR1T v=1 t_us=30721175 field=trace_overwrites value=93472
PR1T v=1 t_us=30721175 field=capability_mask value=12
