PR1_RUNTIME_BOOT
runtime_profile=phase1-fixed-flrc-rx
runtime_role=rx
board_family=LILYGO T3-S3-MVSRBoard
board_reference_revision=V1.1 upstream reference
radio_target=SX1280
upstream_reference_commit=840a2e788b3192c4e9bddf0640c1ecaf703c2598
hardware_veriESP-ROM:esp32s3-20210327
Build:Mar 27 2021
rst:0x15 (USB_UART_CHIP_RESET),boot:0x18 (SPI_FAST_FLASH_BOOT)
Saved PC:0x420271ba
SPIWP:0xee
mode:DIO, clock div:1
load:0x3fce3808,len:0x44c
load:0x403c9700,len:0xbd8
load:0x403cc700,len:0x2a80
entry 0x403c98d0
PR1_RUNTIME_BOOT
runtime_profile=phase1-fixed-flrc-rx
runtime_role=rx
board_family=LILYGO T3-S3-MVSRBoard
board_reference_revision=V1.1 upstream reference
radio_target=SX1280
upstream_reference_commit=840a2e788b3192c4e9bddf0640c1ecaf703c2598
hardware_verified=0
protocol_version=1
protocol_header_bytes=16
rf_enabled=1
sx1280_spi_hz=2000000
sx1280_cs=7
sx1280_rst=8
sx1280_sclk=5
sx1280_mosi=6
sx1280_miso=3
sx1280_dio1=9
sx1280_busy=36
sx1280_tx_enable=10
sx1280_rx_enable=21
PR1_FIXED_FLRC_PROFILE
frequency_mhz=2404.000
bitrate_kbps=1300
coding_rate=2
output_dbm=3
tx_gap_us=150
packet_bytes=116
adaptive_layers=off
PR1_RUNTIME_LIVE_READY
PR1T v=1 t_us=19176587 field=device_state value=2
PR1T v=1 t_us=19176587 field=rssi_dbm value=-77
PR1T v=1 t_us=19176587 field=crc_good value=5444
PR1T v=1 t_us=19176587 field=crc_bad value=40
PR1T v=1 t_us=19176587 field=missing value=49
PR1T v=1 t_us=19176587 field=queue_depth value=0
PR1T v=1 t_us=19176587 field=max_queue_depth value=1
PR1T v=1 t_us=19176587 field=irq_to_spi_us value=11
PR1T v=1 t_us=19176587 field=spi_duration_us value=1243
PR1T v=1 t_us=19176587 field=rx_processing_us value=1245
PR1T v=1 t_us=19176587 field=spi_end_to_rearm_start_us value=135
PR1T v=1 t_us=19176587 field=rx_rearm_us value=416
PR1T v=1 t_us=19176587 field=irq_to_rx_ready_us value=1786
PR1T v=1 t_us=19176587 field=trace_overwrites value=49228
PR1T v=1 t_us=19176587 field=capability_mask value=12
PR1T v=1 t_us=19961815 field=device_state value=2
PR1T v=1 t_us=19961815 field=rssi_dbm value=-76
PR1T v=1 t_us=19961815 field=crc_good value=5673
PR1T v=1 t_us=19961815 field=crc_bad value=42
PR1T v=1 t_us=19961815 field=missing value=52
PR1T v=1 t_us=19961815 field=queue_depth value=0
PR1T v=1 t_us=19961815 field=max_queue_depth value=1
PR1T v=1 t_us=19961815 field=irq_to_spi_us value=10
PR1T v=1 t_us=19961815 field=spi_duration_us value=1245
PR1T v=1 t_us=19961815 field=rx_processing_us value=1246
PR1T v=1 t_us=19961815 field=spi_end_to_rearm_start_us value=135
PR1T v=1 t_us=19961815 field=rx_rearm_us value=416
PR1T v=1 t_us=19961815 field=irq_to_rx_ready_us value=1786
PR1T v=1 t_us=19961815 field=trace_overwrites value=51307
PR1T v=1 t_us=19961815 field=capability_mask value=12
PR1T v=1 t_us=20747057 field=device_state value=2
PR1T v=1 t_us=20747057 field=rssi_dbm value=-75
PR1T v=1 t_us=20747057 field=crc_good value=5903
PR1T v=1 t_us=20747057 field=crc_bad value=43
PR1T v=1 t_us=20747057 field=missing value=54
PR1T v=1 t_us=20747057 field=queue_depth value=0
PR1T v=1 t_us=20747057 field=max_queue_depth value=1
PR1T v=1 t_us=20747057 field=irq_to_spi_us value=6
PR1T v=1 t_us=20747057 field=spi_duration_us value=1245
PR1T v=1 t_us=20747057 field=rx_processing_us value=1246
PR1T v=1 t_us=20747057 field=spi_end_to_rearm_start_us value=136
PR1T v=1 t_us=20747057 field=rx_rearm_us value=417
PR1T v=1 t_us=20747057 field=irq_to_rx_ready_us value=1788
PR1T v=1 t_us=20747057 field=trace_overwrites value=53386
PR1T v=1 t_us=20747057 field=capability_mask value=12
PR1T v=1 t_us=21525526 field=device_state value=2
PR1T v=1 t_us=21525526 field=rssi_dbm value=-75
PR1T v=1 t_us=21525526 field=crc_good value=6131
PR1T v=1 t_us=21525526 field=crc_bad value=45
PR1T v=1 t_us=21525526 field=missing value=56
PR1T v=1 t_us=21525526 field=queue_depth value=0
PR1T v=1 t_us=21525526 field=max_queue_depth value=1
PR1T v=1 t_us=21525526 field=irq_to_spi_us value=5
PR1T v=1 t_us=21525526 field=spi_duration_us value=1247
PR1T v=1 t_us=21525526 field=rx_processing_us value=1249
PR1T v=1 t_us=21525526 field=spi_end_to_rearm_start_us value=136
PR1T v=1 t_us=21525526 field=rx_rearm_us value=416
PR1T v=1 t_us=21525526 field=irq_to_rx_ready_us value=1789
PR1T v=1 t_us=21525526 field=trace_overwrites value=55456
PR1T v=1 t_us=21525526 field=capability_mask value=12
PR1_HOST_TRUNCATED_LINE PR1T v=1 t_us=22302019 f
PR1_HOST_SERIAL_REOPEN reason=telemetry snapshot truncated mid-line
PR1T v=1 t_us=23838575 field=device_state value=2
PR1T v=1 t_us=23838575 field=rssi_dbm value=-76
PR1T v=1 t_us=23838575 field=crc_good value=6811
PR1T v=1 t_us=23838575 field=crc_bad value=46
PR1T v=1 t_us=23838575 field=missing value=59
PR1T v=1 t_us=23838575 field=queue_depth value=0
PR1T v=1 t_us=23838575 field=max_queue_depth value=1
PR1T v=1 t_us=23838575 field=irq_to_spi_us value=6
PR1T v=1 t_us=23838575 field=spi_duration_us value=1247
PR1T v=1 t_us=23838575 field=rx_processing_us value=1248
PR1T v=1 t_us=23838575 field=spi_end_to_rearm_start_us value=136
PR1T v=1 t_us=23838575 field=rx_rearm_us value=417
PR1T v=1 t_us=23838575 field=irq_to_rx_ready_us value=1788
PR1T v=1 t_us=23838575 field=trace_overwrites value=61585
PR1T v=1 t_us=23838575 field=capability_mask value=12
PR1T v=1 t_us=24629955 field=device_state value=2
PR1T v=1 t_us=24629955 field=rssi_dbm value=-76
PR1T v=1 t_us=24629955 field=crc_good value=7042
PR1T v=1 t_us=24629955 field=crc_bad value=48
PR1T v=1 t_us=24629955 field=missing value=62
PR1T v=1 t_us=24629955 field=queue_depth value=0
PR1T v=1 t_us=24629955 field=max_queue_depth value=1
PR1T v=1 t_us=24629955 field=irq_to_spi_us value=10
PR1T v=1 t_us=24629955 field=spi_duration_us value=1244
PR1T v=1 t_us=24629955 field=rx_processing_us value=1246
PR1T v=1 t_us=24629955 field=spi_end_to_rearm_start_us value=135
PR1T v=1 t_us=24629955 field=rx_rearm_us value=417
PR1T v=1 t_us=24629955 field=irq_to_rx_ready_us value=1785
PR1T v=1 t_us=24629955 field=trace_overwrites value=63682
PR1T v=1 t_us=24629955 field=capability_mask value=12
PR1T v=1 t_us=25407739 field=device_state value=2
PR1T v=1 t_us=25407739 field=rssi_dbm value=-76
PR1T v=1 t_us=25407739 field=crc_good value=7268
PR1T v=1 t_us=25407739 field=crc_bad value=50
PR1T v=1 t_us=25407739 field=missing value=66
PR1T v=1 t_us=25407739 field=queue_depth value=0
PR1T v=1 t_us=25407739 field=max_queue_depth value=1
PR1T v=1 t_us=25407739 field=irq_to_spi_us value=11
PR1T v=1 t_us=25407739 field=spi_duration_us value=1246
PR1T v=1 t_us=25407739 field=rx_processing_us value=1247
PR1T v=1 t_us=25407739 field=spi_end_to_rearm_start_us value=136
PR1T v=1 t_us=25407739 field=rx_rearm_us value=417
PR1T v=1 t_us=25407739 field=irq_to_rx_ready_us value=1789
PR1T v=1 t_us=25407739 field=trace_overwrites value=65734
PR1T v=1 t_us=25407739 field=capability_mask value=12
PR1T v=1 t_us=26186206 field=device_state value=2
PR1T v=1 t_us=26186206 field=rssi_dbm value=-76
PR1T v=1 t_us=26186206 field=crc_good value=7497
PR1T v=1 t_us=26186206 field=crc_bad value=51
PR1T v=1 t_us=26186206 field=missing value=67
PR1T v=1 t_us=26186206 field=queue_depth value=0
PR1T v=1 t_us=26186206 field=max_queue_depth value=1
PR1T v=1 t_us=26186206 field=irq_to_spi_us value=10
PR1T v=1 t_us=26186206 field=spi_duration_us value=1245
PR1T v=1 t_us=26186206 field=rx_processing_us value=1246
PR1T v=1 t_us=26186206 field=spi_end_to_rearm_start_us value=136
PR1T v=1 t_us=26186206 field=rx_rearm_us value=416
PR1T v=1 t_us=26186206 field=irq_to_rx_ready_us value=1788
PR1T v=1 t_us=26186206 field=trace_overwrites value=67804
PR1T v=1 t_us=26186206 field=capability_mask value=12
PR1T v=1 t_us=26965723 field=device_state value=2
PR1T v=1 t_us=26965723 field=rssi_dbm value=-76
PR1T v=1 t_us=26965723 field=crc_good value=7724
PR1T v=1 t_us=26965723 field=crc_bad value=54
PR1T v=1 t_us=26965723 field=missing value=70
PR1T v=1 t_us=26965723 field=queue_depth value=0
PR1T v=1 t_us=26965723 field=max_queue_depth value=1
PR1T v=1 t_us=26965723 field=irq_to_spi_us value=6
PR1T v=1 t_us=26965723 field=spi_duration_us value=1245
PR1T v=1 t_us=26965723 field=rx_processing_us value=1246
PR1T v=1 t_us=26965723 field=spi_end_to_rearm_start_us value=136
PR1T v=1 t_us=26965723 field=rx_rearm_us value=416
PR1T v=1 t_us=26965723 field=irq_to_rx_ready_us value=1788
PR1T v=1 t_us=26965723 field=trace_overwrites value=69874
PR1T v=1 t_us=26965723 field=capability_mask value=12
PR1T v=1 t_us=27750747 field=device_state value=2
PR1T v=1 t_us=27750747 field=rssi_dbm value=-76
PR1T v=1 t_us=27750747 field=crc_good value=7955
PR1T v=1 t_us=27750747 field=crc_bad value=54
PR1T v=1 t_us=27750747 field=missing value=71
PR1T v=1 t_us=27750747 field=queue_depth value=0
PR1T v=1 t_us=27750747 field=max_queue_depth value=1
PR1T v=1 t_us=27750747 field=irq_to_spi_us value=5
PR1T v=1 t_us=27750747 field=spi_duration_us value=1246
PR1T v=1 t_us=27750747 field=rx_processing_us value=1248
PR1T v=1 t_us=27750747 field=spi_end_to_rearm_start_us value=136
PR1T v=1 t_us=27750747 field=rx_rearm_us value=416
PR1T v=1 t_us=27750747 field=irq_to_rx_ready_us value=1786
PR1T v=1 t_us=27750747 field=trace_overwrites value=71953
PR1T v=1 t_us=27750747 field=capability_mask value=12
PR1T v=1 t_us=28538544 field=device_state value=2
PR1T v=1 t_us=28538544 field=rssi_dbm value=-76
PR1T v=1 t_us=28538544 field=crc_good value=8187
PR1T v=1 t_us=28538544 field=crc_bad value=54
PR1T v=1 t_us=28538544 field=missing value=72
PR1T v=1 t_us=28538544 field=queue_depth value=0
PR1T v=1 t_us=28538544 field=max_queue_depth value=1
PR1T v=1 t_us=28538544 field=irq_to_spi_us value=6
PR1T v=1 t_us=28538544 field=spi_duration_us value=1247
PR1T v=1 t_us=28538544 field=rx_processing_us value=1249
PR1T v=1 t_us=28538544 field=spi_end_to_rearm_start_us value=135
PR1T v=1 t_us=28538544 field=rx_rearm_us value=416
PR1T v=1 t_us=28538544 field=irq_to_rx_ready_us value=1789
PR1T v=1 t_us=28538544 field=trace_overwrites value=74041
PR1T v=1 t_us=28538544 field=capability_mask value=12
PR1T v=1 t_us=29327161 field=device_state value=2
PR1T v=1 t_us=29327161 field=rssi_dbm value=-75
PR1T v=1 t_us=29327161 field=crc_good value=8420
PR1T v=1 t_us=29327161 field=crc_bad value=54
PR1T v=1 t_us=29327161 field=missing value=72
PR1T v=1 t_us=29327161 field=queue_depth value=0
PR1T v=1 t_us=29327161 field=max_queue_depth value=1
PR1T v=1 t_us=29327161 field=irq_to_spi_us value=6
PR1T v=1 t_us=29327161 field=spi_duration_us value=1246
PR1T v=1 t_us=29327161 field=rx_processing_us value=1248
PR1T v=1 t_us=29327161 field=spi_end_to_rearm_start_us value=136
PR1T v=1 t_us=29327161 field=rx_rearm_us value=416
PR1T v=1 t_us=29327161 field=irq_to_rx_ready_us value=1790
PR1T v=1 t_us=29327161 field=trace_overwrites value=76138
PR1T v=1 t_us=29327161 field=capability_mask value=12
PR1T v=1 t_us=30115803 field=device_state value=2
PR1T v=1 t_us=30115803 field=rssi_dbm value=-75
PR1T v=1 t_us=30115803 field=crc_good value=8650
PR1T v=1 t_us=30115803 field=crc_bad value=56
PR1T v=1 t_us=30115803 field=missing value=75
PR1T v=1 t_us=30115803 field=queue_depth value=0
PR1T v=1 t_us=30115803 field=max_queue_depth value=1
PR1T v=1 t_us=30115803 field=irq_to_spi_us value=12
PR1T v=1 t_us=30115803 field=spi_duration_us value=1246
PR1T v=1 t_us=30115803 field=rx_processing_us value=1248
PR1T v=1 t_us=30115803 field=spi_end_to_rearm_start_us value=136
PR1T v=1 t_us=30115803 field=rx_rearm_us value=417
PR1T v=1 t_us=30115803 field=irq_to_rx_ready_us value=1786
PR1T v=1 t_us=30115803 field=trace_overwrites value=78226
PR1T v=1 t_us=30115803 field=capability_mask value=12
PR1T v=1 t_us=30891114 field=device_state value=2
PR1T v=1 t_us=30891114 field=rssi_dbm value=-75
PR1T v=1 t_us=30891114 field=crc_good value=8879
PR1T v=1 t_us=30891114 field=crc_bad value=56
PR1T v=1 t_us=30891114 field=missing value=75
PR1T v=1 t_us=30891114 field=queue_depth value=0
PR1T v=1 t_us=30891114 field=max_queue_depth value=1
PR1T v=1 t_us=30891114 field=irq_to_spi_us value=6
PR1T v=1 t_us=30891114 field=spi_duration_us value=1244
PR1T v=1 t_us=30891114 field=rx_processing_us value=1246
PR1T v=1 t_us=30891114 field=spi_end_to_rearm_start_us value=136
PR1T v=1 t_us=30891114 field=rx_rearm_us value=416
PR1T v=1 t_us=30891114 field=irq_to_rx_ready_us value=1785
PR1T v=1 t_us=30891114 field=trace_overwrites value=80287
PR1T v=1 t_us=30891114 field=capability_mask value=12
PR1T v=1 t_us=31665948 field=device_state value=2
PR1T v=1 t_us=31665948 field=rssi_dbm value=-76
PR1T v=1 t_us=31665948 field=crc_good value=9106
PR1T v=1 t_us=31665948 field=crc_bad value=57
PR1T v=1 t_us=31665948 field=missing value=77
PR1T v=1 t_us=31665948 field=queue_depth value=0
PR1T v=1 t_us=31665948 field=max_queue_depth value=1
PR1T v=1 t_us=31665948 field=irq_to_spi_us value=11
PR1T v=1 t_us=31665948 field=spi_duration_us value=1247
PR1T v=1 t_us=31665948 field=rx_processing_us value=1247
PR1T v=1 t_us=31665948 field=spi_end_to_rearm_start_us value=136
PR1T v=1 t_us=31665948 field=rx_rearm_us value=417
PR1T v=1 t_us=31665948 field=irq_to_rx_ready_us value=1785
PR1T v=1 t_us=31665948 field=trace_overwrites value=82339
PR1T v=1 t_us=31665948 field=capability_mask value=12
PR1T v=1 t_us=32447817 field=device_state value=2
PR1T v=1 t_us=32447817 field=rssi_dbm value=-75
PR1T v=1 t_us=32447817 field=crc_good value=9335
PR1T v=1 t_us=32447817 field=crc_bad value=59
PR1T v=1 t_us=32447817 field=missing value=79
PR1T v=1 t_us=32447817 field=queue_depth value=0
PR1T v=1 t_us=32447817 field=max_queue_depth value=1
PR1T v=1 t_us=32447817 field=irq_to_spi_us value=6
PR1T v=1 t_us=32447817 field=spi_duration_us value=1245
PR1T v=1 t_us=32447817 field=rx_processing_us value=1246
PR1T v=1 t_us=32447817 field=spi_end_to_rearm_start_us value=136
PR1T v=1 t_us=32447817 field=rx_rearm_us value=416
PR1T v=1 t_us=32447817 field=irq_to_rx_ready_us value=1786
PR1T v=1 t_us=32447817 field=trace_overwrites value=84418
PR1T v=1 t_us=32447817 field=capability_mask value=12
PR1T v=1 t_us=33229575 field=device_state value=2
PR1T v=1 t_us=33229575 field=rssi_dbm value=-76
PR1T v=1 t_us=33229575 field=crc_good value=9558
PR1T v=1 t_us=33229575 field=crc_bad value=66
PR1T v=1 t_us=33229575 field=missing value=87
PR1T v=1 t_us=33229575 field=queue_depth value=0
PR1T v=1 t_us=33229575 field=max_queue_depth value=1
PR1T v=1 t_us=33229575 field=irq_to_spi_us value=6
PR1T v=1 t_us=33229575 field=spi_duration_us value=1246
PR1T v=1 t_us=33229575 field=rx_processing_us value=1247
PR1T v=1 t_us=33229575 field=spi_end_to_rearm_start_us value=136
PR1T v=1 t_us=33229575 field=rx_rearm_us value=417
PR1T v=1 t_us=33229575 field=irq_to_rx_ready_us value=1785
PR1T v=1 t_us=33229575 field=trace_overwrites value=86488
PR1T v=1 t_us=33229575 field=capability_mask value=12
PR1T v=1 t_us=34021601 field=device_state value=2
PR1T v=1 t_us=34021601 field=rssi_dbm value=-78
PR1T v=1 t_us=34021601 field=crc_good value=9789
PR1T v=1 t_us=34021601 field=crc_bad value=68
PR1T v=1 t_us=34021601 field=missing value=90
PR1T v=1 t_us=34021601 field=queue_depth value=0
PR1T v=1 t_us=34021601 field=max_queue_depth value=1
PR1T v=1 t_us=34021601 field=irq_to_spi_us value=6
PR1T v=1 t_us=34021601 field=spi_duration_us value=1246
PR1T v=1 t_us=34021601 field=rx_processing_us value=1248
PR1T v=1 t_us=34021601 field=spi_end_to_rearm_start_us value=136
PR1T v=1 t_us=34021601 field=rx_rearm_us value=416
PR1T v=1 t_us=34021601 field=irq_to_rx_ready_us value=1787
PR1T v=1 t_us=34021601 field=trace_overwrites value=88585
PR1T v=1 t_us=34021601 field=capability_mask value=12
PR1T v=1 t_us=34800094 field=device_state value=2
PR1T v=1 t_us=34800094 field=rssi_dbm value=-76
PR1T v=1 t_us=34800094 field=crc_good value=10015
PR1T v=1 t_us=34800094 field=crc_bad value=71
PR1T v=1 t_us=34800094 field=missing value=94
PR1T v=1 t_us=34800094 field=queue_depth value=0
PR1T v=1 t_us=34800094 field=max_queue_depth value=1
PR1T v=1 t_us=34800094 field=irq_to_spi_us value=6
PR1T v=1 t_us=34800094 field=spi_duration_us value=1245
PR1T v=1 t_us=34800094 field=rx_processing_us value=1247
PR1T v=1 t_us=34800094 field=spi_end_to_rearm_start_us value=136
PR1T v=1 t_us=34800094 field=rx_rearm_us value=416
PR1T v=1 t_us=34800094 field=irq_to_rx_ready_us value=1787
PR1T v=1 t_us=34800094 field=trace_overwrites value=90646
PR1T v=1 t_us=34800094 field=capability_mask value=12
PR1T v=1 t_us=35334868 field=device_state value=2
PR1T v=1 t_us=35334868 field=rssi_dbm value=-76
PR1T v=1 t_us=35334868 field=crc_good value=10173
PR1T v=1 t_us=35334868 field=crc_bad value=71
PR1T v=1 t_us=35334868 field=missing value=94
PR1T v=1 t_us=35334868 field=queue_depth value=0
PR1T v=1 t_us=35334868 field=max_queue_depth value=1
PR1T v=1 t_us=35334868 field=irq_to_spi_us value=6
PR1T v=1 t_us=35334868 field=spi_duration_us value=1246
PR1T v=1 t_us=35334868 field=rx_processing_us value=1247
PR1T v=1 t_us=35334868 field=spi_end_to_rearm_start_us value=136
PR1T v=1 t_us=35334868 field=rx_rearm_us value=416
PR1T v=1 t_us=35334868 field=irq_to_rx_ready_us value=1786
PR1T v=1 t_us=35334868 field=trace_overwrites value=92068
PR1T v=1 t_us=35334868 field=capability_mask value=12
