ESP-ROM:esp32s3-20210327
Build:Mar 27 2021
rst:0x15 (USB_UART_CHIP_RESET),boot:0x38 (SPI_FAST_FLASH_BOOT)
Saved PC:0x420285f6
SPIWP:0xee
mode:DIO, clock div:1
load:0x3fce3808,len:0x44c
load:0x403c9700,len:0xbd8
load:0x403cc700,len:0x2a80
entry 0x403c98d0
PR1_RUNTIME_BOOT
runtime_profile=phase1-fixed-flrc-tx
runtime_role=tx
board_family=LILYGO T3-S3-MVSRBoard
board_reference_revision=V1.1 upstream reference
radio_target=SX1280
upstream_reference_commit=840a2e788b3192c4e9bddf0640c1ecaf703c2598
hardware_verified=0
protocol_version=1
protocol_header_bytes=16
rf_enabled=1
sx1280_spi_hz=2000000
sx1280_cs=7
sx1280_rst=8
sx1280_sclk=5
sx1280_mosi=6
sx1280_miso=3
sx1280_dio1=9
sx1280_busy=36
sx1280_tx_enable=10
sx1280_rx_enable=21
PR1_FIXED_FLRC_PROFILE
frequency_mhz=2404.000
bitrate_kbps=1300
coding_rate=3
output_dbm=0
tx_gap_us=150
packet_bytes=116
adaptive_layers=off
ctrl_plane_core=0
afh_enabled=1
afh_session_id=1
afh_session_seed=0x5052314441525431
afh_map_version=1
afh_active_channels=40
afh_resync_after_misses=8
afh_rendezvous_first=20
adaptive_map=0
afh_schedule_fp=18,21,5,3,0,6,29,20,36,25,9,24,14,28,37,17,30,10,32,26,31,7,22,35,16,1,2,12,39,13,15,11,38,19,33,23,34,4,27,8,16,19,10,17,24,21,5,14
PR1_RUNTIME_LIVE_READY
PR1T v=1 t_us=34861777 field=device_state value=2
PR1T v=1 t_us=34861777 field=scheduler_misses value=1
PR1T v=1 t_us=34861777 field=trace_overwrites value=34130
PR1T v=1 t_us=34861777 field=capability_mask value=12
PR1H t_us=35833757 session_id=1 map_version=1 locked=0 channel=28 logical=11741 retunes=11741 retune_failures=0 standby_failures=0 timeout_advances=0 resync_entries=0 locks=0 agree=0 disagree=0 period_est_us=0 max_consecutive_timeouts=0 retune_us_p99=72 retune_us_max=85 hop_compute_us_p99=45 hop_compute_us_max=46
PR1HQ acq_anchors=0 acq_crc=0 acq_frames=0 acq_done_us=0
PR1HC ok=293,293,294,294,293,294,294,293,294,294,294,294,294,293,294,293,293,293,293,294,294,293,293,293,293,294,293,294,294,294,294,294,293,293,294,293,293,294,293,294 crc=0,0,0,0,0,0,0,0,0,0,0,0,0,0,0,0,0,0,0,0,0,0,0,0,0,0,0,0,0,0,0,0,0,0,0,0,0,0,0,0
PR1CP core=0 lines=0 parse_fail=0 in_dropped=0 out_lines=0 write_waits=0 stack_free=3312 window_waits=0 work_us_max=2
PR1HE_BEGIN total=12584 count=256
PR1HE t_us=37595805 kind=0 logical=12325 seq=12325 ch=7 rssi=0
PR1HE t_us=37598805 kind=0 logical=12326 seq=12326 ch=9 rssi=0
PR1HE t_us=37601805 kind=0 logical=12327 seq=12327 ch=31 rssi=0
PR1HE t_us=37604805 kind=0 logical=12328 seq=12328 ch=1 rssi=0
PR1HE t_us=37607805 kind=0 logical=12329 seq=12329 ch=33 rssi=0
PR1HE t_us=37610805 kind=0 logical=12330 seq=12330 ch=25 rssi=0
PR1HE t_us=37613805 kind=0 logical=12331 seq=12331 ch=12 rssi=0
PR1HE t_us=37616805 kind=0 logical=12332 seq=12332 ch=30 rssi=0
PR1HE t_us=37619805 kind=0 logical=12333 seq=12333 ch=29 rssi=0
PR1HE t_us=37622805 kind=0 logical=12334 seq=12334 ch=13 rssi=0
PR1HE t_us=37625805 kind=0 logical=12335 seq=12335 ch=16 rssi=0
PR1HE t_us=37628805 kind=0 logical=12336 seq=12336 ch=19 rssi=0
PR1HE t_us=37631805 kind=0 logical=12337 seq=12337 ch=4 rssi=0
PR1HE t_us=37634805 kind=0 logical=12338 seq=12338 ch=37 rssi=0
PR1HE t_us=37637805 kind=0 logical=12339 seq=12339 ch=10 rssi=0
PR1HE t_us=37640805 kind=0 logical=12340 seq=12340 ch=26 rssi=0
PR1HE t_us=37643805 kind=0 logical=12341 seq=12341 ch=5 rssi=0
PR1HE t_us=37646805 kind=0 logical=12342 seq=12342 ch=20 rssi=0
PR1HE t_us=37649805 kind=0 logical=12343 seq=12343 ch=6 rssi=0
PR1HE t_us=37652805 kind=0 logical=12344 seq=12344 ch=21 rssi=0
PR1HE t_us=37655805 kind=0 logical=12345 seq=12345 ch=28 rssi=0
PR1HE t_us=37658805 kind=0 logical=12346 seq=12346 ch=34 rssi=0
PR1HE t_us=37661805 kind=0 logical=12347 seq=12347 ch=18 rssi=0
PR1HE t_us=37664805 kind=0 logical=12348 seq=12348 ch=0 rssi=0
PR1HE t_us=37667805 kind=0 logical=12349 seq=12349 ch=35 rssi=0
PR1HE t_us=37670805 kind=0 logical=12350 seq=12350 ch=32 rssi=0
PR1HE t_us=37673805 kind=0 logical=12351 seq=12351 ch=39 rssi=0
PR1HE t_us=37676805 kind=0 logical=12352 seq=12352 ch=23 rssi=0
PR1HE t_us=37679805 kind=0 logical=12353 seq=12353 ch=38 rssi=0
PR1HE t_us=37682805 kind=0 logical=12354 seq=12354 ch=8 rssi=0
PR1HE t_us=37685805 kind=0 logical=12355 seq=12355 ch=2 rssi=0
PR1HE t_us=37688805 kind=0 logical=12356 seq=12356 ch=15 rssi=0
PR1HE t_us=37691805 kind=0 logical=12357 seq=12357 ch=3 rssi=0
PR1HE t_us=37694805 kind=0 logical=12358 seq=12358 ch=17 rssi=0
PR1HE t_us=37697805 kind=0 logical=12359 seq=12359 ch=27 rssi=0
PR1HE t_us=37700805 kind=0 logical=12360 seq=12360 ch=38 rssi=0
PR1HE t_us=37703805 kind=0 logical=12361 seq=12361 ch=15 rssi=0
PR1HE t_us=37706805 kind=0 logical=12362 seq=12362 ch=24 rssi=0
PR1HE t_us=37709805 kind=0 logical=12363 seq=12363 ch=35 rssi=0
PR1HE t_us=37712805 kind=0 logical=12364 seq=12364 ch=31 rssi=0
PR1HE t_us=37715805 kind=0 logical=12365 seq=12365 ch=21 rssi=0
PR1HE t_us=37718805 kind=0 logical=12366 seq=12366 ch=39 rssi=0
PR1HE t_us=37721805 kind=0 logical=12367 seq=12367 ch=25 rssi=0
PR1HE t_us=37724805 kind=0 logical=12368 seq=12368 ch=7 rssi=0
PR1HE t_us=37727805 kind=0 logical=12369 seq=12369 ch=14 rssi=0
PR1HE t_us=37730805 kind=0 logical=12370 seq=12370 ch=0 rssi=0
PR1HE t_us=37733805 kind=0 logical=12371 seq=12371 ch=33 rssi=0
PR1HE t_us=37736805 kind=0 logical=12372 seq=12372 ch=27 rssi=0
PR1HE t_us=37739805 kind=0 logical=12373 seq=12373 ch=10 rssi=0
PR1HE t_us=37742805 kind=0 logical=12374 seq=12374 ch=30 rssi=0
PR1HE t_us=37745805 kind=0 logical=12375 seq=12375 ch=5 rssi=0
PR1HE t_us=37748805 kind=0 logical=12376 seq=12376 ch=26 rssi=0
PR1HE t_us=37751805 kind=0 logical=12377 seq=12377 ch=22 rssi=0
PR1HE t_us=37754805 kind=0 logical=12378 seq=12378 ch=12 rssi=0
PR1HE t_us=37757805 kind=0 logical=12379 seq=12379 ch=19 rssi=0
PR1HE t_us=37760805 kind=0 logical=12380 seq=12380 ch=3 rssi=0
PR1HE t_us=37763805 kind=0 logical=12381 seq=12381 ch=32 rssi=0
PR1HE t_us=37766805 kind=0 logical=12382 seq=12382 ch=1 rssi=0
PR1HE t_us=37769805 kind=0 logical=12383 seq=12383 ch=4 rssi=0
PR1HE t_us=37772805 kind=0 logical=12384 seq=12384 ch=9 rssi=0
PR1HE t_us=37775805 kind=0 logical=12385 seq=12385 ch=18 rssi=0
PR1HE t_us=37778805 kind=0 logical=12386 seq=12386 ch=36 rssi=0
PR1HE t_us=37781805 kind=0 logical=12387 seq=12387 ch=37 rssi=0
PR1HE t_us=37784805 kind=0 logical=12388 seq=12388 ch=23 rssi=0
PR1HE t_us=37787805 kind=0 logical=12389 seq=12389 ch=2 rssi=0
PR1HE t_us=37790805 kind=0 logical=12390 seq=12390 ch=8 rssi=0
PR1HE t_us=37793805 kind=0 logical=12391 seq=12391 ch=29 rssi=0
PR1HE t_us=37796805 kind=0 logical=12392 seq=12392 ch=28 rssi=0
PR1HE t_us=37799805 kind=0 logical=12393 seq=12393 ch=34 rssi=0
PR1HE t_us=37802805 kind=0 logical=12394 seq=12394 ch=6 rssi=0
PR1HE t_us=37805805 kind=0 logical=12395 seq=12395 ch=11 rssi=0
PR1HE t_us=37808805 kind=0 logical=12396 seq=12396 ch=13 rssi=0
PR1HE t_us=37811805 kind=0 logical=12397 seq=12397 ch=16 rssi=0
PR1HE t_us=37814805 kind=0 logical=12398 seq=12398 ch=17 rssi=0
PR1HE t_us=37817805 kind=0 logical=12399 seq=12399 ch=20 rssi=0
PR1HE t_us=37820805 kind=0 logical=12400 seq=12400 ch=4 rssi=0
PR1HE t_us=37823805 kind=0 logical=12401 seq=12401 ch=16 rssi=0
PR1HE t_us=37826805 kind=0 logical=12402 seq=12402 ch=24 rssi=0
PR1HE t_us=37829805 kind=0 logical=12403 seq=12403 ch=39 rssi=0
PR1HE t_us=37832805 kind=0 logical=12404 seq=12404 ch=14 rssi=0
PR1HE t_us=37835805 kind=0 logical=12405 seq=12405 ch=31 rssi=0
PR1HE t_us=37838805 kind=0 logical=12406 seq=12406 ch=11 rssi=0
PR1HE t_us=37841805 kind=0 logical=12407 seq=12407 ch=2 rssi=0
PR1HE t_us=37844805 kind=0 logical=12408 seq=12408 ch=30 rssi=0
PR1HE t_us=37847805 kind=0 logical=12409 seq=12409 ch=1 rssi=0
PR1HE t_us=37850805 kind=0 logical=12410 seq=12410 ch=18 rssi=0
PR1HE t_us=37853805 kind=0 logical=12411 seq=12411 ch=33 rssi=0
PR1HE t_us=37856805 kind=0 logical=12412 seq=12412 ch=23 rssi=0
PR1HE t_us=37859805 kind=0 logical=12413 seq=12413 ch=20 rssi=0
PR1HE t_us=37862805 kind=0 logical=12414 seq=12414 ch=34 rssi=0
PR1HE t_us=37865805 kind=0 logical=12415 seq=12415 ch=0 rssi=0
PR1HE t_us=37868805 kind=0 logical=12416 seq=12416 ch=25 rssi=0
PR1HE t_us=37871805 kind=0 logical=12417 seq=12417 ch=12 rssi=0
PR1HE t_us=37874805 kind=0 logical=12418 seq=12418 ch=21 rssi=0
PR1HE t_us=37877805 kind=0 logical=12419 seq=12419 ch=15 rssi=0
PR1HE t_us=37880805 kind=0 logical=12420 seq=12420 ch=10 rssi=0
PR1HE t_us=37883805 kind=0 logical=12421 seq=12421 ch=7 rssi=0
PR1HE t_us=37886805 kind=0 logical=12422 seq=12422 ch=8 rssi=0
PR1HE t_us=37889805 kind=0 logical=12423 seq=12423 ch=6 rssi=0
PR1HE t_us=37892805 kind=0 logical=12424 seq=12424 ch=22 rssi=0
PR1HE t_us=37895805 kind=0 logical=12425 seq=12425 ch=35 rssi=0
PR1HE t_us=37898805 kind=0 logical=12426 seq=12426 ch=17 rssi=0
PR1HE t_us=37901805 kind=0 logical=12427 seq=12427 ch=19 rssi=0
PR1HE t_us=37904805 kind=0 logical=12428 seq=12428 ch=36 rssi=0
PR1HE t_us=37907805 kind=0 logical=12429 seq=12429 ch=26 rssi=0
PR1HE t_us=37910805 kind=0 logical=12430 seq=12430 ch=3 rssi=0
PR1HE t_us=37913805 kind=0 logical=12431 seq=12431 ch=37 rssi=0
PR1HE t_us=37916805 kind=0 logical=12432 seq=12432 ch=38 rssi=0
PR1HE t_us=37919805 kind=0 logical=12433 seq=12433 ch=5 rssi=0
PR1HE t_us=37922805 kind=0 logical=12434 seq=12434 ch=32 rssi=0
PR1HE t_us=37925805 kind=0 logical=12435 seq=12435 ch=29 rssi=0
PR1HE t_us=37928805 kind=0 logical=12436 seq=12436 ch=28 rssi=0
PR1HE t_us=37931805 kind=0 logical=12437 seq=12437 ch=13 rssi=0
PR1HE t_us=37934805 kind=0 logical=12438 seq=12438 ch=9 rssi=0
PR1HE t_us=37937805 kind=0 logical=12439 seq=12439 ch=27 rssi=0
PR1HE t_us=37940805 kind=0 logical=12440 seq=12440 ch=18 rssi=0
PR1HE t_us=37943805 kind=0 logical=12441 seq=12441 ch=1 rssi=0
PR1HE t_us=37946805 kind=0 logical=12442 seq=12442 ch=3 rssi=0
PR1HE t_us=37949805 kind=0 logical=12443 seq=12443 ch=10 rssi=0
PR1HE t_us=37952805 kind=0 logical=12444 seq=12444 ch=28 rssi=0
PR1HE t_us=37955805 kind=0 logical=12445 seq=12445 ch=27 rssi=0
PR1HE t_us=37958805 kind=0 logical=12446 seq=12446 ch=39 rssi=0
PR1HE t_us=37961805 kind=0 logical=12447 seq=12447 ch=13 rssi=0
PR1HE t_us=37964805 kind=0 logical=12448 seq=12448 ch=23 rssi=0
PR1HE t_us=37967805 kind=0 logical=12449 seq=12449 ch=0 rssi=0
PR1HE t_us=37970805 kind=0 logical=12450 seq=12450 ch=30 rssi=0
PR1HE t_us=37973805 kind=0 logical=12451 seq=12451 ch=34 rssi=0
PR1HE t_us=37976805 kind=0 logical=12452 seq=12452 ch=25 rssi=0
PR1HE t_us=37979805 kind=0 logical=12453 seq=12453 ch=5 rssi=0
PR1HE t_us=37982805 kind=0 logical=12454 seq=12454 ch=17 rssi=0
PR1HE t_us=37985805 kind=0 logical=12455 seq=12455 ch=31 rssi=0
PR1HE t_us=37988805 kind=0 logical=12456 seq=12456 ch=2 rssi=0
PR1HE t_us=37991805 kind=0 logical=12457 seq=12457 ch=15 rssi=0
PR1HE t_us=37994805 kind=0 logical=12458 seq=12458 ch=9 rssi=0
PR1HE t_us=37997805 kind=0 logical=12459 seq=12459 ch=11 rssi=0
PR1HE t_us=38000805 kind=0 logical=12460 seq=12460 ch=21 rssi=0
PR1HE t_us=38003805 kind=0 logical=12461 seq=12461 ch=7 rssi=0
PR1HE t_us=38006805 kind=0 logical=12462 seq=12462 ch=19 rssi=0
PR1HE t_us=38009805 kind=0 logical=12463 seq=12463 ch=33 rssi=0
PR1HE t_us=38012805 kind=0 logical=12464 seq=12464 ch=4 rssi=0
PR1HE t_us=38015805 kind=0 logical=12465 seq=12465 ch=20 rssi=0
PR1HE t_us=38018805 kind=0 logical=12466 seq=12466 ch=29 rssi=0
PR1HE t_us=38021805 kind=0 logical=12467 seq=12467 ch=35 rssi=0
PR1HE t_us=38024805 kind=0 logical=12468 seq=12468 ch=8 rssi=0
PR1HE t_us=38027805 kind=0 logical=12469 seq=12469 ch=32 rssi=0
PR1HE t_us=38030805 kind=0 logical=12470 seq=12470 ch=12 rssi=0
PR1HE t_us=38033805 kind=0 logical=12471 seq=12471 ch=6 rssi=0
PR1HE t_us=38036805 kind=0 logical=12472 seq=12472 ch=38 rssi=0
PR1HE t_us=38039805 kind=0 logical=12473 seq=12473 ch=24 rssi=0
PR1HE t_us=38042805 kind=0 logical=12474 seq=12474 ch=16 rssi=0
PR1HE t_us=38045805 kind=0 logical=12475 seq=12475 ch=26 rssi=0
PR1HE t_us=38048805 kind=0 logical=12476 seq=12476 ch=14 rssi=0
PR1HE t_us=38051805 kind=0 logical=12477 seq=12477 ch=22 rssi=0
PR1HE t_us=38054805 kind=0 logical=12478 seq=12478 ch=37 rssi=0
PR1HE t_us=38057805 kind=0 logical=12479 seq=12479 ch=36 rssi=0
PR1HE t_us=38060805 kind=0 logical=12480 seq=12480 ch=11 rssi=0
PR1HE t_us=38063805 kind=0 logical=12481 seq=12481 ch=28 rssi=0
PR1HE t_us=38066805 kind=0 logical=12482 seq=12482 ch=39 rssi=0
PR1HE t_us=38069805 kind=0 logical=12483 seq=12483 ch=37 rssi=0
PR1HE t_us=38072805 kind=0 logical=12484 seq=12484 ch=23 rssi=0
PR1HE t_us=38075805 kind=0 logical=12485 seq=12485 ch=14 rssi=0
PR1HE t_us=38078805 kind=0 logical=12486 seq=12486 ch=35 rssi=0
PR1HE t_us=38081805 kind=0 logical=12487 seq=12487 ch=20 rssi=0
PR1HE t_us=38084805 kind=0 logical=12488 seq=12488 ch=1 rssi=0
PR1HE t_us=38087805 kind=0 logical=12489 seq=12489 ch=2 rssi=0
PR1HE t_us=38090805 kind=0 logical=12490 seq=12490 ch=24 rssi=0
PR1HE t_us=38093805 kind=0 logical=12491 seq=12491 ch=5 rssi=0
PR1HE t_us=38096805 kind=0 logical=12492 seq=12492 ch=17 rssi=0
PR1HE t_us=38099805 kind=0 logical=12493 seq=12493 ch=8 rssi=0
PR1HE t_us=38102805 kind=0 logical=12494 seq=12494 ch=25 rssi=0
PR1HE t_us=38105805 kind=0 logical=12495 seq=12495 ch=26 rssi=0
PR1HE t_us=38108805 kind=0 logical=12496 seq=12496 ch=3 rssi=0
PR1HE t_us=38111805 kind=0 logical=12497 seq=12497 ch=38 rssi=0
PR1HE t_us=38114805 kind=0 logical=12498 seq=12498 ch=36 rssi=0
PR1HE t_us=38117805 kind=0 logical=12499 seq=12499 ch=15 rssi=0
PR1HE t_us=38120805 kind=0 logical=12500 seq=12500 ch=22 rssi=0
PR1HE t_us=38123805 kind=0 logical=12501 seq=12501 ch=21 rssi=0
PR1HE t_us=38126805 kind=0 logical=12502 seq=12502 ch=34 rssi=0
PR1HE t_us=38129805 kind=0 logical=12503 seq=12503 ch=13 rssi=0
PR1HE t_us=38132805 kind=0 logical=12504 seq=12504 ch=30 rssi=0
PR1HE t_us=38135805 kind=0 logical=12505 seq=12505 ch=7 rssi=0
PR1HE t_us=38138805 kind=0 logical=12506 seq=12506 ch=6 rssi=0
PR1HE t_us=38141805 kind=0 logical=12507 seq=12507 ch=10 rssi=0
PR1HE t_us=38144805 kind=0 logical=12508 seq=12508 ch=27 rssi=0
PR1HE t_us=38147805 kind=0 logical=12509 seq=12509 ch=16 rssi=0
PR1HE t_us=38150805 kind=0 logical=12510 seq=12510 ch=32 rssi=0
PR1HE t_us=38153805 kind=0 logical=12511 seq=12511 ch=33 rssi=0
PR1HE t_us=38156805 kind=0 logical=12512 seq=12512 ch=4 rssi=0
PR1HE t_us=38159805 kind=0 logical=12513 seq=12513 ch=19 rssi=0
PR1HE t_us=38162805 kind=0 logical=12514 seq=12514 ch=0 rssi=0
PR1HE t_us=38165805 kind=0 logical=12515 seq=12515 ch=9 rssi=0
PR1HE t_us=38168805 kind=0 logical=12516 seq=12516 ch=31 rssi=0
PR1HE t_us=38171805 kind=0 logical=12517 seq=12517 ch=29 rssi=0
PR1HE t_us=38174805 kind=0 logical=12518 seq=12518 ch=12 rssi=0
PR1HE t_us=38177805 kind=0 logical=12519 seq=12519 ch=18 rssi=0
PR1HE t_us=38180805 kind=0 logical=12520 seq=12520 ch=36 rssi=0
PR1HE t_us=38183805 kind=0 logical=12521 seq=12521 ch=4 rssi=0
PR1HE t_us=38186805 kind=0 logical=12522 seq=12522 ch=7 rssi=0
PR1HE t_us=38189805 kind=0 logical=12523 seq=12523 ch=30 rssi=0
PR1HE t_us=38192805 kind=0 logical=12524 seq=12524 ch=33 rssi=0
PR1HE t_us=38195805 kind=0 logical=12525 seq=12525 ch=26 rssi=0
PR1HE t_us=38198805 kind=0 logical=12526 seq=12526 ch=23 rssi=0
PR1HE t_us=38201805 kind=0 logical=12527 seq=12527 ch=1 rssi=0
PR1HE t_us=38204805 kind=0 logical=12528 seq=12528 ch=14 rssi=0
PR1HE t_us=38207805 kind=0 logical=12529 seq=12529 ch=34 rssi=0
PR1HE t_us=38210805 kind=0 logical=12530 seq=12530 ch=24 rssi=0
PR1HE t_us=38213805 kind=0 logical=12531 seq=12531 ch=10 rssi=0
PR1HE t_us=38216805 kind=0 logical=12532 seq=12532 ch=22 rssi=0
PR1HE t_us=38219805 kind=0 logical=12533 seq=12533 ch=32 rssi=0
PR1HE t_us=38222805 kind=0 logical=12534 seq=12534 ch=9 rssi=0
PR1HE t_us=38225805 kind=0 logical=12535 seq=12535 ch=21 rssi=0
PR1HE t_us=38228805 kind=0 logical=12536 seq=12536 ch=25 rssi=0
PR1HE t_us=38231805 kind=0 logical=12537 seq=12537 ch=28 rssi=0
PR1HE t_us=38234805 kind=0 logical=12538 seq=12538 ch=8 rssi=0
PR1HE t_us=38237805 kind=0 logical=12539 seq=12539 ch=15 rssi=0
PR1HE t_us=38240805 kind=0 logical=12540 seq=12540 ch=17 rssi=0
PR1HE t_us=38243805 kind=0 logical=12541 seq=12541 ch=37 rssi=0
PR1HE t_us=38246805 kind=0 logical=12542 seq=12542 ch=0 rssi=0
PR1HE t_us=38249805 kind=0 logical=12543 seq=12543 ch=13 rssi=0
PR1HE t_us=38252805 kind=0 logical=12544 seq=12544 ch=12 rssi=0
PR1HE t_us=38255805 kind=0 logical=12545 seq=12545 ch=35 rssi=0
PR1HE t_us=38258805 kind=0 logical=12546 seq=12546 ch=38 rssi=0
PR1HE t_us=38261805 kind=0 logical=12547 seq=12547 ch=29 rssi=0
PR1HE t_us=38264805 kind=0 logical=12548 seq=12548 ch=18 rssi=0
PR1HE t_us=38267805 kind=0 logical=12549 seq=12549 ch=6 rssi=0
PR1HE t_us=38270805 kind=0 logical=12550 seq=12550 ch=27 rssi=0
PR1HE t_us=38273805 kind=0 logical=12551 seq=12551 ch=2 rssi=0
PR1HE t_us=38276805 kind=0 logical=12552 seq=12552 ch=16 rssi=0
PR1HE t_us=38279805 kind=0 logical=12553 seq=12553 ch=11 rssi=0
PR1HE t_us=38282805 kind=0 logical=12554 seq=12554 ch=19 rssi=0
PR1HE t_us=38285805 kind=0 logical=12555 seq=12555 ch=39 rssi=0
PR1HE t_us=38288805 kind=0 logical=12556 seq=12556 ch=3 rssi=0
PR1HE t_us=38291805 kind=0 logical=12557 seq=12557 ch=31 rssi=0
PR1HE t_us=38294805 kind=0 logical=12558 seq=12558 ch=20 rssi=0
PR1HE t_us=38297805 kind=0 logical=12559 seq=12559 ch=5 rssi=0
PR1HE t_us=38300805 kind=0 logical=12560 seq=12560 ch=8 rssi=0
PR1HE t_us=38303805 kind=0 logical=12561 seq=12561 ch=17 rssi=0
PR1HE t_us=38306805 kind=0 logical=12562 seq=12562 ch=38 rssi=0
PR1HE t_us=38309805 kind=0 logical=12563 seq=12563 ch=23 rssi=0
PR1HE t_us=38312805 kind=0 logical=12564 seq=12564 ch=24 rssi=0
PR1HE t_us=38315805 kind=0 logical=12565 seq=12565 ch=12 rssi=0
PR1HE t_us=38318805 kind=0 logical=12566 seq=12566 ch=22 rssi=0
PR1HE t_us=38321805 kind=0 logical=12567 seq=12567 ch=14 rssi=0
PR1HE t_us=38324805 kind=0 logical=12568 seq=12568 ch=37 rssi=0
PR1HE t_us=38327805 kind=0 logical=12569 seq=12569 ch=16 rssi=0
PR1HE t_us=38330805 kind=0 logical=12570 seq=12570 ch=13 rssi=0
PR1HE t_us=38333805 kind=0 logical=12571 seq=12571 ch=25 rssi=0
PR1HE t_us=38336805 kind=0 logical=12572 seq=12572 ch=30 rssi=0
PR1HE t_us=38339805 kind=0 logical=12573 seq=12573 ch=29 rssi=0
PR1HE t_us=38342805 kind=0 logical=12574 seq=12574 ch=35 rssi=0
PR1HE t_us=38345805 kind=0 logical=12575 seq=12575 ch=34 rssi=0
PR1HE t_us=38348805 kind=0 logical=12576 seq=12576 ch=3 rssi=0
PR1HE t_us=38351805 kind=0 logical=12577 seq=12577 ch=19 rssi=0
PR1HE t_us=38354805 kind=0 logical=12578 seq=12578 ch=31 rssi=0
PR1HE t_us=38357805 kind=0 logical=12579 seq=12579 ch=0 rssi=0
PR1HE t_us=38360805 kind=0 logical=12580 seq=12580 ch=2 rssi=0
PR1HA_BEGIN total=3 kept=3
PR1HA t_us=605766 kind=9 logical=0 seq=5837 ch=18 rssi=0
PR1HA t_us=34867763 kind=9 logical=11419 seq=6809 ch=26 rssi=0
PR1HA t_us=35841763 kind=9 logical=11741 seq=9070 ch=33 rssi=0
PR1HE_END
