ESP-ROM:esp32s3-20210327
Build:Mar 27 2021
rst:0x15 (USB_UART_CHIP_RESET),boot:0x18 (SPI_FAST_FLASH_BOOT)
Saved PC:0x42027f3a
SPIWP:0xee
mode:DIO, clock div:1
load:0x3fce3808,len:0x44c
load:0x403c9700,len:0xbd8
load:0x403cc700,len:0x2a80
entry 0x403c98d0
PR1_RUNTIME_BOOT
runtime_profile=phase1-fixed-flrc-rx
runtime_role=rx
board_family=LILYGO T3-S3-MVSRBoard
board_reference_revision=V1.1 upstream reference
radio_target=SX1280
upstream_reference_commit=840a2e788b3192c4e9bddf0640c1ecaf703c2598
hardware_verified=0
protocol_version=1
protocol_header_bytes=16
rf_enabled=1
sx1280_spi_hz=2000000
sx1280_cs=7
sx1280_rst=8
sx1280_sclk=5
sx1280_mosi=6
sx1280_miso=3
sx1280_dio1=9
sx1280_busy=36
sx1280_tx_enable=10
sx1280_rx_enable=21
PR1_FIXED_FLRC_PROFILE
frequency_mhz=2404.000
bitrate_kbps=1300
coding_rate=3
output_dbm=0
tx_gap_us=5000
packet_bytes=116
adaptive_layers=off
afh_enabled=1
afh_session_id=1
afh_session_seed=0x5052314441525431
afh_map_version=1
afh_active_channels=40
afh_resync_after_misses=8
afh_rendezvous_first=20
afh_schedule_fp=18,21,5,3,0,6,29,20,36,25,9,24,14,28,37,17,30,10,32,26,31,7,22,35,16,1,2,12,39,13,15,11,38,19,33,23,34,4,27,8,16,19,10,17,24,21,5,14
PR1_RUNTIME_LIVE_READY
PR1T v=1 t_us=1144690 field=device_state value=2
PR1T v=1 t_us=1144690 field=rssi_dbm value=-52
PR1T v=1 t_us=1144690 field=crc_good value=28
PR1T v=1 t_us=1144690 field=crc_bad value=0
PR1T v=1 t_us=1144690 field=missing value=0
PR1T v=1 t_us=1144690 field=queue_depth value=0
PR1T v=1 t_us=1144690 field=max_queue_depth value=1
PR1T v=1 t_us=1144690 field=irq_to_spi_us value=19
PR1T v=1 t_us=1144690 field=spi_duration_us value=1266
PR1T v=1 t_us=1144690 field=rx_processing_us value=1275
PR1T v=1 t_us=1144690 field=spi_end_to_rearm_start_us value=298
PR1T v=1 t_us=1144690 field=rx_rearm_us value=416
PR1T v=1 t_us=1144690 field=irq_to_rx_ready_us value=1997
PR1T v=1 t_us=1144690 field=trace_overwrites value=124
PR1T v=1 t_us=1144690 field=capability_mask value=12
PR1T v=1 t_us=2891587 field=device_state value=2
PR1T v=1 t_us=2891587 field=rssi_dbm value=-47
PR1T v=1 t_us=2891587 field=crc_good value=250
PR1T v=1 t_us=2891587 field=crc_bad value=0
PR1T v=1 t_us=2891587 field=missing value=1
PR1T v=1 t_us=2891587 field=queue_depth value=0
PR1T v=1 t_us=2891587 field=max_queue_depth value=1
PR1T v=1 t_us=2891587 field=irq_to_spi_us value=6
PR1T v=1 t_us=2891587 field=spi_duration_us value=1246
PR1T v=1 t_us=2891587 field=rx_processing_us value=1247
PR1T v=1 t_us=2891587 field=spi_end_to_rearm_start_us value=240
PR1T v=1 t_us=2891587 field=rx_rearm_us value=416
PR1T v=1 t_us=2891587 field=irq_to_rx_ready_us value=1890
PR1T v=1 t_us=2891587 field=trace_overwrites value=2122
PR1T v=1 t_us=2891587 field=capability_mask value=12
PR1T v=1 t_us=3403870 field=device_state value=2
PR1T v=1 t_us=3403870 field=rssi_dbm value=-46
PR1T v=1 t_us=3403870 field=crc_good value=315
PR1T v=1 t_us=3403870 field=crc_bad value=0
PR1T v=1 t_us=3403870 field=missing value=1
PR1T v=1 t_us=3403870 field=queue_depth value=0
PR1T v=1 t_us=3403870 field=max_queue_depth value=1
PR1T v=1 t_us=3403870 field=irq_to_spi_us value=6
PR1T v=1 t_us=3403870 field=spi_duration_us value=1244
PR1T v=1 t_us=3403870 field=rx_processing_us value=1246
PR1T v=1 t_us=3403870 field=spi_end_to_rearm_start_us value=244
PR1T v=1 t_us=3403870 field=rx_rearm_us value=421
PR1T v=1 t_us=3403870 field=irq_to_rx_ready_us value=1904
PR1T v=1 t_us=3403870 field=trace_overwrites value=2707
PR1T v=1 t_us=3403870 field=capability_mask value=12
PR1H t_us=3473685 session_id=1 map_version=1 locked=1 channel=2 logical=463 retunes=326 retune_failures=0 standby_failures=0 timeout_advances=1 resync_entries=0 locks=1 agree=324 disagree=0 period_est_us=7847 max_consecutive_timeouts=1 retune_us_p99=75 retune_us_max=76 hop_compute_us_p99=45 hop_compute_us_max=55
PR1HC ok=9,8,7,8,8,9,7,8,7,7,9,7,8,8,8,9,8,8,9,8,8,8,8,9,8,9,7,9,9,8,8,9,8,8,8,9,8,7,7,9 crc=0,0,0,0,0,0,0,0,0,0,0,0,0,0,0,0,0,0,0,0,0,0,0,0,0,0,0,0,0,0,0,0,0,0,0,0,0,0,0,0
PR1HE_BEGIN total=493 count=256
PR1HE t_us=2779722 kind=2 logical=374 seq=374 ch=13 rssi=-38
PR1HE t_us=2787551 kind=2 logical=375 seq=375 ch=32 rssi=-47
PR1HE t_us=2795395 kind=2 logical=376 seq=376 ch=14 rssi=-40
PR1HE t_us=2803235 kind=2 logical=377 seq=377 ch=36 rssi=-49
PR1HE t_us=2811079 kind=2 logical=378 seq=378 ch=12 rssi=-38
PR1HE t_us=2818927 kind=2 logical=379 seq=379 ch=28 rssi=-46
PR1HE t_us=2826771 kind=2 logical=380 seq=380 ch=27 rssi=-47
PR1HE t_us=2834613 kind=2 logical=381 seq=381 ch=37 rssi=-51
PR1HE t_us=2842441 kind=2 logical=382 seq=382 ch=1 rssi=-40
PR1HE t_us=2850283 kind=2 logical=383 seq=383 ch=7 rssi=-40
PR1HE t_us=2858131 kind=2 logical=384 seq=384 ch=10 rssi=-38
PR1HE t_us=2865980 kind=2 logical=385 seq=385 ch=38 rssi=-53
PR1HE t_us=2873828 kind=2 logical=386 seq=386 ch=11 rssi=-39
PR1HE t_us=2881670 kind=2 logical=387 seq=387 ch=25 rssi=-44
PR1HE t_us=2889512 kind=2 logical=388 seq=388 ch=30 rssi=-47
PR1HE t_us=2897358 kind=2 logical=389 seq=389 ch=26 rssi=-44
PR1HE t_us=2905190 kind=2 logical=390 seq=390 ch=9 rssi=-38
PR1HE t_us=2913036 kind=2 logical=391 seq=391 ch=33 rssi=-47
PR1HE t_us=2920886 kind=2 logical=392 seq=392 ch=23 rssi=-43
PR1HE t_us=2928724 kind=2 logical=393 seq=393 ch=24 rssi=-43
PR1HE t_us=2936560 kind=2 logical=394 seq=394 ch=29 rssi=-46
PR1HE t_us=2944403 kind=2 logical=395 seq=395 ch=20 rssi=-42
PR1HE t_us=2952239 kind=2 logical=396 seq=396 ch=39 rssi=-53
PR1HE t_us=2960087 kind=2 logical=397 seq=397 ch=22 rssi=-43
PR1HE t_us=2967933 kind=2 logical=398 seq=398 ch=6 rssi=-39
PR1HE t_us=2975771 kind=2 logical=399 seq=399 ch=5 rssi=-39
PR1HE t_us=2983612 kind=2 logical=400 seq=400 ch=1 rssi=-40
PR1HE t_us=2991450 kind=2 logical=401 seq=401 ch=23 rssi=-43
PR1HE t_us=2999284 kind=2 logical=402 seq=402 ch=8 rssi=-39
PR1HE t_us=3007132 kind=2 logical=403 seq=403 ch=7 rssi=-40
PR1HE t_us=3014977 kind=2 logical=404 seq=404 ch=10 rssi=-40
PR1HE t_us=3022810 kind=2 logical=405 seq=405 ch=38 rssi=-53
PR1HE t_us=3030656 kind=2 logical=406 seq=406 ch=30 rssi=-47
PR1HE t_us=3038496 kind=2 logical=407 seq=407 ch=34 rssi=-47
PR1HE t_us=3046332 kind=2 logical=408 seq=408 ch=22 rssi=-43
PR1HE t_us=3054176 kind=2 logical=409 seq=409 ch=3 rssi=-40
PR1HE t_us=3062021 kind=2 logical=410 seq=410 ch=11 rssi=-40
PR1HE t_us=3069871 kind=2 logical=411 seq=411 ch=21 rssi=-42
PR1HE t_us=3077715 kind=2 logical=412 seq=412 ch=20 rssi=-42
PR1HE t_us=3085552 kind=2 logical=413 seq=413 ch=15 rssi=-40
PR1HE t_us=3093391 kind=2 logical=414 seq=414 ch=6 rssi=-37
PR1HE t_us=3101226 kind=2 logical=415 seq=415 ch=2 rssi=-38
PR1HE t_us=3109069 kind=2 logical=416 seq=416 ch=14 rssi=-40
PR1HE t_us=3116916 kind=2 logical=417 seq=417 ch=19 rssi=-42
PR1HE t_us=3124765 kind=2 logical=418 seq=418 ch=12 rssi=-40
PR1HE t_us=3132615 kind=2 logical=419 seq=419 ch=25 rssi=-44
PR1HE t_us=3140456 kind=2 logical=420 seq=420 ch=26 rssi=-44
PR1HE t_us=3148292 kind=2 logical=421 seq=421 ch=24 rssi=-43
PR1HE t_us=3156140 kind=2 logical=422 seq=422 ch=9 rssi=-40
PR1HE t_us=3163990 kind=2 logical=423 seq=423 ch=39 rssi=-53
PR1HE t_us=3171836 kind=2 logical=424 seq=424 ch=36 rssi=-53
PR1HE t_us=3179680 kind=2 logical=425 seq=425 ch=0 rssi=-40
PR1HE t_us=3187520 kind=2 logical=426 seq=426 ch=37 rssi=-51
PR1HE t_us=3195362 kind=2 logical=427 seq=427 ch=17 rssi=-41
PR1HE t_us=3203199 kind=2 logical=428 seq=428 ch=29 rssi=-46
PR1HE t_us=3211047 kind=2 logical=429 seq=429 ch=16 rssi=-41
PR1HE t_us=3218894 kind=2 logical=430 seq=430 ch=27 rssi=-45
PR1HE t_us=3226739 kind=2 logical=431 seq=431 ch=35 rssi=-48
PR1HE t_us=3234581 kind=2 logical=432 seq=432 ch=32 rssi=-47
PR1HE t_us=3242416 kind=2 logical=433 seq=433 ch=4 rssi=-40
PR1HE t_us=3250254 kind=2 logical=434 seq=434 ch=28 rssi=-45
PR1HE t_us=3258094 kind=2 logical=435 seq=435 ch=18 rssi=-40
PR1HE t_us=3265942 kind=2 logical=436 seq=436 ch=31 rssi=-47
PR1HE t_us=3273795 kind=2 logical=437 seq=437 ch=33 rssi=-47
PR1HE t_us=3281637 kind=2 logical=438 seq=438 ch=5 rssi=-40
PR1HE t_us=3289480 kind=2 logical=439 seq=439 ch=13 rssi=-38
PR1HE t_us=3297312 kind=2 logical=440 seq=440 ch=1 rssi=-40
PR1HE t_us=3305153 kind=2 logical=441 seq=441 ch=33 rssi=-48
PR1HE t_us=3313003 kind=2 logical=442 seq=442 ch=27 rssi=-45
PR1HE t_us=3320848 kind=2 logical=443 seq=443 ch=5 rssi=-39
PR1HE t_us=3328693 kind=2 logical=444 seq=444 ch=17 rssi=-41
PR1HE t_us=3336537 kind=2 logical=445 seq=445 ch=19 rssi=-42
PR1HE t_us=3344376 kind=2 logical=446 seq=446 ch=0 rssi=-40
PR1HE t_us=3352214 kind=2 logical=447 seq=447 ch=35 rssi=-48
PR1HE t_us=3360060 kind=2 logical=448 seq=448 ch=15 rssi=-40
PR1HE t_us=3367903 kind=2 logical=449 seq=449 ch=8 rssi=-40
PR1HE t_us=3375755 kind=2 logical=450 seq=450 ch=39 rssi=-53
PR1HE t_us=3383599 kind=2 logical=451 seq=451 ch=23 rssi=-42
PR1HE t_us=3391435 kind=2 logical=452 seq=452 ch=10 rssi=-40
PR1HE t_us=3399273 kind=2 logical=453 seq=453 ch=29 rssi=-46
PR1HE t_us=3407128 kind=2 logical=454 seq=454 ch=25 rssi=-44
PR1HE t_us=3414972 kind=2 logical=455 seq=455 ch=34 rssi=-47
PR1HE t_us=3422878 kind=2 logical=456 seq=456 ch=18 rssi=-42
PR1HE t_us=3430723 kind=2 logical=457 seq=457 ch=22 rssi=-43
PR1HE t_us=3438566 kind=2 logical=458 seq=458 ch=31 rssi=-48
PR1HE t_us=3446408 kind=2 logical=459 seq=459 ch=28 rssi=-45
PR1HE t_us=3454253 kind=2 logical=460 seq=460 ch=30 rssi=-47
PR1HE t_us=3462105 kind=2 logical=461 seq=461 ch=21 rssi=-42
PR1HE t_us=3469949 kind=2 logical=462 seq=462 ch=13 rssi=-40
PR1HE t_us=3477799 kind=2 logical=463 seq=463 ch=2 rssi=-38
PR1HE t_us=3485639 kind=2 logical=464 seq=464 ch=16 rssi=-41
PR1HE t_us=3493479 kind=2 logical=465 seq=465 ch=24 rssi=-44
PR1HE t_us=3501319 kind=2 logical=466 seq=466 ch=38 rssi=-53
PR1HE t_us=3509162 kind=2 logical=467 seq=467 ch=36 rssi=-49
PR1HE t_us=3517008 kind=2 logical=468 seq=468 ch=3 rssi=-40
PR1HE t_us=3524856 kind=2 logical=469 seq=469 ch=4 rssi=-38
PR1HE t_us=3532707 kind=2 logical=470 seq=470 ch=12 rssi=-40
PR1HE t_us=3540547 kind=2 logical=471 seq=471 ch=7 rssi=-38
PR1HE t_us=3548390 kind=2 logical=472 seq=472 ch=14 rssi=-40
PR1HE t_us=3556232 kind=2 logical=473 seq=473 ch=11 rssi=-40
PR1HE t_us=3564073 kind=2 logical=474 seq=474 ch=9 rssi=-40
PR1HE t_us=3571923 kind=2 logical=475 seq=475 ch=32 rssi=-47
PR1HE t_us=3579773 kind=2 logical=476 seq=476 ch=37 rssi=-53
PR1HE t_us=3587614 kind=2 logical=477 seq=477 ch=6 rssi=-39
PR1HE t_us=3595455 kind=2 logical=478 seq=478 ch=20 rssi=-41
PR1HE t_us=3603297 kind=2 logical=479 seq=479 ch=26 rssi=-45
PR1HE t_us=3611144 kind=2 logical=480 seq=480 ch=8 rssi=-40
PR1HE t_us=3618992 kind=2 logical=481 seq=481 ch=6 rssi=-37
PR1HE t_us=3626840 kind=2 logical=482 seq=482 ch=16 rssi=-41
PR1HE t_us=3634685 kind=2 logical=483 seq=483 ch=5 rssi=-39
PR1HE t_us=3642524 kind=2 logical=484 seq=484 ch=1 rssi=-40
PR1HE t_us=3650362 kind=2 logical=485 seq=485 ch=20 rssi=-42
PR1HE t_us=3658202 kind=2 logical=486 seq=486 ch=29 rssi=-46
PR1HE t_us=3666047 kind=2 logical=487 seq=487 ch=21 rssi=-42
PR1HE t_us=3673893 kind=2 logical=488 seq=488 ch=15 rssi=-40
PR1HE t_us=3681745 kind=2 logical=489 seq=489 ch=38 rssi=-53
PR1HE t_us=3689591 kind=2 logical=490 seq=490 ch=10 rssi=-40
PR1HE t_us=3697426 kind=2 logical=491 seq=491 ch=25 rssi=-44
PR1HE t_us=3705267 kind=2 logical=492 seq=492 ch=2 rssi=-40
PR1HE t_us=3713115 kind=2 logical=493 seq=493 ch=14 rssi=-38
PR1HE t_us=3720959 kind=2 logical=494 seq=494 ch=32 rssi=-47
PR1HE t_us=3728805 kind=2 logical=495 seq=495 ch=24 rssi=-43
PR1HE t_us=3736649 kind=2 logical=496 seq=496 ch=34 rssi=-47
PR1HE t_us=3744489 kind=2 logical=497 seq=497 ch=36 rssi=-49
PR1HE t_us=3752328 kind=2 logical=498 seq=498 ch=22 rssi=-43
PR1HE t_us=3760175 kind=2 logical=499 seq=499 ch=9 rssi=-38
PR1HE t_us=3768024 kind=2 logical=500 seq=500 ch=39 rssi=-53
PR1HE t_us=3775865 kind=2 logical=501 seq=501 ch=4 rssi=-39
PR1HE t_us=3783715 kind=2 logical=502 seq=502 ch=23 rssi=-43
PR1HE t_us=3791556 kind=2 logical=503 seq=503 ch=17 rssi=-41
PR1HE t_us=3799393 kind=2 logical=504 seq=504 ch=13 rssi=-40
PR1HE t_us=3807233 kind=2 logical=505 seq=505 ch=12 rssi=-40
PR1HE t_us=3815076 kind=2 logical=506 seq=506 ch=27 rssi=-45
PR1HE t_us=3822925 kind=2 logical=507 seq=507 ch=35 rssi=-48
PR1HE t_us=3830775 kind=2 logical=508 seq=508 ch=18 rssi=-42
PR1HE t_us=3838618 kind=2 logical=509 seq=509 ch=26 rssi=-45
PR1HE t_us=3846457 kind=2 logical=510 seq=510 ch=11 rssi=-40
PR1HE t_us=3854299 kind=2 logical=511 seq=511 ch=28 rssi=-46
PR1HE t_us=3862147 kind=2 logical=512 seq=512 ch=30 rssi=-47
PR1HE t_us=3869994 kind=2 logical=513 seq=513 ch=19 rssi=-42
PR1HE t_us=3877842 kind=2 logical=514 seq=514 ch=7 rssi=-39
PR1HE t_us=3885688 kind=2 logical=515 seq=515 ch=33 rssi=-47
PR1HE t_us=3893526 kind=2 logical=516 seq=516 ch=3 rssi=-40
PR1HE t_us=3901364 kind=2 logical=517 seq=517 ch=0 rssi=-38
PR1HE t_us=3909205 kind=2 logical=518 seq=518 ch=31 rssi=-47
PR1HE t_us=3917050 kind=2 logical=519 seq=519 ch=37 rssi=-53
PR1HE t_us=3924895 kind=2 logical=520 seq=520 ch=29 rssi=-46
PR1HE t_us=3932745 kind=2 logical=521 seq=521 ch=6 rssi=-39
PR1HE t_us=3940593 kind=2 logical=522 seq=522 ch=25 rssi=-44
PR1HE t_us=3948429 kind=2 logical=523 seq=523 ch=21 rssi=-42
PR1HE t_us=3956270 kind=2 logical=524 seq=524 ch=4 rssi=-37
PR1HE t_us=3964117 kind=2 logical=525 seq=525 ch=9 rssi=-37
PR1HE t_us=3971960 kind=2 logical=526 seq=526 ch=24 rssi=-43
PR1HE t_us=3979808 kind=2 logical=527 seq=527 ch=31 rssi=-47
PR1HE t_us=3987650 kind=2 logical=528 seq=528 ch=20 rssi=-42
PR1HE t_us=3995492 kind=2 logical=529 seq=529 ch=22 rssi=-43
PR1HE t_us=4003330 kind=2 logical=530 seq=530 ch=1 rssi=-38
PR1HE t_us=4011178 kind=2 logical=531 seq=531 ch=28 rssi=-45
PR1HE t_us=4019024 kind=2 logical=532 seq=532 ch=3 rssi=-39
PR1HE t_us=4026867 kind=2 logical=533 seq=533 ch=19 rssi=-40
PR1HE t_us=4034717 kind=2 logical=534 seq=534 ch=27 rssi=-45
PR1HE t_us=4042558 kind=2 logical=535 seq=535 ch=16 rssi=-41
PR1HE t_us=4050395 kind=2 logical=536 seq=536 ch=2 rssi=-40
PR1HE t_us=4058238 kind=2 logical=537 seq=537 ch=39 rssi=-53
PR1HE t_us=4066090 kind=2 logical=538 seq=538 ch=8 rssi=-37
PR1HE t_us=4073938 kind=2 logical=539 seq=539 ch=36 rssi=-49
PR1HE t_us=4081781 kind=2 logical=540 seq=540 ch=17 rssi=-39
PR1HE t_us=4089625 kind=2 logical=541 seq=541 ch=23 rssi=-43
PR1HE t_us=4097460 kind=2 logical=542 seq=542 ch=10 rssi=-40
PR1HE t_us=4105300 kind=2 logical=543 seq=543 ch=0 rssi=-40
PR1HE t_us=4113150 kind=2 logical=544 seq=544 ch=32 rssi=-47
PR1HE t_us=4120998 kind=2 logical=545 seq=545 ch=35 rssi=-48
PR1HE t_us=4128845 kind=2 logical=546 seq=546 ch=38 rssi=-53
PR1HE t_us=4136690 kind=2 logical=547 seq=547 ch=30 rssi=-47
PR1HE t_us=4144528 kind=2 logical=548 seq=548 ch=5 rssi=-39
PR1HE t_us=4152367 kind=2 logical=549 seq=549 ch=33 rssi=-47
PR1HE t_us=4160613 kind=5 logical=550 seq=1 ch=13 rssi=0
PR1HE t_us=4168458 kind=5 logical=551 seq=1 ch=14 rssi=0
PR1HE t_us=4176302 kind=5 logical=552 seq=1 ch=34 rssi=0
PR1HE t_us=4184148 kind=5 logical=553 seq=1 ch=26 rssi=0
PR1HE t_us=4191992 kind=5 logical=554 seq=1 ch=12 rssi=0
PR1HE t_us=4199838 kind=5 logical=555 seq=1 ch=18 rssi=0
PR1HE t_us=4207682 kind=5 logical=556 seq=1 ch=11 rssi=0
PR1HE t_us=4215528 kind=5 logical=557 seq=1 ch=37 rssi=0
PR1HE t_us=4223372 kind=6 logical=559 seq=0 ch=36 rssi=0
PR1HE t_us=4295022 kind=7 logical=567 seq=567 ch=36 rssi=-49
PR1HE t_us=4295022 kind=2 logical=567 seq=567 ch=36 rssi=-49
PR1HE t_us=4302870 kind=2 logical=568 seq=568 ch=21 rssi=-42
PR1HE t_us=4310721 kind=2 logical=569 seq=569 ch=32 rssi=-47
PR1HE t_us=4318560 kind=2 logical=570 seq=570 ch=37 rssi=-50
PR1HE t_us=4326398 kind=2 logical=571 seq=571 ch=4 rssi=-37
PR1HE t_us=4334241 kind=2 logical=572 seq=572 ch=35 rssi=-48
PR1HE t_us=4342081 kind=2 logical=573 seq=573 ch=3 rssi=-37
PR1HE t_us=4349925 kind=2 logical=574 seq=574 ch=2 rssi=-40
PR1HE t_us=4357776 kind=2 logical=575 seq=575 ch=31 rssi=-47
PR1HE t_us=4365626 kind=2 logical=576 seq=576 ch=1 rssi=-40
PR1HE t_us=4373468 kind=2 logical=577 seq=577 ch=30 rssi=-47
PR1HE t_us=4381312 kind=2 logical=578 seq=578 ch=27 rssi=-47
PR1HE t_us=4389158 kind=2 logical=579 seq=579 ch=7 rssi=-37
PR1HE t_us=4397006 kind=2 logical=580 seq=580 ch=15 rssi=-40
PR1HE t_us=4404852 kind=2 logical=581 seq=581 ch=29 rssi=-47
PR1HE t_us=4412703 kind=2 logical=582 seq=582 ch=19 rssi=-42
PR1HE t_us=4420544 kind=2 logical=583 seq=583 ch=13 rssi=-40
PR1HE t_us=4428387 kind=2 logical=584 seq=584 ch=22 rssi=-42
PR1HE t_us=4436231 kind=2 logical=585 seq=585 ch=39 rssi=-53
PR1HE t_us=4444070 kind=2 logical=586 seq=586 ch=34 rssi=-47
PR1HE t_us=4451919 kind=2 logical=587 seq=587 ch=23 rssi=-43
PR1HE t_us=4459769 kind=2 logical=588 seq=588 ch=0 rssi=-38
PR1HE t_us=4467620 kind=2 logical=589 seq=589 ch=24 rssi=-43
PR1HE t_us=4475458 kind=2 logical=590 seq=590 ch=25 rssi=-44
PR1HE t_us=4483300 kind=2 logical=591 seq=591 ch=14 rssi=-40
PR1HE t_us=4491147 kind=2 logical=592 seq=592 ch=26 rssi=-45
PR1HE t_us=4498988 kind=2 logical=593 seq=593 ch=18 rssi=-42
PR1HE t_us=4506831 kind=2 logical=594 seq=594 ch=12 rssi=-40
PR1HE t_us=4514680 kind=2 logical=595 seq=595 ch=8 rssi=-40
PR1HE t_us=4522519 kind=2 logical=596 seq=596 ch=11 rssi=-40
PR1HE t_us=4530359 kind=2 logical=597 seq=597 ch=9 rssi=-38
PR1HE t_us=4538206 kind=2 logical=598 seq=598 ch=20 rssi=-42
PR1HE t_us=4546053 kind=2 logical=599 seq=599 ch=28 rssi=-46
PR1HE t_us=4553901 kind=2 logical=600 seq=600 ch=13 rssi=-40
PR1HE t_us=4561746 kind=2 logical=601 seq=601 ch=4 rssi=-40
PR1HE t_us=4569593 kind=2 logical=602 seq=602 ch=23 rssi=-42
PR1HE t_us=4577434 kind=2 logical=603 seq=603 ch=19 rssi=-40
PR1HE t_us=4585277 kind=2 logical=604 seq=604 ch=9 rssi=-40
PR1HE t_us=4593124 kind=2 logical=605 seq=605 ch=34 rssi=-47
PR1HE t_us=4600965 kind=2 logical=606 seq=606 ch=1 rssi=-40
PR1HE t_us=4608814 kind=2 logical=607 seq=607 ch=27 rssi=-45
PR1HE t_us=4616664 kind=2 logical=608 seq=608 ch=39 rssi=-53
PR1HE t_us=4624506 kind=2 logical=609 seq=609 ch=26 rssi=-44
PR1HE t_us=4632347 kind=2 logical=610 seq=610 ch=37 rssi=-50
PR1HE t_us=4640205 kind=2 logical=611 seq=611 ch=35 rssi=-47
PR1HE t_us=4648056 kind=2 logical=612 seq=612 ch=21 rssi=-42
PR1HE t_us=4655902 kind=2 logical=613 seq=613 ch=8 rssi=-40
PR1HE t_us=4663747 kind=2 logical=614 seq=614 ch=5 rssi=-39
PR1HE t_us=4671594 kind=2 logical=615 seq=615 ch=14 rssi=-40
PR1HE t_us=4679435 kind=2 logical=616 seq=616 ch=0 rssi=-40
PR1HE t_us=4687278 kind=2 logical=617 seq=617 ch=36 rssi=-49
PR1HE t_us=4695125 kind=2 logical=618 seq=618 ch=16 rssi=-41
PR1HE t_us=4702968 kind=2 logical=619 seq=619 ch=2 rssi=-40
PR1HE t_us=4710815 kind=2 logical=620 seq=620 ch=32 rssi=-48
PR1HE t_us=4718664 kind=2 logical=621 seq=621 ch=33 rssi=-47
PR1HE t_us=4726506 kind=2 logical=622 seq=622 ch=18 rssi=-42
PR1HE t_us=4734342 kind=2 logical=623 seq=623 ch=3 rssi=-40
PR1HE t_us=4742189 kind=2 logical=624 seq=624 ch=7 rssi=-40
PR1HE t_us=4750037 kind=2 logical=625 seq=625 ch=6 rssi=-40
PR1HE t_us=4757887 kind=2 logical=626 seq=626 ch=11 rssi=-40
PR1HE t_us=4765736 kind=2 logical=627 seq=627 ch=15 rssi=-38
PR1HE t_us=4773579 kind=2 logical=628 seq=628 ch=30 rssi=-47
PR1HE t_us=4781425 kind=2 logical=629 seq=629 ch=20 rssi=-41
PR1HE t_us=4789268 kind=2 logical=630 seq=630 ch=17 rssi=-41
PR1HE t_us=4797118 kind=2 logical=631 seq=631 ch=31 rssi=-47
PR1HE t_us=4804964 kind=2 logical=632 seq=632 ch=24 rssi=-47
PR1HE t_us=4812816 kind=2 logical=633 seq=633 ch=28 rssi=-46
PR1HE t_us=4820666 kind=2 logical=634 seq=634 ch=29 rssi=-47
PR1HE t_us=4828507 kind=2 logical=635 seq=635 ch=22 rssi=-43
PR1HE t_us=4836350 kind=2 logical=636 seq=636 ch=10 rssi=-40
PR1HA_BEGIN total=12 kept=12
PR1HA t_us=928960 kind=7 logical=138 seq=138 ch=20 rssi=-41
PR1HA t_us=1846899 kind=5 logical=255 seq=1 ch=8 rssi=0
PR1HA t_us=4160613 kind=5 logical=550 seq=1 ch=13 rssi=0
PR1HA t_us=4168458 kind=5 logical=551 seq=1 ch=14 rssi=0
PR1HA t_us=4176302 kind=5 logical=552 seq=1 ch=34 rssi=0
PR1HA t_us=4184148 kind=5 logical=553 seq=1 ch=26 rssi=0
PR1HA t_us=4191992 kind=5 logical=554 seq=1 ch=12 rssi=0
PR1HA t_us=4199838 kind=5 logical=555 seq=1 ch=18 rssi=0
PR1HA t_us=4207682 kind=5 logical=556 seq=1 ch=11 rssi=0
PR1HA t_us=4215528 kind=5 logical=557 seq=1 ch=37 rssi=0
PR1HA t_us=4223372 kind=6 logical=559 seq=0 ch=36 rssi=0
PR1HA t_us=4295022 kind=7 logical=567 seq=567 ch=36 rssi=-49
PR1HE_END
