ESP-ROM:esp32s3-20210327
Build:Mar 27 2021
rst:0x15 (USB_UART_CHIP_RESET),boot:0x38 (SPI_FAST_FLASH_BOOT)
Saved PC:0x42027eca
SPIWP:0xee
mode:DIO, clock div:1
load:0x3fce3808,len:0x44c
load:0x403c9700,len:0xbd8
load:0x403cc700,len:0x2a80
entry 0x403c98d0
PR1_RUNTIME_BOOT
runtime_profile=phase1-fixed-flrc-tx
runtime_role=tx
board_family=LILYGO T3-S3-MVSRBoard
board_reference_revision=V1.1 upstream reference
radio_target=SX1280
upstream_reference_commit=840a2e788b3192c4e9bddf0640c1ecaf703c2598
hardware_verified=0
protocol_version=1
protocol_header_bytes=16
rf_enabled=1
sx1280_spi_hz=2000000
sx1280_cs=7
sx1280_rst=8
sx1280_sclk=5
sx1280_mosi=6
sx1280_miso=3
sx1280_dio1=9
sx1280_busy=36
sx1280_tx_enable=10
sx1280_rx_enable=21
PR1_FIXED_FLRC_PROFILE
frequency_mhz=2404.000
bitrate_kbps=1300
coding_rate=3
output_dbm=0
tx_gap_us=5000
packet_bytes=116
adaptive_layers=off
afh_enabled=1
afh_session_id=1
afh_session_seed=0x5052314441525431
afh_map_version=1
afh_active_channels=40
afh_resync_after_misses=8
afh_rendezvous_first=20
afh_schedule_fp=18,21,5,3,0,6,29,20,36,25,9,24,14,28,37,17,30,10,32,26,31,7,22,35,16,1,2,12,39,13,15,11,38,19,33,23,34,4,27,8,16,19,10,17,24,21,5,14
PR1_RUNTIME_LIVE_READY
PR1T v=1 t_us=4169039 field=device_state value=2
PR1T v=1 t_us=4169039 field=scheduler_misses value=0
PR1T v=1 t_us=4169039 field=trace_overwrites value=1240
PR1T v=1 t_us=4169039 field=capability_mask value=12
PR1H t_us=4911016 session_id=1 map_version=1 locked=0 channel=33 logical=550 retunes=550 retune_failures=0 standby_failures=0 timeout_advances=0 resync_entries=0 locks=0 agree=0 disagree=0 period_est_us=0 max_consecutive_timeouts=0 retune_us_p99=73 retune_us_max=94 hop_compute_us_p99=46 hop_compute_us_max=46
PR1HC ok=14,14,14,14,14,14,14,13,14,14,14,13,13,13,13,13,14,14,13,14,14,14,14,14,14,14,13,14,14,14,14,14,14,14,13,14,14,13,14,14 crc=0,0,0,0,0,0,0,0,0,0,0,0,0,0,0,0,0,0,0,0,0,0,0,0,0,0,0,0,0,0,0,0,0,0,0,0,0,0,0,0
PR1HE_BEGIN total=668 count=256
PR1HE t_us=3831757 kind=0 logical=412 seq=412 ch=20 rssi=0
PR1HE t_us=3839599 kind=0 logical=413 seq=413 ch=15 rssi=0
PR1HE t_us=3847434 kind=0 logical=414 seq=414 ch=6 rssi=0
PR1HE t_us=3855275 kind=0 logical=415 seq=415 ch=2 rssi=0
PR1HE t_us=3863114 kind=0 logical=416 seq=416 ch=14 rssi=0
PR1HE t_us=3870962 kind=0 logical=417 seq=417 ch=19 rssi=0
PR1HE t_us=3878810 kind=0 logical=418 seq=418 ch=12 rssi=0
PR1HE t_us=3886659 kind=0 logical=419 seq=419 ch=25 rssi=0
PR1HE t_us=3894499 kind=0 logical=420 seq=420 ch=26 rssi=0
PR1HE t_us=3902344 kind=0 logical=421 seq=421 ch=24 rssi=0
PR1HE t_us=3910181 kind=0 logical=422 seq=422 ch=9 rssi=0
PR1HE t_us=3918033 kind=0 logical=423 seq=423 ch=39 rssi=0
PR1HE t_us=3925877 kind=0 logical=424 seq=424 ch=36 rssi=0
PR1HE t_us=3933724 kind=0 logical=425 seq=425 ch=0 rssi=0
PR1HE t_us=3941560 kind=0 logical=426 seq=426 ch=37 rssi=0
PR1HE t_us=3949405 kind=0 logical=427 seq=427 ch=17 rssi=0
PR1HE t_us=3957241 kind=0 logical=428 seq=428 ch=29 rssi=0
PR1HE t_us=3965092 kind=0 logical=429 seq=429 ch=16 rssi=0
PR1HE t_us=3972937 kind=0 logical=430 seq=430 ch=27 rssi=0
PR1HE t_us=3980783 kind=0 logical=431 seq=431 ch=35 rssi=0
PR1HE t_us=3988619 kind=0 logical=432 seq=432 ch=32 rssi=0
PR1HE t_us=3996457 kind=0 logical=433 seq=433 ch=4 rssi=0
PR1HE t_us=4004299 kind=0 logical=434 seq=434 ch=28 rssi=0
PR1HE t_us=4012137 kind=0 logical=435 seq=435 ch=18 rssi=0
PR1HE t_us=4019987 kind=0 logical=436 seq=436 ch=31 rssi=0
PR1HE t_us=4027839 kind=0 logical=437 seq=437 ch=33 rssi=0
PR1HE t_us=4035677 kind=0 logical=438 seq=438 ch=5 rssi=0
PR1HE t_us=4043518 kind=0 logical=439 seq=439 ch=13 rssi=0
PR1HE t_us=4051357 kind=0 logical=440 seq=440 ch=1 rssi=0
PR1HE t_us=4059197 kind=0 logical=441 seq=441 ch=33 rssi=0
PR1HE t_us=4067041 kind=0 logical=442 seq=442 ch=27 rssi=0
PR1HE t_us=4074891 kind=0 logical=443 seq=443 ch=5 rssi=0
PR1HE t_us=4082733 kind=0 logical=444 seq=444 ch=17 rssi=0
PR1HE t_us=4090578 kind=0 logical=445 seq=445 ch=19 rssi=0
PR1HE t_us=4098418 kind=0 logical=446 seq=446 ch=0 rssi=0
PR1HE t_us=4106264 kind=0 logical=447 seq=447 ch=35 rssi=0
PR1HE t_us=4114100 kind=0 logical=448 seq=448 ch=15 rssi=0
PR1HE t_us=4121948 kind=0 logical=449 seq=449 ch=8 rssi=0
PR1HE t_us=4129793 kind=0 logical=450 seq=450 ch=39 rssi=0
PR1HE t_us=4137641 kind=0 logical=451 seq=451 ch=23 rssi=0
PR1HE t_us=4145475 kind=0 logical=452 seq=452 ch=10 rssi=0
PR1HE t_us=4153327 kind=0 logical=453 seq=453 ch=29 rssi=0
PR1HE t_us=4161165 kind=0 logical=454 seq=454 ch=25 rssi=0
PR1HE t_us=4169013 kind=0 logical=455 seq=455 ch=34 rssi=0
PR1HE t_us=4176914 kind=0 logical=456 seq=456 ch=18 rssi=0
PR1HE t_us=4184765 kind=0 logical=457 seq=457 ch=22 rssi=0
PR1HE t_us=4192607 kind=0 logical=458 seq=458 ch=31 rssi=0
PR1HE t_us=4200447 kind=0 logical=459 seq=459 ch=28 rssi=0
PR1HE t_us=4208298 kind=0 logical=460 seq=460 ch=30 rssi=0
PR1HE t_us=4216143 kind=0 logical=461 seq=461 ch=21 rssi=0
PR1HE t_us=4223986 kind=0 logical=462 seq=462 ch=13 rssi=0
PR1HE t_us=4231834 kind=0 logical=463 seq=463 ch=2 rssi=0
PR1HE t_us=4239677 kind=0 logical=464 seq=464 ch=16 rssi=0
PR1HE t_us=4247519 kind=0 logical=465 seq=465 ch=24 rssi=0
PR1HE t_us=4255364 kind=0 logical=466 seq=466 ch=38 rssi=0
PR1HE t_us=4263201 kind=0 logical=467 seq=467 ch=36 rssi=0
PR1HE t_us=4271049 kind=0 logical=468 seq=468 ch=3 rssi=0
PR1HE t_us=4278898 kind=0 logical=469 seq=469 ch=4 rssi=0
PR1HE t_us=4286745 kind=0 logical=470 seq=470 ch=12 rssi=0
PR1HE t_us=4294584 kind=0 logical=471 seq=471 ch=7 rssi=0
PR1HE t_us=4302430 kind=0 logical=472 seq=472 ch=14 rssi=0
PR1HE t_us=4310274 kind=0 logical=473 seq=473 ch=11 rssi=0
PR1HE t_us=4318114 kind=0 logical=474 seq=474 ch=9 rssi=0
PR1HE t_us=4325961 kind=0 logical=475 seq=475 ch=32 rssi=0
PR1HE t_us=4333810 kind=0 logical=476 seq=476 ch=37 rssi=0
PR1HE t_us=4341653 kind=0 logical=477 seq=477 ch=6 rssi=0
PR1HE t_us=4349495 kind=0 logical=478 seq=478 ch=20 rssi=0
PR1HE t_us=4357341 kind=0 logical=479 seq=479 ch=26 rssi=0
PR1HE t_us=4365181 kind=0 logical=480 seq=480 ch=8 rssi=0
PR1HE t_us=4373030 kind=0 logical=481 seq=481 ch=6 rssi=0
PR1HE t_us=4380877 kind=0 logical=482 seq=482 ch=16 rssi=0
PR1HE t_us=4388721 kind=0 logical=483 seq=483 ch=5 rssi=0
PR1HE t_us=4396560 kind=0 logical=484 seq=484 ch=1 rssi=0
PR1HE t_us=4404399 kind=0 logical=485 seq=485 ch=20 rssi=0
PR1HE t_us=4412237 kind=0 logical=486 seq=486 ch=29 rssi=0
PR1HE t_us=4420082 kind=0 logical=487 seq=487 ch=21 rssi=0
PR1HE t_us=4427931 kind=0 logical=488 seq=488 ch=15 rssi=0
PR1HE t_us=4435780 kind=0 logical=489 seq=489 ch=38 rssi=0
PR1HE t_us=4443625 kind=0 logical=490 seq=490 ch=10 rssi=0
PR1HE t_us=4451464 kind=0 logical=491 seq=491 ch=25 rssi=0
PR1HE t_us=4459312 kind=0 logical=492 seq=492 ch=2 rssi=0
PR1HE t_us=4467152 kind=0 logical=493 seq=493 ch=14 rssi=0
PR1HE t_us=4474993 kind=0 logical=494 seq=494 ch=32 rssi=0
PR1HE t_us=4482841 kind=0 logical=495 seq=495 ch=24 rssi=0
PR1HE t_us=4490683 kind=0 logical=496 seq=496 ch=34 rssi=0
PR1HE t_us=4498525 kind=0 logical=497 seq=497 ch=36 rssi=0
PR1HE t_us=4506371 kind=0 logical=498 seq=498 ch=22 rssi=0
PR1HE t_us=4514212 kind=0 logical=499 seq=499 ch=9 rssi=0
PR1HE t_us=4522058 kind=0 logical=500 seq=500 ch=39 rssi=0
PR1HE t_us=4529903 kind=0 logical=501 seq=501 ch=4 rssi=0
PR1HE t_us=4537750 kind=0 logical=502 seq=502 ch=23 rssi=0
PR1HE t_us=4545590 kind=0 logical=503 seq=503 ch=17 rssi=0
PR1HE t_us=4553429 kind=0 logical=504 seq=504 ch=13 rssi=0
PR1HE t_us=4561274 kind=0 logical=505 seq=505 ch=12 rssi=0
PR1HE t_us=4569114 kind=0 logical=506 seq=506 ch=27 rssi=0
PR1HE t_us=4576961 kind=0 logical=507 seq=507 ch=35 rssi=0
PR1HE t_us=4584810 kind=0 logical=508 seq=508 ch=18 rssi=0
PR1HE t_us=4592653 kind=0 logical=509 seq=509 ch=26 rssi=0
PR1HE t_us=4600495 kind=0 logical=510 seq=510 ch=11 rssi=0
PR1HE t_us=4608341 kind=0 logical=511 seq=511 ch=28 rssi=0
PR1HE t_us=4616181 kind=0 logical=512 seq=512 ch=30 rssi=0
PR1HE t_us=4624030 kind=0 logical=513 seq=513 ch=19 rssi=0
PR1HE t_us=4631877 kind=0 logical=514 seq=514 ch=7 rssi=0
PR1HE t_us=4639721 kind=0 logical=515 seq=515 ch=33 rssi=0
PR1HE t_us=4647560 kind=0 logical=516 seq=516 ch=3 rssi=0
PR1HE t_us=4655399 kind=0 logical=517 seq=517 ch=0 rssi=0
PR1HE t_us=4663237 kind=0 logical=518 seq=518 ch=31 rssi=0
PR1HE t_us=4671082 kind=0 logical=519 seq=519 ch=37 rssi=0
PR1HE t_us=4678931 kind=0 logical=520 seq=520 ch=29 rssi=0
PR1HE t_us=4686780 kind=0 logical=521 seq=521 ch=6 rssi=0
PR1HE t_us=4694625 kind=0 logical=522 seq=522 ch=25 rssi=0
PR1HE t_us=4702464 kind=0 logical=523 seq=523 ch=21 rssi=0
PR1HE t_us=4710312 kind=0 logical=524 seq=524 ch=4 rssi=0
PR1HE t_us=4718152 kind=0 logical=525 seq=525 ch=9 rssi=0
PR1HE t_us=4725993 kind=0 logical=526 seq=526 ch=24 rssi=0
PR1HE t_us=4733841 kind=0 logical=527 seq=527 ch=31 rssi=0
PR1HE t_us=4741683 kind=0 logical=528 seq=528 ch=20 rssi=0
PR1HE t_us=4749525 kind=0 logical=529 seq=529 ch=22 rssi=0
PR1HE t_us=4757371 kind=0 logical=530 seq=530 ch=1 rssi=0
PR1HE t_us=4765212 kind=0 logical=531 seq=531 ch=28 rssi=0
PR1HE t_us=4773058 kind=0 logical=532 seq=532 ch=3 rssi=0
PR1HE t_us=4780903 kind=0 logical=533 seq=533 ch=19 rssi=0
PR1HE t_us=4788750 kind=0 logical=534 seq=534 ch=27 rssi=0
PR1HE t_us=4796590 kind=0 logical=535 seq=535 ch=16 rssi=0
PR1HE t_us=4804429 kind=0 logical=536 seq=536 ch=2 rssi=0
PR1HE t_us=4812281 kind=0 logical=537 seq=537 ch=39 rssi=0
PR1HE t_us=4820122 kind=0 logical=538 seq=538 ch=8 rssi=0
PR1HE t_us=4827971 kind=0 logical=539 seq=539 ch=36 rssi=0
PR1HE t_us=4835814 kind=0 logical=540 seq=540 ch=17 rssi=0
PR1HE t_us=4843655 kind=0 logical=541 seq=541 ch=23 rssi=0
PR1HE t_us=4851495 kind=0 logical=542 seq=542 ch=10 rssi=0
PR1HE t_us=4859341 kind=0 logical=543 seq=543 ch=0 rssi=0
PR1HE t_us=4867181 kind=0 logical=544 seq=544 ch=32 rssi=0
PR1HE t_us=4875030 kind=0 logical=545 seq=545 ch=35 rssi=0
PR1HE t_us=4882877 kind=0 logical=546 seq=546 ch=38 rssi=0
PR1HE t_us=4890721 kind=0 logical=547 seq=547 ch=30 rssi=0
PR1HE t_us=4898560 kind=0 logical=548 seq=548 ch=5 rssi=0
PR1HE t_us=4906399 kind=0 logical=549 seq=549 ch=33 rssi=0
PR1HE t_us=4915666 kind=0 logical=550 seq=550 ch=13 rssi=0
PR1HE t_us=4923520 kind=0 logical=551 seq=551 ch=14 rssi=0
PR1HE t_us=4931371 kind=0 logical=552 seq=552 ch=34 rssi=0
PR1HE t_us=4939212 kind=0 logical=553 seq=553 ch=26 rssi=0
PR1HE t_us=4947058 kind=0 logical=554 seq=554 ch=12 rssi=0
PR1HE t_us=4954903 kind=0 logical=555 seq=555 ch=18 rssi=0
PR1HE t_us=4962750 kind=0 logical=556 seq=556 ch=11 rssi=0
PR1HE t_us=4970589 kind=0 logical=557 seq=557 ch=37 rssi=0
PR1HE t_us=4978430 kind=0 logical=558 seq=558 ch=15 rssi=0
PR1HE t_us=4986274 kind=0 logical=559 seq=559 ch=7 rssi=0
PR1HE t_us=4994114 kind=0 logical=560 seq=560 ch=10 rssi=0
PR1HE t_us=5001964 kind=0 logical=561 seq=561 ch=6 rssi=0
PR1HE t_us=5009814 kind=0 logical=562 seq=562 ch=38 rssi=0
PR1HE t_us=5017659 kind=0 logical=563 seq=563 ch=17 rssi=0
PR1HE t_us=5025506 kind=0 logical=564 seq=564 ch=33 rssi=0
PR1HE t_us=5033357 kind=0 logical=565 seq=565 ch=5 rssi=0
PR1HE t_us=5041201 kind=0 logical=566 seq=566 ch=16 rssi=0
PR1HE t_us=5049052 kind=0 logical=567 seq=567 ch=36 rssi=0
PR1HE t_us=5056903 kind=0 logical=568 seq=568 ch=21 rssi=0
PR1HE t_us=5064750 kind=0 logical=569 seq=569 ch=32 rssi=0
PR1HE t_us=5072589 kind=0 logical=570 seq=570 ch=37 rssi=0
PR1HE t_us=5080430 kind=0 logical=571 seq=571 ch=4 rssi=0
PR1HE t_us=5088274 kind=0 logical=572 seq=572 ch=35 rssi=0
PR1HE t_us=5096107 kind=0 logical=573 seq=573 ch=3 rssi=0
PR1HE t_us=5103955 kind=0 logical=574 seq=574 ch=2 rssi=0
PR1HE t_us=5111804 kind=0 logical=575 seq=575 ch=31 rssi=0
PR1HE t_us=5119656 kind=0 logical=576 seq=576 ch=1 rssi=0
PR1HE t_us=5127499 kind=0 logical=577 seq=577 ch=30 rssi=0
PR1HE t_us=5135347 kind=0 logical=578 seq=578 ch=27 rssi=0
PR1HE t_us=5143187 kind=0 logical=579 seq=579 ch=7 rssi=0
PR1HE t_us=5151035 kind=0 logical=580 seq=580 ch=15 rssi=0
PR1HE t_us=5158882 kind=0 logical=581 seq=581 ch=29 rssi=0
PR1HE t_us=5166733 kind=0 logical=582 seq=582 ch=19 rssi=0
PR1HE t_us=5174576 kind=0 logical=583 seq=583 ch=13 rssi=0
PR1HE t_us=5182418 kind=0 logical=584 seq=584 ch=22 rssi=0
PR1HE t_us=5190262 kind=0 logical=585 seq=585 ch=39 rssi=0
PR1HE t_us=5198100 kind=0 logical=586 seq=586 ch=34 rssi=0
PR1HE t_us=5205949 kind=0 logical=587 seq=587 ch=23 rssi=0
PR1HE t_us=5213799 kind=0 logical=588 seq=588 ch=0 rssi=0
PR1HE t_us=5221650 kind=0 logical=589 seq=589 ch=24 rssi=0
PR1HE t_us=5229488 kind=0 logical=590 seq=590 ch=25 rssi=0
PR1HE t_us=5237335 kind=0 logical=591 seq=591 ch=14 rssi=0
PR1HE t_us=5245175 kind=0 logical=592 seq=592 ch=26 rssi=0
PR1HE t_us=5253017 kind=0 logical=593 seq=593 ch=18 rssi=0
PR1HE t_us=5260858 kind=0 logical=594 seq=594 ch=12 rssi=0
PR1HE t_us=5268708 kind=0 logical=595 seq=595 ch=8 rssi=0
PR1HE t_us=5276549 kind=0 logical=596 seq=596 ch=11 rssi=0
PR1HE t_us=5284394 kind=0 logical=597 seq=597 ch=9 rssi=0
PR1HE t_us=5292232 kind=0 logical=598 seq=598 ch=20 rssi=0
PR1HE t_us=5300082 kind=0 logical=599 seq=599 ch=28 rssi=0
PR1HE t_us=5307926 kind=0 logical=600 seq=600 ch=13 rssi=0
PR1HE t_us=5315774 kind=0 logical=601 seq=601 ch=4 rssi=0
PR1HE t_us=5323619 kind=0 logical=602 seq=602 ch=23 rssi=0
PR1HE t_us=5331464 kind=0 logical=603 seq=603 ch=19 rssi=0
PR1HE t_us=5339312 kind=0 logical=604 seq=604 ch=9 rssi=0
PR1HE t_us=5347152 kind=0 logical=605 seq=605 ch=34 rssi=0
PR1HE t_us=5354993 kind=0 logical=606 seq=606 ch=1 rssi=0
PR1HE t_us=5362840 kind=0 logical=607 seq=607 ch=27 rssi=0
PR1HE t_us=5370689 kind=0 logical=608 seq=608 ch=39 rssi=0
PR1HE t_us=5378534 kind=0 logical=609 seq=609 ch=26 rssi=0
PR1HE t_us=5386382 kind=0 logical=610 seq=610 ch=37 rssi=0
PR1HE t_us=5394233 kind=0 logical=611 seq=611 ch=35 rssi=0
PR1HE t_us=5402082 kind=0 logical=612 seq=612 ch=21 rssi=0
PR1HE t_us=5409926 kind=0 logical=613 seq=613 ch=8 rssi=0
PR1HE t_us=5417774 kind=0 logical=614 seq=614 ch=5 rssi=0
PR1HE t_us=5425619 kind=0 logical=615 seq=615 ch=14 rssi=0
PR1HE t_us=5433464 kind=0 logical=616 seq=616 ch=0 rssi=0
PR1HE t_us=5441312 kind=0 logical=617 seq=617 ch=36 rssi=0
PR1HE t_us=5449152 kind=0 logical=618 seq=618 ch=16 rssi=0
PR1HE t_us=5456993 kind=0 logical=619 seq=619 ch=2 rssi=0
PR1HE t_us=5464840 kind=0 logical=620 seq=620 ch=32 rssi=0
PR1HE t_us=5472689 kind=0 logical=621 seq=621 ch=33 rssi=0
PR1HE t_us=5480528 kind=0 logical=622 seq=622 ch=18 rssi=0
PR1HE t_us=5488376 kind=0 logical=623 seq=623 ch=3 rssi=0
PR1HE t_us=5496218 kind=0 logical=624 seq=624 ch=7 rssi=0
PR1HE t_us=5504065 kind=0 logical=625 seq=625 ch=6 rssi=0
PR1HE t_us=5511915 kind=0 logical=626 seq=626 ch=11 rssi=0
PR1HE t_us=5519765 kind=0 logical=627 seq=627 ch=15 rssi=0
PR1HE t_us=5527608 kind=0 logical=628 seq=628 ch=30 rssi=0
PR1HE t_us=5535452 kind=0 logical=629 seq=629 ch=20 rssi=0
PR1HE t_us=5543299 kind=0 logical=630 seq=630 ch=17 rssi=0
PR1HE t_us=5551142 kind=0 logical=631 seq=631 ch=31 rssi=0
PR1HE t_us=5558993 kind=0 logical=632 seq=632 ch=24 rssi=0
PR1HE t_us=5566841 kind=0 logical=633 seq=633 ch=28 rssi=0
PR1HE t_us=5574689 kind=0 logical=634 seq=634 ch=29 rssi=0
PR1HE t_us=5582534 kind=0 logical=635 seq=635 ch=22 rssi=0
PR1HE t_us=5590382 kind=0 logical=636 seq=636 ch=10 rssi=0
PR1HE t_us=5598233 kind=0 logical=637 seq=637 ch=38 rssi=0
PR1HE t_us=5606082 kind=0 logical=638 seq=638 ch=25 rssi=0
PR1HE t_us=5613926 kind=0 logical=639 seq=639 ch=12 rssi=0
PR1HE t_us=5621774 kind=0 logical=640 seq=640 ch=38 rssi=0
PR1HE t_us=5629619 kind=0 logical=641 seq=641 ch=5 rssi=0
PR1HE t_us=5637464 kind=0 logical=642 seq=642 ch=7 rssi=0
PR1HE t_us=5645312 kind=0 logical=643 seq=643 ch=8 rssi=0
PR1HE t_us=5653152 kind=0 logical=644 seq=644 ch=23 rssi=0
PR1HE t_us=5660993 kind=0 logical=645 seq=645 ch=21 rssi=0
PR1HE t_us=5668840 kind=0 logical=646 seq=646 ch=32 rssi=0
PR1HE t_us=5676689 kind=0 logical=647 seq=647 ch=25 rssi=0
PR1HE t_us=5684534 kind=0 logical=648 seq=648 ch=27 rssi=0
PR1HE t_us=5692382 kind=0 logical=649 seq=649 ch=35 rssi=0
PR1HE t_us=5700233 kind=0 logical=650 seq=650 ch=39 rssi=0
PR1HE t_us=5708082 kind=0 logical=651 seq=651 ch=1 rssi=0
PR1HE t_us=5715931 kind=0 logical=652 seq=652 ch=34 rssi=0
PR1HE t_us=5723779 kind=0 logical=653 seq=653 ch=6 rssi=0
PR1HE t_us=5731619 kind=0 logical=654 seq=654 ch=28 rssi=0
PR1HE t_us=5739464 kind=0 logical=655 seq=655 ch=26 rssi=0
PR1HE t_us=5747312 kind=0 logical=656 seq=656 ch=10 rssi=0
PR1HE t_us=5755152 kind=0 logical=657 seq=657 ch=24 rssi=0
PR1HE t_us=5762993 kind=0 logical=658 seq=658 ch=31 rssi=0
PR1HE t_us=5770840 kind=0 logical=659 seq=659 ch=18 rssi=0
PR1HE t_us=5778689 kind=0 logical=660 seq=660 ch=2 rssi=0
PR1HE t_us=5786534 kind=0 logical=661 seq=661 ch=20 rssi=0
PR1HE t_us=5794382 kind=0 logical=662 seq=662 ch=16 rssi=0
PR1HE t_us=5802233 kind=0 logical=663 seq=663 ch=17 rssi=0
PR1HE t_us=5810082 kind=0 logical=664 seq=664 ch=19 rssi=0
PR1HE t_us=5817931 kind=0 logical=665 seq=665 ch=13 rssi=0
PR1HE t_us=5825779 kind=0 logical=666 seq=666 ch=14 rssi=0
PR1HE t_us=5833619 kind=0 logical=667 seq=667 ch=30 rssi=0
PR1HA_BEGIN total=0 kept=0
PR1HE_END
