ESP-ROM:esp32s3-20210327
Build:Mar 27 2021
rst:0x15 (USB_UART_CHIP_RESET),boot:0x38 (SPI_FAST_FLASH_BOOT)
Saved PC:0x42027eca
SPIWP:0xee
mode:DIO, clock div:1
load:0x3fce3808,len:0x44c
load:0x403c9700,len:0xbd8
load:0x403cc700,len:0x2a80
entry 0x403c98d0
PR1_RUNTIME_BOOT
runtime_profile=phase1-fixed-flrc-tx
runtime_role=tx
board_family=LILYGO T3-S3-MVSRBoard
board_reference_revision=V1.1 upstream reference
radio_target=SX1280
upstream_reference_commit=840a2e788b3192c4e9bddf0640c1ecaf703c2598
hardware_verified=0
protocol_version=1
protocol_header_bytes=16
rf_enabled=1
sx1280_spi_hz=2000000
sx1280_cs=7
sx1280_rst=8
sx1280_sclk=5
sx1280_mosi=6
sx1280_miso=3
sx1280_dio1=9
sx1280_busy=36
sx1280_tx_enable=10
sx1280_rx_enable=21
PR1_FIXED_FLRC_PROFILE
frequency_mhz=2404.000
bitrate_kbps=1300
coding_rate=3
output_dbm=0
tx_gap_us=5000
packet_bytes=116
adaptive_layers=off
afh_enabled=1
afh_session_id=1
afh_session_seed=0x5052314441525431
afh_map_version=1
afh_active_channels=40
afh_resync_after_misses=8
afh_rendezvous_first=20
afh_schedule_fp=18,21,5,3,0,6,29,20,36,25,9,24,14,28,37,17,30,10,32,26,31,7,22,35,16,1,2,12,39,13,15,11,38,19,33,23,34,4,27,8,16,19,10,17,24,21,5,14
PR1_RUNTIME_LIVE_READY
PR1T v=1 t_us=10444728 field=device_state value=2
PR1T v=1 t_us=10444728 field=scheduler_misses value=0
PR1T v=1 t_us=10444728 field=trace_overwrites value=3640
PR1T v=1 t_us=10444728 field=capability_mask value=12
PR1H t_us=11203538 session_id=1 map_version=1 locked=0 channel=8 logical=1353 retunes=1353 retune_failures=0 standby_failures=0 timeout_advances=0 resync_entries=0 locks=0 agree=0 disagree=0 period_est_us=0 max_consecutive_timeouts=0 retune_us_p99=72 retune_us_max=95 hop_compute_us_p99=46 hop_compute_us_max=46
PR1HC ok=34,34,34,34,34,34,33,34,34,34,34,34,34,34,34,34,34,34,34,34,34,33,34,34,33,33,33,34,34,34,34,34,34,34,34,33,34,34,34,33 crc=0,0,0,0,0,0,0,0,0,0,0,0,0,0,0,0,0,0,0,0,0,0,0,0,0,0,0,0,0,0,0,0,0,0,0,0,0,0,0,0
PR1HE_BEGIN total=1472 count=256
PR1HE t_us=10136714 kind=0 logical=1216 seq=1216 ch=33 rssi=0
PR1HE t_us=10144555 kind=0 logical=1217 seq=1217 ch=11 rssi=0
PR1HE t_us=10152393 kind=0 logical=1218 seq=1218 ch=25 rssi=0
PR1HE t_us=10160234 kind=0 logical=1219 seq=1219 ch=37 rssi=0
PR1HE t_us=10168078 kind=0 logical=1220 seq=1220 ch=21 rssi=0
PR1HE t_us=10175929 kind=0 logical=1221 seq=1221 ch=1 rssi=0
PR1HE t_us=10183764 kind=0 logical=1222 seq=1222 ch=32 rssi=0
PR1HE t_us=10191599 kind=0 logical=1223 seq=1223 ch=23 rssi=0
PR1HE t_us=10199444 kind=0 logical=1224 seq=1224 ch=18 rssi=0
PR1HE t_us=10207281 kind=0 logical=1225 seq=1225 ch=36 rssi=0
PR1HE t_us=10215118 kind=0 logical=1226 seq=1226 ch=28 rssi=0
PR1HE t_us=10222963 kind=0 logical=1227 seq=1227 ch=31 rssi=0
PR1HE t_us=10230810 kind=0 logical=1228 seq=1228 ch=5 rssi=0
PR1HE t_us=10238657 kind=0 logical=1229 seq=1229 ch=26 rssi=0
PR1HE t_us=10246495 kind=0 logical=1230 seq=1230 ch=39 rssi=0
PR1HE t_us=10254344 kind=0 logical=1231 seq=1231 ch=3 rssi=0
PR1HE t_us=10262182 kind=0 logical=1232 seq=1232 ch=20 rssi=0
PR1HE t_us=10270027 kind=0 logical=1233 seq=1233 ch=29 rssi=0
PR1HE t_us=10277864 kind=0 logical=1234 seq=1234 ch=2 rssi=0
PR1HE t_us=10285712 kind=0 logical=1235 seq=1235 ch=24 rssi=0
PR1HE t_us=10293550 kind=0 logical=1236 seq=1236 ch=14 rssi=0
PR1HE t_us=10301395 kind=0 logical=1237 seq=1237 ch=30 rssi=0
PR1HE t_us=10309231 kind=0 logical=1238 seq=1238 ch=22 rssi=0
PR1HE t_us=10317081 kind=0 logical=1239 seq=1239 ch=4 rssi=0
PR1HE t_us=10324927 kind=0 logical=1240 seq=1240 ch=0 rssi=0
PR1HE t_us=10332768 kind=0 logical=1241 seq=1241 ch=23 rssi=0
PR1HE t_us=10340607 kind=0 logical=1242 seq=1242 ch=33 rssi=0
PR1HE t_us=10348453 kind=0 logical=1243 seq=1243 ch=35 rssi=0
PR1HE t_us=10356297 kind=0 logical=1244 seq=1244 ch=14 rssi=0
PR1HE t_us=10364138 kind=0 logical=1245 seq=1245 ch=28 rssi=0
PR1HE t_us=10371983 kind=0 logical=1246 seq=1246 ch=17 rssi=0
PR1HE t_us=10379826 kind=0 logical=1247 seq=1247 ch=2 rssi=0
PR1HE t_us=10387663 kind=0 logical=1248 seq=1248 ch=27 rssi=0
PR1HE t_us=10395505 kind=0 logical=1249 seq=1249 ch=22 rssi=0
PR1HE t_us=10403347 kind=0 logical=1250 seq=1250 ch=19 rssi=0
PR1HE t_us=10411185 kind=0 logical=1251 seq=1251 ch=1 rssi=0
PR1HE t_us=10419029 kind=0 logical=1252 seq=1252 ch=15 rssi=0
PR1HE t_us=10426873 kind=0 logical=1253 seq=1253 ch=16 rssi=0
PR1HE t_us=10434714 kind=0 logical=1254 seq=1254 ch=6 rssi=0
PR1HE t_us=10442555 kind=0 logical=1255 seq=1255 ch=5 rssi=0
PR1HE t_us=10450454 kind=0 logical=1256 seq=1256 ch=7 rssi=0
PR1HE t_us=10458300 kind=0 logical=1257 seq=1257 ch=21 rssi=0
PR1HE t_us=10466144 kind=0 logical=1258 seq=1258 ch=29 rssi=0
PR1HE t_us=10473985 kind=0 logical=1259 seq=1259 ch=12 rssi=0
PR1HE t_us=10481835 kind=0 logical=1260 seq=1260 ch=39 rssi=0
PR1HE t_us=10489678 kind=0 logical=1261 seq=1261 ch=26 rssi=0
PR1HE t_us=10497518 kind=0 logical=1262 seq=1262 ch=31 rssi=0
PR1HE t_us=10505363 kind=0 logical=1263 seq=1263 ch=9 rssi=0
PR1HE t_us=10513203 kind=0 logical=1264 seq=1264 ch=10 rssi=0
PR1HE t_us=10521055 kind=0 logical=1265 seq=1265 ch=25 rssi=0
PR1HE t_us=10528905 kind=0 logical=1266 seq=1266 ch=34 rssi=0
PR1HE t_us=10536752 kind=0 logical=1267 seq=1267 ch=13 rssi=0
PR1HE t_us=10544595 kind=0 logical=1268 seq=1268 ch=30 rssi=0
PR1HE t_us=10552435 kind=0 logical=1269 seq=1269 ch=37 rssi=0
PR1HE t_us=10560280 kind=0 logical=1270 seq=1270 ch=3 rssi=0
PR1HE t_us=10568116 kind=0 logical=1271 seq=1271 ch=32 rssi=0
PR1HE t_us=10575964 kind=0 logical=1272 seq=1272 ch=4 rssi=0
PR1HE t_us=10583810 kind=0 logical=1273 seq=1273 ch=24 rssi=0
PR1HE t_us=10591660 kind=0 logical=1274 seq=1274 ch=38 rssi=0
PR1HE t_us=10599507 kind=0 logical=1275 seq=1275 ch=20 rssi=0
PR1HE t_us=10607348 kind=0 logical=1276 seq=1276 ch=36 rssi=0
PR1HE t_us=10615188 kind=0 logical=1277 seq=1277 ch=8 rssi=0
PR1HE t_us=10623035 kind=0 logical=1278 seq=1278 ch=11 rssi=0
PR1HE t_us=10630882 kind=0 logical=1279 seq=1279 ch=18 rssi=0
PR1HE t_us=10638725 kind=0 logical=1280 seq=1280 ch=38 rssi=0
PR1HE t_us=10646567 kind=0 logical=1281 seq=1281 ch=2 rssi=0
PR1HE t_us=10654407 kind=0 logical=1282 seq=1282 ch=16 rssi=0
PR1HE t_us=10662256 kind=0 logical=1283 seq=1283 ch=24 rssi=0
PR1HE t_us=10670095 kind=0 logical=1284 seq=1284 ch=31 rssi=0
PR1HE t_us=10677939 kind=0 logical=1285 seq=1285 ch=0 rssi=0
PR1HE t_us=10685788 kind=0 logical=1286 seq=1286 ch=35 rssi=0
PR1HE t_us=10693637 kind=0 logical=1287 seq=1287 ch=34 rssi=0
PR1HE t_us=10701476 kind=0 logical=1288 seq=1288 ch=30 rssi=0
PR1HE t_us=10709324 kind=0 logical=1289 seq=1289 ch=4 rssi=0
PR1HE t_us=10717166 kind=0 logical=1290 seq=1290 ch=6 rssi=0
PR1HE t_us=10725014 kind=0 logical=1291 seq=1291 ch=39 rssi=0
PR1HE t_us=10732854 kind=0 logical=1292 seq=1292 ch=11 rssi=0
PR1HE t_us=10740703 kind=0 logical=1293 seq=1293 ch=17 rssi=0
PR1HE t_us=10748541 kind=0 logical=1294 seq=1294 ch=3 rssi=0
PR1HE t_us=10756390 kind=0 logical=1295 seq=1295 ch=18 rssi=0
PR1HE t_us=10764232 kind=0 logical=1296 seq=1296 ch=9 rssi=0
PR1HE t_us=10772082 kind=0 logical=1297 seq=1297 ch=21 rssi=0
PR1HE t_us=10779933 kind=0 logical=1298 seq=1298 ch=12 rssi=0
PR1HE t_us=10787781 kind=0 logical=1299 seq=1299 ch=7 rssi=0
PR1HE t_us=10795626 kind=0 logical=1300 seq=1300 ch=27 rssi=0
PR1HE t_us=10803464 kind=0 logical=1301 seq=1301 ch=23 rssi=0
PR1HE t_us=10811311 kind=0 logical=1302 seq=1302 ch=5 rssi=0
PR1HE t_us=10819146 kind=0 logical=1303 seq=1303 ch=15 rssi=0
PR1HE t_us=10826997 kind=0 logical=1304 seq=1304 ch=29 rssi=0
PR1HE t_us=10834840 kind=0 logical=1305 seq=1305 ch=22 rssi=0
PR1HE t_us=10842683 kind=0 logical=1306 seq=1306 ch=33 rssi=0
PR1HE t_us=10850524 kind=0 logical=1307 seq=1307 ch=8 rssi=0
PR1HE t_us=10858369 kind=0 logical=1308 seq=1308 ch=10 rssi=0
PR1HE t_us=10866209 kind=0 logical=1309 seq=1309 ch=32 rssi=0
PR1HE t_us=10874053 kind=0 logical=1310 seq=1310 ch=26 rssi=0
PR1HE t_us=10881896 kind=0 logical=1311 seq=1311 ch=1 rssi=0
PR1HE t_us=10889746 kind=0 logical=1312 seq=1312 ch=19 rssi=0
PR1HE t_us=10897588 kind=0 logical=1313 seq=1313 ch=25 rssi=0
PR1HE t_us=10905430 kind=0 logical=1314 seq=1314 ch=37 rssi=0
PR1HE t_us=10913274 kind=0 logical=1315 seq=1315 ch=13 rssi=0
PR1HE t_us=10921113 kind=0 logical=1316 seq=1316 ch=20 rssi=0
PR1HE t_us=10928958 kind=0 logical=1317 seq=1317 ch=36 rssi=0
PR1HE t_us=10936810 kind=0 logical=1318 seq=1318 ch=28 rssi=0
PR1HE t_us=10944660 kind=0 logical=1319 seq=1319 ch=14 rssi=0
PR1HE t_us=10952507 kind=0 logical=1320 seq=1320 ch=4 rssi=0
PR1HE t_us=10960348 kind=0 logical=1321 seq=1321 ch=0 rssi=0
PR1HE t_us=10968188 kind=0 logical=1322 seq=1322 ch=3 rssi=0
PR1HE t_us=10976035 kind=0 logical=1323 seq=1323 ch=28 rssi=0
PR1HE t_us=10983882 kind=0 logical=1324 seq=1324 ch=11 rssi=0
PR1HE t_us=10991725 kind=0 logical=1325 seq=1325 ch=1 rssi=0
PR1HE t_us=10999568 kind=0 logical=1326 seq=1326 ch=19 rssi=0
PR1HE t_us=11007407 kind=0 logical=1327 seq=1327 ch=37 rssi=0
PR1HE t_us=11015256 kind=0 logical=1328 seq=1328 ch=32 rssi=0
PR1HE t_us=11023095 kind=0 logical=1329 seq=1329 ch=15 rssi=0
PR1HE t_us=11030944 kind=0 logical=1330 seq=1330 ch=13 rssi=0
PR1HE t_us=11038791 kind=0 logical=1331 seq=1331 ch=7 rssi=0
PR1HE t_us=11046638 kind=0 logical=1332 seq=1332 ch=30 rssi=0
PR1HE t_us=11054476 kind=0 logical=1333 seq=1333 ch=34 rssi=0
PR1HE t_us=11062324 kind=0 logical=1334 seq=1334 ch=38 rssi=0
PR1HE t_us=11070166 kind=0 logical=1335 seq=1335 ch=14 rssi=0
PR1HE t_us=11078014 kind=0 logical=1336 seq=1336 ch=22 rssi=0
PR1HE t_us=11085854 kind=0 logical=1337 seq=1337 ch=31 rssi=0
PR1HE t_us=11093703 kind=0 logical=1338 seq=1338 ch=29 rssi=0
PR1HE t_us=11101541 kind=0 logical=1339 seq=1339 ch=12 rssi=0
PR1HE t_us=11109390 kind=0 logical=1340 seq=1340 ch=20 rssi=0
PR1HE t_us=11117232 kind=0 logical=1341 seq=1341 ch=9 rssi=0
PR1HE t_us=11125082 kind=0 logical=1342 seq=1342 ch=27 rssi=0
PR1HE t_us=11132933 kind=0 logical=1343 seq=1343 ch=5 rssi=0
PR1HE t_us=11140781 kind=0 logical=1344 seq=1344 ch=16 rssi=0
PR1HE t_us=11148626 kind=0 logical=1345 seq=1345 ch=36 rssi=0
PR1HE t_us=11156464 kind=0 logical=1346 seq=1346 ch=10 rssi=0
PR1HE t_us=11164311 kind=0 logical=1347 seq=1347 ch=18 rssi=0
PR1HE t_us=11172146 kind=0 logical=1348 seq=1348 ch=33 rssi=0
PR1HE t_us=11179991 kind=0 logical=1349 seq=1349 ch=2 rssi=0
PR1HE t_us=11187838 kind=0 logical=1350 seq=1350 ch=23 rssi=0
PR1HE t_us=11195683 kind=0 logical=1351 seq=1351 ch=17 rssi=0
PR1HE t_us=11203531 kind=0 logical=1352 seq=1352 ch=8 rssi=0
PR1HE t_us=11211417 kind=0 logical=1353 seq=1353 ch=6 rssi=0
PR1HE t_us=11219274 kind=0 logical=1354 seq=1354 ch=26 rssi=0
PR1HE t_us=11227113 kind=0 logical=1355 seq=1355 ch=21 rssi=0
PR1HE t_us=11234958 kind=0 logical=1356 seq=1356 ch=39 rssi=0
PR1HE t_us=11242810 kind=0 logical=1357 seq=1357 ch=24 rssi=0
PR1HE t_us=11250655 kind=0 logical=1358 seq=1358 ch=25 rssi=0
PR1HE t_us=11258501 kind=0 logical=1359 seq=1359 ch=35 rssi=0
PR1HE t_us=11266347 kind=0 logical=1360 seq=1360 ch=34 rssi=0
PR1HE t_us=11274188 kind=0 logical=1361 seq=1361 ch=22 rssi=0
PR1HE t_us=11282035 kind=0 logical=1362 seq=1362 ch=5 rssi=0
PR1HE t_us=11289882 kind=0 logical=1363 seq=1363 ch=6 rssi=0
PR1HE t_us=11297732 kind=0 logical=1364 seq=1364 ch=7 rssi=0
PR1HE t_us=11305577 kind=0 logical=1365 seq=1365 ch=25 rssi=0
PR1HE t_us=11313418 kind=0 logical=1366 seq=1366 ch=27 rssi=0
PR1HE t_us=11321263 kind=0 logical=1367 seq=1367 ch=19 rssi=0
PR1HE t_us=11329101 kind=0 logical=1368 seq=1368 ch=30 rssi=0
PR1HE t_us=11336951 kind=0 logical=1369 seq=1369 ch=38 rssi=0
PR1HE t_us=11344804 kind=0 logical=1370 seq=1370 ch=36 rssi=0
PR1HE t_us=11352655 kind=0 logical=1371 seq=1371 ch=14 rssi=0
PR1HE t_us=11360501 kind=0 logical=1372 seq=1372 ch=35 rssi=0
PR1HE t_us=11368347 kind=0 logical=1373 seq=1373 ch=13 rssi=0
PR1HE t_us=11376188 kind=0 logical=1374 seq=1374 ch=29 rssi=0
PR1HE t_us=11384035 kind=0 logical=1375 seq=1375 ch=8 rssi=0
PR1HE t_us=11391882 kind=0 logical=1376 seq=1376 ch=10 rssi=0
PR1HE t_us=11399732 kind=0 logical=1377 seq=1377 ch=9 rssi=0
PR1HE t_us=11407577 kind=0 logical=1378 seq=1378 ch=39 rssi=0
PR1HE t_us=11415418 kind=0 logical=1379 seq=1379 ch=32 rssi=0
PR1HE t_us=11423263 kind=0 logical=1380 seq=1380 ch=15 rssi=0
PR1HE t_us=11431101 kind=0 logical=1381 seq=1381 ch=20 rssi=0
PR1HE t_us=11438951 kind=0 logical=1382 seq=1382 ch=21 rssi=0
PR1HE t_us=11446804 kind=0 logical=1383 seq=1383 ch=3 rssi=0
PR1HE t_us=11454655 kind=0 logical=1384 seq=1384 ch=12 rssi=0
PR1HE t_us=11462501 kind=0 logical=1385 seq=1385 ch=18 rssi=0
PR1HE t_us=11470347 kind=0 logical=1386 seq=1386 ch=26 rssi=0
PR1HE t_us=11478188 kind=0 logical=1387 seq=1387 ch=17 rssi=0
PR1HE t_us=11486035 kind=0 logical=1388 seq=1388 ch=33 rssi=0
PR1HE t_us=11493882 kind=0 logical=1389 seq=1389 ch=2 rssi=0
PR1HE t_us=11501732 kind=0 logical=1390 seq=1390 ch=23 rssi=0
PR1HE t_us=11509577 kind=0 logical=1391 seq=1391 ch=31 rssi=0
PR1HE t_us=11517418 kind=0 logical=1392 seq=1392 ch=28 rssi=0
PR1HE t_us=11525263 kind=0 logical=1393 seq=1393 ch=1 rssi=0
PR1HE t_us=11533101 kind=0 logical=1394 seq=1394 ch=11 rssi=0
PR1HE t_us=11540945 kind=0 logical=1395 seq=1395 ch=16 rssi=0
PR1HE t_us=11548793 kind=0 logical=1396 seq=1396 ch=0 rssi=0
PR1HE t_us=11556642 kind=0 logical=1397 seq=1397 ch=37 rssi=0
PR1HE t_us=11564483 kind=0 logical=1398 seq=1398 ch=4 rssi=0
PR1HE t_us=11572330 kind=0 logical=1399 seq=1399 ch=24 rssi=0
PR1HE t_us=11580172 kind=0 logical=1400 seq=1400 ch=25 rssi=0
PR1HE t_us=11588018 kind=0 logical=1401 seq=1401 ch=28 rssi=0
PR1HE t_us=11595864 kind=0 logical=1402 seq=1402 ch=14 rssi=0
PR1HE t_us=11603714 kind=0 logical=1403 seq=1403 ch=32 rssi=0
PR1HE t_us=11611556 kind=0 logical=1404 seq=1404 ch=13 rssi=0
PR1HE t_us=11619399 kind=0 logical=1405 seq=1405 ch=27 rssi=0
PR1HE t_us=11627239 kind=0 logical=1406 seq=1406 ch=26 rssi=0
PR1HE t_us=11635089 kind=0 logical=1407 seq=1407 ch=2 rssi=0
PR1HE t_us=11642939 kind=0 logical=1408 seq=1408 ch=29 rssi=0
PR1HE t_us=11650791 kind=0 logical=1409 seq=1409 ch=16 rssi=0
PR1HE t_us=11658639 kind=0 logical=1410 seq=1410 ch=6 rssi=0
PR1HE t_us=11666483 kind=0 logical=1411 seq=1411 ch=19 rssi=0
PR1HE t_us=11674330 kind=0 logical=1412 seq=1412 ch=17 rssi=0
PR1HE t_us=11682172 kind=0 logical=1413 seq=1413 ch=24 rssi=0
PR1HE t_us=11690018 kind=0 logical=1414 seq=1414 ch=5 rssi=0
PR1HE t_us=11697864 kind=0 logical=1415 seq=1415 ch=33 rssi=0
PR1HE t_us=11705714 kind=0 logical=1416 seq=1416 ch=34 rssi=0
PR1HE t_us=11713556 kind=0 logical=1417 seq=1417 ch=8 rssi=0
PR1HE t_us=11721399 kind=0 logical=1418 seq=1418 ch=23 rssi=0
PR1HE t_us=11729239 kind=0 logical=1419 seq=1419 ch=35 rssi=0
PR1HE t_us=11737089 kind=0 logical=1420 seq=1420 ch=7 rssi=0
PR1HE t_us=11744933 kind=0 logical=1421 seq=1421 ch=4 rssi=0
PR1HE t_us=11752780 kind=0 logical=1422 seq=1422 ch=9 rssi=0
PR1HE t_us=11760631 kind=0 logical=1423 seq=1423 ch=12 rssi=0
PR1HE t_us=11768470 kind=0 logical=1424 seq=1424 ch=22 rssi=0
PR1HE t_us=11776314 kind=0 logical=1425 seq=1425 ch=0 rssi=0
PR1HE t_us=11784159 kind=0 logical=1426 seq=1426 ch=36 rssi=0
PR1HE t_us=11792006 kind=0 logical=1427 seq=1427 ch=15 rssi=0
PR1HE t_us=11799854 kind=0 logical=1428 seq=1428 ch=3 rssi=0
PR1HE t_us=11807702 kind=0 logical=1429 seq=1429 ch=1 rssi=0
PR1HE t_us=11815543 kind=0 logical=1430 seq=1430 ch=21 rssi=0
PR1HE t_us=11823388 kind=0 logical=1431 seq=1431 ch=10 rssi=0
PR1HE t_us=11831232 kind=0 logical=1432 seq=1432 ch=39 rssi=0
PR1HE t_us=11839078 kind=0 logical=1433 seq=1433 ch=20 rssi=0
PR1HE t_us=11846933 kind=0 logical=1434 seq=1434 ch=11 rssi=0
PR1HE t_us=11854780 kind=0 logical=1435 seq=1435 ch=37 rssi=0
PR1HE t_us=11862631 kind=0 logical=1436 seq=1436 ch=31 rssi=0
PR1HE t_us=11870470 kind=0 logical=1437 seq=1437 ch=38 rssi=0
PR1HE t_us=11878314 kind=0 logical=1438 seq=1438 ch=30 rssi=0
PR1HE t_us=11886159 kind=0 logical=1439 seq=1439 ch=18 rssi=0
PR1HE t_us=11894006 kind=0 logical=1440 seq=1440 ch=2 rssi=0
PR1HE t_us=11901854 kind=0 logical=1441 seq=1441 ch=9 rssi=0
PR1HE t_us=11909702 kind=0 logical=1442 seq=1442 ch=15 rssi=0
PR1HE t_us=11917543 kind=0 logical=1443 seq=1443 ch=34 rssi=0
PR1HE t_us=11925388 kind=0 logical=1444 seq=1444 ch=24 rssi=0
PR1HE t_us=11933232 kind=0 logical=1445 seq=1445 ch=0 rssi=0
PR1HE t_us=11941078 kind=0 logical=1446 seq=1446 ch=10 rssi=0
PR1HE t_us=11948933 kind=0 logical=1447 seq=1447 ch=7 rssi=0
PR1HE t_us=11956780 kind=0 logical=1448 seq=1448 ch=1 rssi=0
PR1HE t_us=11964631 kind=0 logical=1449 seq=1449 ch=29 rssi=0
PR1HE t_us=11972470 kind=0 logical=1450 seq=1450 ch=36 rssi=0
PR1HE t_us=11980314 kind=0 logical=1451 seq=1451 ch=38 rssi=0
PR1HE t_us=11988159 kind=0 logical=1452 seq=1452 ch=12 rssi=0
PR1HE t_us=11996006 kind=0 logical=1453 seq=1453 ch=25 rssi=0
PR1HE t_us=12003854 kind=0 logical=1454 seq=1454 ch=3 rssi=0
PR1HE t_us=12011702 kind=0 logical=1455 seq=1455 ch=17 rssi=0
PR1HE t_us=12019543 kind=0 logical=1456 seq=1456 ch=30 rssi=0
PR1HE t_us=12027388 kind=0 logical=1457 seq=1457 ch=35 rssi=0
PR1HE t_us=12035232 kind=0 logical=1458 seq=1458 ch=14 rssi=0
PR1HE t_us=12043078 kind=0 logical=1459 seq=1459 ch=32 rssi=0
PR1HE t_us=12050933 kind=0 logical=1460 seq=1460 ch=6 rssi=0
PR1HE t_us=12058780 kind=0 logical=1461 seq=1461 ch=20 rssi=0
PR1HE t_us=12066631 kind=0 logical=1462 seq=1462 ch=16 rssi=0
PR1HE t_us=12074470 kind=0 logical=1463 seq=1463 ch=21 rssi=0
PR1HE t_us=12082324 kind=0 logical=1464 seq=1464 ch=31 rssi=0
PR1HE t_us=12090171 kind=0 logical=1465 seq=1465 ch=23 rssi=0
PR1HE t_us=12098018 kind=0 logical=1466 seq=1466 ch=22 rssi=0
PR1HE t_us=12105864 kind=0 logical=1467 seq=1467 ch=8 rssi=0
PR1HE t_us=12113714 kind=0 logical=1468 seq=1468 ch=4 rssi=0
PR1HE t_us=12121555 kind=0 logical=1469 seq=1469 ch=19 rssi=0
PR1HE t_us=12129400 kind=0 logical=1470 seq=1470 ch=33 rssi=0
PR1HE t_us=12137243 kind=0 logical=1471 seq=1471 ch=39 rssi=0
PR1HA_BEGIN total=0 kept=0
PR1HE_END
