ESP-ROM:esp32s3-20210327
Build:Mar 27 2021
rst:0x15 (USB_UART_CHIP_RESET),boot:0x38 (SPI_FAST_FLASH_BOOT)
Saved PC:0x42028252
SPIWP:0xee
mode:DIO, clock div:1
load:0x3fce3808,len:0x44c
load:0x403c9700,len:0xbd8
load:0x403cc700,len:0x2a80
entry 0x403c98d0
PR1_RUNTIME_BOOT
runtime_profile=phase1-fixed-flrc-tx
runtime_role=tx
board_family=LILYGO T3-S3-MVSRBoard
board_reference_revision=V1.1 upstream reference
radio_target=SX1280
upstream_reference_commit=840a2e788b3192c4e9bddf0640c1ecaf703c2598
hardware_verified=0
protocol_version=1
protocol_header_bytes=16
rf_enabled=1
sx1280_spi_hz=2000000
sx1280_cs=7
sx1280_rst=8
sx1280_sclk=5
sx1280_mosi=6
sx1280_miso=3
sx1280_dio1=9
sx1280_busy=36
sx1280_tx_enable=10
sx1280_rx_enable=21
PR1_FIXED_FLRC_PROFILE
frequency_mhz=2404.000
bitrate_kbps=1300
coding_rate=3
output_dbm=0
tx_gap_us=150
packet_bytes=116
adaptive_layers=off
afh_enabled=1
afh_session_id=1
afh_session_seed=0x5052314441525431
afh_map_version=1
afh_active_channels=40
afh_resync_after_misses=8
afh_rendezvous_first=20
adaptive_map=0
afh_schedule_fp=18,21,5,3,0,6,29,20,36,25,9,24,14,28,37,17,30,10,32,26,31,7,22,35,16,1,2,12,39,13,15,11,38,19,33,23,34,4,27,8,16,19,10,17,24,21,5,14
PR1_RUNTIME_LIVE_READY
PR1T v=1 t_us=34775897 field=device_state value=2
PR1T v=1 t_us=34775897 field=scheduler_misses value=0
PR1T v=1 t_us=34775897 field=trace_overwrites value=34156
PR1T v=1 t_us=34775897 field=capability_mask value=12
PR1H t_us=35526897 session_id=1 map_version=1 locked=0 channel=31 logical=11679 retunes=11679 retune_failures=0 standby_failures=0 timeout_advances=0 resync_entries=0 locks=0 agree=0 disagree=0 period_est_us=0 max_consecutive_timeouts=0 retune_us_p99=72 retune_us_max=99 hop_compute_us_p99=45 hop_compute_us_max=45
PR1HQ acq_anchors=0 acq_crc=0 acq_frames=0 acq_done_us=0
PR1HC ok=292,292,292,292,292,292,292,292,292,292,292,292,292,292,292,292,292,292,292,292,292,292,292,292,292,292,292,292,292,292,292,292,292,292,292,292,291,292,292,292 crc=0,0,0,0,0,0,0,0,0,0,0,0,0,0,0,0,0,0,0,0,0,0,0,0,0,0,0,0,0,0,0,0,0,0,0,0,0,0,0,0
PR1HE_BEGIN total=12010 count=256
PR1HE t_us=35755999 kind=0 logical=11754 seq=11754 ch=21 rssi=0
PR1HE t_us=35758985 kind=0 logical=11755 seq=11755 ch=15 rssi=0
PR1HE t_us=35761976 kind=0 logical=11756 seq=11756 ch=35 rssi=0
PR1HE t_us=35764971 kind=0 logical=11757 seq=11757 ch=26 rssi=0
PR1HE t_us=35767962 kind=0 logical=11758 seq=11758 ch=38 rssi=0
PR1HE t_us=35770951 kind=0 logical=11759 seq=11759 ch=32 rssi=0
PR1HE t_us=35773939 kind=0 logical=11760 seq=11760 ch=25 rssi=0
PR1HE t_us=35776933 kind=0 logical=11761 seq=11761 ch=15 rssi=0
PR1HE t_us=35779927 kind=0 logical=11762 seq=11762 ch=14 rssi=0
PR1HE t_us=35782921 kind=0 logical=11763 seq=11763 ch=38 rssi=0
PR1HE t_us=35785915 kind=0 logical=11764 seq=11764 ch=16 rssi=0
PR1HE t_us=35788909 kind=0 logical=11765 seq=11765 ch=7 rssi=0
PR1HE t_us=35791904 kind=0 logical=11766 seq=11766 ch=17 rssi=0
PR1HE t_us=35794897 kind=0 logical=11767 seq=11767 ch=10 rssi=0
PR1HE t_us=35797884 kind=0 logical=11768 seq=11768 ch=31 rssi=0
PR1HE t_us=35800874 kind=0 logical=11769 seq=11769 ch=5 rssi=0
PR1HE t_us=35803868 kind=0 logical=11770 seq=11770 ch=2 rssi=0
PR1HE t_us=35806862 kind=0 logical=11771 seq=11771 ch=19 rssi=0
PR1HE t_us=35809856 kind=0 logical=11772 seq=11772 ch=29 rssi=0
PR1HE t_us=35812849 kind=0 logical=11773 seq=11773 ch=18 rssi=0
PR1HE t_us=35815839 kind=0 logical=11774 seq=11774 ch=28 rssi=0
PR1HE t_us=35818834 kind=0 logical=11775 seq=11775 ch=35 rssi=0
PR1HE t_us=35821814 kind=0 logical=11776 seq=11776 ch=26 rssi=0
PR1HE t_us=35824801 kind=0 logical=11777 seq=11777 ch=3 rssi=0
PR1HE t_us=35827789 kind=0 logical=11778 seq=11778 ch=37 rssi=0
PR1HE t_us=35830773 kind=0 logical=11779 seq=11779 ch=1 rssi=0
PR1HE t_us=35833755 kind=0 logical=11780 seq=11780 ch=0 rssi=0
PR1HE t_us=35836743 kind=0 logical=11781 seq=11781 ch=24 rssi=0
PR1HE t_us=35839729 kind=0 logical=11782 seq=11782 ch=13 rssi=0
PR1HE t_us=35842720 kind=0 logical=11783 seq=11783 ch=21 rssi=0
PR1HE t_us=35845708 kind=0 logical=11784 seq=11784 ch=20 rssi=0
PR1HE t_us=35848695 kind=0 logical=11785 seq=11785 ch=8 rssi=0
PR1HE t_us=35851684 kind=0 logical=11786 seq=11786 ch=22 rssi=0
PR1HE t_us=35854671 kind=0 logical=11787 seq=11787 ch=6 rssi=0
PR1HE t_us=35857659 kind=0 logical=11788 seq=11788 ch=32 rssi=0
PR1HE t_us=35860642 kind=0 logical=11789 seq=11789 ch=34 rssi=0
PR1HE t_us=35863630 kind=0 logical=11790 seq=11790 ch=30 rssi=0
PR1HE t_us=35866618 kind=0 logical=11791 seq=11791 ch=4 rssi=0
PR1HE t_us=35869607 kind=0 logical=11792 seq=11792 ch=39 rssi=0
PR1HE t_us=35872595 kind=0 logical=11793 seq=11793 ch=9 rssi=0
PR1HE t_us=35875588 kind=0 logical=11794 seq=11794 ch=33 rssi=0
PR1HE t_us=35878577 kind=0 logical=11795 seq=11795 ch=27 rssi=0
PR1HE t_us=35881564 kind=0 logical=11796 seq=11796 ch=11 rssi=0
PR1HE t_us=35884552 kind=0 logical=11797 seq=11797 ch=36 rssi=0
PR1HE t_us=35887541 kind=0 logical=11798 seq=11798 ch=23 rssi=0
PR1HE t_us=35890531 kind=0 logical=11799 seq=11799 ch=12 rssi=0
PR1HE t_us=35893524 kind=0 logical=11800 seq=11800 ch=10 rssi=0
PR1HE t_us=35896516 kind=0 logical=11801 seq=11801 ch=15 rssi=0
PR1HE t_us=35899507 kind=0 logical=11802 seq=11802 ch=33 rssi=0
PR1HE t_us=35902493 kind=0 logical=11803 seq=11803 ch=9 rssi=0
PR1HE t_us=35905481 kind=0 logical=11804 seq=11804 ch=4 rssi=0
PR1HE t_us=35908470 kind=0 logical=11805 seq=11805 ch=24 rssi=0
PR1HE t_us=35911454 kind=0 logical=11806 seq=11806 ch=37 rssi=0
PR1HE t_us=35914442 kind=0 logical=11807 seq=11807 ch=20 rssi=0
PR1HE t_us=35917425 kind=0 logical=11808 seq=11808 ch=34 rssi=0
PR1HE t_us=35920413 kind=0 logical=11809 seq=11809 ch=22 rssi=0
PR1HE t_us=35923402 kind=0 logical=11810 seq=11810 ch=19 rssi=0
PR1HE t_us=35926388 kind=0 logical=11811 seq=11811 ch=18 rssi=0
PR1HE t_us=35929376 kind=0 logical=11812 seq=11812 ch=16 rssi=0
PR1HE t_us=35932363 kind=0 logical=11813 seq=11813 ch=13 rssi=0
PR1HE t_us=35935346 kind=0 logical=11814 seq=11814 ch=11 rssi=0
PR1HE t_us=35938332 kind=0 logical=11815 seq=11815 ch=0 rssi=0
PR1HE t_us=35941319 kind=0 logical=11816 seq=11816 ch=25 rssi=0
PR1HE t_us=35944306 kind=0 logical=11817 seq=11817 ch=3 rssi=0
PR1HE t_us=35947302 kind=0 logical=11818 seq=11818 ch=36 rssi=0
PR1HE t_us=35950296 kind=0 logical=11819 seq=11819 ch=17 rssi=0
PR1HE t_us=35953291 kind=0 logical=11820 seq=11820 ch=6 rssi=0
PR1HE t_us=35956285 kind=0 logical=11821 seq=11821 ch=28 rssi=0
PR1HE t_us=35959279 kind=0 logical=11822 seq=11822 ch=35 rssi=0
PR1HE t_us=35962271 kind=0 logical=11823 seq=11823 ch=5 rssi=0
PR1HE t_us=35965265 kind=0 logical=11824 seq=11824 ch=21 rssi=0
PR1HE t_us=35968259 kind=0 logical=11825 seq=11825 ch=29 rssi=0
PR1HE t_us=35971248 kind=0 logical=11826 seq=11826 ch=32 rssi=0
PR1HE t_us=35974235 kind=0 logical=11827 seq=11827 ch=23 rssi=0
PR1HE t_us=35977223 kind=0 logical=11828 seq=11828 ch=1 rssi=0
PR1HE t_us=35980214 kind=0 logical=11829 seq=11829 ch=27 rssi=0
PR1HE t_us=35983206 kind=0 logical=11830 seq=11830 ch=39 rssi=0
PR1HE t_us=35986204 kind=0 logical=11831 seq=11831 ch=2 rssi=0
PR1HE t_us=35989199 kind=0 logical=11832 seq=11832 ch=7 rssi=0
PR1HE t_us=35992193 kind=0 logical=11833 seq=11833 ch=38 rssi=0
PR1HE t_us=35995187 kind=0 logical=11834 seq=11834 ch=30 rssi=0
PR1HE t_us=35998176 kind=0 logical=11835 seq=11835 ch=8 rssi=0
PR1HE t_us=36001165 kind=0 logical=11836 seq=11836 ch=14 rssi=0
PR1HE t_us=36004164 kind=0 logical=11837 seq=11837 ch=26 rssi=0
PR1HE t_us=36007158 kind=0 logical=11838 seq=11838 ch=31 rssi=0
PR1HE t_us=36010150 kind=0 logical=11839 seq=11839 ch=12 rssi=0
PR1HE t_us=36013145 kind=0 logical=11840 seq=11840 ch=17 rssi=0
PR1HE t_us=36016138 kind=0 logical=11841 seq=11841 ch=5 rssi=0
PR1HE t_us=36019132 kind=0 logical=11842 seq=11842 ch=22 rssi=0
PR1HE t_us=36022120 kind=0 logical=11843 seq=11843 ch=8 rssi=0
PR1HE t_us=36025115 kind=0 logical=11844 seq=11844 ch=6 rssi=0
PR1HE t_us=36028108 kind=0 logical=11845 seq=11845 ch=23 rssi=0
PR1HE t_us=36031102 kind=0 logical=11846 seq=11846 ch=0 rssi=0
PR1HE t_us=36034097 kind=0 logical=11847 seq=11847 ch=1 rssi=0
PR1HE t_us=36037082 kind=0 logical=11848 seq=11848 ch=9 rssi=0
PR1HE t_us=36040072 kind=0 logical=11849 seq=11849 ch=24 rssi=0
PR1HE t_us=36043067 kind=0 logical=11850 seq=11850 ch=25 rssi=0
PR1HE t_us=36046067 kind=0 logical=11851 seq=11851 ch=39 rssi=0
PR1HE t_us=36049067 kind=0 logical=11852 seq=11852 ch=3 rssi=0
PR1HE t_us=36052058 kind=0 logical=11853 seq=11853 ch=20 rssi=0
PR1HE t_us=36055053 kind=0 logical=11854 seq=11854 ch=36 rssi=0
PR1HE t_us=36058043 kind=0 logical=11855 seq=11855 ch=15 rssi=0
PR1HE t_us=36061035 kind=0 logical=11856 seq=11856 ch=38 rssi=0
PR1HE t_us=36064031 kind=0 logical=11857 seq=11857 ch=13 rssi=0
PR1HE t_us=36067029 kind=0 logical=11858 seq=11858 ch=30 rssi=0
PR1HE t_us=36070024 kind=0 logical=11859 seq=11859 ch=7 rssi=0
PR1HE t_us=36073021 kind=0 logical=11860 seq=11860 ch=2 rssi=0
PR1HE t_us=36076017 kind=0 logical=11861 seq=11861 ch=18 rssi=0
PR1HE t_us=36079010 kind=0 logical=11862 seq=11862 ch=12 rssi=0
PR1HE t_us=36081999 kind=0 logical=11863 seq=11863 ch=27 rssi=0
PR1HE t_us=36084983 kind=0 logical=11864 seq=11864 ch=28 rssi=0
PR1HE t_us=36087977 kind=0 logical=11865 seq=11865 ch=32 rssi=0
PR1HE t_us=36090971 kind=0 logical=11866 seq=11866 ch=31 rssi=0
PR1HE t_us=36093962 kind=0 logical=11867 seq=11867 ch=29 rssi=0
PR1HE t_us=36096958 kind=0 logical=11868 seq=11868 ch=26 rssi=0
PR1HE t_us=36099951 kind=0 logical=11869 seq=11869 ch=14 rssi=0
PR1HE t_us=36102939 kind=0 logical=11870 seq=11870 ch=4 rssi=0
PR1HE t_us=36105933 kind=0 logical=11871 seq=11871 ch=21 rssi=0
PR1HE t_us=36108927 kind=0 logical=11872 seq=11872 ch=19 rssi=0
PR1HE t_us=36111920 kind=0 logical=11873 seq=11873 ch=34 rssi=0
PR1HE t_us=36114909 kind=0 logical=11874 seq=11874 ch=33 rssi=0
PR1HE t_us=36117902 kind=0 logical=11875 seq=11875 ch=37 rssi=0
PR1HE t_us=36120886 kind=0 logical=11876 seq=11876 ch=10 rssi=0
PR1HE t_us=36123874 kind=0 logical=11877 seq=11877 ch=11 rssi=0
PR1HE t_us=36126867 kind=0 logical=11878 seq=11878 ch=16 rssi=0
PR1HE t_us=36129863 kind=0 logical=11879 seq=11879 ch=35 rssi=0
PR1HE t_us=36132856 kind=0 logical=11880 seq=11880 ch=32 rssi=0
PR1HE t_us=36135845 kind=0 logical=11881 seq=11881 ch=9 rssi=0
PR1HE t_us=36138834 kind=0 logical=11882 seq=11882 ch=30 rssi=0
PR1HE t_us=36141815 kind=0 logical=11883 seq=11883 ch=37 rssi=0
PR1HE t_us=36144804 kind=0 logical=11884 seq=11884 ch=36 rssi=0
PR1HE t_us=36147790 kind=0 logical=11885 seq=11885 ch=31 rssi=0
PR1HE t_us=36150774 kind=0 logical=11886 seq=11886 ch=38 rssi=0
PR1HE t_us=36153756 kind=0 logical=11887 seq=11887 ch=27 rssi=0
PR1HE t_us=36156743 kind=0 logical=11888 seq=11888 ch=20 rssi=0
PR1HE t_us=36159729 kind=0 logical=11889 seq=11889 ch=14 rssi=0
PR1HE t_us=36162720 kind=0 logical=11890 seq=11890 ch=6 rssi=0
PR1HE t_us=36165708 kind=0 logical=11891 seq=11891 ch=1 rssi=0
PR1HE t_us=36168694 kind=0 logical=11892 seq=11892 ch=4 rssi=0
PR1HE t_us=36171684 kind=0 logical=11893 seq=11893 ch=5 rssi=0
PR1HE t_us=36174672 kind=0 logical=11894 seq=11894 ch=0 rssi=0
PR1HE t_us=36177659 kind=0 logical=11895 seq=11895 ch=18 rssi=0
PR1HE t_us=36180642 kind=0 logical=11896 seq=11896 ch=39 rssi=0
PR1HE t_us=36183630 kind=0 logical=11897 seq=11897 ch=11 rssi=0
PR1HE t_us=36186619 kind=0 logical=11898 seq=11898 ch=17 rssi=0
PR1HE t_us=36189611 kind=0 logical=11899 seq=11899 ch=28 rssi=0
PR1HE t_us=36192606 kind=0 logical=11900 seq=11900 ch=12 rssi=0
PR1HE t_us=36195595 kind=0 logical=11901 seq=11901 ch=25 rssi=0
PR1HE t_us=36198588 kind=0 logical=11902 seq=11902 ch=3 rssi=0
PR1HE t_us=36201577 kind=0 logical=11903 seq=11903 ch=21 rssi=0
PR1HE t_us=36204564 kind=0 logical=11904 seq=11904 ch=26 rssi=0
PR1HE t_us=36207557 kind=0 logical=11905 seq=11905 ch=2 rssi=0
PR1HE t_us=36210552 kind=0 logical=11906 seq=11906 ch=15 rssi=0
PR1HE t_us=36213547 kind=0 logical=11907 seq=11907 ch=22 rssi=0
PR1HE t_us=36216532 kind=0 logical=11908 seq=11908 ch=10 rssi=0
PR1HE t_us=36219524 kind=0 logical=11909 seq=11909 ch=16 rssi=0
PR1HE t_us=36222517 kind=0 logical=11910 seq=11910 ch=29 rssi=0
PR1HE t_us=36225507 kind=0 logical=11911 seq=11911 ch=13 rssi=0
PR1HE t_us=36228493 kind=0 logical=11912 seq=11912 ch=23 rssi=0
PR1HE t_us=36231481 kind=0 logical=11913 seq=11913 ch=7 rssi=0
PR1HE t_us=36234470 kind=0 logical=11914 seq=11914 ch=19 rssi=0
PR1HE t_us=36237454 kind=0 logical=11915 seq=11915 ch=33 rssi=0
PR1HE t_us=36240442 kind=0 logical=11916 seq=11916 ch=35 rssi=0
PR1HE t_us=36243425 kind=0 logical=11917 seq=11917 ch=8 rssi=0
PR1HE t_us=36246413 kind=0 logical=11918 seq=11918 ch=24 rssi=0
PR1HE t_us=36249402 kind=0 logical=11919 seq=11919 ch=34 rssi=0
PR1HE t_us=36252388 kind=0 logical=11920 seq=11920 ch=22 rssi=0
PR1HE t_us=36255376 kind=0 logical=11921 seq=11921 ch=39 rssi=0
PR1HE t_us=36258363 kind=0 logical=11922 seq=11922 ch=12 rssi=0
PR1HE t_us=36261346 kind=0 logical=11923 seq=11923 ch=33 rssi=0
PR1HE t_us=36264332 kind=0 logical=11924 seq=11924 ch=4 rssi=0
PR1HE t_us=36267319 kind=0 logical=11925 seq=11925 ch=10 rssi=0
PR1HE t_us=36270306 kind=0 logical=11926 seq=11926 ch=32 rssi=0
PR1HE t_us=36273302 kind=0 logical=11927 seq=11927 ch=29 rssi=0
PR1HE t_us=36276297 kind=0 logical=11928 seq=11928 ch=38 rssi=0
PR1HE t_us=36279290 kind=0 logical=11929 seq=11929 ch=18 rssi=0
PR1HE t_us=36282283 kind=0 logical=11930 seq=11930 ch=30 rssi=0
PR1HE t_us=36285271 kind=0 logical=11931 seq=11931 ch=11 rssi=0
PR1HE t_us=36288266 kind=0 logical=11932 seq=11932 ch=34 rssi=0
PR1HE t_us=36291260 kind=0 logical=11933 seq=11933 ch=0 rssi=0
PR1HE t_us=36294253 kind=0 logical=11934 seq=11934 ch=16 rssi=0
PR1HE t_us=36297248 kind=0 logical=11935 seq=11935 ch=25 rssi=0
PR1HE t_us=36300235 kind=0 logical=11936 seq=11936 ch=13 rssi=0
PR1HE t_us=36303223 kind=0 logical=11937 seq=11937 ch=7 rssi=0
PR1HE t_us=36306214 kind=0 logical=11938 seq=11938 ch=21 rssi=0
PR1HE t_us=36309206 kind=0 logical=11939 seq=11939 ch=19 rssi=0
PR1HE t_us=36312204 kind=0 logical=11940 seq=11940 ch=17 rssi=0
PR1HE t_us=36315199 kind=0 logical=11941 seq=11941 ch=28 rssi=0
PR1HE t_us=36318193 kind=0 logical=11942 seq=11942 ch=1 rssi=0
PR1HE t_us=36321187 kind=0 logical=11943 seq=11943 ch=2 rssi=0
PR1HE t_us=36324176 kind=0 logical=11944 seq=11944 ch=23 rssi=0
PR1HE t_us=36327165 kind=0 logical=11945 seq=11945 ch=8 rssi=0
PR1HE t_us=36330164 kind=0 logical=11946 seq=11946 ch=20 rssi=0
PR1HE t_us=36333158 kind=0 logical=11947 seq=11947 ch=9 rssi=0
PR1HE t_us=36336150 kind=0 logical=11948 seq=11948 ch=5 rssi=0
PR1HE t_us=36339145 kind=0 logical=11949 seq=11949 ch=6 rssi=0
PR1HE t_us=36342138 kind=0 logical=11950 seq=11950 ch=26 rssi=0
PR1HE t_us=36345132 kind=0 logical=11951 seq=11951 ch=14 rssi=0
PR1HE t_us=36348120 kind=0 logical=11952 seq=11952 ch=36 rssi=0
PR1HE t_us=36351115 kind=0 logical=11953 seq=11953 ch=3 rssi=0
PR1HE t_us=36354108 kind=0 logical=11954 seq=11954 ch=24 rssi=0
PR1HE t_us=36357102 kind=0 logical=11955 seq=11955 ch=35 rssi=0
PR1HE t_us=36360097 kind=0 logical=11956 seq=11956 ch=27 rssi=0
PR1HE t_us=36363082 kind=0 logical=11957 seq=11957 ch=37 rssi=0
PR1HE t_us=36366072 kind=0 logical=11958 seq=11958 ch=31 rssi=0
PR1HE t_us=36369067 kind=0 logical=11959 seq=11959 ch=15 rssi=0
PR1HE t_us=36372058 kind=0 logical=11960 seq=11960 ch=18 rssi=0
PR1HE t_us=36375053 kind=0 logical=11961 seq=11961 ch=23 rssi=0
PR1HE t_us=36378043 kind=0 logical=11962 seq=11962 ch=19 rssi=0
PR1HE t_us=36381035 kind=0 logical=11963 seq=11963 ch=4 rssi=0
PR1HE t_us=36384031 kind=0 logical=11964 seq=11964 ch=17 rssi=0
PR1HE t_us=36387029 kind=0 logical=11965 seq=11965 ch=25 rssi=0
PR1HE t_us=36390024 kind=0 logical=11966 seq=11966 ch=0 rssi=0
PR1HE t_us=36393021 kind=0 logical=11967 seq=11967 ch=26 rssi=0
PR1HE t_us=36396017 kind=0 logical=11968 seq=11968 ch=27 rssi=0
PR1HE t_us=36399010 kind=0 logical=11969 seq=11969 ch=1 rssi=0
PR1HE t_us=36401999 kind=0 logical=11970 seq=11970 ch=37 rssi=0
PR1HE t_us=36404983 kind=0 logical=11971 seq=11971 ch=12 rssi=0
PR1HE t_us=36407977 kind=0 logical=11972 seq=11972 ch=8 rssi=0
PR1HE t_us=36410971 kind=0 logical=11973 seq=11973 ch=30 rssi=0
PR1HE t_us=36413962 kind=0 logical=11974 seq=11974 ch=38 rssi=0
PR1HE t_us=36416958 kind=0 logical=11975 seq=11975 ch=15 rssi=0
PR1HE t_us=36419951 kind=0 logical=11976 seq=11976 ch=22 rssi=0
PR1HE t_us=36422939 kind=0 logical=11977 seq=11977 ch=20 rssi=0
PR1HE t_us=36425933 kind=0 logical=11978 seq=11978 ch=10 rssi=0
PR1HE t_us=36428927 kind=0 logical=11979 seq=11979 ch=36 rssi=0
PR1HE t_us=36431920 kind=0 logical=11980 seq=11980 ch=39 rssi=0
PR1HE t_us=36434909 kind=0 logical=11981 seq=11981 ch=31 rssi=0
PR1HE t_us=36437902 kind=0 logical=11982 seq=11982 ch=9 rssi=0
PR1HE t_us=36440886 kind=0 logical=11983 seq=11983 ch=6 rssi=0
PR1HE t_us=36443874 kind=0 logical=11984 seq=11984 ch=29 rssi=0
PR1HE t_us=36446867 kind=0 logical=11985 seq=11985 ch=7 rssi=0
PR1HE t_us=36449863 kind=0 logical=11986 seq=11986 ch=11 rssi=0
PR1HE t_us=36452856 kind=0 logical=11987 seq=11987 ch=35 rssi=0
PR1HE t_us=36455845 kind=0 logical=11988 seq=11988 ch=21 rssi=0
PR1HE t_us=36458834 kind=0 logical=11989 seq=11989 ch=28 rssi=0
PR1HE t_us=36461815 kind=0 logical=11990 seq=11990 ch=16 rssi=0
PR1HE t_us=36464804 kind=0 logical=11991 seq=11991 ch=3 rssi=0
PR1HE t_us=36467790 kind=0 logical=11992 seq=11992 ch=32 rssi=0
PR1HE t_us=36470774 kind=0 logical=11993 seq=11993 ch=14 rssi=0
PR1HE t_us=36473756 kind=0 logical=11994 seq=11994 ch=13 rssi=0
PR1HE t_us=36476743 kind=0 logical=11995 seq=11995 ch=2 rssi=0
PR1HE t_us=36479729 kind=0 logical=11996 seq=11996 ch=33 rssi=0
PR1HE t_us=36482720 kind=0 logical=11997 seq=11997 ch=24 rssi=0
PR1HE t_us=36485708 kind=0 logical=11998 seq=11998 ch=34 rssi=0
PR1HE t_us=36488694 kind=0 logical=11999 seq=11999 ch=5 rssi=0
PR1HE t_us=36491684 kind=0 logical=12000 seq=12000 ch=8 rssi=0
PR1HE t_us=36494672 kind=0 logical=12001 seq=12001 ch=10 rssi=0
PR1HE t_us=36497659 kind=0 logical=12002 seq=12002 ch=1 rssi=0
PR1HE t_us=36500642 kind=0 logical=12003 seq=12003 ch=0 rssi=0
PR1HE t_us=36503630 kind=0 logical=12004 seq=12004 ch=5 rssi=0
PR1HE t_us=36506619 kind=0 logical=12005 seq=12005 ch=33 rssi=0
PR1HE t_us=36509611 kind=0 logical=12006 seq=12006 ch=9 rssi=0
PR1HE t_us=36512606 kind=0 logical=12007 seq=12007 ch=23 rssi=0
PR1HE t_us=36515595 kind=0 logical=12008 seq=12008 ch=25 rssi=0
PR1HE t_us=36518588 kind=0 logical=12009 seq=12009 ch=28 rssi=0
PR1HA_BEGIN total=0 kept=0
PR1HE_END
