ESP-ROM:esp32s3-20210327
Build:Mar 27 2021
rst:0x15 (USB_UART_CHIP_RESET),boot:0x38 (SPI_FAST_FLASH_BOOT)
Saved PC:0x420271be
SPIWP:0xee
mode:DIO, clock div:1
load:0x3fce3808,len:0x44c
load:0x403c9700,len:0xbd8
load:0x403cc700,len:0x2a80
entry 0x403c98d0
PR1_RUNTIME_BOOT
runtime_profile=phase1-fixed-flrc-rx
runtime_role=rx
board_family=LILYGO T3-S3-MVSRBoard
board_reference_revision=V1.1 upstream reference
radio_target=SX1280
upstream_reference_commit=840a2e788b3192c4e9bddf0640c1ecaf703c2598
hardware_verified=0
protocol_version=1
protocol_header_bytes=16
rf_enabled=1
sx1280_spi_hz=2000000
sx1280_cs=7
sx1280_rst=8
sx1280_sclk=5
sx1280_mosi=6
sx1280_miso=3
sx1280_dio1=9
sx1280_busy=36
sx1280_tx_enable=10
sx1280_rx_enable=21
PR1_FIXED_FLRC_PROFILE
frequency_mhz=2404.000
bitrate_kbps=1300
coding_rate=3
output_dbm=0
tx_gap_us=5000
packet_bytes=116
adaptive_layers=off
PR1_RUNTIME_LIVE_READY
PR1T v=1 t_us=19147736 field=device_state value=2
PR1T v=1 t_us=19147736 field=rssi_dbm value=-70
PR1T v=1 t_us=19147736 field=crc_good value=6427
PR1T v=1 t_us=19147736 field=crc_bad value=4
PR1T v=1 t_us=19147736 field=missing value=6
PR1T v=1 t_us=19147736 field=queue_depth value=0
PR1T v=1 t_us=19147736 field=max_queue_depth value=1
PR1T v=1 t_us=19147736 field=irq_to_spi_us value=6
PR1T v=1 t_us=19147736 field=spi_duration_us value=1246
PR1T v=1 t_us=19147736 field=rx_processing_us value=1248
PR1T v=1 t_us=19147736 field=spi_end_to_rearm_start_us value=137
PR1T v=1 t_us=19147736 field=rx_rearm_us value=422
PR1T v=1 t_us=19147736 field=irq_to_rx_ready_us value=1794
PR1T v=1 t_us=19147736 field=trace_overwrites value=57751
PR1T v=1 t_us=19147736 field=capability_mask value=12
PR1T v=1 t_us=19913323 field=device_state value=2
PR1T v=1 t_us=19913323 field=rssi_dbm value=-69
PR1T v=1 t_us=19913323 field=crc_good value=6691
PR1T v=1 t_us=19913323 field=crc_bad value=4
PR1T v=1 t_us=19913323 field=missing value=7
PR1T v=1 t_us=19913323 field=queue_depth value=0
PR1T v=1 t_us=19913323 field=max_queue_depth value=1
PR1T v=1 t_us=19913323 field=irq_to_spi_us value=10
PR1T v=1 t_us=19913323 field=spi_duration_us value=1247
PR1T v=1 t_us=19913323 field=rx_processing_us value=1249
PR1T v=1 t_us=19913323 field=spi_end_to_rearm_start_us value=138
PR1T v=1 t_us=19913323 field=rx_rearm_us value=422
PR1T v=1 t_us=19913323 field=irq_to_rx_ready_us value=1795
PR1T v=1 t_us=19913323 field=trace_overwrites value=60127
PR1T v=1 t_us=19913323 field=capability_mask value=12
PR1T v=1 t_us=20679918 field=device_state value=2
PR1T v=1 t_us=20679918 field=rssi_dbm value=-69
PR1T v=1 t_us=20679918 field=crc_good value=6956
PR1T v=1 t_us=20679918 field=crc_bad value=4
PR1T v=1 t_us=20679918 field=missing value=8
PR1T v=1 t_us=20679918 field=queue_depth value=0
PR1T v=1 t_us=20679918 field=max_queue_depth value=1
PR1T v=1 t_us=20679918 field=irq_to_spi_us value=6
PR1T v=1 t_us=20679918 field=spi_duration_us value=1246
PR1T v=1 t_us=20679918 field=rx_processing_us value=1248
PR1T v=1 t_us=20679918 field=spi_end_to_rearm_start_us value=138
PR1T v=1 t_us=20679918 field=rx_rearm_us value=421
PR1T v=1 t_us=20679918 field=irq_to_rx_ready_us value=1795
PR1T v=1 t_us=20679918 field=trace_overwrites value=62512
PR1T v=1 t_us=20679918 field=capability_mask value=12
PR1T v=1 t_us=21441821 field=device_state value=2
PR1T v=1 t_us=21441821 field=rssi_dbm value=-69
PR1T v=1 t_us=21441821 field=crc_good value=7219
PR1T v=1 t_us=21441821 field=crc_bad value=4
PR1T v=1 t_us=21441821 field=missing value=9
PR1T v=1 t_us=21441821 field=queue_depth value=0
PR1T v=1 t_us=21441821 field=max_queue_depth value=1
PR1T v=1 t_us=21441821 field=irq_to_spi_us value=12
PR1T v=1 t_us=21441821 field=spi_duration_us value=1246
PR1T v=1 t_us=21441821 field=rx_processing_us value=1248
PR1T v=1 t_us=21441821 field=spi_end_to_rearm_start_us value=137
PR1T v=1 t_us=21441821 field=rx_rearm_us value=421
PR1T v=1 t_us=21441821 field=irq_to_rx_ready_us value=1794
PR1T v=1 t_us=21441821 field=trace_overwrites value=64879
PR1T v=1 t_us=21441821 field=capability_mask value=12
PR1T v=1 t_us=22206793 field=device_state value=2
PR1T v=1 t_us=22206793 field=rssi_dbm value=-69
PR1T v=1 t_us=22206793 field=crc_good value=7483
PR1T v=1 t_us=22206793 field=crc_bad value=4
PR1T v=1 t_us=22206793 field=missing value=10
PR1T v=1 t_us=22206793 field=queue_depth value=0
PR1T v=1 t_us=22206793 field=max_queue_depth value=1
PR1T v=1 t_us=22206793 field=irq_to_spi_us value=5
PR1T v=1 t_us=22206793 field=spi_duration_us value=1248
PR1T v=1 t_us=22206793 field=rx_processing_us value=1250
PR1T v=1 t_us=22206793 field=spi_end_to_rearm_start_us value=138
PR1T v=1 t_us=22206793 field=rx_rearm_us value=420
PR1T v=1 t_us=22206793 field=irq_to_rx_ready_us value=1795
PR1T v=1 t_us=22206793 field=trace_overwrites value=67255
PR1T v=1 t_us=22206793 field=capability_mask value=12
PR1T v=1 t_us=22971809 field=device_state value=2
PR1T v=1 t_us=22971809 field=rssi_dbm value=-69
PR1T v=1 t_us=22971809 field=crc_good value=7747
PR1T v=1 t_us=22971809 field=crc_bad value=4
PR1T v=1 t_us=22971809 field=missing value=11
PR1T v=1 t_us=22971809 field=queue_depth value=0
PR1T v=1 t_us=22971809 field=max_queue_depth value=1
PR1T v=1 t_us=22971809 field=irq_to_spi_us value=6
PR1T v=1 t_us=22971809 field=spi_duration_us value=1245
PR1T v=1 t_us=22971809 field=rx_processing_us value=1247
PR1T v=1 t_us=22971809 field=spi_end_to_rearm_start_us value=137
PR1T v=1 t_us=22971809 field=rx_rearm_us value=427
PR1T v=1 t_us=22971809 field=irq_to_rx_ready_us value=1794
PR1T v=1 t_us=22971809 field=trace_overwrites value=69631
PR1T v=1 t_us=22971809 field=capability_mask value=12
PR1T v=1 t_us=23734004 field=device_state value=2
PR1T v=1 t_us=23734004 field=rssi_dbm value=-69
PR1T v=1 t_us=23734004 field=crc_good value=8010
PR1T v=1 t_us=23734004 field=crc_bad value=4
PR1T v=1 t_us=23734004 field=missing value=12
PR1T v=1 t_us=23734004 field=queue_depth value=0
PR1T v=1 t_us=23734004 field=max_queue_depth value=1
PR1T v=1 t_us=23734004 field=irq_to_spi_us value=6
PR1T v=1 t_us=23734004 field=spi_duration_us value=1245
PR1T v=1 t_us=23734004 field=rx_processing_us value=1247
PR1T v=1 t_us=23734004 field=spi_end_to_rearm_start_us value=137
PR1T v=1 t_us=23734004 field=rx_rearm_us value=420
PR1T v=1 t_us=23734004 field=irq_to_rx_ready_us value=1793
PR1T v=1 t_us=23734004 field=trace_overwrites value=71998
PR1T v=1 t_us=23734004 field=capability_mask value=12
PR1T v=1 t_us=24494855 field=device_state value=2
PR1T v=1 t_us=24494855 field=rssi_dbm value=-70
PR1T v=1 t_us=24494855 field=crc_good value=8273
PR1T v=1 t_us=24494855 field=crc_bad value=4
PR1T v=1 t_us=24494855 field=missing value=13
PR1T v=1 t_us=24494855 field=queue_depth value=0
PR1T v=1 t_us=24494855 field=max_queue_depth value=1
PR1T v=1 t_us=24494855 field=irq_to_spi_us value=5
PR1T v=1 t_us=24494855 field=spi_duration_us value=1246
PR1T v=1 t_us=24494855 field=rx_processing_us value=1247
PR1T v=1 t_us=24494855 field=spi_end_to_rearm_start_us value=137
PR1T v=1 t_us=24494855 field=rx_rearm_us value=421
PR1T v=1 t_us=24494855 field=irq_to_rx_ready_us value=1791
PR1T v=1 t_us=24494855 field=trace_overwrites value=74365
PR1T v=1 t_us=24494855 field=capability_mask value=12
PR1T v=1 t_us=25254452 field=device_state value=2
PR1T v=1 t_us=25254452 field=rssi_dbm value=-69
PR1T v=1 t_us=25254452 field=crc_good value=8535
PR1T v=1 t_us=25254452 field=crc_bad value=4
PR1T v=1 t_us=25254452 field=missing value=14
PR1T v=1 t_us=25254452 field=queue_depth value=0
PR1T v=1 t_us=25254452 field=max_queue_depth value=1
PR1T v=1 t_us=25254452 field=irq_to_spi_us value=10
PR1T v=1 t_us=25254452 field=spi_duration_us value=1246
PR1T v=1 t_us=25254452 field=rx_processing_us value=1248
PR1T v=1 t_us=25254452 field=spi_end_to_rearm_start_us value=137
PR1T v=1 t_us=25254452 field=rx_rearm_us value=421
PR1T v=1 t_us=25254452 field=irq_to_rx_ready_us value=1794
PR1T v=1 t_us=25254452 field=trace_overwrites value=76723
PR1T v=1 t_us=25254452 field=capability_mask value=12
PR1T v=1 t_us=26015402 field=device_state value=2
PR1T v=1 t_us=26015402 field=rssi_dbm value=-69
PR1T v=1 t_us=26015402 field=crc_good value=8798
PR1T v=1 t_us=26015402 field=crc_bad value=4
PR1T v=1 t_us=26015402 field=missing value=15
PR1T v=1 t_us=26015402 field=queue_depth value=0
PR1T v=1 t_us=26015402 field=max_queue_depth value=1
PR1T v=1 t_us=26015402 field=irq_to_spi_us value=6
PR1T v=1 t_us=26015402 field=spi_duration_us value=1245
PR1T v=1 t_us=26015402 field=rx_processing_us value=1247
PR1T v=1 t_us=26015402 field=spi_end_to_rearm_start_us value=138
PR1T v=1 t_us=26015402 field=rx_rearm_us value=421
PR1T v=1 t_us=26015402 field=irq_to_rx_ready_us value=1793
PR1T v=1 t_us=26015402 field=trace_overwrites value=79090
PR1T v=1 t_us=26015402 field=capability_mask value=12
PR1T v=1 t_us=26777209 field=device_state value=2
PR1T v=1 t_us=26777209 field=rssi_dbm value=-69
PR1T v=1 t_us=26777209 field=crc_good value=9061
PR1T v=1 t_us=26777209 field=crc_bad value=4
PR1T v=1 t_us=26777209 field=missing value=16
PR1T v=1 t_us=26777209 field=queue_depth value=0
PR1T v=1 t_us=26777209 field=max_queue_depth value=1
PR1T v=1 t_us=26777209 field=irq_to_spi_us value=6
PR1T v=1 t_us=26777209 field=spi_duration_us value=1249
PR1T v=1 t_us=26777209 field=rx_processing_us value=1250
PR1T v=1 t_us=26777209 field=spi_end_to_rearm_start_us value=137
PR1T v=1 t_us=26777209 field=rx_rearm_us value=416
PR1T v=1 t_us=26777209 field=irq_to_rx_ready_us value=1791
PR1T v=1 t_us=26777209 field=trace_overwrites value=81457
PR1T v=1 t_us=26777209 field=capability_mask value=12
PR1T v=1 t_us=27539004 field=device_state value=2
PR1T v=1 t_us=27539004 field=rssi_dbm value=-69
PR1T v=1 t_us=27539004 field=crc_good value=9324
PR1T v=1 t_us=27539004 field=crc_bad value=4
PR1T v=1 t_us=27539004 field=missing value=17
PR1T v=1 t_us=27539004 field=queue_depth value=0
PR1T v=1 t_us=27539004 field=max_queue_depth value=1
PR1T v=1 t_us=27539004 field=irq_to_spi_us value=11
PR1T v=1 t_us=27539004 field=spi_duration_us value=1251
PR1T v=1 t_us=27539004 field=rx_processing_us value=1253
PR1T v=1 t_us=27539004 field=spi_end_to_rearm_start_us value=137
PR1T v=1 t_us=27539004 field=rx_rearm_us value=418
PR1T v=1 t_us=27539004 field=irq_to_rx_ready_us value=1795
PR1T v=1 t_us=27539004 field=trace_overwrites value=83824
PR1T v=1 t_us=27539004 field=capability_mask value=12
PR1T v=1 t_us=28300806 field=device_state value=2
PR1T v=1 t_us=28300806 field=rssi_dbm value=-69
PR1T v=1 t_us=28300806 field=crc_good value=9587
PR1T v=1 t_us=28300806 field=crc_bad value=4
PR1T v=1 t_us=28300806 field=missing value=18
PR1T v=1 t_us=28300806 field=queue_depth value=0
PR1T v=1 t_us=28300806 field=max_queue_depth value=1
PR1T v=1 t_us=28300806 field=irq_to_spi_us value=6
PR1T v=1 t_us=28300806 field=spi_duration_us value=1246
PR1T v=1 t_us=28300806 field=rx_processing_us value=1248
PR1T v=1 t_us=28300806 field=spi_end_to_rearm_start_us value=138
PR1T v=1 t_us=28300806 field=rx_rearm_us value=421
PR1T v=1 t_us=28300806 field=irq_to_rx_ready_us value=1794
PR1T v=1 t_us=28300806 field=trace_overwrites value=86191
PR1T v=1 t_us=28300806 field=capability_mask value=12
PR1T v=1 t_us=29062582 field=device_state value=2
PR1T v=1 t_us=29062582 field=rssi_dbm value=-70
PR1T v=1 t_us=29062582 field=crc_good value=9850
PR1T v=1 t_us=29062582 field=crc_bad value=4
PR1T v=1 t_us=29062582 field=missing value=19
PR1T v=1 t_us=29062582 field=queue_depth value=0
PR1T v=1 t_us=29062582 field=max_queue_depth value=1
PR1T v=1 t_us=29062582 field=irq_to_spi_us value=6
PR1T v=1 t_us=29062582 field=spi_duration_us value=1245
PR1T v=1 t_us=29062582 field=rx_processing_us value=1246
PR1T v=1 t_us=29062582 field=spi_end_to_rearm_start_us value=138
PR1T v=1 t_us=29062582 field=rx_rearm_us value=421
PR1T v=1 t_us=29062582 field=irq_to_rx_ready_us value=1793
PR1T v=1 t_us=29062582 field=trace_overwrites value=88558
PR1T v=1 t_us=29062582 field=capability_mask value=12
PR1T v=1 t_us=29824423 field=device_state value=2
PR1T v=1 t_us=29824423 field=rssi_dbm value=-69
PR1T v=1 t_us=29824423 field=crc_good value=10113
PR1T v=1 t_us=29824423 field=crc_bad value=4
PR1T v=1 t_us=29824423 field=missing value=20
PR1T v=1 t_us=29824423 field=queue_depth value=0
PR1T v=1 t_us=29824423 field=max_queue_depth value=1
PR1T v=1 t_us=29824423 field=irq_to_spi_us value=12
PR1T v=1 t_us=29824423 field=spi_duration_us value=1249
PR1T v=1 t_us=29824423 field=rx_processing_us value=1251
PR1T v=1 t_us=29824423 field=spi_end_to_rearm_start_us value=138
PR1T v=1 t_us=29824423 field=rx_rearm_us value=417
PR1T v=1 t_us=29824423 field=irq_to_rx_ready_us value=1795
PR1T v=1 t_us=29824423 field=trace_overwrites value=90925
PR1T v=1 t_us=29824423 field=capability_mask value=12
PR1T v=1 t_us=30338099 field=device_state value=2
PR1T v=1 t_us=30338099 field=rssi_dbm value=-69
PR1T v=1 t_us=30338099 field=crc_good value=10290
PR1T v=1 t_us=30338099 field=crc_bad value=4
PR1T v=1 t_us=30338099 field=missing value=21
PR1T v=1 t_us=30338099 field=queue_depth value=0
PR1T v=1 t_us=30338099 field=max_queue_depth value=1
PR1T v=1 t_us=30338099 field=irq_to_spi_us value=11
PR1T v=1 t_us=30338099 field=spi_duration_us value=1250
PR1T v=1 t_us=30338099 field=rx_processing_us value=1252
PR1T v=1 t_us=30338099 field=spi_end_to_rearm_start_us value=137
PR1T v=1 t_us=30338099 field=rx_rearm_us value=417
PR1T v=1 t_us=30338099 field=irq_to_rx_ready_us value=1794
PR1T v=1 t_us=30338099 field=trace_overwrites value=92518
PR1T v=1 t_us=30338099 field=capability_mask value=12
