ESP-ROM:esp32s3-20210327
Build:Mar 27 2021
rst:0x15 (USB_UART_CHIP_RESET),boot:0x18 (SPI_FAST_FLASH_BOOT)
Saved PC:0x40041a76
SPIWP:0xee
mode:DIO, clock div:1
load:0x3fce3808,len:0x44c
load:0x403c9700,len:0xbd8
load:0x403cc700,len:0x2a80
entry 0x403c98d0
PR1_RUNTIME_BOOT
runtime_profile=phase1-fixed-flrc-rx
runtime_role=rx
board_family=LILYGO T3-S3-MVSRBoard
board_reference_revision=V1.1 upstream reference
radio_target=SX1280
upstream_reference_commit=840a2e788b3192c4e9bddf0640c1ecaf703c2598
hardware_verified=0
protocol_version=1
protocol_header_bytes=16
rf_enabled=1
sx1280_spi_hz=2000000
sx1280_cs=7
sx1280_rst=8
sx1280_sclk=5
sx1280_mosi=6
sx1280_miso=3
sx1280_dio1=9
sx1280_busy=36
sx1280_tx_enable=10
sx1280_rx_enable=21
PR1_FIXED_FLRC_PROFILE
frequency_mhz=2404.000
bitrate_kbps=1300
coding_rate=3
output_dbm=0
tx_gap_us=5000
packet_bytes=116
adaptive_layers=channel_map
ctrl_plane_core=0
afh_enabled=1
afh_session_id=1
afh_session_seed=0x5052314441525431
afh_map_version=1
afh_active_channels=40
afh_resync_after_misses=8
afh_rendezvous_first=20
adaptive_map=1
map_lead_frames=600
map_guard_frames=100
quality_cfg=fast_shift:2,slow_shift:5,suspect_q15:30000,exclude_q15:27853,recover_q15:30720,suspect_losses:2,exclude_losses:4,recover_successes:3,probe_ms:200-3200,min_active:12,exclude_slow_q15:0,reinstate_successes:2,map_min_interval_ms:0
afh_schedule_fp=18,21,5,3,0,6,29,20,36,25,9,24,14,28,37,17,30,10,32,26,31,7,22,35,16,1,2,12,39,13,15,11,38,19,33,23,34,4,27,8,16,19,10,17,24,21,5,14
PR1_RUNTIME_LIVE_READY
PR1T v=1 t_us=34129038 field=device_state value=2
PR1T v=1 t_us=34129038 field=rssi_dbm value=-44
PR1T v=1 t_us=34129038 field=crc_good value=11098
PR1T v=1 t_us=34129038 field=crc_bad value=14
PR1T v=1 t_us=34129038 field=missing value=38
PR1T v=1 t_us=34129038 field=queue_depth value=0
PR1T v=1 t_us=34129038 field=max_queue_depth value=1
PR1T v=1 t_us=34129038 field=irq_to_spi_us value=11
PR1T v=1 t_us=34129038 field=spi_duration_us value=1249
PR1T v=1 t_us=34129038 field=rx_processing_us value=1250
PR1T v=1 t_us=34129038 field=spi_end_to_rearm_start_us value=229
PR1T v=1 t_us=34129038 field=rx_rearm_us value=421
PR1T v=1 t_us=34129038 field=irq_to_rx_ready_us value=1885
PR1T v=1 t_us=34129038 field=trace_overwrites value=99888
PR1T v=1 t_us=34129038 field=capability_mask value=12
PR1PROP id=28 type=map v=16 old=15 bits=800603c7f7 oldbits=800603cff7 act=12092 rx_logical=11492 active=17
PR1H t_us=34439843 session_id=1 map_version=15 locked=0 channel=36 logical=11497 retunes=11150 retune_failures=0 standby_failures=0 timeout_advances=37 resync_entries=1 locks=1 agree=11100 disagree=0 period_est_us=2975 max_consecutive_timeouts=9 retune_us_p99=72 retune_us_max=75 hop_compute_us_p99=33 hop_compute_us_max=63
PR1HQ acq_anchors=1 acq_crc=0 acq_frames=33 acq_done_us=894398
PR1HC ok=441,442,441,75,440,440,439,439,441,441,438,435,300,119,437,444,440,442,180,205,20,275,75,73,30,442,442,33,57,33,32,29,95,179,434,367,154,335,74,442 crc=0,0,0,1,0,0,0,0,0,0,0,0,1,1,0,0,0,0,0,1,1,0,0,1,4,0,0,0,0,1,0,0,1,1,0,0,0,1,0,0
PR1CP core=0 lines=27 parse_fail=0 in_dropped=0 out_lines=55 write_waits=153 stack_free=2948 window_waits=1336891 work_us_max=46
PR1QS map_version=15 active=18 bits=800603cff7 pending=0 pending_v=15 pending_act=11382 min_active_seen=18 proposals=28 commits=27 commit_late=0 expired=0 activations=14 tx_rejects=0 outcomes_dropped=0 events=137 emit_dropped=0 activation_count=14 ctrl_us_p99=7 ctrl_us_max=7 ctrl_us_n=27 ctrl_us_p50=5 ctrl_us_p95=6
PR1QA v=2 activation=1079 applied_at=1079
PR1QA v=3 activation=1679 applied_at=1679
PR1QA v=4 activation=2453 applied_at=2453
PR1QA v=5 activation=3053 applied_at=3053
PR1QA v=6 activation=3709 applied_at=3709
PR1QA v=7 activation=4309 applied_at=4309
PR1QA v=8 activation=5347 applied_at=5347
PR1QA v=9 activation=5947 applied_at=5947
PR1QA v=10 activation=6547 applied_at=6547
PR1QA v=11 activation=8150 applied_at=8150
PR1QA v=12 activation=8750 applied_at=8750
PR1QA v=13 activation=9521 applied_at=9521
PR1QA v=14 activation=10121 applied_at=10121
PR1QA v=15 activation=11382 applied_at=11382
PR1QC ch=0 mhz=2404 state=1 fast_q15=24576 slow_q15=31744 ok=441 crc=0 timeout=1 probe_ok=0 probe_fail=0 suspects=1 exclusions=0 reinclusions=0 last_excl_ms=0
PR1QC ch=1 mhz=2406 state=1 fast_q15=24576 slow_q15=31744 ok=442 crc=0 timeout=1 probe_ok=0 probe_fail=0 suspects=1 exclusions=0 reinclusions=0 last_excl_ms=0
PR1QC ch=2 mhz=2408 state=1 fast_q15=24576 slow_q15=31744 ok=441 crc=0 timeout=1 probe_ok=0 probe_fail=0 suspects=1 exclusions=0 reinclusions=0 last_excl_ms=0
PR1QC ch=3 mhz=2410 state=2 fast_q15=32764 slow_q15=32364 ok=75 crc=1 timeout=0 probe_ok=2 probe_fail=0 suspects=1 exclusions=1 reinclusions=0 last_excl_ms=6194
PR1QC ch=4 mhz=2412 state=0 fast_q15=32767 slow_q15=32767 ok=440 crc=0 timeout=0 probe_ok=0 probe_fail=0 suspects=0 exclusions=0 reinclusions=0 last_excl_ms=0
PR1QC ch=5 mhz=2414 state=1 fast_q15=24576 slow_q15=31744 ok=440 crc=0 timeout=1 probe_ok=0 probe_fail=0 suspects=1 exclusions=0 reinclusions=0 last_excl_ms=0
PR1QC ch=6 mhz=2416 state=0 fast_q15=32767 slow_q15=32767 ok=439 crc=0 timeout=0 probe_ok=0 probe_fail=0 suspects=0 exclusions=0 reinclusions=0 last_excl_ms=0
PR1QC ch=7 mhz=2418 state=0 fast_q15=32767 slow_q15=32767 ok=439 crc=0 timeout=0 probe_ok=0 probe_fail=0 suspects=0 exclusions=0 reinclusions=0 last_excl_ms=0
PR1QC ch=8 mhz=2420 state=1 fast_q15=24576 slow_q15=31744 ok=441 crc=0 timeout=1 probe_ok=0 probe_fail=0 suspects=1 exclusions=0 reinclusions=0 last_excl_ms=0
PR1QC ch=9 mhz=2422 state=0 fast_q15=32767 slow_q15=32767 ok=441 crc=0 timeout=0 probe_ok=0 probe_fail=0 suspects=0 exclusions=0 reinclusions=0 last_excl_ms=0
PR1QC ch=10 mhz=2424 state=1 fast_q15=24576 slow_q15=31744 ok=438 crc=0 timeout=1 probe_ok=0 probe_fail=0 suspects=1 exclusions=0 reinclusions=0 last_excl_ms=0
PR1QC ch=11 mhz=2426 state=2 fast_q15=18432 slow_q15=30752 ok=435 crc=0 timeout=2 probe_ok=0 probe_fail=0 suspects=1 exclusions=1 reinclusions=0 last_excl_ms=34156
PR1QC ch=12 mhz=2428 state=2 fast_q15=32764 slow_q15=32460 ok=300 crc=1 timeout=0 probe_ok=0 probe_fail=0 suspects=1 exclusions=1 reinclusions=0 last_excl_ms=23469
PR1QC ch=13 mhz=2430 state=2 fast_q15=32755 slow_q15=32267 ok=119 crc=1 timeout=0 probe_ok=1 probe_fail=0 suspects=1 exclusions=1 reinclusions=0 last_excl_ms=10948
PR1QC ch=14 mhz=2432 state=1 fast_q15=24576 slow_q15=31744 ok=437 crc=0 timeout=1 probe_ok=0 probe_fail=0 suspects=1 exclusions=0 reinclusions=0 last_excl_ms=0
PR1QC ch=15 mhz=2434 state=0 fast_q15=32767 slow_q15=32767 ok=444 crc=0 timeout=0 probe_ok=0 probe_fail=0 suspects=0 exclusions=0 reinclusions=0 last_excl_ms=0
PR1QC ch=16 mhz=2436 state=1 fast_q15=24576 slow_q15=31744 ok=440 crc=0 timeout=1 probe_ok=0 probe_fail=0 suspects=1 exclusions=0 reinclusions=0 last_excl_ms=0
PR1QC ch=17 mhz=2438 state=1 fast_q15=24576 slow_q15=31744 ok=442 crc=0 timeout=1 probe_ok=0 probe_fail=0 suspects=1 exclusions=0 reinclusions=0 last_excl_ms=0
PR1QC ch=18 mhz=2440 state=2 fast_q15=32764 slow_q15=32431 ok=180 crc=0 timeout=1 probe_ok=0 probe_fail=0 suspects=1 exclusions=1 reinclusions=0 last_excl_ms=14878
PR1QC ch=19 mhz=2442 state=2 fast_q15=31672 slow_q15=31659 ok=205 crc=1 timeout=1 probe_ok=0 probe_fail=0 suspects=1 exclusions=1 reinclusions=0 last_excl_ms=16399
PR1QC ch=20 mhz=2444 state=2 fast_q15=32719 slow_q15=32183 ok=20 crc=1 timeout=0 probe_ok=2 probe_fail=0 suspects=1 exclusions=1 reinclusions=0 last_excl_ms=1290
PR1QC ch=21 mhz=2446 state=2 fast_q15=32762 slow_q15=32325 ok=275 crc=0 timeout=1 probe_ok=0 probe_fail=0 suspects=1 exclusions=1 reinclusions=0 last_excl_ms=22408
PR1QC ch=22 mhz=2448 state=2 fast_q15=32731 slow_q15=32201 ok=75 crc=0 timeout=1 probe_ok=0 probe_fail=0 suspects=1 exclusions=1 reinclusions=0 last_excl_ms=7159
PR1QC ch=23 mhz=2450 state=3 fast_q15=32709 slow_q15=31253 ok=73 crc=1 timeout=2 probe_ok=0 probe_fail=0 suspects=1 exclusions=1 reinclusions=0 last_excl_ms=6364
PR1QC ch=24 mhz=2452 state=2 fast_q15=31608 slow_q15=30418 ok=30 crc=4 timeout=0 probe_ok=1 probe_fail=0 suspects=1 exclusions=1 reinclusions=0 last_excl_ms=1826
PR1QC ch=25 mhz=2454 state=1 fast_q15=24576 slow_q15=31744 ok=442 crc=0 timeout=1 probe_ok=0 probe_fail=0 suspects=1 exclusions=0 reinclusions=0 last_excl_ms=0
PR1QC ch=26 mhz=2456 state=0 fast_q15=32767 slow_q15=32767 ok=442 crc=0 timeout=0 probe_ok=0 probe_fail=0 suspects=0 exclusions=0 reinclusions=0 last_excl_ms=0
PR1QC ch=27 mhz=2458 state=2 fast_q15=32664 slow_q15=31620 ok=33 crc=0 timeout=2 probe_ok=1 probe_fail=0 suspects=1 exclusions=1 reinclusions=0 last_excl_ms=2663
PR1QC ch=28 mhz=2460 state=2 fast_q15=28123 slow_q15=31241 ok=57 crc=0 timeout=2 probe_ok=1 probe_fail=0 suspects=1 exclusions=1 reinclusions=0 last_excl_ms=5408
PR1QC ch=29 mhz=2462 state=2 fast_q15=32749 slow_q15=31855 ok=33 crc=1 timeout=1 probe_ok=1 probe_fail=0 suspects=1 exclusions=1 reinclusions=0 last_excl_ms=1416
PR1QC ch=30 mhz=2464 state=2 fast_q15=32755 slow_q15=31862 ok=32 crc=0 timeout=2 probe_ok=1 probe_fail=0 suspects=1 exclusions=1 reinclusions=0 last_excl_ms=1739
PR1QC ch=31 mhz=2466 state=2 fast_q15=27972 slow_q15=29083 ok=29 crc=0 timeout=5 probe_ok=1 probe_fail=0 suspects=1 exclusions=1 reinclusions=0 last_excl_ms=2495
PR1QC ch=32 mhz=2468 state=2 fast_q15=32746 slow_q15=32235 ok=95 crc=1 timeout=0 probe_ok=0 probe_fail=0 suspects=1 exclusions=1 reinclusions=0 last_excl_ms=9160
PR1QC ch=33 mhz=2470 state=2 fast_q15=32764 slow_q15=32511 ok=179 crc=1 timeout=0 probe_ok=0 probe_fail=0 suspects=1 exclusions=1 reinclusions=0 last_excl_ms=14111
PR1QC ch=34 mhz=2472 state=2 fast_q15=32764 slow_q15=32388 ok=434 crc=0 timeout=1 probe_ok=0 probe_fail=0 suspects=1 exclusions=1 reinclusions=0 last_excl_ms=32040
PR1QC ch=35 mhz=2474 state=2 fast_q15=32764 slow_q15=32526 ok=367 crc=0 timeout=1 probe_ok=0 probe_fail=0 suspects=1 exclusions=1 reinclusions=0 last_excl_ms=27246
PR1QC ch=36 mhz=2476 state=2 fast_q15=32751 slow_q15=32251 ok=154 crc=0 timeout=1 probe_ok=0 probe_fail=0 suspects=1 exclusions=1 reinclusions=0 last_excl_ms=14048
PR1QC ch=37 mhz=2478 state=2 fast_q15=32714 slow_q15=31282 ok=335 crc=1 timeout=2 probe_ok=0 probe_fail=0 suspects=1 exclusions=1 reinclusions=0 last_excl_ms=26495
PR1QC ch=38 mhz=2480 state=2 fast_q15=32760 slow_q15=32297 ok=74 crc=0 timeout=1 probe_ok=1 probe_fail=0 suspects=1 exclusions=1 reinclusions=0 last_excl_ms=6666
PR1QC ch=39 mhz=2482 state=0 fast_q15=32767 slow_q15=32767 ok=442 crc=0 timeout=0 probe_ok=0 probe_fail=0 suspects=0 exclusions=0 reinclusions=0 last_excl_ms=0
PR1QE t_ms=1092 kind=7 logical=412 target=0 id=0 v=1 ch=20 value=0 bits=0000000000
PR1QE t_ms=1290 kind=8 logical=478 target=0 id=0 v=1 ch=20 value=2 bits=0000000000
PR1QE t_ms=1292 kind=0 logical=479 target=1079 id=1 v=2 ch=0 value=1 bits=ffffefffff
PR1QE t_ms=1313 kind=1 logical=486 target=1079 id=1 v=2 ch=0 value=1 bits=ffffefffff
PR1QE t_ms=1314 kind=7 logical=486 target=0 id=0 v=1 ch=29 value=0 bits=0000000000
PR1QE t_ms=1416 kind=8 logical=520 target=0 id=0 v=1 ch=29 value=2 bits=0000000000
PR1QE t_ms=1586 kind=7 logical=577 target=0 id=0 v=1 ch=30 value=0 bits=0000000000
PR1QE t_ms=1739 kind=8 logical=628 target=0 id=0 v=1 ch=30 value=2 bits=0000000000
PR1QE t_ms=1751 kind=7 logical=632 target=0 id=0 v=1 ch=24 value=0 bits=0000000000
PR1QE t_ms=1826 kind=8 logical=657 target=0 id=0 v=1 ch=24 value=2 bits=0000000000
PR1QE t_ms=2402 kind=7 logical=849 target=0 id=0 v=1 ch=31 value=0 bits=0000000000
PR1QE t_ms=2495 kind=8 logical=880 target=0 id=0 v=1 ch=31 value=2 bits=0000000000
PR1QE t_ms=2504 kind=7 logical=883 target=0 id=0 v=1 ch=27 value=0 bits=0000000000
PR1QE t_ms=2663 kind=8 logical=936 target=0 id=0 v=1 ch=27 value=2 bits=0000000000
PR1QE t_ms=3090 kind=4 logical=1079 target=1079 id=0 v=2 ch=0 value=39 bits=ffffefffff
PR1QE t_ms=3091 kind=0 logical=1079 target=1679 id=2 v=3 ch=0 value=1 bits=ff16efffff
PR1QE t_ms=3106 kind=1 logical=1084 target=1679 id=2 v=3 ch=0 value=1 bits=ff16efffff
PR1QE t_ms=4889 kind=4 logical=1679 target=1679 id=0 v=3 ch=0 value=34 bits=ff16efffff
PR1QE t_ms=4890 kind=0 logical=1679 target=1979 id=3 v=3 ch=20 value=2 bits=0000000000
PR1QE t_ms=4896 kind=1 logical=1681 target=1979 id=3 v=3 ch=20 value=1 bits=0000000000
PR1QE t_ms=5271 kind=7 logical=1806 target=0 id=0 v=3 ch=28 value=0 bits=0000000000
PR1QE t_ms=5408 kind=8 logical=1852 target=0 id=0 v=3 ch=28 value=2 bits=0000000000
PR1QE t_ms=5410 kind=0 logical=1853 target=2453 id=4 v=4 ch=0 value=1 bits=ff06efffff
PR1QE t_ms=5419 kind=1 logical=1856 target=2453 id=4 v=4 ch=0 value=1 bits=ff06efffff
PR1QE t_ms=5787 kind=9 logical=1979 target=1979 id=0 v=3 ch=20 value=1 bits=0000000000
PR1QE t_ms=6086 kind=7 logical=2079 target=0 id=0 v=3 ch=3 value=0 bits=0000000000
PR1QE t_ms=6194 kind=8 logical=2115 target=0 id=0 v=3 ch=3 value=2 bits=0000000000
PR1QE t_ms=6206 kind=7 logical=2119 target=0 id=0 v=3 ch=23 value=0 bits=0000000000
PR1QE t_ms=6364 kind=8 logical=2172 target=0 id=0 v=3 ch=23 value=2 bits=0000000000
PR1QE t_ms=6490 kind=7 logical=2214 target=0 id=0 v=3 ch=38 value=0 bits=0000000000
PR1QE t_ms=6666 kind=8 logical=2273 target=0 id=0 v=3 ch=38 value=2 bits=0000000000
PR1QE t_ms=7045 kind=7 logical=2400 target=0 id=0 v=3 ch=22 value=0 bits=0000000000
PR1QE t_ms=7159 kind=8 logical=2438 target=0 id=0 v=3 ch=22 value=2 bits=0000000000
PR1QE t_ms=7202 kind=4 logical=2453 target=2453 id=0 v=4 ch=0 value=33 bits=ff06efffff
PR1QE t_ms=7202 kind=0 logical=2453 target=3053 id=5 v=5 ch=0 value=1 bits=bf062ffff7
PR1QE t_ms=7220 kind=1 logical=2459 target=3053 id=5 v=5 ch=0 value=1 bits=bf062ffff7
PR1QE t_ms=8994 kind=4 logical=3053 target=3053 id=0 v=5 ch=0 value=29 bits=bf062ffff7
PR1QE t_ms=8994 kind=0 logical=3053 target=3353 id=6 v=5 ch=20 value=2 bits=0000000000
PR1QE t_ms=9001 kind=1 logical=3055 target=3353 id=6 v=5 ch=20 value=1 bits=0000000000
PR1QE t_ms=9061 kind=7 logical=3075 target=0 id=0 v=5 ch=32 value=0 bits=0000000000
PR1QE t_ms=9160 kind=8 logical=3108 target=0 id=0 v=5 ch=32 value=2 bits=0000000000
PR1QE t_ms=9162 kind=0 logical=3109 target=3709 id=7 v=6 ch=0 value=1 bits=be062ffff7
PR1QE t_ms=9168 kind=1 logical=3111 target=3709 id=7 v=6 ch=0 value=1 bits=be062ffff7
PR1QE t_ms=9891 kind=9 logical=3353 target=3353 id=0 v=5 ch=20 value=1 bits=0000000000
PR1QE t_ms=10840 kind=7 logical=3671 target=0 id=0 v=5 ch=13 value=0 bits=0000000000
PR1QE t_ms=10948 kind=8 logical=3707 target=0 id=0 v=5 ch=13 value=2 bits=0000000000
PR1QE t_ms=10952 kind=4 logical=3709 target=3709 id=0 v=6 ch=0 value=28 bits=be062ffff7
PR1QE t_ms=10952 kind=0 logical=3709 target=4309 id=8 v=7 ch=0 value=1 bits=be062fdff7
PR1QE t_ms=10968 kind=1 logical=3714 target=4309 id=8 v=7 ch=0 value=1 bits=be062fdff7
PR1QE t_ms=12743 kind=4 logical=4309 target=4309 id=0 v=7 ch=0 value=27 bits=be062fdff7
PR1QE t_ms=12743 kind=0 logical=4309 target=4609 id=9 v=7 ch=3 value=2 bits=0000000000
PR1QE t_ms=12749 kind=1 logical=4311 target=4609 id=9 v=7 ch=3 value=1 bits=0000000000
PR1QE t_ms=13639 kind=9 logical=4609 target=4609 id=0 v=7 ch=3 value=1 bits=0000000000
PR1QE t_ms=13641 kind=0 logical=4610 target=4910 id=10 v=7 ch=38 value=2 bits=0000000000
PR1QE t_ms=13656 kind=1 logical=4615 target=4910 id=10 v=7 ch=38 value=1 bits=0000000000
PR1QE t_ms=13953 kind=7 logical=4714 target=0 id=0 v=7 ch=36 value=0 bits=0000000000
PR1QE t_ms=14030 kind=7 logical=4740 target=0 id=0 v=7 ch=33 value=0 bits=0000000000
PR1QE t_ms=14048 kind=8 logical=4746 target=0 id=0 v=7 ch=36 value=2 bits=0000000000
PR1QE t_ms=14050 kind=0 logical=4747 target=5347 id=11 v=8 ch=0 value=1 bits=ae062fdff7
PR1QE t_ms=14056 kind=1 logical=4749 target=5347 id=11 v=8 ch=0 value=1 bits=ae062fdff7
PR1QE t_ms=14111 kind=8 logical=4767 target=0 id=0 v=7 ch=33 value=2 bits=0000000000
PR1QE t_ms=14537 kind=9 logical=4910 target=4910 id=0 v=7 ch=38 value=1 bits=0000000000
PR1QE t_ms=14803 kind=7 logical=4999 target=0 id=0 v=7 ch=18 value=0 bits=0000000000
PR1QE t_ms=14878 kind=8 logical=5024 target=0 id=0 v=7 ch=18 value=2 bits=0000000000
PR1QE t_ms=15840 kind=4 logical=5347 target=5347 id=0 v=8 ch=0 value=26 bits=ae062fdff7
PR1QE t_ms=15840 kind=0 logical=5347 target=5947 id=12 v=9 ch=0 value=1 bits=ac062bdff7
PR1QE t_ms=15861 kind=1 logical=5354 target=5947 id=12 v=9 ch=0 value=1 bits=ac062bdff7
PR1QE t_ms=16319 kind=7 logical=5507 target=0 id=0 v=8 ch=19 value=0 bits=0000000000
PR1QE t_ms=16399 kind=8 logical=5534 target=0 id=0 v=8 ch=19 value=2 bits=0000000000
PR1QE t_ms=17630 kind=4 logical=5947 target=5947 id=0 v=9 ch=0 value=24 bits=ac062bdff7
PR1QE t_ms=17630 kind=0 logical=5947 target=6547 id=13 v=10 ch=0 value=1 bits=ac0623dff7
PR1QE t_ms=17639 kind=1 logical=5950 target=6547 id=13 v=10 ch=0 value=1 bits=ac0623dff7
PR1QE t_ms=19419 kind=4 logical=6547 target=6547 id=0 v=10 ch=0 value=23 bits=ac0623dff7
PR1QE t_ms=19419 kind=0 logical=6547 target=6847 id=14 v=10 ch=24 value=2 bits=0000000000
PR1QE t_ms=19425 kind=1 logical=6549 target=6847 id=14 v=10 ch=24 value=1 bits=0000000000
PR1QE t_ms=20315 kind=9 logical=6847 target=6847 id=0 v=10 ch=24 value=1 bits=0000000000
PR1QE t_ms=20317 kind=0 logical=6848 target=7148 id=15 v=10 ch=27 value=2 bits=0000000000
PR1QE t_ms=20320 kind=1 logical=6849 target=7148 id=15 v=10 ch=27 value=1 bits=0000000000
PR1QE t_ms=21212 kind=9 logical=7148 target=7148 id=0 v=10 ch=27 value=1 bits=0000000000
PR1QE t_ms=21214 kind=0 logical=7149 target=7449 id=16 v=10 ch=13 value=2 bits=0000000000
PR1QE t_ms=21220 kind=1 logical=7151 target=7449 id=16 v=10 ch=13 value=1 bits=0000000000
PR1QE t_ms=22109 kind=9 logical=7449 target=7449 id=0 v=10 ch=13 value=1 bits=0000000000
PR1QE t_ms=22111 kind=0 logical=7450 target=7750 id=17 v=10 ch=29 value=2 bits=0000000000
PR1QE t_ms=22117 kind=1 logical=7452 target=7750 id=17 v=10 ch=29 value=1 bits=0000000000
PR1QE t_ms=22384 kind=7 logical=7541 target=0 id=0 v=10 ch=21 value=0 bits=0000000000
PR1QE t_ms=22408 kind=8 logical=7549 target=0 id=0 v=10 ch=21 value=2 bits=0000000000
PR1QE t_ms=22409 kind=0 logical=7550 target=8150 id=18 v=11 ch=0 value=1 bits=ac0603dff7
PR1QE t_ms=22430 kind=1 logical=7557 target=8150 id=18 v=11 ch=0 value=1 bits=ac0603dff7
PR1QE t_ms=23007 kind=9 logical=7750 target=7750 id=0 v=10 ch=29 value=1 bits=0000000000
PR1QE t_ms=23368 kind=7 logical=7871 target=0 id=0 v=10 ch=12 value=0 bits=0000000000
PR1QE t_ms=23469 kind=8 logical=7905 target=0 id=0 v=10 ch=12 value=2 bits=0000000000
PR1QE t_ms=24198 kind=4 logical=8150 target=8150 id=0 v=11 ch=0 value=22 bits=ac0603dff7
PR1QE t_ms=24198 kind=0 logical=8150 target=8750 id=19 v=12 ch=0 value=1 bits=ac0603cff7
PR1QE t_ms=24210 kind=1 logical=8154 target=8750 id=19 v=12 ch=0 value=1 bits=ac0603cff7
PR1QE t_ms=25986 kind=4 logical=8750 target=8750 id=0 v=12 ch=0 value=21 bits=ac0603cff7
PR1QE t_ms=25987 kind=0 logical=8750 target=9050 id=20 v=12 ch=30 value=2 bits=0000000000
PR1QE t_ms=25993 kind=1 logical=8752 target=9050 id=20 v=12 ch=30 value=1 bits=0000000000
PR1QE t_ms=26406 kind=7 logical=8890 target=0 id=0 v=12 ch=37 value=0 bits=0000000000
PR1QE t_ms=26495 kind=8 logical=8920 target=0 id=0 v=12 ch=37 value=2 bits=0000000000
PR1QE t_ms=26497 kind=0 logical=8921 target=9521 id=21 v=13 ch=0 value=1 bits=8c0603cff7
PR1QE t_ms=26517 kind=1 logical=8928 target=9521 id=21 v=13 ch=0 value=1 bits=8c0603cff7
PR1QE t_ms=26882 kind=9 logical=9050 target=9050 id=0 v=12 ch=30 value=1 bits=0000000000
PR1QE t_ms=27183 kind=7 logical=9151 target=0 id=0 v=12 ch=35 value=0 bits=0000000000
PR1QE t_ms=27246 kind=8 logical=9172 target=0 id=0 v=12 ch=35 value=2 bits=0000000000
PR1QE t_ms=28284 kind=4 logical=9521 target=9521 id=0 v=13 ch=0 value=20 bits=8c0603cff7
PR1QE t_ms=28285 kind=0 logical=9521 target=10121 id=22 v=14 ch=0 value=1 bits=840603cff7
PR1QE t_ms=28291 kind=1 logical=9523 target=10121 id=22 v=14 ch=0 value=1 bits=840603cff7
PR1QE t_ms=30072 kind=4 logical=10121 target=10121 id=0 v=14 ch=0 value=19 bits=840603cff7
PR1QE t_ms=30073 kind=0 logical=10121 target=10421 id=23 v=14 ch=3 value=2 bits=0000000000
PR1QE t_ms=30079 kind=1 logical=10123 target=10421 id=23 v=14 ch=3 value=1 bits=0000000000
PR1QE t_ms=30967 kind=9 logical=10421 target=10421 id=0 v=14 ch=3 value=1 bits=0000000000
PR1QE t_ms=30969 kind=0 logical=10422 target=10722 id=24 v=14 ch=31 value=2 bits=0000000000
PR1QE t_ms=30975 kind=1 logical=10424 target=10722 id=24 v=14 ch=31 value=1 bits=0000000000
PR1QE t_ms=31864 kind=9 logical=10722 target=10722 id=0 v=14 ch=31 value=1 bits=0000000000
PR1QE t_ms=31866 kind=0 logical=10723 target=11023 id=25 v=14 ch=28 value=2 bits=0000000000
PR1QE t_ms=31887 kind=1 logical=10730 target=11023 id=25 v=14 ch=28 value=1 bits=0000000000
PR1QE t_ms=31990 kind=7 logical=10764 target=0 id=0 v=14 ch=34 value=0 bits=0000000000
PR1QE t_ms=32040 kind=8 logical=10781 target=0 id=0 v=14 ch=34 value=2 bits=0000000000
PR1QE t_ms=32042 kind=0 logical=10782 target=11382 id=26 v=15 ch=0 value=1 bits=800603cff7
PR1QE t_ms=32048 kind=1 logical=10784 target=11382 id=26 v=15 ch=0 value=1 bits=800603cff7
PR1QE t_ms=32761 kind=9 logical=11023 target=11023 id=0 v=14 ch=28 value=1 bits=0000000000
PR1QE t_ms=33829 kind=4 logical=11382 target=11382 id=0 v=15 ch=0 value=18 bits=800603cff7
PR1QE t_ms=33829 kind=0 logical=11382 target=11682 id=27 v=15 ch=23 value=2 bits=0000000000
PR1QE t_ms=33850 kind=1 logical=11389 target=11682 id=27 v=15 ch=23 value=1 bits=0000000000
PR1QE t_ms=34139 kind=7 logical=11483 target=0 id=0 v=15 ch=11 value=0 bits=0000000000
PR1QE t_ms=34139 kind=7 logical=11484 target=0 id=0 v=15 ch=14 value=0 bits=0000000000
PR1QE t_ms=34139 kind=7 logical=11485 target=0 id=0 v=15 ch=8 value=0 bits=0000000000
PR1QE t_ms=34141 kind=7 logical=11486 target=0 id=0 v=15 ch=25 value=0 bits=0000000000
PR1QE t_ms=34147 kind=7 logical=11488 target=0 id=0 v=15 ch=17 value=0 bits=0000000000
PR1QE t_ms=34150 kind=7 logical=11489 target=0 id=0 v=15 ch=5 value=0 bits=0000000000
PR1QE t_ms=34153 kind=7 logical=11490 target=0 id=0 v=15 ch=1 value=0 bits=0000000000
PR1QE t_ms=34156 kind=8 logical=11491 target=0 id=0 v=15 ch=11 value=2 bits=0000000000
PR1QE t_ms=34156 kind=0 logical=11492 target=12092 id=28 v=16 ch=0 value=1 bits=800603c7f7
PR1QE t_ms=34158 kind=7 logical=11492 target=0 id=0 v=15 ch=2 value=0 bits=0000000000
PR1QE t_ms=34161 kind=7 logical=11493 target=0 id=0 v=15 ch=10 value=0 bits=0000000000
PR1QE t_ms=34164 kind=7 logical=11494 target=0 id=0 v=15 ch=16 value=0 bits=0000000000
PR1QE t_ms=34167 kind=7 logical=11495 target=0 id=0 v=15 ch=0 value=0 bits=0000000000
PR1QE_END
PR1HE_BEGIN total=11154 count=256
PR1HE t_us=33413797 kind=2 logical=11242 seq=11242 ch=34 rssi=-53
PR1HE t_us=33416778 kind=2 logical=11243 seq=11243 ch=25 rssi=-51
PR1HE t_us=33419761 kind=2 logical=11244 seq=11244 ch=5 rssi=-44
PR1HE t_us=33422744 kind=2 logical=11245 seq=11245 ch=4 rssi=-44
PR1HE t_us=33425726 kind=2 logical=11246 seq=11246 ch=11 rssi=-44
PR1HE t_us=33428708 kind=2 logical=11247 seq=11247 ch=14 rssi=-45
PR1HE t_us=33431687 kind=2 logical=11248 seq=11248 ch=6 rssi=-44
PR1HE t_us=33434677 kind=2 logical=11249 seq=11249 ch=16 rssi=-45
PR1HE t_us=33437650 kind=2 logical=11250 seq=11250 ch=7 rssi=-44
PR1HE t_us=33440629 kind=2 logical=11251 seq=11251 ch=25 rssi=-51
PR1HE t_us=33443604 kind=2 logical=11252 seq=11252 ch=14 rssi=-45
PR1HE t_us=33446579 kind=2 logical=11253 seq=11253 ch=8 rssi=-45
PR1HE t_us=33449555 kind=2 logical=11254 seq=11254 ch=9 rssi=-44
PR1HE t_us=33452526 kind=2 logical=11255 seq=11255 ch=10 rssi=-44
PR1HE t_us=33455510 kind=2 logical=11256 seq=11256 ch=34 rssi=-53
PR1HE t_us=33458499 kind=2 logical=11257 seq=11257 ch=26 rssi=-53
PR1HE t_us=33461479 kind=2 logical=11258 seq=11258 ch=0 rssi=-45
PR1HE t_us=33464464 kind=2 logical=11259 seq=11259 ch=2 rssi=-45
PR1HE t_us=33467444 kind=2 logical=11260 seq=11260 ch=15 rssi=-46
PR1HE t_us=33470426 kind=2 logical=11261 seq=11261 ch=5 rssi=-44
PR1HE t_us=33473411 kind=2 logical=11262 seq=11262 ch=17 rssi=-46
PR1HE t_us=33476385 kind=2 logical=11263 seq=11263 ch=4 rssi=-44
PR1HE t_us=33479367 kind=2 logical=11264 seq=11264 ch=1 rssi=-44
PR1HE t_us=33482349 kind=2 logical=11265 seq=11265 ch=11 rssi=-44
PR1HE t_us=33485328 kind=2 logical=11266 seq=11266 ch=39 rssi=-55
PR1HE t_us=33488309 kind=2 logical=11267 seq=11267 ch=25 rssi=-53
PR1HE t_us=33491293 kind=2 logical=11268 seq=11268 ch=17 rssi=-47
PR1HE t_us=33494275 kind=2 logical=11269 seq=11269 ch=8 rssi=-44
PR1HE t_us=33497259 kind=2 logical=11270 seq=11270 ch=5 rssi=-44
PR1HE t_us=33500243 kind=2 logical=11271 seq=11271 ch=9 rssi=-44
PR1HE t_us=33503232 kind=2 logical=11272 seq=11272 ch=26 rssi=-51
PR1HE t_us=33506213 kind=2 logical=11273 seq=11273 ch=15 rssi=-45
PR1HE t_us=33509189 kind=2 logical=11274 seq=11274 ch=0 rssi=-45
PR1HE t_us=33512169 kind=2 logical=11275 seq=11275 ch=39 rssi=-54
PR1HE t_us=33515148 kind=2 logical=11276 seq=11276 ch=16 rssi=-45
PR1HE t_us=33518128 kind=2 logical=11277 seq=11277 ch=7 rssi=-44
PR1HE t_us=33521105 kind=2 logical=11278 seq=11278 ch=2 rssi=-45
PR1HE t_us=33524087 kind=2 logical=11279 seq=11279 ch=4 rssi=-45
PR1HE t_us=33527066 kind=2 logical=11280 seq=11280 ch=14 rssi=-45
PR1HE t_us=33530036 kind=2 logical=11281 seq=11281 ch=6 rssi=-46
PR1HE t_us=33533004 kind=2 logical=11282 seq=11282 ch=1 rssi=-45
PR1HE t_us=33535979 kind=2 logical=11283 seq=11283 ch=34 rssi=-52
PR1HE t_us=33538961 kind=2 logical=11284 seq=11284 ch=10 rssi=-44
PR1HE t_us=33541939 kind=2 logical=11285 seq=11285 ch=11 rssi=-45
PR1HE t_us=33544919 kind=2 logical=11286 seq=11286 ch=16 rssi=-46
PR1HE t_us=33547899 kind=2 logical=11287 seq=11287 ch=14 rssi=-45
PR1HE t_us=33550874 kind=2 logical=11288 seq=11288 ch=34 rssi=-53
PR1HE t_us=33553845 kind=2 logical=11289 seq=11289 ch=2 rssi=-44
PR1HE t_us=33556826 kind=2 logical=11290 seq=11290 ch=0 rssi=-45
PR1HE t_us=33559813 kind=2 logical=11291 seq=11291 ch=15 rssi=-45
PR1HE t_us=33562803 kind=2 logical=11292 seq=11292 ch=4 rssi=-44
PR1HE t_us=33565785 kind=2 logical=11293 seq=11293 ch=11 rssi=-45
PR1HE t_us=33568771 kind=2 logical=11294 seq=11294 ch=10 rssi=-45
PR1HE t_us=33571752 kind=2 logical=11295 seq=11295 ch=39 rssi=-55
PR1HE t_us=33574734 kind=2 logical=11296 seq=11296 ch=5 rssi=-44
PR1HE t_us=33577717 kind=2 logical=11297 seq=11297 ch=6 rssi=-44
PR1HE t_us=33580697 kind=2 logical=11298 seq=11298 ch=1 rssi=-45
PR1HE t_us=33583680 kind=2 logical=11299 seq=11299 ch=7 rssi=-44
PR1HE t_us=33586656 kind=2 logical=11300 seq=11300 ch=25 rssi=-52
PR1HE t_us=33589633 kind=2 logical=11301 seq=11301 ch=26 rssi=-52
PR1HE t_us=33592610 kind=2 logical=11302 seq=11302 ch=9 rssi=-45
PR1HE t_us=33595589 kind=2 logical=11303 seq=11303 ch=17 rssi=-46
PR1HE t_us=33598556 kind=2 logical=11304 seq=11304 ch=8 rssi=-45
PR1HE t_us=33601532 kind=2 logical=11305 seq=11305 ch=16 rssi=-45
PR1HE t_us=33604509 kind=2 logical=11306 seq=11306 ch=8 rssi=-45
PR1HE t_us=33607487 kind=2 logical=11307 seq=11307 ch=14 rssi=-45
PR1HE t_us=33610469 kind=2 logical=11308 seq=11308 ch=5 rssi=-43
PR1HE t_us=33613452 kind=2 logical=11309 seq=11309 ch=4 rssi=-44
PR1HE t_us=33616432 kind=2 logical=11310 seq=11310 ch=9 rssi=-45
PR1HE t_us=33619411 kind=2 logical=11311 seq=11311 ch=1 rssi=-45
PR1HE t_us=33622387 kind=2 logical=11312 seq=11312 ch=17 rssi=-46
PR1HE t_us=33625369 kind=2 logical=11313 seq=11313 ch=6 rssi=-44
PR1HE t_us=33628346 kind=2 logical=11314 seq=11314 ch=34 rssi=-53
PR1HE t_us=33631329 kind=2 logical=11315 seq=11315 ch=11 rssi=-44
PR1HE t_us=33634309 kind=2 logical=11316 seq=11316 ch=7 rssi=-45
PR1HE t_us=33637293 kind=2 logical=11317 seq=11317 ch=0 rssi=-45
PR1HE t_us=33640277 kind=2 logical=11318 seq=11318 ch=26 rssi=-50
PR1HE t_us=33643260 kind=2 logical=11319 seq=11319 ch=25 rssi=-52
PR1HE t_us=33646245 kind=2 logical=11320 seq=11320 ch=10 rssi=-44
PR1HE t_us=33649235 kind=2 logical=11321 seq=11321 ch=2 rssi=-44
PR1HE t_us=33652216 kind=2 logical=11322 seq=11322 ch=39 rssi=-54
PR1HE t_us=33655196 kind=2 logical=11323 seq=11323 ch=15 rssi=-47
PR1HE t_us=33658179 kind=2 logical=11324 seq=11324 ch=9 rssi=-44
PR1HE t_us=33661163 kind=2 logical=11325 seq=11325 ch=26 rssi=-52
PR1HE t_us=33664142 kind=2 logical=11326 seq=11326 ch=16 rssi=-47
PR1HE t_us=33667112 kind=2 logical=11327 seq=11327 ch=4 rssi=-44
PR1HE t_us=33670099 kind=2 logical=11328 seq=11328 ch=2 rssi=-44
PR1HE t_us=33673079 kind=2 logical=11329 seq=11329 ch=10 rssi=-44
PR1HE t_us=33676051 kind=2 logical=11330 seq=11330 ch=6 rssi=-44
PR1HE t_us=33679030 kind=2 logical=11331 seq=11331 ch=0 rssi=-45
PR1HE t_us=33682001 kind=2 logical=11332 seq=11332 ch=8 rssi=-45
PR1HE t_us=33684976 kind=2 logical=11333 seq=11333 ch=15 rssi=-46
PR1HE t_us=33687958 kind=2 logical=11334 seq=11334 ch=39 rssi=-54
PR1HE t_us=33690939 kind=2 logical=11335 seq=11335 ch=34 rssi=-53
PR1HE t_us=33693923 kind=2 logical=11336 seq=11336 ch=25 rssi=-52
PR1HE t_us=33696904 kind=2 logical=11337 seq=11337 ch=17 rssi=-47
PR1HE t_us=33699880 kind=2 logical=11338 seq=11338 ch=1 rssi=-45
PR1HE t_us=33702852 kind=2 logical=11339 seq=11339 ch=7 rssi=-44
PR1HE t_us=33705826 kind=2 logical=11340 seq=11340 ch=11 rssi=-45
PR1HE t_us=33708809 kind=2 logical=11341 seq=11341 ch=14 rssi=-45
PR1HE t_us=33711787 kind=2 logical=11342 seq=11342 ch=5 rssi=-44
PR1HE t_us=33714773 kind=2 logical=11343 seq=11343 ch=6 rssi=-44
PR1HE t_us=33717756 kind=2 logical=11344 seq=11344 ch=1 rssi=-45
PR1HE t_us=33720736 kind=2 logical=11345 seq=11345 ch=25 rssi=-53
PR1HE t_us=33723718 kind=2 logical=11346 seq=11346 ch=16 rssi=-46
PR1HE t_us=33726693 kind=2 logical=11347 seq=11347 ch=4 rssi=-44
PR1HE t_us=33729679 kind=2 logical=11348 seq=11348 ch=17 rssi=-47
PR1HE t_us=33732652 kind=2 logical=11349 seq=11349 ch=11 rssi=-45
PR1HE t_us=33735633 kind=2 logical=11350 seq=11350 ch=2 rssi=-45
PR1HE t_us=33738606 kind=2 logical=11351 seq=11351 ch=34 rssi=-50
PR1HE t_us=33741581 kind=2 logical=11352 seq=11352 ch=7 rssi=-44
PR1HE t_us=33744558 kind=2 logical=11353 seq=11353 ch=26 rssi=-53
PR1HE t_us=33747528 kind=2 logical=11354 seq=11354 ch=8 rssi=-45
PR1HE t_us=33750506 kind=2 logical=11355 seq=11355 ch=0 rssi=-45
PR1HE t_us=33753494 kind=2 logical=11356 seq=11356 ch=9 rssi=-45
PR1HE t_us=33756475 kind=2 logical=11357 seq=11357 ch=15 rssi=-46
PR1HE t_us=33759459 kind=2 logical=11358 seq=11358 ch=5 rssi=-44
PR1HE t_us=33762434 kind=2 logical=11359 seq=11359 ch=10 rssi=-45
PR1HE t_us=33765420 kind=2 logical=11360 seq=11360 ch=39 rssi=-54
PR1HE t_us=33768406 kind=2 logical=11361 seq=11361 ch=14 rssi=-45
PR1HE t_us=33771388 kind=2 logical=11362 seq=11362 ch=15 rssi=-45
PR1HE t_us=33774372 kind=2 logical=11363 seq=11363 ch=4 rssi=-44
PR1HE t_us=33777346 kind=2 logical=11364 seq=11364 ch=10 rssi=-44
PR1HE t_us=33780324 kind=2 logical=11365 seq=11365 ch=7 rssi=-44
PR1HE t_us=33783301 kind=2 logical=11366 seq=11366 ch=34 rssi=-50
PR1HE t_us=33786283 kind=2 logical=11367 seq=11367 ch=14 rssi=-45
PR1HE t_us=33789265 kind=2 logical=11368 seq=11368 ch=9 rssi=-45
PR1HE t_us=33792252 kind=2 logical=11369 seq=11369 ch=1 rssi=-45
PR1HE t_us=33795239 kind=2 logical=11370 seq=11370 ch=11 rssi=-44
PR1HE t_us=33798222 kind=2 logical=11371 seq=11371 ch=25 rssi=-53
PR1HE t_us=33801204 kind=2 logical=11372 seq=11372 ch=0 rssi=-45
PR1HE t_us=33804187 kind=2 logical=11373 seq=11373 ch=39 rssi=-54
PR1HE t_us=33807170 kind=2 logical=11374 seq=11374 ch=26 rssi=-52
PR1HE t_us=33810155 kind=2 logical=11375 seq=11375 ch=8 rssi=-45
PR1HE t_us=33813137 kind=2 logical=11376 seq=11376 ch=6 rssi=-44
PR1HE t_us=33816116 kind=2 logical=11377 seq=11377 ch=17 rssi=-47
PR1HE t_us=33819100 kind=2 logical=11378 seq=11378 ch=16 rssi=-47
PR1HE t_us=33822081 kind=2 logical=11379 seq=11379 ch=5 rssi=-44
PR1HE t_us=33825053 kind=2 logical=11380 seq=11380 ch=2 rssi=-45
PR1HE t_us=33828032 kind=2 logical=11381 seq=11381 ch=26 rssi=-53
PR1HE t_us=33831007 kind=2 logical=11382 seq=11382 ch=0 rssi=-45
PR1HE t_us=33833982 kind=2 logical=11383 seq=11383 ch=4 rssi=-44
PR1HE t_us=33836960 kind=2 logical=11384 seq=11384 ch=11 rssi=-45
PR1HE t_us=33839936 kind=2 logical=11385 seq=11385 ch=25 rssi=-49
PR1HE t_us=33842911 kind=2 logical=11386 seq=11386 ch=7 rssi=-44
PR1HE t_us=33845888 kind=2 logical=11387 seq=11387 ch=39 rssi=-54
PR1HE t_us=33848858 kind=2 logical=11388 seq=11388 ch=8 rssi=-44
PR1HE t_us=33851835 kind=2 logical=11389 seq=11389 ch=15 rssi=-45
PR1HE t_us=33854811 kind=2 logical=11390 seq=11390 ch=9 rssi=-45
PR1HE t_us=33857788 kind=2 logical=11391 seq=11391 ch=17 rssi=-46
PR1HE t_us=33860774 kind=2 logical=11392 seq=11392 ch=1 rssi=-45
PR1HE t_us=33863758 kind=2 logical=11393 seq=11393 ch=2 rssi=-45
PR1HE t_us=33866738 kind=2 logical=11394 seq=11394 ch=39 rssi=-55
PR1HE t_us=33869718 kind=2 logical=11395 seq=11395 ch=16 rssi=-45
PR1HE t_us=33872695 kind=2 logical=11396 seq=11396 ch=5 rssi=-44
PR1HE t_us=33875678 kind=2 logical=11397 seq=11397 ch=4 rssi=-44
PR1HE t_us=33878649 kind=2 logical=11398 seq=11398 ch=25 rssi=-51
PR1HE t_us=33881627 kind=2 logical=11399 seq=11399 ch=7 rssi=-44
PR1HE t_us=33884604 kind=2 logical=11400 seq=11400 ch=2 rssi=-45
PR1HE t_us=33887579 kind=2 logical=11401 seq=11401 ch=26 rssi=-53
PR1HE t_us=33890548 kind=2 logical=11402 seq=11402 ch=6 rssi=-44
PR1HE t_us=33893524 kind=2 logical=11403 seq=11403 ch=15 rssi=-45
PR1HE t_us=33896508 kind=2 logical=11404 seq=11404 ch=11 rssi=-44
PR1HE t_us=33899489 kind=2 logical=11405 seq=11405 ch=14 rssi=-45
PR1HE t_us=33902470 kind=2 logical=11406 seq=11406 ch=1 rssi=-45
PR1HE t_us=33905454 kind=2 logical=11407 seq=11407 ch=8 rssi=-44
PR1HE t_us=33908430 kind=2 logical=11408 seq=11408 ch=9 rssi=-44
PR1HE t_us=33911414 kind=2 logical=11409 seq=11409 ch=10 rssi=-45
PR1HE t_us=33914390 kind=2 logical=11410 seq=11410 ch=17 rssi=-47
PR1HE t_us=33917373 kind=2 logical=11411 seq=11411 ch=0 rssi=-45
PR1HE t_us=33920348 kind=2 logical=11412 seq=11412 ch=6 rssi=-44
PR1HE t_us=33923325 kind=2 logical=11413 seq=11413 ch=1 rssi=-45
PR1HE t_us=33926301 kind=2 logical=11414 seq=11414 ch=10 rssi=-44
PR1HE t_us=33929286 kind=2 logical=11415 seq=11415 ch=2 rssi=-44
PR1HE t_us=33932263 kind=2 logical=11416 seq=11416 ch=17 rssi=-46
PR1HE t_us=33935246 kind=2 logical=11417 seq=11417 ch=0 rssi=-45
PR1HE t_us=33938228 kind=2 logical=11418 seq=11418 ch=25 rssi=-52
PR1HE t_us=33941206 kind=2 logical=11419 seq=11419 ch=11 rssi=-45
PR1HE t_us=33944188 kind=2 logical=11420 seq=11420 ch=5 rssi=-44
PR1HE t_us=33947163 kind=2 logical=11421 seq=11421 ch=7 rssi=-45
PR1HE t_us=33950146 kind=2 logical=11422 seq=11422 ch=16 rssi=-46
PR1HE t_us=33953126 kind=2 logical=11423 seq=11423 ch=14 rssi=-45
PR1HE t_us=33956104 kind=2 logical=11424 seq=11424 ch=8 rssi=-45
PR1HE t_us=33959087 kind=2 logical=11425 seq=11425 ch=9 rssi=-44
PR1HE t_us=33962066 kind=2 logical=11426 seq=11426 ch=39 rssi=-54
PR1HE t_us=33965041 kind=2 logical=11427 seq=11427 ch=4 rssi=-44
PR1HE t_us=33968017 kind=2 logical=11428 seq=11428 ch=26 rssi=-53
PR1HE t_us=33970987 kind=2 logical=11429 seq=11429 ch=15 rssi=-45
PR1HE t_us=33973966 kind=2 logical=11430 seq=11430 ch=17 rssi=-47
PR1HE t_us=33976941 kind=2 logical=11431 seq=11431 ch=0 rssi=-45
PR1HE t_us=33979912 kind=2 logical=11432 seq=11432 ch=9 rssi=-45
PR1HE t_us=33982888 kind=2 logical=11433 seq=11433 ch=25 rssi=-52
PR1HE t_us=33985861 kind=2 logical=11434 seq=11434 ch=1 rssi=-45
PR1HE t_us=33988836 kind=2 logical=11435 seq=11435 ch=2 rssi=-44
PR1HE t_us=33991812 kind=2 logical=11436 seq=11436 ch=7 rssi=-45
PR1HE t_us=33994789 kind=2 logical=11437 seq=11437 ch=26 rssi=-53
PR1HE t_us=33997775 kind=2 logical=11438 seq=11438 ch=5 rssi=-44
PR1HE t_us=34000754 kind=2 logical=11439 seq=11439 ch=8 rssi=-44
PR1HE t_us=34003739 kind=2 logical=11440 seq=11440 ch=39 rssi=-55
PR1HE t_us=34006721 kind=2 logical=11441 seq=11441 ch=14 rssi=-45
PR1HE t_us=34009707 kind=2 logical=11442 seq=11442 ch=15 rssi=-45
PR1HE t_us=34012693 kind=2 logical=11443 seq=11443 ch=16 rssi=-46
PR1HE t_us=34015680 kind=2 logical=11444 seq=11444 ch=10 rssi=-45
PR1HE t_us=34018648 kind=2 logical=11445 seq=11445 ch=4 rssi=-44
PR1HE t_us=34021631 kind=2 logical=11446 seq=11446 ch=11 rssi=-44
PR1HE t_us=34024604 kind=2 logical=11447 seq=11447 ch=6 rssi=-44
PR1HE t_us=34027577 kind=2 logical=11448 seq=11448 ch=0 rssi=-45
PR1HE t_us=34030550 kind=2 logical=11449 seq=11449 ch=4 rssi=-45
PR1HE t_us=34033525 kind=2 logical=11450 seq=11450 ch=10 rssi=-44
PR1HE t_us=34036501 kind=2 logical=11451 seq=11451 ch=14 rssi=-45
PR1HE t_us=34039486 kind=2 logical=11452 seq=11452 ch=2 rssi=-45
PR1HE t_us=34042468 kind=2 logical=11453 seq=11453 ch=25 rssi=-52
PR1HE t_us=34045448 kind=2 logical=11454 seq=11454 ch=5 rssi=-44
PR1HE t_us=34048432 kind=2 logical=11455 seq=11455 ch=26 rssi=-52
PR1HE t_us=34051413 kind=2 logical=11456 seq=11456 ch=8 rssi=-45
PR1HE t_us=34054390 kind=2 logical=11457 seq=11457 ch=7 rssi=-44
PR1HE t_us=34057373 kind=2 logical=11458 seq=11458 ch=16 rssi=-46
PR1HE t_us=34060350 kind=2 logical=11459 seq=11459 ch=6 rssi=-44
PR1HE t_us=34063328 kind=2 logical=11460 seq=11460 ch=39 rssi=-54
PR1HE t_us=34066303 kind=2 logical=11461 seq=11461 ch=11 rssi=-47
PR1HE t_us=34069285 kind=2 logical=11462 seq=11462 ch=1 rssi=-45
PR1HE t_us=34072265 kind=2 logical=11463 seq=11463 ch=9 rssi=-44
PR1HE t_us=34075248 kind=2 logical=11464 seq=11464 ch=17 rssi=-47
PR1HE t_us=34078230 kind=2 logical=11465 seq=11465 ch=15 rssi=-45
PR1HE t_us=34081208 kind=2 logical=11466 seq=11466 ch=16 rssi=-46
PR1HE t_us=34084188 kind=2 logical=11467 seq=11467 ch=4 rssi=-44
PR1HE t_us=34087163 kind=2 logical=11468 seq=11468 ch=8 rssi=-45
PR1HE t_us=34090147 kind=2 logical=11469 seq=11469 ch=26 rssi=-51
PR1HE t_us=34093128 kind=2 logical=11470 seq=11470 ch=5 rssi=-44
PR1HE t_us=34096106 kind=2 logical=11471 seq=11471 ch=15 rssi=-45
PR1HE t_us=34099090 kind=2 logical=11472 seq=11472 ch=2 rssi=-47
PR1HE t_us=34102065 kind=2 logical=11473 seq=11473 ch=10 rssi=-44
PR1HE t_us=34105042 kind=2 logical=11474 seq=11474 ch=9 rssi=-45
PR1HE t_us=34108017 kind=2 logical=11475 seq=11475 ch=0 rssi=-45
PR1HE t_us=34110988 kind=2 logical=11476 seq=11476 ch=25 rssi=-52
PR1HE t_us=34113963 kind=2 logical=11477 seq=11477 ch=14 rssi=-45
PR1HE t_us=34116938 kind=2 logical=11478 seq=11478 ch=1 rssi=-45
PR1HE t_us=34119913 kind=2 logical=11479 seq=11479 ch=6 rssi=-45
PR1HE t_us=34122891 kind=2 logical=11480 seq=11480 ch=39 rssi=-55
PR1HE t_us=34125862 kind=2 logical=11481 seq=11481 ch=7 rssi=-44
PR1HE t_us=34128836 kind=2 logical=11482 seq=11482 ch=17 rssi=-47
PR1HE t_us=34139851 kind=12 logical=11483 seq=11006 ch=11 rssi=0
PR1HE t_us=9025 kind=13 logical=1305 seq=244 ch=0 rssi=432
PR1HE t_us=34139848 kind=5 logical=11483 seq=3 ch=11 rssi=0
PR1HE t_us=34141107 kind=5 logical=11486 seq=1 ch=25 rssi=0
PR1HE t_us=34143742 kind=2 logical=11487 seq=11487 ch=39 rssi=-54
PR1HE t_us=34147088 kind=5 logical=11488 seq=1 ch=17 rssi=0
PR1HE t_us=34150063 kind=5 logical=11489 seq=1 ch=5 rssi=0
PR1HE t_us=34153039 kind=5 logical=11490 seq=1 ch=1 rssi=0
PR1HE t_us=34156013 kind=5 logical=11491 seq=1 ch=11 rssi=0
PR1HE t_us=34158989 kind=5 logical=11492 seq=1 ch=2 rssi=0
PR1HE t_us=34161963 kind=5 logical=11493 seq=1 ch=10 rssi=0
PR1HE t_us=34164938 kind=5 logical=11494 seq=1 ch=16 rssi=0
PR1HE t_us=34167914 kind=5 logical=11495 seq=1 ch=0 rssi=0
PR1HE t_us=34170888 kind=6 logical=11497 seq=0 ch=36 rssi=0
PR1HE t_us=35395111 kind=3 logical=11497 seq=0 ch=36 rssi=0
PR1HA_BEGIN total=54 kept=54
PR1HA t_us=795403 kind=4 logical=313 seq=313 ch=20 rssi=-47
PR1HA t_us=894398 kind=7 logical=346 seq=346 ch=20 rssi=-47
PR1HA t_us=1092333 kind=3 logical=412 seq=0 ch=20 rssi=0
PR1HA t_us=1314776 kind=5 logical=486 seq=1 ch=29 rssi=0
PR1HA t_us=1586974 kind=5 logical=577 seq=1 ch=30 rssi=0
PR1HA t_us=1751407 kind=3 logical=632 seq=0 ch=24 rssi=0
PR1HA t_us=2096782 kind=5 logical=747 seq=1 ch=30 rssi=0
PR1HA t_us=2255411 kind=3 logical=800 seq=0 ch=24 rssi=0
PR1HA t_us=2296572 kind=3 logical=814 seq=0 ch=29 rssi=0
PR1HA t_us=2402787 kind=5 logical=849 seq=1 ch=31 rssi=0
PR1HA t_us=2504787 kind=5 logical=883 seq=1 ch=27 rssi=0
PR1HA t_us=2804416 kind=3 logical=983 seq=0 ch=24 rssi=0
PR1HA t_us=3107793 kind=5 logical=1084 seq=1 ch=27 rssi=0
PR1HA t_us=3131674 kind=5 logical=1092 seq=1 ch=31 rssi=0
PR1HA t_us=3844858 kind=5 logical=1330 seq=1 ch=31 rssi=0
PR1HA t_us=4135486 kind=3 logical=1427 seq=0 ch=24 rssi=0
PR1HA t_us=4249861 kind=5 logical=1465 seq=1 ch=31 rssi=0
PR1HA t_us=4450863 kind=5 logical=1532 seq=1 ch=31 rssi=0
PR1HA t_us=5271346 kind=5 logical=1806 seq=1 ch=28 rssi=0
PR1HA t_us=6086474 kind=3 logical=2079 seq=0 ch=3 rssi=0
PR1HA t_us=6206348 kind=5 logical=2119 seq=1 ch=23 rssi=0
PR1HA t_us=6490200 kind=5 logical=2214 seq=1 ch=38 rssi=0
PR1HA t_us=6911417 kind=5 logical=2355 seq=1 ch=23 rssi=0
PR1HA t_us=7001069 kind=5 logical=2385 seq=1 ch=28 rssi=0
PR1HA t_us=7045877 kind=5 logical=2400 seq=1 ch=22 rssi=0
PR1HA t_us=7101502 kind=3 logical=2419 seq=0 ch=23 rssi=0
PR1HA t_us=9061610 kind=3 logical=3075 seq=0 ch=32 rssi=0
PR1HA t_us=10840573 kind=3 logical=3671 seq=0 ch=13 rssi=0
PR1HA t_us=13953486 kind=5 logical=4714 seq=1 ch=36 rssi=0
PR1HA t_us=14030686 kind=3 logical=4740 seq=0 ch=33 rssi=0
PR1HA t_us=14803804 kind=5 logical=4999 seq=1 ch=18 rssi=0
PR1HA t_us=16319089 kind=3 logical=5507 seq=0 ch=19 rssi=0
PR1HA t_us=18863593 kind=5 logical=6360 seq=1 ch=19 rssi=0
PR1HA t_us=22384543 kind=5 logical=7541 seq=1 ch=21 rssi=0
PR1HA t_us=23368059 kind=3 logical=7871 seq=0 ch=12 rssi=0
PR1HA t_us=26406098 kind=5 logical=8890 seq=1 ch=37 rssi=0
PR1HA t_us=26859108 kind=5 logical=9042 seq=1 ch=37 rssi=0
PR1HA t_us=27064342 kind=3 logical=9111 seq=0 ch=37 rssi=0
PR1HA t_us=27183954 kind=5 logical=9151 seq=1 ch=35 rssi=0
PR1HA t_us=31990089 kind=5 logical=10764 seq=1 ch=34 rssi=0
PR1HA t_us=34139851 kind=12 logical=11483 seq=11006 ch=11 rssi=0
PR1HA t_us=9025 kind=13 logical=1305 seq=244 ch=0 rssi=432
PR1HA t_us=34139848 kind=5 logical=11483 seq=3 ch=11 rssi=0
PR1HA t_us=34141107 kind=5 logical=11486 seq=1 ch=25 rssi=0
PR1HA t_us=34147088 kind=5 logical=11488 seq=1 ch=17 rssi=0
PR1HA t_us=34150063 kind=5 logical=11489 seq=1 ch=5 rssi=0
PR1HA t_us=34153039 kind=5 logical=11490 seq=1 ch=1 rssi=0
PR1HA t_us=34156013 kind=5 logical=11491 seq=1 ch=11 rssi=0
PR1HA t_us=34158989 kind=5 logical=11492 seq=1 ch=2 rssi=0
PR1HA t_us=34161963 kind=5 logical=11493 seq=1 ch=10 rssi=0
PR1HA t_us=34164938 kind=5 logical=11494 seq=1 ch=16 rssi=0
PR1HA t_us=34167914 kind=5 logical=11495 seq=1 ch=0 rssi=0
PR1HA t_us=34170888 kind=6 logical=11497 seq=0 ch=36 rssi=0
PR1HA t_us=35395111 kind=3 logical=11497 seq=0 ch=36 rssi=0
PR1HE_END
