PR1_RUNTIME_BOOT
runtime_profile=phase1-fixed-flrc-rx
runtime_role=rx
board_family=LILYGO T3-S3-MVSRBoard
board_reference_revision=V1.1 upstream reference
radio_target=SX1280
upstream_reference_commit=840a2e788b3192c4e9bddf0640c1ecaf703c2598
hardware_veriESP-ROM:esp32s3-20210327
Build:Mar 27 2021
rst:0x15 (USB_UART_CHIP_RESET),boot:0x18 (SPI_FAST_FLASH_BOOT)
Saved PC:0x420271be
SPIWP:0xee
mode:DIO, clock div:1
load:0x3fce3808,len:0x44c
load:0x403c9700,len:0xbd8
load:0x403cc700,len:0x2a80
entry 0x403c98d0
PR1_RUNTIME_BOOT
runtime_profile=phase1-fixed-flrc-rx
runtime_role=rx
board_family=LILYGO T3-S3-MVSRBoard
board_reference_revision=V1.1 upstream reference
radio_target=SX1280
upstream_reference_commit=840a2e788b3192c4e9bddf0640c1ecaf703c2598
hardware_verified=0
protocol_version=1
protocol_header_bytes=16
rf_enabled=1
sx1280_spi_hz=2000000
sx1280_cs=7
sx1280_rst=8
sx1280_sclk=5
sx1280_mosi=6
sx1280_miso=3
sx1280_dio1=9
sx1280_busy=36
sx1280_tx_enable=10
sx1280_rx_enable=21
PR1_FIXED_FLRC_PROFILE
frequency_mhz=2404.000
bitrate_kbps=1300
coding_rate=3
output_dbm=0
tx_gap_us=5000
packet_bytes=116
adaptive_layers=off
PR1_RUNTIME_LIVE_READY
PR1T v=1 t_us=21971997 field=device_state value=2
PR1T v=1 t_us=21971997 field=rssi_dbm value=-40
PR1T v=1 t_us=21971997 field=crc_good value=7047
PR1T v=1 t_us=21971997 field=crc_bad value=0
PR1T v=1 t_us=21971997 field=missing value=0
PR1T v=1 t_us=21971997 field=queue_depth value=0
PR1T v=1 t_us=21971997 field=max_queue_depth value=1
PR1T v=1 t_us=21971997 field=irq_to_spi_us value=6
PR1T v=1 t_us=21971997 field=spi_duration_us value=1247
PR1T v=1 t_us=21971997 field=rx_processing_us value=1249
PR1T v=1 t_us=21971997 field=spi_end_to_rearm_start_us value=137
PR1T v=1 t_us=21971997 field=rx_rearm_us value=422
PR1T v=1 t_us=21971997 field=irq_to_rx_ready_us value=1796
PR1T v=1 t_us=21971997 field=trace_overwrites value=63295
PR1T v=1 t_us=21971997 field=capability_mask value=12
PR1T v=1 t_us=31428063 field=device_state value=2
PR1T v=1 t_us=31428063 field=rssi_dbm value=-40
PR1T v=1 t_us=31428063 field=crc_good value=10162
PR1T v=1 t_us=31428063 field=crc_bad value=0
PR1T v=1 t_us=31428063 field=missing value=1
PR1T v=1 t_us=31428063 field=queue_depth value=0
PR1T v=1 t_us=31428063 field=max_queue_depth value=1
PR1T v=1 t_us=31428063 field=irq_to_spi_us value=6
PR1T v=1 t_us=31428063 field=spi_duration_us value=1245
PR1T v=1 t_us=31428063 field=rx_processing_us value=1247
PR1T v=1 t_us=31428063 field=spi_end_to_rearm_start_us value=137
PR1T v=1 t_us=31428063 field=rx_rearm_us value=422
PR1T v=1 t_us=31428063 field=irq_to_rx_ready_us value=1793
PR1T v=1 t_us=31428063 field=trace_overwrites value=91330
PR1T v=1 t_us=31428063 field=capability_mask value=12
PR1T v=1 t_us=31946948 field=device_state value=2
PR1T v=1 t_us=31946948 field=rssi_dbm value=-41
PR1T v=1 t_us=31946948 field=crc_good value=10332
PR1T v=1 t_us=31946948 field=crc_bad value=0
PR1T v=1 t_us=31946948 field=missing value=2
PR1T v=1 t_us=31946948 field=queue_depth value=0
PR1T v=1 t_us=31946948 field=max_queue_depth value=1
PR1T v=1 t_us=31946948 field=irq_to_spi_us value=5
PR1T v=1 t_us=31946948 field=spi_duration_us value=1250
PR1T v=1 t_us=31946948 field=rx_processing_us value=1251
PR1T v=1 t_us=31946948 field=spi_end_to_rearm_start_us value=138
PR1T v=1 t_us=31946948 field=rx_rearm_us value=417
PR1T v=1 t_us=31946948 field=irq_to_rx_ready_us value=1795
PR1T v=1 t_us=31946948 field=trace_overwrites value=92860
PR1T v=1 t_us=31946948 field=capability_mask value=12
