ESP-ROM:esp32s3-20210327
Build:Mar 27 2021
rst:0x15 (USB_UART_CHIP_RESET),boot:0x18 (SPI_FAST_FLASH_BOOT)
Saved PC:0x40041a76
SPIWP:0xee
mode:DIO, clock div:1
load:0x3fce3808,len:0x44c
load:0x403c9700,len:0xbd8
load:0x403cc700,len:0x2a80
entry 0x403c98d0
PR1_RUNTIME_BOOT
runtime_profile=phase1-fixed-flrc-rx
runtime_role=rx
board_family=LILYGO T3-S3-MVSRBoard
board_reference_revision=V1.1 upstream reference
radio_target=SX1280
upstream_reference_commit=840a2e788b3192c4e9bddf0640c1ecaf703c2598
hardware_verified=0
protocol_version=1
protocol_header_bytes=16
rf_enabled=1
sx1280_spi_hz=2000000
sx1280_cs=7
sx1280_rst=8
sx1280_sclk=5
sx1280_mosi=6
sx1280_miso=3
sx1280_dio1=9
sx1280_busy=36
sx1280_tx_enable=10
sx1280_rx_enable=21
PR1_FIXED_FLRC_PROFILE
frequency_mhz=2404.000
bitrate_kbps=1300
coding_rate=3
output_dbm=0
tx_gap_us=5000
packet_bytes=116
adaptive_layers=channel_map
ctrl_plane_core=0
afh_enabled=1
afh_session_id=1
afh_session_seed=0x5052314441525431
afh_map_version=1
afh_active_channels=40
afh_resync_after_misses=8
afh_rendezvous_first=20
adaptive_map=1
map_lead_frames=600
map_guard_frames=100
quality_cfg=fast_shift:2,slow_shift:5,suspect_q15:30000,exclude_q15:22937,recover_q15:30720,suspect_losses:2,exclude_losses:4,recover_successes:3,probe_ms:3200-25600,min_active:12,exclude_slow_q15:31129,reinstate_successes:3,map_min_interval_ms:5000
afh_schedule_fp=18,21,5,3,0,6,29,20,36,25,9,24,14,28,37,17,30,10,32,26,31,7,22,35,16,1,2,12,39,13,15,11,38,19,33,23,34,4,27,8,16,19,10,17,24,21,5,14
PR1_RUNTIME_LIVE_READY
PR1T v=1 t_us=34140027 field=device_state value=2
PR1T v=1 t_us=34140027 field=rssi_dbm value=-45
PR1T v=1 t_us=34140027 field=crc_good value=11044
PR1T v=1 t_us=34140027 field=crc_bad value=23
PR1T v=1 t_us=34140027 field=missing value=74
PR1T v=1 t_us=34140027 field=queue_depth value=0
PR1T v=1 t_us=34140027 field=max_queue_depth value=1
PR1T v=1 t_us=34140027 field=irq_to_spi_us value=8
PR1T v=1 t_us=34140027 field=spi_duration_us value=1248
PR1T v=1 t_us=34140027 field=rx_processing_us value=1249
PR1T v=1 t_us=34140027 field=spi_end_to_rearm_start_us value=235
PR1T v=1 t_us=34140027 field=rx_rearm_us value=422
PR1T v=1 t_us=34140027 field=irq_to_rx_ready_us value=1892
PR1T v=1 t_us=34140027 field=trace_overwrites value=99491
PR1T v=1 t_us=34140027 field=capability_mask value=12
PR1PROP id=19 type=probe ch=20 at=11856 v=6 rx_logical=11556
PR1H t_us=34451840 session_id=1 map_version=6 locked=1 channel=14 logical=11566 retunes=11186 retune_failures=0 standby_failures=0 timeout_advances=60 resync_entries=1 locks=2 agree=11104 disagree=0 period_est_us=2983 max_consecutive_timeouts=9 retune_us_p99=71 retune_us_max=74 hop_compute_us_p99=39 hop_compute_us_max=54
PR1HQ acq_anchors=1 acq_crc=0 acq_frames=33 acq_done_us=893107
PR1HC ok=334,336,331,331,332,334,334,332,331,334,332,330,336,331,333,335,336,333,330,329,22,333,331,209,151,331,332,62,108,107,148,150,152,208,330,333,332,325,153,333 crc=0,0,0,0,0,0,0,0,0,0,0,0,1,1,0,0,1,0,0,2,1,0,0,0,4,0,0,1,0,1,0,2,3,3,1,0,1,1,0,0
PR1CP core=0 lines=18 parse_fail=0 in_dropped=0 out_lines=37 write_waits=79 stack_free=2948 window_waits=1335475 work_us_max=38
PR1QS map_version=6 active=29 bits=bc066fffff pending=0 pending_v=6 pending_act=7944 min_active_seen=29 proposals=19 commits=18 commit_late=0 expired=0 activations=5 tx_rejects=0 outcomes_dropped=0 events=175 emit_dropped=0 activation_count=5 ctrl_us_p99=7 ctrl_us_max=7 ctrl_us_n=18 ctrl_us_p50=5 ctrl_us_p95=7
PR1QA v=2 activation=1262 applied_at=1262
PR1QA v=3 activation=2930 applied_at=2930
PR1QA v=4 activation=4597 applied_at=4597
PR1QA v=5 activation=6270 applied_at=6270
PR1QA v=6 activation=7944 applied_at=7944
PR1QC ch=0 mhz=2404 state=0 fast_q15=32767 slow_q15=32767 ok=334 crc=0 timeout=0 probe_ok=0 probe_fail=0 suspects=0 exclusions=0 reinclusions=0 last_excl_ms=0
PR1QC ch=1 mhz=2406 state=0 fast_q15=32767 slow_q15=32767 ok=336 crc=0 timeout=0 probe_ok=0 probe_fail=0 suspects=0 exclusions=0 reinclusions=0 last_excl_ms=0
PR1QC ch=2 mhz=2408 state=0 fast_q15=32767 slow_q15=32767 ok=331 crc=0 timeout=0 probe_ok=0 probe_fail=0 suspects=0 exclusions=0 reinclusions=0 last_excl_ms=0
PR1QC ch=3 mhz=2410 state=0 fast_q15=32767 slow_q15=32767 ok=331 crc=0 timeout=0 probe_ok=0 probe_fail=0 suspects=0 exclusions=0 reinclusions=0 last_excl_ms=0
PR1QC ch=4 mhz=2412 state=0 fast_q15=32767 slow_q15=32767 ok=332 crc=0 timeout=0 probe_ok=0 probe_fail=0 suspects=0 exclusions=0 reinclusions=0 last_excl_ms=0
PR1QC ch=5 mhz=2414 state=0 fast_q15=32767 slow_q15=32767 ok=334 crc=0 timeout=0 probe_ok=0 probe_fail=0 suspects=0 exclusions=0 reinclusions=0 last_excl_ms=0
PR1QC ch=6 mhz=2416 state=0 fast_q15=32767 slow_q15=32767 ok=334 crc=0 timeout=0 probe_ok=0 probe_fail=0 suspects=0 exclusions=0 reinclusions=0 last_excl_ms=0
PR1QC ch=7 mhz=2418 state=1 fast_q15=26623 slow_q15=31775 ok=332 crc=0 timeout=1 probe_ok=0 probe_fail=0 suspects=1 exclusions=0 reinclusions=0 last_excl_ms=0
PR1QC ch=8 mhz=2420 state=0 fast_q15=32767 slow_q15=32767 ok=331 crc=0 timeout=0 probe_ok=0 probe_fail=0 suspects=0 exclusions=0 reinclusions=0 last_excl_ms=0
PR1QC ch=9 mhz=2422 state=0 fast_q15=32767 slow_q15=32767 ok=334 crc=0 timeout=0 probe_ok=0 probe_fail=0 suspects=0 exclusions=0 reinclusions=0 last_excl_ms=0
PR1QC ch=10 mhz=2424 state=0 fast_q15=32767 slow_q15=32767 ok=332 crc=0 timeout=0 probe_ok=0 probe_fail=0 suspects=0 exclusions=0 reinclusions=0 last_excl_ms=0
PR1QC ch=11 mhz=2426 state=0 fast_q15=32767 slow_q15=32767 ok=330 crc=0 timeout=0 probe_ok=0 probe_fail=0 suspects=0 exclusions=0 reinclusions=0 last_excl_ms=0
PR1QC ch=12 mhz=2428 state=0 fast_q15=32764 slow_q15=32736 ok=336 crc=1 timeout=0 probe_ok=0 probe_fail=0 suspects=1 exclusions=0 reinclusions=0 last_excl_ms=0
PR1QC ch=13 mhz=2430 state=0 fast_q15=32764 slow_q15=32727 ok=331 crc=1 timeout=0 probe_ok=0 probe_fail=0 suspects=1 exclusions=0 reinclusions=0 last_excl_ms=0
PR1QC ch=14 mhz=2432 state=0 fast_q15=32767 slow_q15=32767 ok=333 crc=0 timeout=0 probe_ok=0 probe_fail=0 suspects=0 exclusions=0 reinclusions=0 last_excl_ms=0
PR1QC ch=15 mhz=2434 state=0 fast_q15=32767 slow_q15=32767 ok=335 crc=0 timeout=0 probe_ok=0 probe_fail=0 suspects=0 exclusions=0 reinclusions=0 last_excl_ms=0
PR1QC ch=16 mhz=2436 state=1 fast_q15=29309 slow_q15=31783 ok=336 crc=1 timeout=1 probe_ok=0 probe_fail=0 suspects=2 exclusions=0 reinclusions=0 last_excl_ms=0
PR1QC ch=17 mhz=2438 state=0 fast_q15=32764 slow_q15=32689 ok=333 crc=0 timeout=1 probe_ok=0 probe_fail=0 suspects=1 exclusions=0 reinclusions=0 last_excl_ms=0
PR1QC ch=18 mhz=2440 state=1 fast_q15=28157 slow_q15=31759 ok=330 crc=0 timeout=3 probe_ok=0 probe_fail=0 suspects=3 exclusions=0 reinclusions=0 last_excl_ms=0
PR1QC ch=19 mhz=2442 state=1 fast_q15=28157 slow_q15=31471 ok=329 crc=2 timeout=4 probe_ok=0 probe_fail=0 suspects=6 exclusions=0 reinclusions=0 last_excl_ms=0
PR1QC ch=20 mhz=2444 state=2 fast_q15=24458 slow_q15=30563 ok=22 crc=1 timeout=2 probe_ok=1 probe_fail=1 suspects=1 exclusions=1 reinclusions=0 last_excl_ms=1838
PR1QC ch=21 mhz=2446 state=0 fast_q15=32762 slow_q15=32299 ok=333 crc=0 timeout=2 probe_ok=0 probe_fail=0 suspects=2 exclusions=0 reinclusions=0 last_excl_ms=0
PR1QC ch=22 mhz=2448 state=1 fast_q15=28157 slow_q15=31747 ok=331 crc=0 timeout=2 probe_ok=0 probe_fail=0 suspects=2 exclusions=0 reinclusions=0 last_excl_ms=0
PR1QC ch=23 mhz=2450 state=2 fast_q15=24315 slow_q15=30820 ok=209 crc=0 timeout=5 probe_ok=0 probe_fail=1 suspects=3 exclusions=1 reinclusions=0 last_excl_ms=17515
PR1QC ch=24 mhz=2452 state=2 fast_q15=31672 slow_q15=31478 ok=151 crc=4 timeout=1 probe_ok=1 probe_fail=0 suspects=4 exclusions=1 reinclusions=0 last_excl_ms=14266
PR1QC ch=25 mhz=2454 state=1 fast_q15=28159 slow_q15=31806 ok=331 crc=0 timeout=1 probe_ok=0 probe_fail=0 suspects=1 exclusions=0 reinclusions=0 last_excl_ms=0
PR1QC ch=26 mhz=2456 state=0 fast_q15=32767 slow_q15=32767 ok=332 crc=0 timeout=0 probe_ok=0 probe_fail=0 suspects=0 exclusions=0 reinclusions=0 last_excl_ms=0
PR1QC ch=27 mhz=2458 state=2 fast_q15=29200 slow_q15=30087 ok=62 crc=1 timeout=4 probe_ok=1 probe_fail=0 suspects=3 exclusions=1 reinclusions=0 last_excl_ms=6656
PR1QC ch=28 mhz=2460 state=2 fast_q15=32756 slow_q15=31619 ok=108 crc=0 timeout=4 probe_ok=1 probe_fail=0 suspects=2 exclusions=1 reinclusions=0 last_excl_ms=7399
PR1QC ch=29 mhz=2462 state=2 fast_q15=32764 slow_q15=32086 ok=107 crc=1 timeout=3 probe_ok=1 probe_fail=0 suspects=4 exclusions=1 reinclusions=0 last_excl_ms=9301
PR1QC ch=30 mhz=2464 state=2 fast_q15=21171 slow_q15=29121 ok=148 crc=0 timeout=9 probe_ok=0 probe_fail=1 suspects=4 exclusions=1 reinclusions=0 last_excl_ms=12613
PR1QC ch=31 mhz=2466 state=2 fast_q15=32683 slow_q15=31509 ok=150 crc=2 timeout=4 probe_ok=1 probe_fail=0 suspects=3 exclusions=1 reinclusions=0 last_excl_ms=12030
PR1QC ch=32 mhz=2468 state=2 fast_q15=32764 slow_q15=32436 ok=152 crc=3 timeout=1 probe_ok=1 probe_fail=0 suspects=4 exclusions=1 reinclusions=0 last_excl_ms=12559
PR1QC ch=33 mhz=2470 state=2 fast_q15=32764 slow_q15=32237 ok=208 crc=3 timeout=1 probe_ok=1 probe_fail=0 suspects=3 exclusions=1 reinclusions=0 last_excl_ms=19541
PR1QC ch=34 mhz=2472 state=0 fast_q15=32764 slow_q15=32736 ok=330 crc=1 timeout=1 probe_ok=0 probe_fail=0 suspects=2 exclusions=0 reinclusions=0 last_excl_ms=0
PR1QC ch=35 mhz=2474 state=1 fast_q15=28157 slow_q15=31776 ok=333 crc=0 timeout=2 probe_ok=0 probe_fail=0 suspects=2 exclusions=0 reinclusions=0 last_excl_ms=0
PR1QC ch=36 mhz=2476 state=0 fast_q15=32764 slow_q15=32736 ok=332 crc=1 timeout=0 probe_ok=0 probe_fail=0 suspects=1 exclusions=0 reinclusions=0 last_excl_ms=0
PR1QC ch=37 mhz=2478 state=1 fast_q15=28157 slow_q15=31553 ok=325 crc=1 timeout=5 probe_ok=0 probe_fail=0 suspects=6 exclusions=0 reinclusions=0 last_excl_ms=0
PR1QC ch=38 mhz=2480 state=2 fast_q15=32764 slow_q15=32330 ok=153 crc=0 timeout=2 probe_ok=2 probe_fail=0 suspects=2 exclusions=1 reinclusions=0 last_excl_ms=14051
PR1QC ch=39 mhz=2482 state=0 fast_q15=32767 slow_q15=32767 ok=333 crc=0 timeout=0 probe_ok=0 probe_fail=0 suspects=0 exclusions=0 reinclusions=0 last_excl_ms=0
PR1QE t_ms=979 kind=7 logical=375 target=0 id=0 v=1 ch=32 value=0 bits=0000000000
PR1QE t_ms=1340 kind=7 logical=495 target=0 id=0 v=1 ch=24 value=0 bits=0000000000
PR1QE t_ms=1394 kind=7 logical=513 target=0 id=0 v=1 ch=19 value=0 bits=0000000000
PR1QE t_ms=1439 kind=7 logical=528 target=0 id=0 v=1 ch=20 value=0 bits=0000000000
PR1QE t_ms=1511 kind=7 logical=552 target=0 id=0 v=1 ch=34 value=0 bits=0000000000
PR1QE t_ms=1562 kind=11 logical=569 target=0 id=0 v=1 ch=32 value=0 bits=0000000000
PR1QE t_ms=1798 kind=7 logical=648 target=0 id=0 v=1 ch=27 value=0 bits=0000000000
PR1QE t_ms=1838 kind=8 logical=661 target=0 id=0 v=1 ch=20 value=2 bits=0000000000
PR1QE t_ms=1839 kind=0 logical=662 target=1262 id=1 v=2 ch=0 value=1 bits=ffffefffff
PR1QE t_ms=1846 kind=1 logical=664 target=1262 id=1 v=2 ch=0 value=1 bits=ffffefffff
PR1QE t_ms=1921 kind=11 logical=689 target=0 id=0 v=1 ch=19 value=0 bits=0000000000
PR1QE t_ms=1945 kind=11 logical=697 target=0 id=0 v=1 ch=24 value=0 bits=0000000000
PR1QE t_ms=2047 kind=11 logical=731 target=0 id=0 v=1 ch=34 value=0 bits=0000000000
PR1QE t_ms=2104 kind=7 logical=750 target=0 id=0 v=1 ch=29 value=0 bits=0000000000
PR1QE t_ms=2323 kind=7 logical=823 target=0 id=0 v=1 ch=31 value=0 bits=0000000000
PR1QE t_ms=2422 kind=11 logical=856 target=0 id=0 v=1 ch=27 value=0 bits=0000000000
PR1QE t_ms=2680 kind=11 logical=942 target=0 id=0 v=1 ch=29 value=0 bits=0000000000
PR1QE t_ms=2825 kind=7 logical=990 target=0 id=0 v=1 ch=30 value=0 bits=0000000000
PR1QE t_ms=2947 kind=11 logical=1031 target=0 id=0 v=1 ch=31 value=0 bits=0000000000
PR1QE t_ms=3370 kind=11 logical=1172 target=0 id=0 v=1 ch=30 value=0 bits=0000000000
PR1QE t_ms=3639 kind=4 logical=1262 target=1262 id=0 v=2 ch=0 value=39 bits=ffffefffff
PR1QE t_ms=4300 kind=7 logical=1482 target=0 id=0 v=2 ch=29 value=0 bits=0000000000
PR1QE t_ms=4921 kind=11 logical=1689 target=0 id=0 v=2 ch=29 value=0 bits=0000000000
PR1QE t_ms=5040 kind=0 logical=1729 target=2029 id=2 v=2 ch=20 value=2 bits=0000000000
PR1QE t_ms=5046 kind=1 logical=1731 target=2029 id=2 v=2 ch=20 value=1 bits=0000000000
PR1QE t_ms=5280 kind=7 logical=1809 target=0 id=0 v=2 ch=27 value=0 bits=0000000000
PR1QE t_ms=5328 kind=7 logical=1825 target=0 id=0 v=2 ch=33 value=0 bits=0000000000
PR1QE t_ms=5784 kind=7 logical=1977 target=0 id=0 v=2 ch=28 value=0 bits=0000000000
PR1QE t_ms=5835 kind=11 logical=1994 target=0 id=0 v=2 ch=27 value=0 bits=0000000000
PR1QE t_ms=5901 kind=11 logical=2016 target=0 id=0 v=2 ch=33 value=0 bits=0000000000
PR1QE t_ms=5940 kind=9 logical=2029 target=2029 id=0 v=2 ch=20 value=1 bits=0000000000
PR1QE t_ms=6203 kind=7 logical=2117 target=0 id=0 v=2 ch=30 value=0 bits=0000000000
PR1QE t_ms=6389 kind=11 logical=2179 target=0 id=0 v=2 ch=28 value=0 bits=0000000000
PR1QE t_ms=6509 kind=7 logical=2219 target=0 id=0 v=2 ch=31 value=0 bits=0000000000
PR1QE t_ms=6533 kind=7 logical=2227 target=0 id=0 v=2 ch=27 value=0 bits=0000000000
PR1QE t_ms=6656 kind=8 logical=2268 target=0 id=0 v=2 ch=27 value=2 bits=0000000000
PR1QE t_ms=6785 kind=11 logical=2311 target=0 id=0 v=2 ch=30 value=0 bits=0000000000
PR1QE t_ms=6841 kind=0 logical=2330 target=2930 id=3 v=3 ch=0 value=1 bits=fff7efffff
PR1QE t_ms=6847 kind=1 logical=2332 target=2930 id=3 v=3 ch=0 value=1 bits=fff7efffff
PR1QE t_ms=6863 kind=7 logical=2337 target=0 id=0 v=2 ch=23 value=0 bits=0000000000
PR1QE t_ms=7042 kind=11 logical=2397 target=0 id=0 v=2 ch=31 value=0 bits=0000000000
PR1QE t_ms=7216 kind=7 logical=2455 target=0 id=0 v=2 ch=37 value=0 bits=0000000000
PR1QE t_ms=7237 kind=7 logical=2462 target=0 id=0 v=2 ch=28 value=0 bits=0000000000
PR1QE t_ms=7399 kind=8 logical=2516 target=0 id=0 v=2 ch=28 value=2 bits=0000000000
PR1QE t_ms=7435 kind=11 logical=2528 target=0 id=0 v=2 ch=23 value=0 bits=0000000000
PR1QE t_ms=7533 kind=7 logical=2561 target=0 id=0 v=2 ch=32 value=0 bits=0000000000
PR1QE t_ms=7693 kind=11 logical=2614 target=0 id=0 v=2 ch=37 value=0 bits=0000000000
PR1QE t_ms=8056 kind=11 logical=2735 target=0 id=0 v=2 ch=32 value=0 bits=0000000000
PR1QE t_ms=8479 kind=7 logical=2876 target=0 id=0 v=2 ch=29 value=0 bits=0000000000
PR1QE t_ms=8639 kind=4 logical=2930 target=2930 id=0 v=3 ch=0 value=38 bits=fff7efffff
PR1QE t_ms=8902 kind=7 logical=3017 target=0 id=0 v=3 ch=24 value=0 bits=0000000000
PR1QE t_ms=9055 kind=11 logical=3068 target=0 id=0 v=3 ch=29 value=0 bits=0000000000
PR1QE t_ms=9172 kind=7 logical=3107 target=0 id=0 v=3 ch=29 value=0 bits=0000000000
PR1QE t_ms=9301 kind=8 logical=3150 target=0 id=0 v=3 ch=29 value=2 bits=0000000000
PR1QE t_ms=9401 kind=7 logical=3183 target=0 id=0 v=3 ch=19 value=0 bits=0000000000
PR1QE t_ms=9484 kind=11 logical=3211 target=0 id=0 v=3 ch=24 value=0 bits=0000000000
PR1QE t_ms=9958 kind=11 logical=3369 target=0 id=0 v=3 ch=19 value=0 bits=0000000000
PR1QE t_ms=10399 kind=7 logical=3516 target=0 id=0 v=3 ch=30 value=0 bits=0000000000
PR1QE t_ms=10504 kind=7 logical=3551 target=0 id=0 v=3 ch=32 value=0 bits=0000000000
PR1QE t_ms=10906 kind=7 logical=3685 target=0 id=0 v=3 ch=33 value=0 bits=0000000000
PR1QE t_ms=10927 kind=7 logical=3692 target=0 id=0 v=3 ch=37 value=0 bits=0000000000
PR1QE t_ms=10993 kind=11 logical=3714 target=0 id=0 v=3 ch=30 value=0 bits=0000000000
PR1QE t_ms=11110 kind=7 logical=3753 target=0 id=0 v=3 ch=24 value=0 bits=0000000000
PR1QE t_ms=11122 kind=11 logical=3757 target=0 id=0 v=3 ch=32 value=0 bits=0000000000
PR1QE t_ms=11404 kind=11 logical=3851 target=0 id=0 v=3 ch=33 value=0 bits=0000000000
PR1QE t_ms=11554 kind=11 logical=3901 target=0 id=0 v=3 ch=37 value=0 bits=0000000000
PR1QE t_ms=11656 kind=11 logical=3935 target=0 id=0 v=3 ch=24 value=0 bits=0000000000
PR1QE t_ms=11836 kind=7 logical=3995 target=0 id=0 v=3 ch=31 value=0 bits=0000000000
PR1QE t_ms=11841 kind=0 logical=3997 target=4597 id=4 v=4 ch=0 value=1 bits=ffc7efffff
PR1QE t_ms=11855 kind=1 logical=4002 target=4597 id=4 v=4 ch=0 value=1 bits=ffc7efffff
PR1QE t_ms=12030 kind=8 logical=4060 target=0 id=0 v=3 ch=31 value=2 bits=0000000000
PR1QE t_ms=12449 kind=7 logical=4200 target=0 id=0 v=3 ch=30 value=0 bits=0000000000
PR1QE t_ms=12494 kind=7 logical=4215 target=0 id=0 v=3 ch=32 value=0 bits=0000000000
PR1QE t_ms=12559 kind=8 logical=4237 target=0 id=0 v=3 ch=32 value=2 bits=0000000000
PR1QE t_ms=12613 kind=8 logical=4255 target=0 id=0 v=3 ch=30 value=2 bits=0000000000
PR1QE t_ms=12829 kind=7 logical=4327 target=0 id=0 v=3 ch=38 value=0 bits=0000000000
PR1QE t_ms=13262 kind=7 logical=4472 target=0 id=0 v=3 ch=34 value=0 bits=0000000000
PR1QE t_ms=13352 kind=11 logical=4502 target=0 id=0 v=3 ch=38 value=0 bits=0000000000
PR1QE t_ms=13634 kind=4 logical=4597 target=4597 id=0 v=4 ch=0 value=36 bits=ffc7efffff
PR1QE t_ms=13851 kind=11 logical=4669 target=0 id=0 v=4 ch=34 value=0 bits=0000000000
PR1QE t_ms=13947 kind=7 logical=4701 target=0 id=0 v=4 ch=38 value=0 bits=0000000000
PR1QE t_ms=14019 kind=7 logical=4725 target=0 id=0 v=4 ch=35 value=0 bits=0000000000
PR1QE t_ms=14051 kind=8 logical=4736 target=0 id=0 v=4 ch=38 value=2 bits=0000000000
PR1QE t_ms=14204 kind=7 logical=4787 target=0 id=0 v=4 ch=24 value=0 bits=0000000000
PR1QE t_ms=14266 kind=8 logical=4808 target=0 id=0 v=4 ch=24 value=2 bits=0000000000
PR1QE t_ms=14619 kind=11 logical=4926 target=0 id=0 v=4 ch=35 value=0 bits=0000000000
PR1QE t_ms=15710 kind=7 logical=5291 target=0 id=0 v=4 ch=23 value=0 bits=0000000000
PR1QE t_ms=16248 kind=11 logical=5471 target=0 id=0 v=4 ch=23 value=0 bits=0000000000
PR1QE t_ms=16320 kind=7 logical=5495 target=0 id=0 v=4 ch=37 value=0 bits=0000000000
PR1QE t_ms=16789 kind=11 logical=5652 target=0 id=0 v=4 ch=37 value=0 bits=0000000000
PR1QE t_ms=16842 kind=0 logical=5670 target=6270 id=5 v=5 ch=0 value=1 bits=be06efffff
PR1QE t_ms=16851 kind=1 logical=5673 target=6270 id=5 v=5 ch=0 value=1 bits=be06efffff
PR1QE t_ms=17369 kind=7 logical=5846 target=0 id=0 v=4 ch=23 value=0 bits=0000000000
PR1QE t_ms=17515 kind=8 logical=5895 target=0 id=0 v=4 ch=23 value=2 bits=0000000000
PR1QE t_ms=17602 kind=7 logical=5924 target=0 id=0 v=4 ch=19 value=0 bits=0000000000
PR1QE t_ms=18110 kind=11 logical=6094 target=0 id=0 v=4 ch=19 value=0 bits=0000000000
PR1QE t_ms=18627 kind=7 logical=6267 target=0 id=0 v=4 ch=12 value=0 bits=0000000000
PR1QE t_ms=18634 kind=4 logical=6270 target=6270 id=0 v=5 ch=0 value=31 bits=be06efffff
PR1QE t_ms=19000 kind=11 logical=6392 target=0 id=0 v=5 ch=12 value=0 bits=0000000000
PR1QE t_ms=19367 kind=7 logical=6515 target=0 id=0 v=5 ch=33 value=0 bits=0000000000
PR1QE t_ms=19541 kind=8 logical=6573 target=0 id=0 v=5 ch=33 value=2 bits=0000000000
PR1QE t_ms=20338 kind=7 logical=6840 target=0 id=0 v=5 ch=18 value=0 bits=0000000000
PR1QE t_ms=20750 kind=11 logical=6978 target=0 id=0 v=5 ch=18 value=0 bits=0000000000
PR1QE t_ms=21842 kind=0 logical=7344 target=7944 id=6 v=6 ch=0 value=1 bits=bc066fffff
PR1QE t_ms=21857 kind=1 logical=7349 target=7944 id=6 v=6 ch=0 value=1 bits=bc066fffff
PR1QE t_ms=22410 kind=7 logical=7534 target=0 id=0 v=5 ch=37 value=0 bits=0000000000
PR1QE t_ms=22888 kind=11 logical=7694 target=0 id=0 v=5 ch=37 value=0 bits=0000000000
PR1QE t_ms=23363 kind=7 logical=7853 target=0 id=0 v=5 ch=21 value=0 bits=0000000000
PR1QE t_ms=23410 kind=7 logical=7869 target=0 id=0 v=5 ch=36 value=0 bits=0000000000
PR1QE t_ms=23633 kind=4 logical=7944 target=7944 id=0 v=6 ch=0 value=29 bits=bc066fffff
PR1QE t_ms=23633 kind=0 logical=7944 target=8244 id=7 v=6 ch=20 value=2 bits=0000000000
PR1QE t_ms=23639 kind=1 logical=7946 target=8244 id=7 v=6 ch=20 value=1 bits=0000000000
PR1QE t_ms=23795 kind=11 logical=7998 target=0 id=0 v=6 ch=36 value=0 bits=0000000000
PR1QE t_ms=23870 kind=11 logical=8023 target=0 id=0 v=6 ch=21 value=0 bits=0000000000
PR1QE t_ms=23900 kind=7 logical=8033 target=0 id=0 v=6 ch=13 value=0 bits=0000000000
PR1QE t_ms=24133 kind=7 logical=8111 target=0 id=0 v=6 ch=18 value=0 bits=0000000000
PR1QE t_ms=24333 kind=11 logical=8178 target=0 id=0 v=6 ch=13 value=0 bits=0000000000
PR1QE t_ms=24529 kind=9 logical=8244 target=8244 id=0 v=6 ch=20 value=0 bits=0000000000
PR1QE t_ms=24530 kind=0 logical=8245 target=8545 id=8 v=6 ch=27 value=2 bits=0000000000
PR1QE t_ms=24535 kind=1 logical=8246 target=8545 id=8 v=6 ch=27 value=1 bits=0000000000
PR1QE t_ms=24562 kind=11 logical=8255 target=0 id=0 v=6 ch=18 value=0 bits=0000000000
PR1QE t_ms=25401 kind=7 logical=8536 target=0 id=0 v=6 ch=16 value=0 bits=0000000000
PR1QE t_ms=25428 kind=9 logical=8545 target=8545 id=0 v=6 ch=27 value=1 bits=0000000000
PR1QE t_ms=25430 kind=0 logical=8546 target=8846 id=9 v=6 ch=38 value=2 bits=0000000000
PR1QE t_ms=25436 kind=1 logical=8548 target=8846 id=9 v=6 ch=38 value=1 bits=0000000000
PR1QE t_ms=25739 kind=7 logical=8649 target=0 id=0 v=6 ch=22 value=0 bits=0000000000
PR1QE t_ms=25813 kind=11 logical=8674 target=0 id=0 v=6 ch=16 value=0 bits=0000000000
PR1QE t_ms=26201 kind=11 logical=8804 target=0 id=0 v=6 ch=22 value=0 bits=0000000000
PR1QE t_ms=26326 kind=9 logical=8846 target=8846 id=0 v=6 ch=38 value=1 bits=0000000000
PR1QE t_ms=26328 kind=0 logical=8847 target=9147 id=10 v=6 ch=28 value=2 bits=0000000000
PR1QE t_ms=26331 kind=1 logical=8848 target=9147 id=10 v=6 ch=28 value=1 bits=0000000000
PR1QE t_ms=26622 kind=7 logical=8945 target=0 id=0 v=6 ch=17 value=0 bits=0000000000
PR1QE t_ms=27057 kind=11 logical=9091 target=0 id=0 v=6 ch=17 value=0 bits=0000000000
PR1QE t_ms=27125 kind=7 logical=9114 target=0 id=0 v=6 ch=19 value=0 bits=0000000000
PR1QE t_ms=27225 kind=9 logical=9147 target=9147 id=0 v=6 ch=28 value=1 bits=0000000000
PR1QE t_ms=27226 kind=0 logical=9148 target=9448 id=11 v=6 ch=29 value=2 bits=0000000000
PR1QE t_ms=27241 kind=1 logical=9153 target=9448 id=11 v=6 ch=29 value=1 bits=0000000000
PR1QE t_ms=27574 kind=11 logical=9264 target=0 id=0 v=6 ch=19 value=0 bits=0000000000
PR1QE t_ms=28123 kind=9 logical=9448 target=9448 id=0 v=6 ch=29 value=1 bits=0000000000
PR1QE t_ms=28125 kind=0 logical=9449 target=9749 id=12 v=6 ch=24 value=2 bits=0000000000
PR1QE t_ms=28131 kind=1 logical=9451 target=9749 id=12 v=6 ch=24 value=1 bits=0000000000
PR1QE t_ms=29021 kind=9 logical=9749 target=9749 id=0 v=6 ch=24 value=1 bits=0000000000
PR1QE t_ms=29023 kind=0 logical=9750 target=10050 id=13 v=6 ch=31 value=2 bits=0000000000
PR1QE t_ms=29026 kind=1 logical=9751 target=10050 id=13 v=6 ch=31 value=1 bits=0000000000
PR1QE t_ms=29920 kind=9 logical=10050 target=10050 id=0 v=6 ch=31 value=1 bits=0000000000
PR1QE t_ms=29922 kind=0 logical=10051 target=10351 id=14 v=6 ch=32 value=2 bits=0000000000
PR1QE t_ms=29928 kind=1 logical=10053 target=10351 id=14 v=6 ch=32 value=1 bits=0000000000
PR1QE t_ms=30135 kind=7 logical=10122 target=0 id=0 v=6 ch=37 value=0 bits=0000000000
PR1QE t_ms=30439 kind=7 logical=10224 target=0 id=0 v=6 ch=19 value=0 bits=0000000000
PR1QE t_ms=30627 kind=11 logical=10287 target=0 id=0 v=6 ch=37 value=0 bits=0000000000
PR1QE t_ms=30818 kind=9 logical=10351 target=10351 id=0 v=6 ch=32 value=1 bits=0000000000
PR1QE t_ms=30820 kind=0 logical=10352 target=10652 id=15 v=6 ch=23 value=2 bits=0000000000
PR1QE t_ms=30826 kind=1 logical=10354 target=10652 id=15 v=6 ch=23 value=1 bits=0000000000
PR1QE t_ms=30893 kind=11 logical=10376 target=0 id=0 v=6 ch=19 value=0 bits=0000000000
PR1QE t_ms=31717 kind=9 logical=10652 target=10652 id=0 v=6 ch=23 value=0 bits=0000000000
PR1QE t_ms=31717 kind=0 logical=10653 target=10953 id=16 v=6 ch=30 value=2 bits=0000000000
PR1QE t_ms=31721 kind=1 logical=10654 target=10953 id=16 v=6 ch=30 value=1 bits=0000000000
PR1QE t_ms=32030 kind=7 logical=10757 target=0 id=0 v=6 ch=21 value=0 bits=0000000000
PR1QE t_ms=32435 kind=11 logical=10893 target=0 id=0 v=6 ch=21 value=0 bits=0000000000
PR1QE t_ms=32615 kind=9 logical=10953 target=10953 id=0 v=6 ch=30 value=0 bits=0000000000
PR1QE_END
PR1COMMIT id=19 ok=0 tx_ok=0 in_time=0 reason=expired rx_logical=11756
PR1HE_BEGIN total=11537 count=256
PR1HE t_us=34959107 kind=2 logical=11736 seq=11736 ch=12 rssi=-45
PR1HE t_us=34962087 kind=2 logical=11737 seq=11737 ch=5 rssi=-45
PR1HE t_us=34965071 kind=2 logical=11738 seq=11738 ch=13 rssi=-45
PR1HE t_us=34968053 kind=2 logical=11739 seq=11739 ch=4 rssi=-44
PR1HE t_us=34971041 kind=2 logical=11740 seq=11740 ch=6 rssi=-44
PR1HE t_us=34974029 kind=2 logical=11741 seq=11741 ch=26 rssi=-51
PR1HE t_us=34977012 kind=2 logical=11742 seq=11742 ch=0 rssi=-45
PR1HE t_us=34980000 kind=2 logical=11743 seq=11743 ch=21 rssi=-48
PR1HE t_us=34982985 kind=2 logical=11744 seq=11744 ch=14 rssi=-45
PR1HE t_us=34985966 kind=2 logical=11745 seq=11745 ch=6 rssi=-45
PR1HE t_us=34988958 kind=2 logical=11746 seq=11746 ch=4 rssi=-45
PR1HE t_us=34991949 kind=2 logical=11747 seq=11747 ch=14 rssi=-45
PR1HE t_us=34994941 kind=2 logical=11748 seq=11748 ch=39 rssi=-55
PR1HE t_us=34997921 kind=2 logical=11749 seq=11749 ch=26 rssi=-52
PR1HE t_us=35000910 kind=2 logical=11750 seq=11750 ch=22 rssi=-50
PR1HE t_us=35003899 kind=2 logical=11751 seq=11751 ch=13 rssi=-45
PR1HE t_us=35006881 kind=2 logical=11752 seq=11752 ch=7 rssi=-45
PR1HE t_us=35009868 kind=2 logical=11753 seq=11753 ch=19 rssi=-47
PR1HE t_us=35012854 kind=2 logical=11754 seq=11754 ch=15 rssi=-46
PR1HE t_us=35015844 kind=2 logical=11755 seq=11755 ch=36 rssi=-53
PR1HE t_us=35018821 kind=2 logical=11756 seq=11756 ch=8 rssi=-44
PR1HE t_us=35021811 kind=2 logical=11757 seq=11757 ch=10 rssi=-45
PR1HE t_us=35024800 kind=2 logical=11758 seq=11758 ch=5 rssi=-45
PR1HE t_us=35027779 kind=2 logical=11759 seq=11759 ch=1 rssi=-45
PR1HE t_us=35030754 kind=2 logical=11760 seq=11760 ch=2 rssi=-45
PR1HE t_us=35033738 kind=2 logical=11761 seq=11761 ch=18 rssi=-47
PR1HE t_us=35036716 kind=2 logical=11762 seq=11762 ch=34 rssi=-53
PR1HE t_us=35039697 kind=2 logical=11763 seq=11763 ch=16 rssi=-47
PR1HE t_us=35042676 kind=2 logical=11764 seq=11764 ch=12 rssi=-45
PR1HE t_us=35045652 kind=2 logical=11765 seq=11765 ch=37 rssi=-53
PR1HE t_us=35048636 kind=2 logical=11766 seq=11766 ch=35 rssi=-53
PR1HE t_us=35051616 kind=2 logical=11767 seq=11767 ch=9 rssi=-45
PR1HE t_us=35054593 kind=2 logical=11768 seq=11768 ch=3 rssi=-45
PR1HE t_us=35057576 kind=2 logical=11769 seq=11769 ch=25 rssi=-51
PR1HE t_us=35060558 kind=2 logical=11770 seq=11770 ch=0 rssi=-45
PR1HE t_us=35063534 kind=2 logical=11771 seq=11771 ch=11 rssi=-43
PR1HE t_us=35066523 kind=2 logical=11772 seq=11772 ch=21 rssi=-48
PR1HE t_us=35069507 kind=2 logical=11773 seq=11773 ch=17 rssi=-47
PR1HE t_us=35072488 kind=2 logical=11774 seq=11774 ch=21 rssi=-49
PR1HE t_us=35075476 kind=2 logical=11775 seq=11775 ch=2 rssi=-45
PR1HE t_us=35078465 kind=2 logical=11776 seq=11776 ch=36 rssi=-52
PR1HE t_us=35081454 kind=2 logical=11777 seq=11777 ch=17 rssi=-47
PR1HE t_us=35084435 kind=2 logical=11778 seq=11778 ch=19 rssi=-47
PR1HE t_us=35087423 kind=2 logical=11779 seq=11779 ch=6 rssi=-44
PR1HE t_us=35090403 kind=2 logical=11780 seq=11780 ch=35 rssi=-53
PR1HE t_us=35093390 kind=2 logical=11781 seq=11781 ch=18 rssi=-47
PR1HE t_us=35096371 kind=2 logical=11782 seq=11782 ch=10 rssi=-44
PR1HE t_us=35099348 kind=2 logical=11783 seq=11783 ch=14 rssi=-46
PR1HE t_us=35102330 kind=2 logical=11784 seq=11784 ch=8 rssi=-44
PR1HE t_us=35105314 kind=2 logical=11785 seq=11785 ch=3 rssi=-45
PR1HE t_us=35108294 kind=2 logical=11786 seq=11786 ch=5 rssi=-45
PR1HE t_us=35111271 kind=2 logical=11787 seq=11787 ch=25 rssi=-52
PR1HE t_us=35114253 kind=2 logical=11788 seq=11788 ch=34 rssi=-52
PR1HE t_us=35117237 kind=2 logical=11789 seq=11789 ch=15 rssi=-46
PR1HE t_us=35120224 kind=2 logical=11790 seq=11790 ch=16 rssi=-45
PR1HE t_us=35123217 kind=2 logical=11791 seq=11791 ch=4 rssi=-45
PR1HE t_us=35126206 kind=2 logical=11792 seq=11792 ch=26 rssi=-52
PR1HE t_us=35129199 kind=2 logical=11793 seq=11793 ch=13 rssi=-46
PR1HE t_us=35132183 kind=2 logical=11794 seq=11794 ch=9 rssi=-45
PR1HE t_us=35135166 kind=2 logical=11795 seq=11795 ch=11 rssi=-45
PR1HE t_us=35138147 kind=2 logical=11796 seq=11796 ch=1 rssi=-45
PR1HE t_us=35141138 kind=2 logical=11797 seq=11797 ch=39 rssi=-55
PR1HE t_us=35144126 kind=2 logical=11798 seq=11798 ch=37 rssi=-53
PR1HE t_us=35147108 kind=2 logical=11799 seq=11799 ch=7 rssi=-44
PR1HE t_us=35150088 kind=2 logical=11800 seq=11800 ch=0 rssi=-45
PR1HE t_us=35153072 kind=2 logical=11801 seq=11801 ch=12 rssi=-46
PR1HE t_us=35156054 kind=2 logical=11802 seq=11802 ch=22 rssi=-49
PR1HE t_us=35159043 kind=2 logical=11803 seq=11803 ch=14 rssi=-46
PR1HE t_us=35162032 kind=2 logical=11804 seq=11804 ch=34 rssi=-52
PR1HE t_us=35165013 kind=2 logical=11805 seq=11805 ch=12 rssi=-45
PR1HE t_us=35168000 kind=2 logical=11806 seq=11806 ch=1 rssi=-46
PR1HE t_us=35170991 kind=2 logical=11807 seq=11807 ch=15 rssi=-45
PR1HE t_us=35173976 kind=2 logical=11808 seq=11808 ch=3 rssi=-45
PR1HE t_us=35176972 kind=2 logical=11809 seq=11809 ch=36 rssi=-53
PR1HE t_us=35179964 kind=2 logical=11810 seq=11810 ch=21 rssi=-49
PR1HE t_us=35182950 kind=2 logical=11811 seq=11811 ch=13 rssi=-46
PR1HE t_us=35185935 kind=2 logical=11812 seq=11812 ch=11 rssi=-44
PR1HE t_us=35188917 kind=2 logical=11813 seq=11813 ch=18 rssi=-47
PR1HE t_us=35191906 kind=2 logical=11814 seq=11814 ch=17 rssi=-46
PR1HE t_us=35194894 kind=2 logical=11815 seq=11815 ch=37 rssi=-53
PR1HE t_us=35197881 kind=2 logical=11816 seq=11816 ch=19 rssi=-47
PR1HE t_us=35200869 kind=2 logical=11817 seq=11817 ch=22 rssi=-49
PR1HE t_us=35203856 kind=2 logical=11818 seq=11818 ch=35 rssi=-53
PR1HE t_us=35206845 kind=2 logical=11819 seq=11819 ch=9 rssi=-45
PR1HE t_us=35209823 kind=2 logical=11820 seq=11820 ch=7 rssi=-44
PR1HE t_us=35212813 kind=2 logical=11821 seq=11821 ch=6 rssi=-44
PR1HE t_us=35215802 kind=2 logical=11822 seq=11822 ch=39 rssi=-55
PR1HE t_us=35218782 kind=2 logical=11823 seq=11823 ch=16 rssi=-46
PR1HE t_us=35221755 kind=2 logical=11824 seq=11824 ch=5 rssi=-45
PR1HE t_us=35224738 kind=2 logical=11825 seq=11825 ch=0 rssi=-45
PR1HE t_us=35227717 kind=2 logical=11826 seq=11826 ch=26 rssi=-52
PR1HE t_us=35230700 kind=2 logical=11827 seq=11827 ch=2 rssi=-45
PR1HE t_us=35233677 kind=2 logical=11828 seq=11828 ch=10 rssi=-44
PR1HE t_us=35236652 kind=2 logical=11829 seq=11829 ch=8 rssi=-45
PR1HE t_us=35239637 kind=2 logical=11830 seq=11830 ch=4 rssi=-44
PR1HE t_us=35242618 kind=2 logical=11831 seq=11831 ch=25 rssi=-53
PR1HE t_us=35245593 kind=2 logical=11832 seq=11832 ch=7 rssi=-47
PR1HE t_us=35248579 kind=2 logical=11833 seq=11833 ch=36 rssi=-53
PR1HE t_us=35251560 kind=2 logical=11834 seq=11834 ch=15 rssi=-46
PR1HE t_us=35254543 kind=2 logical=11835 seq=11835 ch=16 rssi=-47
PR1HE t_us=35257524 kind=2 logical=11836 seq=11836 ch=5 rssi=-45
PR1HE t_us=35260514 kind=2 logical=11837 seq=11837 ch=34 rssi=-53
PR1HE t_us=35263502 kind=2 logical=11838 seq=11838 ch=35 rssi=-53
PR1HE t_us=35266489 kind=2 logical=11839 seq=11839 ch=10 rssi=-44
PR1HE t_us=35269478 kind=2 logical=11840 seq=11840 ch=0 rssi=-46
PR1HE t_us=35272467 kind=2 logical=11841 seq=11841 ch=26 rssi=-52
PR1HE t_us=35275456 kind=2 logical=11842 seq=11842 ch=8 rssi=-45
PR1HE t_us=35278436 kind=2 logical=11843 seq=11843 ch=6 rssi=-45
PR1HE t_us=35281425 kind=2 logical=11844 seq=11844 ch=17 rssi=-47
PR1HE t_us=35284406 kind=2 logical=11845 seq=11845 ch=39 rssi=-55
PR1HE t_us=35287391 kind=2 logical=11846 seq=11846 ch=19 rssi=-47
PR1HE t_us=35290374 kind=2 logical=11847 seq=11847 ch=22 rssi=-50
PR1HE t_us=35293349 kind=2 logical=11848 seq=11848 ch=1 rssi=-46
PR1HE t_us=35296332 kind=2 logical=11849 seq=11849 ch=9 rssi=-45
PR1HE t_us=35299314 kind=2 logical=11850 seq=11850 ch=2 rssi=-45
PR1HE t_us=35302298 kind=2 logical=11851 seq=11851 ch=3 rssi=-45
PR1HE t_us=35305273 kind=2 logical=11852 seq=11852 ch=12 rssi=-45
PR1HE t_us=35308255 kind=2 logical=11853 seq=11853 ch=4 rssi=-44
PR1HE t_us=35311239 kind=2 logical=11854 seq=11854 ch=14 rssi=-46
PR1HE t_us=35314225 kind=2 logical=11855 seq=11855 ch=13 rssi=-46
PR1HE t_us=35317219 kind=2 logical=11856 seq=11856 ch=18 rssi=-47
PR1HE t_us=35320208 kind=2 logical=11857 seq=11857 ch=21 rssi=-48
PR1HE t_us=35323199 kind=2 logical=11858 seq=11858 ch=11 rssi=-45
PR1HE t_us=35326178 kind=2 logical=11859 seq=11859 ch=25 rssi=-53
PR1HE t_us=35329163 kind=2 logical=11860 seq=11860 ch=37 rssi=-53
PR1HE t_us=35332149 kind=2 logical=11861 seq=11861 ch=9 rssi=-45
PR1HE t_us=35335138 kind=2 logical=11862 seq=11862 ch=26 rssi=-52
PR1HE t_us=35338126 kind=2 logical=11863 seq=11863 ch=8 rssi=-44
PR1HE t_us=35341110 kind=2 logical=11864 seq=11864 ch=5 rssi=-44
PR1HE t_us=35344090 kind=2 logical=11865 seq=11865 ch=15 rssi=-46
PR1HE t_us=35347073 kind=2 logical=11866 seq=11866 ch=14 rssi=-46
PR1HE t_us=35350057 kind=2 logical=11867 seq=11867 ch=16 rssi=-45
PR1HE t_us=35353045 kind=2 logical=11868 seq=11868 ch=2 rssi=-44
PR1HE t_us=35356033 kind=2 logical=11869 seq=11869 ch=36 rssi=-53
PR1HE t_us=35359015 kind=2 logical=11870 seq=11870 ch=7 rssi=-44
PR1HE t_us=35362003 kind=2 logical=11871 seq=11871 ch=34 rssi=-52
PR1HE t_us=35364987 kind=2 logical=11872 seq=11872 ch=0 rssi=-45
PR1HE t_us=35367970 kind=2 logical=11873 seq=11873 ch=22 rssi=-53
PR1HE t_us=35370961 kind=2 logical=11874 seq=11874 ch=12 rssi=-45
PR1HE t_us=35373952 kind=2 logical=11875 seq=11875 ch=6 rssi=-45
PR1HE t_us=35376942 kind=2 logical=11876 seq=11876 ch=19 rssi=-47
PR1HE t_us=35379924 kind=2 logical=11877 seq=11877 ch=11 rssi=-44
PR1HE t_us=35382915 kind=2 logical=11878 seq=11878 ch=37 rssi=-53
PR1HE t_us=35385904 kind=2 logical=11879 seq=11879 ch=3 rssi=-45
PR1HE t_us=35388885 kind=2 logical=11880 seq=11880 ch=4 rssi=-45
PR1HE t_us=35391872 kind=2 logical=11881 seq=11881 ch=17 rssi=-46
PR1HE t_us=35394857 kind=2 logical=11882 seq=11882 ch=25 rssi=-53
PR1HE t_us=35397847 kind=2 logical=11883 seq=11883 ch=10 rssi=-45
PR1HE t_us=35400825 kind=2 logical=11884 seq=11884 ch=21 rssi=-48
PR1HE t_us=35403815 kind=2 logical=11885 seq=11885 ch=35 rssi=-53
PR1HE t_us=35406802 kind=2 logical=11886 seq=11886 ch=18 rssi=-47
PR1HE t_us=35409783 kind=2 logical=11887 seq=11887 ch=13 rssi=-45
PR1HE t_us=35412756 kind=2 logical=11888 seq=11888 ch=1 rssi=-46
PR1HE t_us=35415737 kind=2 logical=11889 seq=11889 ch=39 rssi=-55
PR1HE t_us=35418720 kind=2 logical=11890 seq=11890 ch=16 rssi=-46
PR1HE t_us=35421701 kind=2 logical=11891 seq=11891 ch=21 rssi=-48
PR1HE t_us=35424681 kind=2 logical=11892 seq=11892 ch=13 rssi=-46
PR1HE t_us=35427661 kind=2 logical=11893 seq=11893 ch=15 rssi=-45
PR1HE t_us=35430638 kind=2 logical=11894 seq=11894 ch=11 rssi=-45
PR1HE t_us=35433619 kind=2 logical=11895 seq=11895 ch=6 rssi=-44
PR1HE t_us=35436595 kind=2 logical=11896 seq=11896 ch=3 rssi=-45
PR1HE t_us=35439579 kind=2 logical=11897 seq=11897 ch=14 rssi=-45
PR1HE t_us=35442561 kind=2 logical=11898 seq=11898 ch=9 rssi=-45
PR1HE t_us=35445545 kind=2 logical=11899 seq=11899 ch=17 rssi=-47
PR1HE t_us=35448528 kind=2 logical=11900 seq=11900 ch=2 rssi=-44
PR1HE t_us=35451515 kind=2 logical=11901 seq=11901 ch=26 rssi=-53
PR1HE t_us=35454503 kind=2 logical=11902 seq=11902 ch=19 rssi=-47
PR1HE t_us=35457492 kind=2 logical=11903 seq=11903 ch=39 rssi=-54
PR1HE t_us=35460479 kind=2 logical=11904 seq=11904 ch=0 rssi=-46
PR1HE t_us=35463468 kind=2 logical=11905 seq=11905 ch=12 rssi=-45
PR1HE t_us=35466458 kind=2 logical=11906 seq=11906 ch=36 rssi=-53
PR1HE t_us=35469440 kind=2 logical=11907 seq=11907 ch=1 rssi=-45
PR1HE t_us=35472427 kind=2 logical=11908 seq=11908 ch=10 rssi=-45
PR1HE t_us=35475406 kind=2 logical=11909 seq=11909 ch=22 rssi=-53
PR1HE t_us=35478392 kind=2 logical=11910 seq=11910 ch=8 rssi=-45
PR1HE t_us=35481375 kind=2 logical=11911 seq=11911 ch=5 rssi=-44
PR1HE t_us=35484352 kind=2 logical=11912 seq=11912 ch=35 rssi=-53
PR1HE t_us=35487334 kind=2 logical=11913 seq=11913 ch=37 rssi=-53
PR1HE t_us=35490318 kind=2 logical=11914 seq=11914 ch=4 rssi=-44
PR1HE t_us=35493297 kind=2 logical=11915 seq=11915 ch=7 rssi=-45
PR1HE t_us=35496275 kind=2 logical=11916 seq=11916 ch=34 rssi=-51
PR1HE t_us=35499256 kind=2 logical=11917 seq=11917 ch=25 rssi=-52
PR1HE t_us=35502240 kind=2 logical=11918 seq=11918 ch=18 rssi=-47
PR1HE t_us=35505228 kind=2 logical=11919 seq=11919 ch=37 rssi=-53
PR1HE t_us=35508220 kind=2 logical=11920 seq=11920 ch=13 rssi=-45
PR1HE t_us=35511210 kind=2 logical=11921 seq=11921 ch=16 rssi=-46
PR1HE t_us=35514204 kind=2 logical=11922 seq=11922 ch=17 rssi=-47
PR1HE t_us=35517193 kind=2 logical=11923 seq=11923 ch=5 rssi=-44
PR1HE t_us=35520175 kind=2 logical=11924 seq=11924 ch=35 rssi=-52
PR1HE t_us=35523163 kind=2 logical=11925 seq=11925 ch=8 rssi=-44
PR1HE t_us=35526152 kind=2 logical=11926 seq=11926 ch=36 rssi=-53
PR1HE t_us=35529140 kind=2 logical=11927 seq=11927 ch=9 rssi=-45
PR1HE t_us=35532129 kind=2 logical=11928 seq=11928 ch=15 rssi=-46
PR1HE t_us=35535112 kind=2 logical=11929 seq=11929 ch=7 rssi=-45
PR1HE t_us=35538092 kind=2 logical=11930 seq=11930 ch=1 rssi=-46
PR1HE t_us=35541077 kind=2 logical=11931 seq=11931 ch=39 rssi=-55
PR1HE t_us=35544057 kind=2 logical=11932 seq=11932 ch=25 rssi=-53
PR1HE t_us=35547047 kind=2 logical=11933 seq=11933 ch=3 rssi=-44
PR1HE t_us=35550034 kind=2 logical=11934 seq=11934 ch=34 rssi=-53
PR1HE t_us=35553017 kind=2 logical=11935 seq=11935 ch=4 rssi=-45
PR1HE t_us=35556005 kind=2 logical=11936 seq=11936 ch=26 rssi=-52
PR1HE t_us=35558988 kind=2 logical=11937 seq=11937 ch=10 rssi=-47
PR1HE t_us=35561972 kind=2 logical=11938 seq=11938 ch=22 rssi=-53
PR1HE t_us=35564963 kind=2 logical=11939 seq=11939 ch=6 rssi=-45
PR1HE t_us=35567953 kind=2 logical=11940 seq=11940 ch=21 rssi=-49
PR1HE t_us=35570944 kind=2 logical=11941 seq=11941 ch=19 rssi=-47
PR1HE t_us=35573925 kind=2 logical=11942 seq=11942 ch=0 rssi=-45
PR1HE t_us=35576915 kind=2 logical=11943 seq=11943 ch=14 rssi=-46
PR1HE t_us=35579905 kind=2 logical=11944 seq=11944 ch=11 rssi=-44
PR1HE t_us=35582887 kind=2 logical=11945 seq=11945 ch=12 rssi=-46
PR1HE t_us=35585873 kind=2 logical=11946 seq=11946 ch=18 rssi=-47
PR1HE t_us=35588860 kind=2 logical=11947 seq=11947 ch=2 rssi=-45
PR1HE t_us=35591849 kind=2 logical=11948 seq=11948 ch=37 rssi=-53
PR1HE t_us=35594826 kind=2 logical=11949 seq=11949 ch=15 rssi=-46
PR1HE t_us=35597816 kind=2 logical=11950 seq=11950 ch=16 rssi=-47
PR1HE t_us=35600804 kind=2 logical=11951 seq=11951 ch=21 rssi=-49
PR1HE t_us=35603785 kind=2 logical=11952 seq=11952 ch=18 rssi=-47
PR1HE t_us=35606758 kind=2 logical=11953 seq=11953 ch=5 rssi=-45
PR1HE t_us=35609742 kind=2 logical=11954 seq=11954 ch=19 rssi=-47
PR1HE t_us=35612719 kind=2 logical=11955 seq=11955 ch=10 rssi=-45
PR1HE t_us=35615701 kind=2 logical=11956 seq=11956 ch=3 rssi=-45
PR1HE t_us=35618682 kind=2 logical=11957 seq=11957 ch=11 rssi=-45
PR1HE t_us=35621663 kind=2 logical=11958 seq=11958 ch=22 rssi=-49
PR1HE t_us=35624639 kind=2 logical=11959 seq=11959 ch=4 rssi=-44
PR1HE t_us=35627621 kind=2 logical=11960 seq=11960 ch=14 rssi=-46
PR1HE t_us=35630596 kind=2 logical=11961 seq=11961 ch=0 rssi=-45
PR1HE t_us=35633581 kind=2 logical=11962 seq=11962 ch=12 rssi=-45
PR1HE t_us=35636563 kind=2 logical=11963 seq=11963 ch=8 rssi=-45
PR1HE t_us=35639547 kind=2 logical=11964 seq=11964 ch=34 rssi=-51
PR1HE t_us=35642528 kind=2 logical=11965 seq=11965 ch=6 rssi=-45
PR1HE t_us=35645517 kind=2 logical=11966 seq=11966 ch=26 rssi=-53
PR1HE t_us=35648505 kind=2 logical=11967 seq=11967 ch=9 rssi=-45
PR1HE t_us=35651494 kind=2 logical=11968 seq=11968 ch=2 rssi=-45
PR1HE t_us=35654482 kind=2 logical=11969 seq=11969 ch=35 rssi=-53
PR1HE t_us=35657470 kind=2 logical=11970 seq=11970 ch=7 rssi=-44
PR1HE t_us=35660459 kind=2 logical=11971 seq=11971 ch=25 rssi=-52
PR1HE t_us=35663440 kind=2 logical=11972 seq=11972 ch=13 rssi=-47
PR1HE t_us=35666429 kind=2 logical=11973 seq=11973 ch=17 rssi=-47
PR1HE t_us=35669409 kind=2 logical=11974 seq=11974 ch=39 rssi=-55
PR1HE t_us=35672394 kind=2 logical=11975 seq=11975 ch=1 rssi=-45
PR1HE t_us=35675377 kind=2 logical=11976 seq=11976 ch=36 rssi=-53
PR1HE t_us=35678353 kind=2 logical=11977 seq=11977 ch=9 rssi=-45
PR1HE t_us=35681336 kind=2 logical=11978 seq=11978 ch=16 rssi=-46
PR1HE t_us=35684319 kind=2 logical=11979 seq=11979 ch=21 rssi=-48
PR1HE t_us=35687299 kind=2 logical=11980 seq=11980 ch=13 rssi=-45
PR1HE t_us=35690277 kind=2 logical=11981 seq=11981 ch=25 rssi=-53
PR1HE t_us=35693259 kind=2 logical=11982 seq=11982 ch=2 rssi=-45
PR1HE t_us=35696614 kind=5 logical=11983 seq=1 ch=26 rssi=0
PR1HE t_us=35699597 kind=5 logical=11984 seq=1 ch=0 rssi=0
PR1HE t_us=35702580 kind=5 logical=11985 seq=1 ch=14 rssi=0
PR1HE t_us=35705563 kind=5 logical=11986 seq=1 ch=22 rssi=0
PR1HE t_us=35708546 kind=5 logical=11987 seq=1 ch=12 rssi=0
PR1HE t_us=35711530 kind=5 logical=11988 seq=1 ch=10 rssi=0
PR1HE t_us=35714512 kind=5 logical=11989 seq=1 ch=37 rssi=0
PR1HE t_us=35717495 kind=5 logical=11990 seq=1 ch=18 rssi=0
PR1HE t_us=35720479 kind=6 logical=11992 seq=0 ch=20 rssi=0
PR1HA_BEGIN total=101 kept=101
PR1HA t_us=794109 kind=4 logical=313 seq=313 ch=20 rssi=-48
PR1HA t_us=893107 kind=7 logical=346 seq=346 ch=20 rssi=-48
PR1HA t_us=979560 kind=3 logical=375 seq=0 ch=32 rssi=0
PR1HA t_us=1340112 kind=3 logical=495 seq=0 ch=24 rssi=0
PR1HA t_us=1394484 kind=5 logical=513 seq=1 ch=19 rssi=0
PR1HA t_us=1439487 kind=5 logical=528 seq=1 ch=20 rssi=0
PR1HA t_us=1511488 kind=5 logical=552 seq=1 ch=34 rssi=0
PR1HA t_us=1798567 kind=3 logical=648 seq=0 ch=27 rssi=0
PR1HA t_us=1838488 kind=5 logical=661 seq=1 ch=20 rssi=0
PR1HA t_us=2104165 kind=3 logical=750 seq=0 ch=29 rssi=0
PR1HA t_us=2323653 kind=3 logical=823 seq=0 ch=31 rssi=0
PR1HA t_us=2825332 kind=5 logical=990 seq=1 ch=30 rssi=0
PR1HA t_us=4300584 kind=5 logical=1482 seq=1 ch=29 rssi=0
PR1HA t_us=5280913 kind=5 logical=1809 seq=1 ch=27 rssi=0
PR1HA t_us=5328340 kind=3 logical=1825 seq=0 ch=33 rssi=0
PR1HA t_us=5784599 kind=5 logical=1977 seq=1 ch=28 rssi=0
PR1HA t_us=6203741 kind=5 logical=2117 seq=1 ch=30 rssi=0
PR1HA t_us=6509605 kind=5 logical=2219 seq=1 ch=31 rssi=0
PR1HA t_us=6533606 kind=5 logical=2227 seq=1 ch=27 rssi=0
PR1HA t_us=6656605 kind=5 logical=2268 seq=1 ch=27 rssi=0
PR1HA t_us=6863571 kind=5 logical=2337 seq=1 ch=23 rssi=0
PR1HA t_us=7216131 kind=3 logical=2455 seq=0 ch=37 rssi=0
PR1HA t_us=7237606 kind=5 logical=2462 seq=1 ch=28 rssi=0
PR1HA t_us=7533593 kind=3 logical=2561 seq=0 ch=32 rssi=0
PR1HA t_us=8353621 kind=5 logical=2834 seq=1 ch=27 rssi=0
PR1HA t_us=8479622 kind=5 logical=2876 seq=1 ch=29 rssi=0
PR1HA t_us=8902552 kind=5 logical=3017 seq=1 ch=24 rssi=0
PR1HA t_us=9172555 kind=5 logical=3107 seq=1 ch=29 rssi=0
PR1HA t_us=9400180 kind=4 logical=3183 seq=0 ch=19 rssi=0
PR1HA t_us=9401191 kind=5 logical=3183 seq=1 ch=19 rssi=0
PR1HA t_us=10000394 kind=5 logical=3383 seq=1 ch=28 rssi=0
PR1HA t_us=10399399 kind=5 logical=3516 seq=1 ch=30 rssi=0
PR1HA t_us=10504026 kind=3 logical=3551 seq=0 ch=32 rssi=0
PR1HA t_us=10906029 kind=3 logical=3685 seq=0 ch=33 rssi=0
PR1HA t_us=10927401 kind=5 logical=3692 seq=1 ch=37 rssi=0
PR1HA t_us=11017404 kind=5 logical=3722 seq=1 ch=28 rssi=0
PR1HA t_us=11110031 kind=3 logical=3753 seq=0 ch=24 rssi=0
PR1HA t_us=11836408 kind=5 logical=3995 seq=1 ch=31 rssi=0
PR1HA t_us=12030529 kind=3 logical=4060 seq=0 ch=31 rssi=0
PR1HA t_us=12449375 kind=5 logical=4200 seq=1 ch=30 rssi=0
PR1HA t_us=12494252 kind=5 logical=4215 seq=1 ch=32 rssi=0
PR1HA t_us=12829220 kind=5 logical=4327 seq=1 ch=38 rssi=0
PR1HA t_us=12960808 kind=5 logical=4371 seq=1 ch=30 rssi=0
PR1HA t_us=13262423 kind=3 logical=4472 seq=0 ch=34 rssi=0
PR1HA t_us=13947447 kind=5 logical=4701 seq=1 ch=38 rssi=0
PR1HA t_us=14019226 kind=5 logical=4725 seq=1 ch=35 rssi=0
PR1HA t_us=14204085 kind=3 logical=4787 seq=0 ch=24 rssi=0
PR1HA t_us=14736444 kind=5 logical=4965 seq=1 ch=31 rssi=0
PR1HA t_us=15627136 kind=5 logical=5263 seq=1 ch=30 rssi=0
PR1HA t_us=15710750 kind=5 logical=5291 seq=1 ch=23 rssi=0
PR1HA t_us=16320425 kind=5 logical=5495 seq=1 ch=37 rssi=0
PR1HA t_us=17082620 kind=5 logical=5750 seq=1 ch=31 rssi=0
PR1HA t_us=17369509 kind=5 logical=5846 seq=1 ch=23 rssi=0
PR1HA t_us=17602280 kind=3 logical=5924 seq=0 ch=19 rssi=0
PR1HA t_us=17922042 kind=3 logical=6031 seq=0 ch=24 rssi=0
PR1HA t_us=18122655 kind=5 logical=6098 seq=1 ch=30 rssi=0
PR1HA t_us=18287084 kind=5 logical=6153 seq=1 ch=30 rssi=0
PR1HA t_us=18627335 kind=3 logical=6267 seq=0 ch=12 rssi=0
PR1HA t_us=19367872 kind=3 logical=6515 seq=0 ch=33 rssi=0
PR1HA t_us=19541421 kind=5 logical=6573 seq=1 ch=33 rssi=0
PR1HA t_us=20338706 kind=5 logical=6840 seq=1 ch=18 rssi=0
PR1HA t_us=22410862 kind=5 logical=7534 seq=1 ch=37 rssi=0
PR1HA t_us=22673602 kind=5 logical=7622 seq=1 ch=23 rssi=0
PR1HA t_us=23363328 kind=5 logical=7853 seq=1 ch=21 rssi=0
PR1HA t_us=23410769 kind=3 logical=7869 seq=0 ch=36 rssi=0
PR1HA t_us=23900358 kind=3 logical=8033 seq=0 ch=13 rssi=0
PR1HA t_us=24133555 kind=5 logical=8111 seq=1 ch=18 rssi=0
PR1HA t_us=24529364 kind=3 logical=8244 seq=0 ch=20 rssi=0
PR1HA t_us=25401565 kind=3 logical=8536 seq=0 ch=16 rssi=0
PR1HA t_us=25739226 kind=5 logical=8649 seq=1 ch=22 rssi=0
PR1HA t_us=26622567 kind=5 logical=8945 seq=1 ch=17 rssi=0
PR1HA t_us=27125877 kind=3 logical=9114 seq=0 ch=19 rssi=0
PR1HA t_us=30135402 kind=5 logical=10122 seq=1 ch=37 rssi=0
PR1HA t_us=30439843 kind=5 logical=10224 seq=1 ch=19 rssi=0
PR1HA t_us=31717173 kind=5 logical=10652 seq=1 ch=11 rssi=0
PR1HA t_us=32030482 kind=5 logical=10757 seq=1 ch=21 rssi=0
PR1HA t_us=32615422 kind=5 logical=10953 seq=1 ch=2 rssi=0
PR1HA t_us=34150857 kind=12 logical=11465 seq=10726 ch=35 rssi=0
PR1HA t_us=8734 kind=13 logical=1297 seq=256 ch=0 rssi=439
PR1HA t_us=34150854 kind=5 logical=11465 seq=3 ch=35 rssi=0
PR1HA t_us=34152428 kind=5 logical=11468 seq=1 ch=25 rssi=0
PR1HA t_us=34155412 kind=5 logical=11469 seq=1 ch=16 rssi=0
PR1HA t_us=34158395 kind=5 logical=11470 seq=1 ch=7 rssi=0
PR1HA t_us=34161378 kind=5 logical=11471 seq=1 ch=19 rssi=0
PR1HA t_us=34164361 kind=5 logical=11472 seq=1 ch=18 rssi=0
PR1HA t_us=34167343 kind=6 logical=11474 seq=0 ch=36 rssi=0
PR1HA t_us=34275769 kind=7 logical=11507 seq=11507 ch=36 rssi=-53
PR1HA t_us=34451751 kind=8 logical=11566 seq=35 ch=255 rssi=-47
PR1HA t_us=34594900 kind=12 logical=11602 seq=65535 ch=6 rssi=0
PR1HA t_us=141110 kind=13 logical=1305 seq=286 ch=0 rssi=438
PR1HA t_us=34594946 kind=6 logical=11649 seq=0 ch=4 rssi=0
PR1HA t_us=34708422 kind=7 logical=11652 seq=11652 ch=4 rssi=-45
PR1HA t_us=35696614 kind=5 logical=11983 seq=1 ch=26 rssi=0
PR1HA t_us=35699597 kind=5 logical=11984 seq=1 ch=0 rssi=0
PR1HA t_us=35702580 kind=5 logical=11985 seq=1 ch=14 rssi=0
PR1HA t_us=35705563 kind=5 logical=11986 seq=1 ch=22 rssi=0
PR1HA t_us=35708546 kind=5 logical=11987 seq=1 ch=12 rssi=0
PR1HA t_us=35711530 kind=5 logical=11988 seq=1 ch=10 rssi=0
PR1HA t_us=35714512 kind=5 logical=11989 seq=1 ch=37 rssi=0
PR1HA t_us=35717495 kind=5 logical=11990 seq=1 ch=18 rssi=0
PR1HA t_us=35720479 kind=6 logical=11992 seq=0 ch=20 rssi=0
PR1HE_END
