ESP-ROM:esp32s3-20210327
Build:Mar 27 2021
rst:0x15 (USB_UART_CHIP_RESET),boot:0x38 (SPI_FAST_FLASH_BOOT)
Saved PC:0x42027da6
SPIWP:0xee
mode:DIO, clock div:1
load:0x3fce3808,len:0x44c
load:0x403c9700,len:0xbd8
load:0x403cc700,len:0x2a80
entry 0x403c98d0
PR1_RUNTIME_BOOT
runtime_profile=phase1-fixed-flrc-tx
runtime_role=tx
board_family=LILYGO T3-S3-MVSRBoard
board_reference_revision=V1.1 upstream reference
radio_target=SX1280
upstream_reference_commit=840a2e788b3192c4e9bddf0640c1ecaf703c2598
hardware_verified=0
protocol_version=1
protocol_header_bytes=16
rf_enabled=1
sx1280_spi_hz=2000000
sx1280_cs=7
sx1280_rst=8
sx1280_sclk=5
sx1280_mosi=6
sx1280_miso=3
sx1280_dio1=9
sx1280_busy=36
sx1280_tx_enable=10
sx1280_rx_enable=21
PR1_FIXED_FLRC_PROFILE
frequency_mhz=2404.000
bitrate_kbps=1300
coding_rate=3
output_dbm=0
tx_gap_us=5000
packet_bytes=116
adaptive_layers=off
afh_enabled=1
afh_session_id=1
afh_session_seed=0x5052314441525431
afh_map_version=1
afh_active_channels=40
afh_resync_after_misses=8
afh_rendezvous_first=20
afh_schedule_fp=18,21,5,3,0,6,29,20,36,25,9,24,14,28,37,17,30,10,32,26,31,7,22,35,16,1,2,12,39,13,15,11,38,19,33,23,34,4,27,8,16,19,10,17,24,21,5,14
PR1_RUNTIME_LIVE_READY
PR1T v=1 t_us=10447230 field=device_state value=2
PR1T v=1 t_us=10447230 field=scheduler_misses value=0
PR1T v=1 t_us=10447230 field=trace_overwrites value=3643
PR1T v=1 t_us=10447230 field=capability_mask value=12
PR1H t_us=11192924 session_id=1 map_version=1 locked=0 channel=17 logical=1352 retunes=1352 retune_failures=0 standby_failures=0 timeout_advances=0 resync_entries=0 locks=0 agree=0 disagree=0 period_est_us=0 max_consecutive_timeouts=0 retune_us_p99=72 retune_us_max=91 hop_compute_us_p99=45 hop_compute_us_max=45
PR1HC ok=34,34,34,34,34,34,33,34,33,34,34,34,34,34,34,34,34,34,34,34,34,33,34,34,33,33,33,34,34,34,34,34,34,34,34,33,34,34,34,33 crc=0,0,0,0,0,0,0,0,0,0,0,0,0,0,0,0,0,0,0,0,0,0,0,0,0,0,0,0,0,0,0,0,0,0,0,0,0,0,0,0
PR1HE_BEGIN total=1468 count=256
PR1HE t_us=10102283 kind=0 logical=1212 seq=1212 ch=6 rssi=0
PR1HE t_us=10110117 kind=0 logical=1213 seq=1213 ch=12 rssi=0
PR1HE t_us=10117959 kind=0 logical=1214 seq=1214 ch=8 rssi=0
PR1HE t_us=10125801 kind=0 logical=1215 seq=1215 ch=0 rssi=0
PR1HE t_us=10133643 kind=0 logical=1216 seq=1216 ch=33 rssi=0
PR1HE t_us=10141476 kind=0 logical=1217 seq=1217 ch=11 rssi=0
PR1HE t_us=10149310 kind=0 logical=1218 seq=1218 ch=25 rssi=0
PR1HE t_us=10157146 kind=0 logical=1219 seq=1219 ch=37 rssi=0
PR1HE t_us=10164989 kind=0 logical=1220 seq=1220 ch=21 rssi=0
PR1HE t_us=10172833 kind=0 logical=1221 seq=1221 ch=1 rssi=0
PR1HE t_us=10180670 kind=0 logical=1222 seq=1222 ch=32 rssi=0
PR1HE t_us=10188501 kind=0 logical=1223 seq=1223 ch=23 rssi=0
PR1HE t_us=10196334 kind=0 logical=1224 seq=1224 ch=18 rssi=0
PR1HE t_us=10204172 kind=0 logical=1225 seq=1225 ch=36 rssi=0
PR1HE t_us=10212006 kind=0 logical=1226 seq=1226 ch=28 rssi=0
PR1HE t_us=10219847 kind=0 logical=1227 seq=1227 ch=31 rssi=0
PR1HE t_us=10227695 kind=0 logical=1228 seq=1228 ch=5 rssi=0
PR1HE t_us=10235537 kind=0 logical=1229 seq=1229 ch=26 rssi=0
PR1HE t_us=10243375 kind=0 logical=1230 seq=1230 ch=39 rssi=0
PR1HE t_us=10251216 kind=0 logical=1231 seq=1231 ch=3 rssi=0
PR1HE t_us=10259049 kind=0 logical=1232 seq=1232 ch=20 rssi=0
PR1HE t_us=10266894 kind=0 logical=1233 seq=1233 ch=29 rssi=0
PR1HE t_us=10274734 kind=0 logical=1234 seq=1234 ch=2 rssi=0
PR1HE t_us=10282571 kind=0 logical=1235 seq=1235 ch=24 rssi=0
PR1HE t_us=10290407 kind=0 logical=1236 seq=1236 ch=14 rssi=0
PR1HE t_us=10298247 kind=0 logical=1237 seq=1237 ch=30 rssi=0
PR1HE t_us=10306082 kind=0 logical=1238 seq=1238 ch=22 rssi=0
PR1HE t_us=10313923 kind=0 logical=1239 seq=1239 ch=4 rssi=0
PR1HE t_us=10321759 kind=0 logical=1240 seq=1240 ch=0 rssi=0
PR1HE t_us=10329601 kind=0 logical=1241 seq=1241 ch=23 rssi=0
PR1HE t_us=10337441 kind=0 logical=1242 seq=1242 ch=33 rssi=0
PR1HE t_us=10345283 kind=0 logical=1243 seq=1243 ch=35 rssi=0
PR1HE t_us=10353117 kind=0 logical=1244 seq=1244 ch=14 rssi=0
PR1HE t_us=10360960 kind=0 logical=1245 seq=1245 ch=28 rssi=0
PR1HE t_us=10368801 kind=0 logical=1246 seq=1246 ch=17 rssi=0
PR1HE t_us=10376643 kind=0 logical=1247 seq=1247 ch=2 rssi=0
PR1HE t_us=10384481 kind=0 logical=1248 seq=1248 ch=27 rssi=0
PR1HE t_us=10392318 kind=0 logical=1249 seq=1249 ch=22 rssi=0
PR1HE t_us=10400157 kind=0 logical=1250 seq=1250 ch=19 rssi=0
PR1HE t_us=10407994 kind=0 logical=1251 seq=1251 ch=1 rssi=0
PR1HE t_us=10415837 kind=0 logical=1252 seq=1252 ch=15 rssi=0
PR1HE t_us=10423679 kind=0 logical=1253 seq=1253 ch=16 rssi=0
PR1HE t_us=10431520 kind=0 logical=1254 seq=1254 ch=6 rssi=0
PR1HE t_us=10439357 kind=0 logical=1255 seq=1255 ch=5 rssi=0
PR1HE t_us=10447203 kind=0 logical=1256 seq=1256 ch=7 rssi=0
PR1HE t_us=10455084 kind=0 logical=1257 seq=1257 ch=21 rssi=0
PR1HE t_us=10462940 kind=0 logical=1258 seq=1258 ch=29 rssi=0
PR1HE t_us=10470784 kind=0 logical=1259 seq=1259 ch=12 rssi=0
PR1HE t_us=10478626 kind=0 logical=1260 seq=1260 ch=39 rssi=0
PR1HE t_us=10486459 kind=0 logical=1261 seq=1261 ch=26 rssi=0
PR1HE t_us=10494299 kind=0 logical=1262 seq=1262 ch=31 rssi=0
PR1HE t_us=10502131 kind=0 logical=1263 seq=1263 ch=9 rssi=0
PR1HE t_us=10509978 kind=0 logical=1264 seq=1264 ch=10 rssi=0
PR1HE t_us=10517827 kind=0 logical=1265 seq=1265 ch=25 rssi=0
PR1HE t_us=10525670 kind=0 logical=1266 seq=1266 ch=34 rssi=0
PR1HE t_us=10533500 kind=0 logical=1267 seq=1267 ch=13 rssi=0
PR1HE t_us=10541334 kind=0 logical=1268 seq=1268 ch=30 rssi=0
PR1HE t_us=10549172 kind=0 logical=1269 seq=1269 ch=37 rssi=0
PR1HE t_us=10557007 kind=0 logical=1270 seq=1270 ch=3 rssi=0
PR1HE t_us=10564847 kind=0 logical=1271 seq=1271 ch=32 rssi=0
PR1HE t_us=10572693 kind=0 logical=1272 seq=1272 ch=4 rssi=0
PR1HE t_us=10580537 kind=0 logical=1273 seq=1273 ch=24 rssi=0
PR1HE t_us=10588370 kind=0 logical=1274 seq=1274 ch=38 rssi=0
PR1HE t_us=10596210 kind=0 logical=1275 seq=1275 ch=20 rssi=0
PR1HE t_us=10604047 kind=0 logical=1276 seq=1276 ch=36 rssi=0
PR1HE t_us=10611887 kind=0 logical=1277 seq=1277 ch=8 rssi=0
PR1HE t_us=10619729 kind=0 logical=1278 seq=1278 ch=11 rssi=0
PR1HE t_us=10627567 kind=0 logical=1279 seq=1279 ch=18 rssi=0
PR1HE t_us=10635407 kind=0 logical=1280 seq=1280 ch=38 rssi=0
PR1HE t_us=10643247 kind=0 logical=1281 seq=1281 ch=2 rssi=0
PR1HE t_us=10651082 kind=0 logical=1282 seq=1282 ch=16 rssi=0
PR1HE t_us=10658923 kind=0 logical=1283 seq=1283 ch=24 rssi=0
PR1HE t_us=10666759 kind=0 logical=1284 seq=1284 ch=31 rssi=0
PR1HE t_us=10674601 kind=0 logical=1285 seq=1285 ch=0 rssi=0
PR1HE t_us=10682441 kind=0 logical=1286 seq=1286 ch=35 rssi=0
PR1HE t_us=10690283 kind=0 logical=1287 seq=1287 ch=34 rssi=0
PR1HE t_us=10698117 kind=0 logical=1288 seq=1288 ch=30 rssi=0
PR1HE t_us=10705960 kind=0 logical=1289 seq=1289 ch=4 rssi=0
PR1HE t_us=10713801 kind=0 logical=1290 seq=1290 ch=6 rssi=0
PR1HE t_us=10721643 kind=0 logical=1291 seq=1291 ch=39 rssi=0
PR1HE t_us=10729476 kind=0 logical=1292 seq=1292 ch=11 rssi=0
PR1HE t_us=10737310 kind=0 logical=1293 seq=1293 ch=17 rssi=0
PR1HE t_us=10745149 kind=0 logical=1294 seq=1294 ch=3 rssi=0
PR1HE t_us=10752993 kind=0 logical=1295 seq=1295 ch=18 rssi=0
PR1HE t_us=10760837 kind=0 logical=1296 seq=1296 ch=9 rssi=0
PR1HE t_us=10768679 kind=0 logical=1297 seq=1297 ch=21 rssi=0
PR1HE t_us=10776520 kind=0 logical=1298 seq=1298 ch=12 rssi=0
PR1HE t_us=10784357 kind=0 logical=1299 seq=1299 ch=7 rssi=0
PR1HE t_us=10792203 kind=0 logical=1300 seq=1300 ch=27 rssi=0
PR1HE t_us=10800035 kind=0 logical=1301 seq=1301 ch=23 rssi=0
PR1HE t_us=10807879 kind=0 logical=1302 seq=1302 ch=5 rssi=0
PR1HE t_us=10815720 kind=0 logical=1303 seq=1303 ch=15 rssi=0
PR1HE t_us=10823560 kind=0 logical=1304 seq=1304 ch=29 rssi=0
PR1HE t_us=10831399 kind=0 logical=1305 seq=1305 ch=22 rssi=0
PR1HE t_us=10839240 kind=0 logical=1306 seq=1306 ch=33 rssi=0
PR1HE t_us=10847077 kind=0 logical=1307 seq=1307 ch=8 rssi=0
PR1HE t_us=10854916 kind=0 logical=1308 seq=1308 ch=10 rssi=0
PR1HE t_us=10862759 kind=0 logical=1309 seq=1309 ch=32 rssi=0
PR1HE t_us=10870601 kind=0 logical=1310 seq=1310 ch=26 rssi=0
PR1HE t_us=10878441 kind=0 logical=1311 seq=1311 ch=1 rssi=0
PR1HE t_us=10886283 kind=0 logical=1312 seq=1312 ch=19 rssi=0
PR1HE t_us=10894117 kind=0 logical=1313 seq=1313 ch=25 rssi=0
PR1HE t_us=10901960 kind=0 logical=1314 seq=1314 ch=37 rssi=0
PR1HE t_us=10909801 kind=0 logical=1315 seq=1315 ch=13 rssi=0
PR1HE t_us=10917643 kind=0 logical=1316 seq=1316 ch=20 rssi=0
PR1HE t_us=10925481 kind=0 logical=1317 seq=1317 ch=36 rssi=0
PR1HE t_us=10933318 kind=0 logical=1318 seq=1318 ch=28 rssi=0
PR1HE t_us=10941157 kind=0 logical=1319 seq=1319 ch=14 rssi=0
PR1HE t_us=10948994 kind=0 logical=1320 seq=1320 ch=4 rssi=0
PR1HE t_us=10956833 kind=0 logical=1321 seq=1321 ch=0 rssi=0
PR1HE t_us=10964670 kind=0 logical=1322 seq=1322 ch=3 rssi=0
PR1HE t_us=10972501 kind=0 logical=1323 seq=1323 ch=28 rssi=0
PR1HE t_us=10980334 kind=0 logical=1324 seq=1324 ch=11 rssi=0
PR1HE t_us=10988172 kind=0 logical=1325 seq=1325 ch=1 rssi=0
PR1HE t_us=10996006 kind=0 logical=1326 seq=1326 ch=19 rssi=0
PR1HE t_us=11003847 kind=0 logical=1327 seq=1327 ch=37 rssi=0
PR1HE t_us=11011695 kind=0 logical=1328 seq=1328 ch=32 rssi=0
PR1HE t_us=11019537 kind=0 logical=1329 seq=1329 ch=15 rssi=0
PR1HE t_us=11027375 kind=0 logical=1330 seq=1330 ch=13 rssi=0
PR1HE t_us=11035216 kind=0 logical=1331 seq=1331 ch=7 rssi=0
PR1HE t_us=11043049 kind=0 logical=1332 seq=1332 ch=30 rssi=0
PR1HE t_us=11050894 kind=0 logical=1333 seq=1333 ch=34 rssi=0
PR1HE t_us=11058734 kind=0 logical=1334 seq=1334 ch=38 rssi=0
PR1HE t_us=11066571 kind=0 logical=1335 seq=1335 ch=14 rssi=0
PR1HE t_us=11074407 kind=0 logical=1336 seq=1336 ch=22 rssi=0
PR1HE t_us=11082247 kind=0 logical=1337 seq=1337 ch=31 rssi=0
PR1HE t_us=11090082 kind=0 logical=1338 seq=1338 ch=29 rssi=0
PR1HE t_us=11097923 kind=0 logical=1339 seq=1339 ch=12 rssi=0
PR1HE t_us=11105759 kind=0 logical=1340 seq=1340 ch=20 rssi=0
PR1HE t_us=11113601 kind=0 logical=1341 seq=1341 ch=9 rssi=0
PR1HE t_us=11121440 kind=0 logical=1342 seq=1342 ch=27 rssi=0
PR1HE t_us=11129283 kind=0 logical=1343 seq=1343 ch=5 rssi=0
PR1HE t_us=11137117 kind=0 logical=1344 seq=1344 ch=16 rssi=0
PR1HE t_us=11144959 kind=0 logical=1345 seq=1345 ch=36 rssi=0
PR1HE t_us=11152801 kind=0 logical=1346 seq=1346 ch=10 rssi=0
PR1HE t_us=11160643 kind=0 logical=1347 seq=1347 ch=18 rssi=0
PR1HE t_us=11168481 kind=0 logical=1348 seq=1348 ch=33 rssi=0
PR1HE t_us=11176318 kind=0 logical=1349 seq=1349 ch=2 rssi=0
PR1HE t_us=11184157 kind=0 logical=1350 seq=1350 ch=23 rssi=0
PR1HE t_us=11191994 kind=0 logical=1351 seq=1351 ch=17 rssi=0
PR1HE t_us=11199877 kind=0 logical=1352 seq=1352 ch=8 rssi=0
PR1HE t_us=11207732 kind=0 logical=1353 seq=1353 ch=6 rssi=0
PR1HE t_us=11215566 kind=0 logical=1354 seq=1354 ch=26 rssi=0
PR1HE t_us=11223402 kind=0 logical=1355 seq=1355 ch=21 rssi=0
PR1HE t_us=11231246 kind=0 logical=1356 seq=1356 ch=39 rssi=0
PR1HE t_us=11239081 kind=0 logical=1357 seq=1357 ch=24 rssi=0
PR1HE t_us=11246923 kind=0 logical=1358 seq=1358 ch=25 rssi=0
PR1HE t_us=11254759 kind=0 logical=1359 seq=1359 ch=35 rssi=0
PR1HE t_us=11262601 kind=0 logical=1360 seq=1360 ch=34 rssi=0
PR1HE t_us=11270440 kind=0 logical=1361 seq=1361 ch=22 rssi=0
PR1HE t_us=11278283 kind=0 logical=1362 seq=1362 ch=5 rssi=0
PR1HE t_us=11286117 kind=0 logical=1363 seq=1363 ch=6 rssi=0
PR1HE t_us=11293958 kind=0 logical=1364 seq=1364 ch=7 rssi=0
PR1HE t_us=11301801 kind=0 logical=1365 seq=1365 ch=25 rssi=0
PR1HE t_us=11309643 kind=0 logical=1366 seq=1366 ch=27 rssi=0
PR1HE t_us=11317481 kind=0 logical=1367 seq=1367 ch=19 rssi=0
PR1HE t_us=11325318 kind=0 logical=1368 seq=1368 ch=30 rssi=0
PR1HE t_us=11333157 kind=0 logical=1369 seq=1369 ch=38 rssi=0
PR1HE t_us=11340994 kind=0 logical=1370 seq=1370 ch=36 rssi=0
PR1HE t_us=11348837 kind=0 logical=1371 seq=1371 ch=14 rssi=0
PR1HE t_us=11356679 kind=0 logical=1372 seq=1372 ch=35 rssi=0
PR1HE t_us=11364520 kind=0 logical=1373 seq=1373 ch=13 rssi=0
PR1HE t_us=11372357 kind=0 logical=1374 seq=1374 ch=29 rssi=0
PR1HE t_us=11380203 kind=0 logical=1375 seq=1375 ch=8 rssi=0
PR1HE t_us=11388035 kind=0 logical=1376 seq=1376 ch=10 rssi=0
PR1HE t_us=11395873 kind=0 logical=1377 seq=1377 ch=9 rssi=0
PR1HE t_us=11403716 kind=0 logical=1378 seq=1378 ch=39 rssi=0
PR1HE t_us=11411559 kind=0 logical=1379 seq=1379 ch=32 rssi=0
PR1HE t_us=11419400 kind=0 logical=1380 seq=1380 ch=15 rssi=0
PR1HE t_us=11427241 kind=0 logical=1381 seq=1381 ch=20 rssi=0
PR1HE t_us=11435077 kind=0 logical=1382 seq=1382 ch=21 rssi=0
PR1HE t_us=11442916 kind=0 logical=1383 seq=1383 ch=3 rssi=0
PR1HE t_us=11450759 kind=0 logical=1384 seq=1384 ch=12 rssi=0
PR1HE t_us=11458601 kind=0 logical=1385 seq=1385 ch=18 rssi=0
PR1HE t_us=11466440 kind=0 logical=1386 seq=1386 ch=26 rssi=0
PR1HE t_us=11474283 kind=0 logical=1387 seq=1387 ch=17 rssi=0
PR1HE t_us=11482117 kind=0 logical=1388 seq=1388 ch=33 rssi=0
PR1HE t_us=11489959 kind=0 logical=1389 seq=1389 ch=2 rssi=0
PR1HE t_us=11497801 kind=0 logical=1390 seq=1390 ch=23 rssi=0
PR1HE t_us=11505643 kind=0 logical=1391 seq=1391 ch=31 rssi=0
PR1HE t_us=11513481 kind=0 logical=1392 seq=1392 ch=28 rssi=0
PR1HE t_us=11521318 kind=0 logical=1393 seq=1393 ch=1 rssi=0
PR1HE t_us=11529157 kind=0 logical=1394 seq=1394 ch=11 rssi=0
PR1HE t_us=11536994 kind=0 logical=1395 seq=1395 ch=16 rssi=0
PR1HE t_us=11544837 kind=0 logical=1396 seq=1396 ch=0 rssi=0
PR1HE t_us=11552679 kind=0 logical=1397 seq=1397 ch=37 rssi=0
PR1HE t_us=11560520 kind=0 logical=1398 seq=1398 ch=4 rssi=0
PR1HE t_us=11568357 kind=0 logical=1399 seq=1399 ch=24 rssi=0
PR1HE t_us=11576203 kind=0 logical=1400 seq=1400 ch=25 rssi=0
PR1HE t_us=11584035 kind=0 logical=1401 seq=1401 ch=28 rssi=0
PR1HE t_us=11591879 kind=0 logical=1402 seq=1402 ch=14 rssi=0
PR1HE t_us=11599720 kind=0 logical=1403 seq=1403 ch=32 rssi=0
PR1HE t_us=11607560 kind=0 logical=1404 seq=1404 ch=13 rssi=0
PR1HE t_us=11615399 kind=0 logical=1405 seq=1405 ch=27 rssi=0
PR1HE t_us=11623240 kind=0 logical=1406 seq=1406 ch=26 rssi=0
PR1HE t_us=11631077 kind=0 logical=1407 seq=1407 ch=2 rssi=0
PR1HE t_us=11638916 kind=0 logical=1408 seq=1408 ch=29 rssi=0
PR1HE t_us=11646759 kind=0 logical=1409 seq=1409 ch=16 rssi=0
PR1HE t_us=11654601 kind=0 logical=1410 seq=1410 ch=6 rssi=0
PR1HE t_us=11662441 kind=0 logical=1411 seq=1411 ch=19 rssi=0
PR1HE t_us=11670283 kind=0 logical=1412 seq=1412 ch=17 rssi=0
PR1HE t_us=11678117 kind=0 logical=1413 seq=1413 ch=24 rssi=0
PR1HE t_us=11685960 kind=0 logical=1414 seq=1414 ch=5 rssi=0
PR1HE t_us=11693801 kind=0 logical=1415 seq=1415 ch=33 rssi=0
PR1HE t_us=11701643 kind=0 logical=1416 seq=1416 ch=34 rssi=0
PR1HE t_us=11709481 kind=0 logical=1417 seq=1417 ch=8 rssi=0
PR1HE t_us=11717318 kind=0 logical=1418 seq=1418 ch=23 rssi=0
PR1HE t_us=11725164 kind=0 logical=1419 seq=1419 ch=35 rssi=0
PR1HE t_us=11733000 kind=0 logical=1420 seq=1420 ch=7 rssi=0
PR1HE t_us=11740844 kind=0 logical=1421 seq=1421 ch=4 rssi=0
PR1HE t_us=11748693 kind=0 logical=1422 seq=1422 ch=9 rssi=0
PR1HE t_us=11756537 kind=0 logical=1423 seq=1423 ch=12 rssi=0
PR1HE t_us=11764370 kind=0 logical=1424 seq=1424 ch=22 rssi=0
PR1HE t_us=11772210 kind=0 logical=1425 seq=1425 ch=0 rssi=0
PR1HE t_us=11780047 kind=0 logical=1426 seq=1426 ch=36 rssi=0
PR1HE t_us=11787887 kind=0 logical=1427 seq=1427 ch=15 rssi=0
PR1HE t_us=11795729 kind=0 logical=1428 seq=1428 ch=3 rssi=0
PR1HE t_us=11803567 kind=0 logical=1429 seq=1429 ch=1 rssi=0
PR1HE t_us=11811407 kind=0 logical=1430 seq=1430 ch=21 rssi=0
PR1HE t_us=11819247 kind=0 logical=1431 seq=1431 ch=10 rssi=0
PR1HE t_us=11827082 kind=0 logical=1432 seq=1432 ch=39 rssi=0
PR1HE t_us=11834923 kind=0 logical=1433 seq=1433 ch=20 rssi=0
PR1HE t_us=11842759 kind=0 logical=1434 seq=1434 ch=11 rssi=0
PR1HE t_us=11850601 kind=0 logical=1435 seq=1435 ch=37 rssi=0
PR1HE t_us=11858441 kind=0 logical=1436 seq=1436 ch=31 rssi=0
PR1HE t_us=11866283 kind=0 logical=1437 seq=1437 ch=38 rssi=0
PR1HE t_us=11874117 kind=0 logical=1438 seq=1438 ch=30 rssi=0
PR1HE t_us=11881960 kind=0 logical=1439 seq=1439 ch=18 rssi=0
PR1HE t_us=11889801 kind=0 logical=1440 seq=1440 ch=2 rssi=0
PR1HE t_us=11897643 kind=0 logical=1441 seq=1441 ch=9 rssi=0
PR1HE t_us=11905476 kind=0 logical=1442 seq=1442 ch=15 rssi=0
PR1HE t_us=11913310 kind=0 logical=1443 seq=1443 ch=34 rssi=0
PR1HE t_us=11921143 kind=0 logical=1444 seq=1444 ch=24 rssi=0
PR1HE t_us=11928982 kind=0 logical=1445 seq=1445 ch=0 rssi=0
PR1HE t_us=11936827 kind=0 logical=1446 seq=1446 ch=10 rssi=0
PR1HE t_us=11944670 kind=0 logical=1447 seq=1447 ch=7 rssi=0
PR1HE t_us=11952500 kind=0 logical=1448 seq=1448 ch=1 rssi=0
PR1HE t_us=11960334 kind=0 logical=1449 seq=1449 ch=29 rssi=0
PR1HE t_us=11968172 kind=0 logical=1450 seq=1450 ch=36 rssi=0
PR1HE t_us=11976007 kind=0 logical=1451 seq=1451 ch=38 rssi=0
PR1HE t_us=11983847 kind=0 logical=1452 seq=1452 ch=12 rssi=0
PR1HE t_us=11991693 kind=0 logical=1453 seq=1453 ch=25 rssi=0
PR1HE t_us=11999537 kind=0 logical=1454 seq=1454 ch=3 rssi=0
PR1HE t_us=12007370 kind=0 logical=1455 seq=1455 ch=17 rssi=0
PR1HE t_us=12015210 kind=0 logical=1456 seq=1456 ch=30 rssi=0
PR1HE t_us=12023047 kind=0 logical=1457 seq=1457 ch=35 rssi=0
PR1HE t_us=12030887 kind=0 logical=1458 seq=1458 ch=14 rssi=0
PR1HE t_us=12038729 kind=0 logical=1459 seq=1459 ch=32 rssi=0
PR1HE t_us=12046567 kind=0 logical=1460 seq=1460 ch=6 rssi=0
PR1HE t_us=12054407 kind=0 logical=1461 seq=1461 ch=20 rssi=0
PR1HE t_us=12062247 kind=0 logical=1462 seq=1462 ch=16 rssi=0
PR1HE t_us=12070082 kind=0 logical=1463 seq=1463 ch=21 rssi=0
PR1HE t_us=12077923 kind=0 logical=1464 seq=1464 ch=31 rssi=0
PR1HE t_us=12085759 kind=0 logical=1465 seq=1465 ch=23 rssi=0
PR1HE t_us=12093601 kind=0 logical=1466 seq=1466 ch=22 rssi=0
PR1HE t_us=12101441 kind=0 logical=1467 seq=1467 ch=8 rssi=0
PR1HE_END
