PR1_RUNTIME_BOOT
runtime_profile=phase1-fixed-flrc-rx
runtime_role=rx
board_family=LILYGO T3-S3-MVSRBoard
board_reference_revision=V1.1 upstream reference
radio_target=SX1280
upstream_reference_commit=840a2e788b3192c4e9bddf0640c1ecaf703c2598
hardware_veriESP-ROM:esp32s3-20210327
Build:Mar 27 2021
rst:0x15 (USB_UART_CHIP_RESET),boot:0x18 (SPI_FAST_FLASH_BOOT)
Saved PC:0x42027eca
SPIWP:0xee
mode:DIO, clock div:1
load:0x3fce3808,len:0x44c
load:0x403c9700,len:0xbd8
load:0x403cc700,len:0x2a80
entry 0x403c98d0
PR1_RUNTIME_BOOT
runtime_profile=phase1-fixed-flrc-rx
runtime_role=rx
board_family=LILYGO T3-S3-MVSRBoard
board_reference_revision=V1.1 upstream reference
radio_target=SX1280
upstream_reference_commit=840a2e788b3192c4e9bddf0640c1ecaf703c2598
hardware_verified=0
protocol_version=1
protocol_header_bytes=16
rf_enabled=1
sx1280_spi_hz=2000000
sx1280_cs=7
sx1280_rst=8
sx1280_sclk=5
sx1280_mosi=6
sx1280_miso=3
sx1280_dio1=9
sx1280_busy=36
sx1280_tx_enable=10
sx1280_rx_enable=21
PR1_FIXED_FLRC_PROFILE
frequency_mhz=2404.000
bitrate_kbps=1300
coding_rate=3
output_dbm=0
tx_gap_us=5000
packet_bytes=116
adaptive_layers=off
afh_enabled=1
afh_session_id=1
afh_session_seed=0x5052314441525431
afh_map_version=1
afh_active_channels=40
afh_resync_after_misses=8
afh_rendezvous_first=20
afh_schedule_fp=18,21,5,3,0,6,29,20,36,25,9,24,14,28,37,17,30,10,32,26,31,7,22,35,16,1,2,12,39,13,15,11,38,19,33,23,34,4,27,8,16,19,10,17,24,21,5,14
PR1_RUNTIME_LIVE_READY
PR1T v=1 t_us=20905774 field=device_state value=2
PR1T v=1 t_us=20905774 field=rssi_dbm value=-43
PR1T v=1 t_us=20905774 field=crc_good value=6687
PR1T v=1 t_us=20905774 field=crc_bad value=6
PR1T v=1 t_us=20905774 field=missing value=26
PR1T v=1 t_us=20905774 field=queue_depth value=0
PR1T v=1 t_us=20905774 field=max_queue_depth value=1
PR1T v=1 t_us=20905774 field=irq_to_spi_us value=6
PR1T v=1 t_us=20905774 field=spi_duration_us value=1247
PR1T v=1 t_us=20905774 field=rx_processing_us value=1248
PR1T v=1 t_us=20905774 field=spi_end_to_rearm_start_us value=242
PR1T v=1 t_us=20905774 field=rx_rearm_us value=414
PR1T v=1 t_us=20905774 field=irq_to_rx_ready_us value=1900
PR1T v=1 t_us=20905774 field=trace_overwrites value=60109
PR1T v=1 t_us=20905774 field=capability_mask value=12
PR1T v=1 t_us=31362883 field=device_state value=2
PR1T v=1 t_us=31362883 field=rssi_dbm value=-37
PR1T v=1 t_us=31362883 field=crc_good value=10172
PR1T v=1 t_us=31362883 field=crc_bad value=7
PR1T v=1 t_us=31362883 field=missing value=30
PR1T v=1 t_us=31362883 field=queue_depth value=0
PR1T v=1 t_us=31362883 field=max_queue_depth value=1
PR1T v=1 t_us=31362883 field=irq_to_spi_us value=6
PR1T v=1 t_us=31362883 field=spi_duration_us value=1255
PR1T v=1 t_us=31362883 field=rx_processing_us value=1257
PR1T v=1 t_us=31362883 field=spi_end_to_rearm_start_us value=235
PR1T v=1 t_us=31362883 field=rx_rearm_us value=416
PR1T v=1 t_us=31362883 field=irq_to_rx_ready_us value=1910
PR1T v=1 t_us=31362883 field=trace_overwrites value=91483
PR1T v=1 t_us=31362883 field=capability_mask value=12
PR1T v=1 t_us=31875350 field=device_state value=2
PR1T v=1 t_us=31875350 field=rssi_dbm value=-37
PR1T v=1 t_us=31875350 field=crc_good value=10341
PR1T v=1 t_us=31875350 field=crc_bad value=8
PR1T v=1 t_us=31875350 field=missing value=32
PR1T v=1 t_us=31875350 field=queue_depth value=0
PR1T v=1 t_us=31875350 field=max_queue_depth value=1
PR1T v=1 t_us=31875350 field=irq_to_spi_us value=6
PR1T v=1 t_us=31875350 field=spi_duration_us value=1253
PR1T v=1 t_us=31875350 field=rx_processing_us value=1255
PR1T v=1 t_us=31875350 field=spi_end_to_rearm_start_us value=244
PR1T v=1 t_us=31875350 field=rx_rearm_us value=422
PR1T v=1 t_us=31875350 field=irq_to_rx_ready_us value=1910
PR1T v=1 t_us=31875350 field=trace_overwrites value=93013
PR1T v=1 t_us=31875350 field=capability_mask value=12
PR1H t_us=31948078 session_id=1 map_version=1 locked=1 channel=23 logical=10710 retunes=10387 retune_failures=0 standby_failures=0 timeout_advances=14 resync_entries=0 locks=1 agree=10364 disagree=0 period_est_us=3005 max_consecutive_timeouts=1 retune_us_p99=71 retune_us_max=73 hop_compute_us_p99=42 hop_compute_us_max=62
PR1HC ok=258,260,260,260,260,259,260,259,260,260,259,258,258,260,260,258,260,260,260,258,260,260,260,259,260,260,260,260,258,259,258,255,260,255,258,259,260,260,257,259 crc=0,0,0,0,0,0,0,0,0,0,0,0,1,0,0,0,0,0,0,0,0,0,0,0,0,0,0,0,1,0,1,2,0,2,1,0,0,0,0,0
PR1HE_BEGIN total=10824 count=256
PR1HE t_us=32491520 kind=2 logical=10891 seq=10891 ch=2 rssi=-38
PR1HE t_us=32494519 kind=2 logical=10892 seq=10892 ch=9 rssi=-38
PR1HE t_us=32497519 kind=2 logical=10893 seq=10893 ch=24 rssi=-44
PR1HE t_us=32500519 kind=2 logical=10894 seq=10894 ch=5 rssi=-39
PR1HE t_us=32503519 kind=2 logical=10895 seq=10895 ch=14 rssi=-40
PR1HE t_us=32506521 kind=2 logical=10896 seq=10896 ch=28 rssi=-45
PR1HE t_us=32509519 kind=2 logical=10897 seq=10897 ch=6 rssi=-39
PR1HE t_us=32512521 kind=2 logical=10898 seq=10898 ch=38 rssi=-52
PR1HE t_us=32515520 kind=2 logical=10899 seq=10899 ch=26 rssi=-45
PR1HE t_us=32518519 kind=2 logical=10900 seq=10900 ch=19 rssi=-42
PR1HE t_us=32521519 kind=2 logical=10901 seq=10901 ch=8 rssi=-40
PR1HE t_us=32524521 kind=2 logical=10902 seq=10902 ch=32 rssi=-47
PR1HE t_us=32527519 kind=2 logical=10903 seq=10903 ch=0 rssi=-40
PR1HE t_us=32530519 kind=2 logical=10904 seq=10904 ch=13 rssi=-40
PR1HE t_us=32533521 kind=2 logical=10905 seq=10905 ch=15 rssi=-40
PR1HE t_us=32536520 kind=2 logical=10906 seq=10906 ch=36 rssi=-49
PR1HE t_us=32539520 kind=2 logical=10907 seq=10907 ch=23 rssi=-43
PR1HE t_us=32542521 kind=2 logical=10908 seq=10908 ch=18 rssi=-42
PR1HE t_us=32545520 kind=2 logical=10909 seq=10909 ch=11 rssi=-40
PR1HE t_us=32548519 kind=2 logical=10910 seq=10910 ch=20 rssi=-41
PR1HE t_us=32551519 kind=2 logical=10911 seq=10911 ch=10 rssi=-40
PR1HE t_us=32554519 kind=2 logical=10912 seq=10912 ch=21 rssi=-42
PR1HE t_us=32557519 kind=2 logical=10913 seq=10913 ch=16 rssi=-41
PR1HE t_us=32560521 kind=2 logical=10914 seq=10914 ch=22 rssi=-43
PR1HE t_us=32563520 kind=2 logical=10915 seq=10915 ch=33 rssi=-47
PR1HE t_us=32566520 kind=2 logical=10916 seq=10916 ch=17 rssi=-39
PR1HE t_us=32569521 kind=2 logical=10917 seq=10917 ch=39 rssi=-54
PR1HE t_us=32572521 kind=2 logical=10918 seq=10918 ch=35 rssi=-48
PR1HE t_us=32575519 kind=2 logical=10919 seq=10919 ch=1 rssi=-38
PR1HE t_us=32578519 kind=2 logical=10920 seq=10920 ch=9 rssi=-40
PR1HE t_us=32581520 kind=2 logical=10921 seq=10921 ch=17 rssi=-41
PR1HE t_us=32584521 kind=2 logical=10922 seq=10922 ch=37 rssi=-51
PR1HE t_us=32587519 kind=2 logical=10923 seq=10923 ch=25 rssi=-45
PR1HE t_us=32590520 kind=2 logical=10924 seq=10924 ch=21 rssi=-42
PR1HE t_us=32593519 kind=2 logical=10925 seq=10925 ch=13 rssi=-38
PR1HE t_us=32596520 kind=2 logical=10926 seq=10926 ch=8 rssi=-37
PR1HE t_us=32599520 kind=2 logical=10927 seq=10927 ch=32 rssi=-47
PR1HE t_us=32602521 kind=2 logical=10928 seq=10928 ch=11 rssi=-40
PR1HE t_us=32605521 kind=2 logical=10929 seq=10929 ch=3 rssi=-40
PR1HE t_us=32608522 kind=2 logical=10930 seq=10930 ch=2 rssi=-40
PR1HE t_us=32611521 kind=2 logical=10931 seq=10931 ch=4 rssi=-39
PR1HE t_us=32614520 kind=2 logical=10932 seq=10932 ch=1 rssi=-38
PR1HE t_us=32617520 kind=2 logical=10933 seq=10933 ch=20 rssi=-41
PR1HE t_us=32620522 kind=2 logical=10934 seq=10934 ch=39 rssi=-53
PR1HE t_us=32623521 kind=2 logical=10935 seq=10935 ch=23 rssi=-43
PR1HE t_us=32626520 kind=2 logical=10936 seq=10936 ch=5 rssi=-39
PR1HE t_us=32629521 kind=2 logical=10937 seq=10937 ch=29 rssi=-47
PR1HE t_us=32632522 kind=2 logical=10938 seq=10938 ch=27 rssi=-44
PR1HE t_us=32635521 kind=2 logical=10939 seq=10939 ch=10 rssi=-40
PR1HE t_us=32638521 kind=2 logical=10940 seq=10940 ch=18 rssi=-42
PR1HE t_us=32641521 kind=2 logical=10941 seq=10941 ch=22 rssi=-43
PR1HE t_us=32644527 kind=2 logical=10942 seq=10942 ch=24 rssi=-44
PR1HE t_us=32647902 kind=5 logical=10944 seq=1 ch=38 rssi=0
PR1HE t_us=32650902 kind=5 logical=10945 seq=1 ch=36 rssi=0
PR1HE t_us=32653903 kind=5 logical=10946 seq=1 ch=19 rssi=0
PR1HE t_us=32656903 kind=5 logical=10947 seq=1 ch=0 rssi=0
PR1HE t_us=32659903 kind=5 logical=10948 seq=1 ch=26 rssi=0
PR1HE t_us=32662903 kind=5 logical=10949 seq=1 ch=6 rssi=0
PR1HE t_us=32665903 kind=5 logical=10950 seq=1 ch=35 rssi=0
PR1HE t_us=32668903 kind=5 logical=10951 seq=1 ch=33 rssi=0
PR1HE t_us=32671903 kind=6 logical=10952 seq=0 ch=36 rssi=0
PR1HE t_us=32763274 kind=7 logical=10981 seq=10981 ch=36 rssi=-48
PR1HE t_us=32763274 kind=2 logical=10981 seq=10981 ch=36 rssi=-48
PR1HE t_us=32766274 kind=2 logical=10982 seq=10982 ch=18 rssi=-40
PR1HE t_us=32769275 kind=2 logical=10983 seq=10983 ch=38 rssi=-53
PR1HE t_us=32772273 kind=2 logical=10984 seq=10984 ch=24 rssi=-43
PR1HE t_us=32775273 kind=2 logical=10985 seq=10985 ch=6 rssi=-39
PR1HE t_us=32778274 kind=2 logical=10986 seq=10986 ch=29 rssi=-46
PR1HE t_us=32781275 kind=2 logical=10987 seq=10987 ch=34 rssi=-47
PR1HE t_us=32784275 kind=2 logical=10988 seq=10988 ch=23 rssi=-42
PR1HE t_us=32787275 kind=2 logical=10989 seq=10989 ch=33 rssi=-53
PR1HE t_us=32790274 kind=2 logical=10990 seq=10990 ch=5 rssi=-39
PR1HE t_us=32793274 kind=2 logical=10991 seq=10991 ch=13 rssi=-40
PR1HE t_us=32796274 kind=2 logical=10992 seq=10992 ch=9 rssi=-40
PR1HE t_us=32799275 kind=2 logical=10993 seq=10993 ch=26 rssi=-45
PR1HE t_us=32802276 kind=2 logical=10994 seq=10994 ch=3 rssi=-38
PR1HE t_us=32805275 kind=2 logical=10995 seq=10995 ch=37 rssi=-53
PR1HE t_us=32808274 kind=2 logical=10996 seq=10996 ch=20 rssi=-42
PR1HE t_us=32811275 kind=2 logical=10997 seq=10997 ch=17 rssi=-41
PR1HE t_us=32814274 kind=2 logical=10998 seq=10998 ch=15 rssi=-40
PR1HE t_us=32817274 kind=2 logical=10999 seq=10999 ch=16 rssi=-39
PR1HE t_us=32820275 kind=2 logical=11000 seq=11000 ch=30 rssi=-47
PR1HE t_us=32823274 kind=2 logical=11001 seq=11001 ch=7 rssi=-39
PR1HE t_us=32826274 kind=2 logical=11002 seq=11002 ch=20 rssi=-41
PR1HE t_us=32829275 kind=2 logical=11003 seq=11003 ch=35 rssi=-49
PR1HE t_us=32832277 kind=2 logical=11004 seq=11004 ch=3 rssi=-40
PR1HE t_us=32835275 kind=2 logical=11005 seq=11005 ch=39 rssi=-53
PR1HE t_us=32838276 kind=2 logical=11006 seq=11006 ch=33 rssi=-47
PR1HE t_us=32841274 kind=2 logical=11007 seq=11007 ch=18 rssi=-42
PR1HE t_us=32844275 kind=2 logical=11008 seq=11008 ch=27 rssi=-44
PR1HE t_us=32847276 kind=2 logical=11009 seq=11009 ch=22 rssi=-42
PR1HE t_us=32850275 kind=2 logical=11010 seq=11010 ch=17 rssi=-41
PR1HE t_us=32853275 kind=2 logical=11011 seq=11011 ch=38 rssi=-53
PR1HE t_us=32856274 kind=2 logical=11012 seq=11012 ch=9 rssi=-40
PR1HE t_us=32859276 kind=2 logical=11013 seq=11013 ch=23 rssi=-43
PR1HE t_us=32862275 kind=2 logical=11014 seq=11014 ch=31 rssi=-47
PR1HE t_us=32865273 kind=2 logical=11015 seq=11015 ch=0 rssi=-38
PR1HE t_us=32868274 kind=2 logical=11016 seq=11016 ch=21 rssi=-42
PR1HE t_us=32871275 kind=2 logical=11017 seq=11017 ch=5 rssi=-37
PR1HE t_us=32874276 kind=2 logical=11018 seq=11018 ch=1 rssi=-40
PR1HE t_us=32877275 kind=2 logical=11019 seq=11019 ch=36 rssi=-50
PR1HE t_us=32880275 kind=2 logical=11020 seq=11020 ch=25 rssi=-44
PR1HE t_us=32883276 kind=2 logical=11021 seq=11021 ch=2 rssi=-40
PR1HE t_us=32886275 kind=2 logical=11022 seq=11022 ch=14 rssi=-40
PR1HE t_us=32889275 kind=2 logical=11023 seq=11023 ch=37 rssi=-51
PR1HE t_us=32892275 kind=2 logical=11024 seq=11024 ch=28 rssi=-46
PR1HE t_us=32895276 kind=2 logical=11025 seq=11025 ch=32 rssi=-47
PR1HE t_us=32898275 kind=2 logical=11026 seq=11026 ch=34 rssi=-47
PR1HE t_us=32901274 kind=2 logical=11027 seq=11027 ch=4 rssi=-37
PR1HE t_us=32904275 kind=2 logical=11028 seq=11028 ch=19 rssi=-42
PR1HE t_us=32907275 kind=2 logical=11029 seq=11029 ch=15 rssi=-40
PR1HE t_us=32910275 kind=2 logical=11030 seq=11030 ch=24 rssi=-45
PR1HE t_us=32913275 kind=2 logical=11031 seq=11031 ch=11 rssi=-38
PR1HE t_us=32916275 kind=2 logical=11032 seq=11032 ch=10 rssi=-40
PR1HE t_us=32919275 kind=2 logical=11033 seq=11033 ch=12 rssi=-40
PR1HE t_us=32922276 kind=2 logical=11034 seq=11034 ch=26 rssi=-45
PR1HE t_us=32925275 kind=2 logical=11035 seq=11035 ch=8 rssi=-38
PR1HE t_us=32928276 kind=2 logical=11036 seq=11036 ch=6 rssi=-37
PR1HE t_us=32931275 kind=2 logical=11037 seq=11037 ch=16 rssi=-39
PR1HE t_us=32934277 kind=2 logical=11038 seq=11038 ch=29 rssi=-46
PR1HE t_us=32937276 kind=2 logical=11039 seq=11039 ch=13 rssi=-40
PR1HE t_us=32940275 kind=2 logical=11040 seq=11040 ch=26 rssi=-45
PR1HE t_us=32943275 kind=2 logical=11041 seq=11041 ch=1 rssi=-40
PR1HE t_us=32946277 kind=2 logical=11042 seq=11042 ch=39 rssi=-53
PR1HE t_us=32949276 kind=2 logical=11043 seq=11043 ch=30 rssi=-47
PR1HE t_us=32952275 kind=2 logical=11044 seq=11044 ch=6 rssi=-39
PR1HE t_us=32955277 kind=2 logical=11045 seq=11045 ch=2 rssi=-38
PR1HE t_us=32958275 kind=2 logical=11046 seq=11046 ch=27 rssi=-44
PR1HE t_us=32961277 kind=2 logical=11047 seq=11047 ch=33 rssi=-53
PR1HE t_us=32964276 kind=2 logical=11048 seq=11048 ch=17 rssi=-39
PR1HE t_us=32967276 kind=2 logical=11049 seq=11049 ch=21 rssi=-42
PR1HE t_us=32970276 kind=2 logical=11050 seq=11050 ch=11 rssi=-40
PR1HE t_us=32973276 kind=2 logical=11051 seq=11051 ch=34 rssi=-47
PR1HE t_us=32976276 kind=2 logical=11052 seq=11052 ch=23 rssi=-42
PR1HE t_us=32979276 kind=2 logical=11053 seq=11053 ch=35 rssi=-48
PR1HE t_us=32982276 kind=2 logical=11054 seq=11054 ch=36 rssi=-48
PR1HE t_us=32985276 kind=2 logical=11055 seq=11055 ch=15 rssi=-40
PR1HE t_us=32988275 kind=2 logical=11056 seq=11056 ch=9 rssi=-40
PR1HE t_us=32991277 kind=2 logical=11057 seq=11057 ch=28 rssi=-46
PR1HE t_us=32994276 kind=2 logical=11058 seq=11058 ch=5 rssi=-39
PR1HE t_us=32997275 kind=2 logical=11059 seq=11059 ch=10 rssi=-37
PR1HE t_us=33000277 kind=2 logical=11060 seq=11060 ch=20 rssi=-42
PR1HE t_us=33003276 kind=2 logical=11061 seq=11061 ch=0 rssi=-40
PR1HE t_us=33006275 kind=2 logical=11062 seq=11062 ch=7 rssi=-40
PR1HE t_us=33009277 kind=2 logical=11063 seq=11063 ch=32 rssi=-47
PR1HE t_us=33012277 kind=2 logical=11064 seq=11064 ch=22 rssi=-43
PR1HE t_us=33015277 kind=2 logical=11065 seq=11065 ch=37 rssi=-53
PR1HE t_us=33018276 kind=2 logical=11066 seq=11066 ch=8 rssi=-39
PR1HE t_us=33021276 kind=2 logical=11067 seq=11067 ch=18 rssi=-40
PR1HE t_us=33024276 kind=2 logical=11068 seq=11068 ch=14 rssi=-40
PR1HE t_us=33027276 kind=2 logical=11069 seq=11069 ch=16 rssi=-41
PR1HE t_us=33030276 kind=2 logical=11070 seq=11070 ch=25 rssi=-44
PR1HE t_us=33033277 kind=2 logical=11071 seq=11071 ch=31 rssi=-48
PR1HE t_us=33036276 kind=2 logical=11072 seq=11072 ch=4 rssi=-40
PR1HE t_us=33039277 kind=2 logical=11073 seq=11073 ch=38 rssi=-53
PR1HE t_us=33042277 kind=2 logical=11074 seq=11074 ch=29 rssi=-47
PR1HE t_us=33045278 kind=2 logical=11075 seq=11075 ch=3 rssi=-37
PR1HE t_us=33048276 kind=2 logical=11076 seq=11076 ch=12 rssi=-40
PR1HE t_us=33051277 kind=2 logical=11077 seq=11077 ch=24 rssi=-44
PR1HE t_us=33054277 kind=2 logical=11078 seq=11078 ch=13 rssi=-40
PR1HE t_us=33057276 kind=2 logical=11079 seq=11079 ch=19 rssi=-42
PR1HE t_us=33060278 kind=2 logical=11080 seq=11080 ch=32 rssi=-48
PR1HE t_us=33063277 kind=2 logical=11081 seq=11081 ch=4 rssi=-40
PR1HE t_us=33066277 kind=2 logical=11082 seq=11082 ch=15 rssi=-38
PR1HE t_us=33069277 kind=2 logical=11083 seq=11083 ch=37 rssi=-51
PR1HE t_us=33072278 kind=2 logical=11084 seq=11084 ch=17 rssi=-41
PR1HE t_us=33075278 kind=2 logical=11085 seq=11085 ch=3 rssi=-38
PR1HE t_us=33078277 kind=2 logical=11086 seq=11086 ch=22 rssi=-42
PR1HE t_us=33081276 kind=2 logical=11087 seq=11087 ch=5 rssi=-39
PR1HE t_us=33084276 kind=2 logical=11088 seq=11088 ch=7 rssi=-40
PR1HE t_us=33087277 kind=2 logical=11089 seq=11089 ch=35 rssi=-48
PR1HE t_us=33090279 kind=2 logical=11090 seq=11090 ch=23 rssi=-42
PR1HE t_us=33093277 kind=2 logical=11091 seq=11091 ch=26 rssi=-45
PR1HE t_us=33096276 kind=2 logical=11092 seq=11092 ch=10 rssi=-38
PR1HE t_us=33099277 kind=2 logical=11093 seq=11093 ch=24 rssi=-44
PR1HE t_us=33102279 kind=2 logical=11094 seq=11094 ch=31 rssi=-47
PR1HE t_us=33105278 kind=2 logical=11095 seq=11095 ch=27 rssi=-46
PR1HE t_us=33108278 kind=2 logical=11096 seq=11096 ch=6 rssi=-39
PR1HE t_us=33111278 kind=2 logical=11097 seq=11097 ch=25 rssi=-44
PR1HE t_us=33114278 kind=2 logical=11098 seq=11098 ch=20 rssi=-42
PR1HE t_us=33117277 kind=2 logical=11099 seq=11099 ch=14 rssi=-40
PR1HE t_us=33120277 kind=2 logical=11100 seq=11100 ch=21 rssi=-42
PR1HE t_us=33123277 kind=2 logical=11101 seq=11101 ch=19 rssi=-42
PR1HE t_us=33126277 kind=2 logical=11102 seq=11102 ch=16 rssi=-41
PR1HE t_us=33129279 kind=2 logical=11103 seq=11103 ch=1 rssi=-40
PR1HE t_us=33132279 kind=2 logical=11104 seq=11104 ch=2 rssi=-40
PR1HE t_us=33135278 kind=2 logical=11105 seq=11105 ch=36 rssi=-49
PR1HE t_us=33138277 kind=2 logical=11106 seq=11106 ch=11 rssi=-40
PR1HE t_us=33141278 kind=2 logical=11107 seq=11107 ch=29 rssi=-47
PR1HE t_us=33144278 kind=2 logical=11108 seq=11108 ch=28 rssi=-45
PR1HE t_us=33147277 kind=2 logical=11109 seq=11109 ch=0 rssi=-40
PR1HE t_us=33150277 kind=2 logical=11110 seq=11110 ch=8 rssi=-37
PR1HE t_us=33153278 kind=2 logical=11111 seq=11111 ch=34 rssi=-48
PR1HE t_us=33156278 kind=2 logical=11112 seq=11112 ch=18 rssi=-41
PR1HE t_us=33159279 kind=2 logical=11113 seq=11113 ch=38 rssi=-53
PR1HE t_us=33162277 kind=2 logical=11114 seq=11114 ch=9 rssi=-38
PR1HE t_us=33165279 kind=2 logical=11115 seq=11115 ch=33 rssi=-47
PR1HE t_us=33168277 kind=2 logical=11116 seq=11116 ch=13 rssi=-40
PR1HE t_us=33171280 kind=2 logical=11117 seq=11117 ch=39 rssi=-53
PR1HE t_us=33174278 kind=2 logical=11118 seq=11118 ch=12 rssi=-40
PR1HE t_us=33177278 kind=2 logical=11119 seq=11119 ch=30 rssi=-47
PR1HE t_us=33180278 kind=2 logical=11120 seq=11120 ch=24 rssi=-43
PR1HE t_us=33183279 kind=2 logical=11121 seq=11121 ch=29 rssi=-45
PR1HE t_us=33186278 kind=2 logical=11122 seq=11122 ch=22 rssi=-43
PR1HE t_us=33189278 kind=2 logical=11123 seq=11123 ch=15 rssi=-40
PR1HE t_us=33192278 kind=2 logical=11124 seq=11124 ch=38 rssi=-53
PR1HE t_us=33195278 kind=2 logical=11125 seq=11125 ch=6 rssi=-37
PR1HE t_us=33198279 kind=2 logical=11126 seq=11126 ch=16 rssi=-41
PR1HE t_us=33201278 kind=2 logical=11127 seq=11127 ch=18 rssi=-40
PR1HE t_us=33204278 kind=2 logical=11128 seq=11128 ch=25 rssi=-44
PR1HE t_us=33207278 kind=2 logical=11129 seq=11129 ch=17 rssi=-42
PR1HE t_us=33210278 kind=2 logical=11130 seq=11130 ch=7 rssi=-39
PR1HE t_us=33213278 kind=2 logical=11131 seq=11131 ch=2 rssi=-40
PR1HE t_us=33216277 kind=2 logical=11132 seq=11132 ch=1 rssi=-40
PR1HE t_us=33219279 kind=2 logical=11133 seq=11133 ch=33 rssi=-48
PR1HE t_us=33222279 kind=2 logical=11134 seq=11134 ch=28 rssi=-46
PR1HE t_us=33225278 kind=2 logical=11135 seq=11135 ch=14 rssi=-38
PR1HE t_us=33228278 kind=2 logical=11136 seq=11136 ch=10 rssi=-40
PR1HE t_us=33231279 kind=2 logical=11137 seq=11137 ch=21 rssi=-42
PR1HE t_us=33234279 kind=2 logical=11138 seq=11138 ch=26 rssi=-44
PR1HE t_us=33237278 kind=2 logical=11139 seq=11139 ch=20 rssi=-42
PR1HE t_us=33240280 kind=2 logical=11140 seq=11140 ch=3 rssi=-40
PR1HE t_us=33243278 kind=2 logical=11141 seq=11141 ch=4 rssi=-37
PR1HE t_us=33246278 kind=2 logical=11142 seq=11142 ch=0 rssi=-40
PR1HE t_us=33249279 kind=2 logical=11143 seq=11143 ch=13 rssi=-40
PR1HE t_us=33252279 kind=2 logical=11144 seq=11144 ch=9 rssi=-38
PR1HE t_us=33255279 kind=2 logical=11145 seq=11145 ch=34 rssi=-49
PR1HE t_us=33258279 kind=2 logical=11146 seq=11146 ch=30 rssi=-47
PR1HE t_us=33261279 kind=2 logical=11147 seq=11147 ch=5 rssi=-38
PR1HE t_us=33264279 kind=2 logical=11148 seq=11148 ch=12 rssi=-40
PR1HE t_us=33267279 kind=2 logical=11149 seq=11149 ch=36 rssi=-48
PR1HE t_us=33270280 kind=2 logical=11150 seq=11150 ch=31 rssi=-46
PR1HE t_us=33273279 kind=2 logical=11151 seq=11151 ch=11 rssi=-40
PR1HE t_us=33276279 kind=2 logical=11152 seq=11152 ch=27 rssi=-47
PR1HE t_us=33279280 kind=2 logical=11153 seq=11153 ch=23 rssi=-43
PR1HE t_us=33282279 kind=2 logical=11154 seq=11154 ch=37 rssi=-53
PR1HE t_us=33285279 kind=2 logical=11155 seq=11155 ch=35 rssi=-48
PR1HE t_us=33288279 kind=2 logical=11156 seq=11156 ch=19 rssi=-42
PR1HE t_us=33291280 kind=2 logical=11157 seq=11157 ch=39 rssi=-53
PR1HE t_us=33294279 kind=2 logical=11158 seq=11158 ch=8 rssi=-40
PR1HE t_us=33297280 kind=2 logical=11159 seq=11159 ch=32 rssi=-47
PR1HE t_us=33300279 kind=2 logical=11160 seq=11160 ch=19 rssi=-42
PR1HE t_us=33303279 kind=2 logical=11161 seq=11161 ch=13 rssi=-40
PR1HE t_us=33306280 kind=2 logical=11162 seq=11162 ch=37 rssi=-53
PR1HE t_us=33309280 kind=2 logical=11163 seq=11163 ch=38 rssi=-53
PR1HE t_us=33312279 kind=2 logical=11164 seq=11164 ch=14 rssi=-40
PR1HE t_us=33315279 kind=2 logical=11165 seq=11165 ch=0 rssi=-40
PR1HE t_us=33318280 kind=2 logical=11166 seq=11166 ch=35 rssi=-48
PR1HE t_us=33321281 kind=2 logical=11167 seq=11167 ch=23 rssi=-43
PR1HE t_us=33324280 kind=2 logical=11168 seq=11168 ch=29 rssi=-46
PR1HE t_us=33327279 kind=2 logical=11169 seq=11169 ch=21 rssi=-42
PR1HE t_us=33330279 kind=2 logical=11170 seq=11170 ch=5 rssi=-39
PR1HE t_us=33333281 kind=2 logical=11171 seq=11171 ch=32 rssi=-48
PR1HE t_us=33336280 kind=2 logical=11172 seq=11172 ch=36 rssi=-49
PR1HE t_us=33339279 kind=2 logical=11173 seq=11173 ch=8 rssi=-37
PR1HE t_us=33342279 kind=2 logical=11174 seq=11174 ch=1 rssi=-40
PR1HA_BEGIN total=34 kept=34
PR1HA t_us=784468 kind=7 logical=313 seq=313 ch=20 rssi=-42
PR1HA t_us=1708260 kind=3 logical=621 seq=0 ch=33 rssi=0
PR1HA t_us=2646645 kind=5 logical=935 seq=1 ch=17 rssi=0
PR1HA t_us=3161034 kind=3 logical=1106 seq=0 ch=33 rssi=0
PR1HA t_us=5037135 kind=3 logical=1732 seq=0 ch=28 rssi=0
PR1HA t_us=8850892 kind=5 logical=3005 seq=1 ch=25 rssi=0
PR1HA t_us=13584970 kind=5 logical=4584 seq=1 ch=29 rssi=0
PR1HA t_us=13899978 kind=5 logical=4689 seq=1 ch=2 rssi=0
PR1HA t_us=15331993 kind=5 logical=5167 seq=1 ch=12 rssi=0
PR1HA t_us=15334618 kind=3 logical=5167 seq=0 ch=12 rssi=0
PR1HA t_us=16243628 kind=3 logical=5470 seq=0 ch=31 rssi=0
PR1HA t_us=16939647 kind=5 logical=5703 seq=1 ch=30 rssi=0
PR1HA t_us=17964054 kind=5 logical=6045 seq=1 ch=38 rssi=0
PR1HA t_us=18728034 kind=5 logical=6300 seq=1 ch=27 rssi=0
PR1HA t_us=19947616 kind=3 logical=6706 seq=0 ch=31 rssi=0
PR1HA t_us=20859051 kind=5 logical=7011 seq=1 ch=9 rssi=0
PR1HA t_us=20910056 kind=5 logical=7028 seq=1 ch=39 rssi=0
PR1HA t_us=22040335 kind=5 logical=7405 seq=1 ch=27 rssi=0
PR1HA t_us=23176076 kind=5 logical=7784 seq=1 ch=6 rssi=0
PR1HA t_us=31129718 kind=3 logical=10437 seq=0 ch=34 rssi=0
PR1HA t_us=31367166 kind=5 logical=10517 seq=1 ch=10 rssi=0
PR1HA t_us=31510013 kind=3 logical=10564 seq=0 ch=30 rssi=0
PR1HA t_us=31879614 kind=5 logical=10688 seq=1 ch=39 rssi=0
PR1HA t_us=31952184 kind=5 logical=10712 seq=1 ch=28 rssi=0
PR1HA t_us=32647902 kind=5 logical=10944 seq=1 ch=38 rssi=0
PR1HA t_us=32650902 kind=5 logical=10945 seq=1 ch=36 rssi=0
PR1HA t_us=32653903 kind=5 logical=10946 seq=1 ch=19 rssi=0
PR1HA t_us=32656903 kind=5 logical=10947 seq=1 ch=0 rssi=0
PR1HA t_us=32659903 kind=5 logical=10948 seq=1 ch=26 rssi=0
PR1HA t_us=32662903 kind=5 logical=10949 seq=1 ch=6 rssi=0
PR1HA t_us=32665903 kind=5 logical=10950 seq=1 ch=35 rssi=0
PR1HA t_us=32668903 kind=5 logical=10951 seq=1 ch=33 rssi=0
PR1HA t_us=32671903 kind=6 logical=10952 seq=0 ch=36 rssi=0
PR1HA t_us=32763274 kind=7 logical=10981 seq=10981 ch=36 rssi=-48
PR1HE_END
