PR1_RUNTIME_BOOT
runtime_profile=phase1-fixed-flrc-rx
runtime_role=rx
board_family=LILYGO T3-S3-MVSRBoard
board_reference_revision=V1.1 upstream reference
radio_target=SX1280
upstream_reference_commit=840a2e788b3192c4e9bddf0640c1ecaf703c2598
hardware_veriESP-ROM:esp32s3-20210327
Build:Mar 27 2021
rst:0x15 (USB_UART_CHIP_RESET),boot:0x18 (SPI_FAST_FLASH_BOOT)
Saved PC:0x42027ed2
SPIWP:0xee
mode:DIO, clock div:1
load:0x3fce3808,len:0x44c
load:0x403c9700,len:0xbd8
load:0x403cc700,len:0x2a80
entry 0x403c98d0
PR1_RUNTIME_BOOT
runtime_profile=phase1-fixed-flrc-rx
runtime_role=rx
board_family=LILYGO T3-S3-MVSRBoard
board_reference_revision=V1.1 upstream reference
radio_target=SX1280
upstream_reference_commit=840a2e788b3192c4e9bddf0640c1ecaf703c2598
hardware_verified=0
protocol_version=1
protocol_header_bytes=16
rf_enabled=1
sx1280_spi_hz=2000000
sx1280_cs=7
sx1280_rst=8
sx1280_sclk=5
sx1280_mosi=6
sx1280_miso=3
sx1280_dio1=9
sx1280_busy=36
sx1280_tx_enable=10
sx1280_rx_enable=21
PR1_FIXED_FLRC_PROFILE
frequency_mhz=2404.000
bitrate_kbps=1300
coding_rate=3
output_dbm=0
tx_gap_us=5000
packet_bytes=116
adaptive_layers=off
afh_enabled=1
afh_session_id=1
afh_session_seed=0x5052314441525431
afh_map_version=1
afh_active_channels=40
afh_resync_after_misses=8
afh_rendezvous_first=20
afh_schedule_fp=18,21,5,3,0,6,29,20,36,25,9,24,14,28,37,17,30,10,32,26,31,7,22,35,16,1,2,12,39,13,15,11,38,19,33,23,34,4,27,8,16,19,10,17,24,21,5,14
PR1_RUNTIME_LIVE_READY
PR1T v=1 t_us=20908147 field=device_state value=2
PR1T v=1 t_us=20908147 field=rssi_dbm value=-42
PR1T v=1 t_us=20908147 field=crc_good value=6785
PR1T v=1 t_us=20908147 field=crc_bad value=6
PR1T v=1 t_us=20908147 field=missing value=11
PR1T v=1 t_us=20908147 field=queue_depth value=0
PR1T v=1 t_us=20908147 field=max_queue_depth value=1
PR1T v=1 t_us=20908147 field=irq_to_spi_us value=6
PR1T v=1 t_us=20908147 field=spi_duration_us value=1241
PR1T v=1 t_us=20908147 field=rx_processing_us value=1243
PR1T v=1 t_us=20908147 field=spi_end_to_rearm_start_us value=240
PR1T v=1 t_us=20908147 field=rx_rearm_us value=417
PR1T v=1 t_us=20908147 field=irq_to_rx_ready_us value=1890
PR1T v=1 t_us=20908147 field=trace_overwrites value=60991
PR1T v=1 t_us=20908147 field=capability_mask value=12
PR1T v=1 t_us=30990363 field=device_state value=2
PR1T v=1 t_us=30990363 field=rssi_dbm value=-42
PR1T v=1 t_us=30990363 field=crc_good value=10152
PR1T v=1 t_us=30990363 field=crc_bad value=8
PR1T v=1 t_us=30990363 field=missing value=16
PR1T v=1 t_us=30990363 field=queue_depth value=0
PR1T v=1 t_us=30990363 field=max_queue_depth value=1
PR1T v=1 t_us=30990363 field=irq_to_spi_us value=9
PR1T v=1 t_us=30990363 field=spi_duration_us value=1245
PR1T v=1 t_us=30990363 field=rx_processing_us value=1246
PR1T v=1 t_us=30990363 field=spi_end_to_rearm_start_us value=240
PR1T v=1 t_us=30990363 field=rx_rearm_us value=416
PR1T v=1 t_us=30990363 field=irq_to_rx_ready_us value=1890
PR1T v=1 t_us=30990363 field=trace_overwrites value=91312
PR1T v=1 t_us=30990363 field=capability_mask value=12
PR1T v=1 t_us=31505106 field=device_state value=2
PR1T v=1 t_us=31505106 field=rssi_dbm value=-42
PR1T v=1 t_us=31505106 field=crc_good value=10323
PR1T v=1 t_us=31505106 field=crc_bad value=8
PR1T v=1 t_us=31505106 field=missing value=17
PR1T v=1 t_us=31505106 field=queue_depth value=0
PR1T v=1 t_us=31505106 field=max_queue_depth value=1
PR1T v=1 t_us=31505106 field=irq_to_spi_us value=12
PR1T v=1 t_us=31505106 field=spi_duration_us value=1244
PR1T v=1 t_us=31505106 field=rx_processing_us value=1246
PR1T v=1 t_us=31505106 field=spi_end_to_rearm_start_us value=240
PR1T v=1 t_us=31505106 field=rx_rearm_us value=414
PR1T v=1 t_us=31505106 field=irq_to_rx_ready_us value=1890
PR1T v=1 t_us=31505106 field=trace_overwrites value=92851
PR1T v=1 t_us=31505106 field=capability_mask value=12
PR1H t_us=31577482 session_id=1 map_version=1 locked=1 channel=8 logical=10612 retunes=10364 retune_failures=0 standby_failures=0 timeout_advances=9 resync_entries=0 locks=1 agree=10344 disagree=2 period_est_us=2992 max_consecutive_timeouts=1 retune_us_p99=71 retune_us_max=73 hop_compute_us_p99=45 hop_compute_us_max=53
PR1HC ok=258,259,258,259,258,258,258,257,258,260,259,259,260,259,260,260,259,257,258,259,259,258,260,257,260,257,258,259,258,259,258,259,257,259,260,259,260,259,258,259 crc=0,0,1,0,0,0,1,0,0,0,0,0,0,0,0,0,0,1,0,1,0,0,0,1,0,0,0,0,1,0,0,0,2,0,0,0,0,0,0,0
PR1HE_BEGIN total=10828 count=256
PR1HE t_us=32199510 kind=2 logical=10820 seq=10820 ch=23 rssi=-42
PR1HE t_us=32202504 kind=2 logical=10821 seq=10821 ch=18 rssi=-41
PR1HE t_us=32205493 kind=2 logical=10822 seq=10822 ch=28 rssi=-41
PR1HE t_us=32208476 kind=2 logical=10823 seq=10823 ch=12 rssi=-42
PR1HE t_us=32211458 kind=2 logical=10824 seq=10824 ch=11 rssi=-43
PR1HE t_us=32214445 kind=2 logical=10825 seq=10825 ch=2 rssi=-42
PR1HE t_us=32217432 kind=2 logical=10826 seq=10826 ch=0 rssi=-43
PR1HE t_us=32220417 kind=2 logical=10827 seq=10827 ch=14 rssi=-41
PR1HE t_us=32223402 kind=2 logical=10828 seq=10828 ch=16 rssi=-42
PR1HE t_us=32226388 kind=2 logical=10829 seq=10829 ch=33 rssi=-42
PR1HE t_us=32229375 kind=2 logical=10830 seq=10830 ch=36 rssi=-42
PR1HE t_us=32232359 kind=2 logical=10831 seq=10831 ch=9 rssi=-43
PR1HE t_us=32235347 kind=2 logical=10832 seq=10832 ch=1 rssi=-42
PR1HE t_us=32238341 kind=2 logical=10833 seq=10833 ch=20 rssi=-42
PR1HE t_us=32241335 kind=2 logical=10834 seq=10834 ch=13 rssi=-42
PR1HE t_us=32244328 kind=2 logical=10835 seq=10835 ch=37 rssi=-42
PR1HE t_us=32247323 kind=2 logical=10836 seq=10836 ch=26 rssi=-42
PR1HE t_us=32250316 kind=2 logical=10837 seq=10837 ch=3 rssi=-42
PR1HE t_us=32253313 kind=2 logical=10838 seq=10838 ch=17 rssi=-42
PR1HE t_us=32256306 kind=2 logical=10839 seq=10839 ch=29 rssi=-40
PR1HE t_us=32259299 kind=2 logical=10840 seq=10840 ch=26 rssi=-42
PR1HE t_us=32262288 kind=2 logical=10841 seq=10841 ch=3 rssi=-41
PR1HE t_us=32265282 kind=2 logical=10842 seq=10842 ch=32 rssi=-42
PR1HE t_us=32268649 kind=5 logical=10843 seq=1 ch=24 rssi=0
PR1HE t_us=32271641 kind=5 logical=10844 seq=1 ch=36 rssi=0
PR1HE t_us=32274632 kind=5 logical=10845 seq=1 ch=2 rssi=0
PR1HE t_us=32277625 kind=5 logical=10846 seq=1 ch=0 rssi=0
PR1HE t_us=32280616 kind=5 logical=10847 seq=1 ch=8 rssi=0
PR1HE t_us=32283608 kind=5 logical=10848 seq=1 ch=21 rssi=0
PR1HE t_us=32286600 kind=5 logical=10849 seq=1 ch=16 rssi=0
PR1HE t_us=32289592 kind=5 logical=10850 seq=1 ch=28 rssi=0
PR1HE t_us=32292584 kind=6 logical=10852 seq=0 ch=36 rssi=0
PR1HE t_us=32296926 kind=7 logical=10852 seq=10852 ch=36 rssi=-41
PR1HE t_us=32296926 kind=2 logical=10852 seq=10852 ch=36 rssi=-41
PR1HE t_us=32299913 kind=2 logical=10853 seq=10853 ch=10 rssi=-41
PR1HE t_us=32302911 kind=2 logical=10854 seq=10854 ch=29 rssi=-41
PR1HE t_us=32305903 kind=2 logical=10855 seq=10855 ch=33 rssi=-42
PR1HE t_us=32308898 kind=2 logical=10856 seq=10856 ch=30 rssi=-42
PR1HE t_us=32311892 kind=2 logical=10857 seq=10857 ch=7 rssi=-42
PR1HE t_us=32314881 kind=2 logical=10858 seq=10858 ch=15 rssi=-43
PR1HE t_us=32317864 kind=2 logical=10859 seq=10859 ch=14 rssi=-43
PR1HE t_us=32320850 kind=2 logical=10860 seq=10860 ch=1 rssi=-42
PR1HE t_us=32323835 kind=2 logical=10861 seq=10861 ch=17 rssi=-42
PR1HE t_us=32326819 kind=2 logical=10862 seq=10862 ch=25 rssi=-41
PR1HE t_us=32329800 kind=2 logical=10863 seq=10863 ch=12 rssi=-41
PR1HE t_us=32332787 kind=2 logical=10864 seq=10864 ch=22 rssi=-42
PR1HE t_us=32335778 kind=2 logical=10865 seq=10865 ch=38 rssi=-42
PR1HE t_us=32338759 kind=2 logical=10866 seq=10866 ch=13 rssi=-41
PR1HE t_us=32341747 kind=2 logical=10867 seq=10867 ch=6 rssi=-41
PR1HE t_us=32344734 kind=2 logical=10868 seq=10868 ch=34 rssi=-41
PR1HE t_us=32347723 kind=2 logical=10869 seq=10869 ch=9 rssi=-41
PR1HE t_us=32350706 kind=2 logical=10870 seq=10870 ch=31 rssi=-42
PR1HE t_us=32353694 kind=2 logical=10871 seq=10871 ch=5 rssi=-41
PR1HE t_us=32356677 kind=2 logical=10872 seq=10872 ch=23 rssi=-43
PR1HE t_us=32359664 kind=2 logical=10873 seq=10873 ch=11 rssi=-42
PR1HE t_us=32362647 kind=2 logical=10874 seq=10874 ch=39 rssi=-42
PR1HE t_us=32365635 kind=2 logical=10875 seq=10875 ch=35 rssi=-42
PR1HE t_us=32368630 kind=2 logical=10876 seq=10876 ch=19 rssi=-41
PR1HE t_us=32371623 kind=2 logical=10877 seq=10877 ch=4 rssi=-41
PR1HE t_us=32374612 kind=2 logical=10878 seq=10878 ch=20 rssi=-42
PR1HE t_us=32377600 kind=2 logical=10879 seq=10879 ch=18 rssi=-42
PR1HE t_us=32380594 kind=2 logical=10880 seq=10880 ch=4 rssi=-42
PR1HE t_us=32383589 kind=2 logical=10881 seq=10881 ch=12 rssi=-42
PR1HE t_us=32386578 kind=2 logical=10882 seq=10882 ch=37 rssi=-41
PR1HE t_us=32389572 kind=2 logical=10883 seq=10883 ch=25 rssi=-42
PR1HE t_us=32392559 kind=2 logical=10884 seq=10884 ch=31 rssi=-42
PR1HE t_us=32395550 kind=2 logical=10885 seq=10885 ch=27 rssi=-41
PR1HE t_us=32398543 kind=2 logical=10886 seq=10886 ch=29 rssi=-41
PR1HE t_us=32401536 kind=2 logical=10887 seq=10887 ch=3 rssi=-42
PR1HE t_us=32404525 kind=2 logical=10888 seq=10888 ch=7 rssi=-42
PR1HE t_us=32407512 kind=2 logical=10889 seq=10889 ch=34 rssi=-42
PR1HE t_us=32410507 kind=2 logical=10890 seq=10890 ch=30 rssi=-42
PR1HE t_us=32413495 kind=2 logical=10891 seq=10891 ch=2 rssi=-42
PR1HE t_us=32416478 kind=2 logical=10892 seq=10892 ch=9 rssi=-42
PR1HE t_us=32419460 kind=2 logical=10893 seq=10893 ch=24 rssi=-42
PR1HE t_us=32422448 kind=2 logical=10894 seq=10894 ch=5 rssi=-42
PR1HE t_us=32425434 kind=2 logical=10895 seq=10895 ch=14 rssi=-42
PR1HE t_us=32428418 kind=2 logical=10896 seq=10896 ch=28 rssi=-42
PR1HE t_us=32431403 kind=2 logical=10897 seq=10897 ch=6 rssi=-42
PR1HE t_us=32434390 kind=2 logical=10898 seq=10898 ch=38 rssi=-41
PR1HE t_us=32437377 kind=2 logical=10899 seq=10899 ch=26 rssi=-42
PR1HE t_us=32440361 kind=2 logical=10900 seq=10900 ch=19 rssi=-42
PR1HE t_us=32443349 kind=2 logical=10901 seq=10901 ch=8 rssi=-42
PR1HE t_us=32446343 kind=2 logical=10902 seq=10902 ch=32 rssi=-42
PR1HE t_us=32449337 kind=2 logical=10903 seq=10903 ch=0 rssi=-42
PR1HE t_us=32452331 kind=2 logical=10904 seq=10904 ch=13 rssi=-42
PR1HE t_us=32455325 kind=2 logical=10905 seq=10905 ch=15 rssi=-42
PR1HE t_us=32458318 kind=2 logical=10906 seq=10906 ch=36 rssi=-42
PR1HE t_us=32461315 kind=2 logical=10907 seq=10907 ch=23 rssi=-40
PR1HE t_us=32464309 kind=2 logical=10908 seq=10908 ch=18 rssi=-42
PR1HE t_us=32467302 kind=2 logical=10909 seq=10909 ch=11 rssi=-41
PR1HE t_us=32470290 kind=2 logical=10910 seq=10910 ch=20 rssi=-41
PR1HE t_us=32473279 kind=2 logical=10911 seq=10911 ch=10 rssi=-42
PR1HE t_us=32476266 kind=2 logical=10912 seq=10912 ch=21 rssi=-42
PR1HE t_us=32479249 kind=2 logical=10913 seq=10913 ch=16 rssi=-42
PR1HE t_us=32482238 kind=2 logical=10914 seq=10914 ch=22 rssi=-42
PR1HE t_us=32485232 kind=2 logical=10915 seq=10915 ch=33 rssi=-42
PR1HE t_us=32488232 kind=2 logical=10916 seq=10916 ch=17 rssi=-42
PR1HE t_us=32491226 kind=2 logical=10917 seq=10917 ch=39 rssi=-42
PR1HE t_us=32494216 kind=2 logical=10918 seq=10918 ch=35 rssi=-42
PR1HE t_us=32497207 kind=2 logical=10919 seq=10919 ch=1 rssi=-42
PR1HE t_us=32500196 kind=2 logical=10920 seq=10920 ch=9 rssi=-42
PR1HE t_us=32503185 kind=2 logical=10921 seq=10921 ch=17 rssi=-42
PR1HE t_us=32506180 kind=2 logical=10922 seq=10922 ch=37 rssi=-42
PR1HE t_us=32509173 kind=2 logical=10923 seq=10923 ch=25 rssi=-41
PR1HE t_us=32512161 kind=2 logical=10924 seq=10924 ch=21 rssi=-41
PR1HE t_us=32515155 kind=2 logical=10925 seq=10925 ch=13 rssi=-41
PR1HE t_us=32518151 kind=2 logical=10926 seq=10926 ch=8 rssi=-41
PR1HE t_us=32521143 kind=2 logical=10927 seq=10927 ch=32 rssi=-41
PR1HE t_us=32524133 kind=2 logical=10928 seq=10928 ch=11 rssi=-41
PR1HE t_us=32527114 kind=2 logical=10929 seq=10929 ch=3 rssi=-42
PR1HE t_us=32530109 kind=2 logical=10930 seq=10930 ch=2 rssi=-42
PR1HE t_us=32533096 kind=2 logical=10931 seq=10931 ch=4 rssi=-42
PR1HE t_us=32536092 kind=2 logical=10932 seq=10932 ch=1 rssi=-42
PR1HE t_us=32539080 kind=2 logical=10933 seq=10933 ch=20 rssi=-41
PR1HE t_us=32542070 kind=2 logical=10934 seq=10934 ch=39 rssi=-42
PR1HE t_us=32545066 kind=2 logical=10935 seq=10935 ch=23 rssi=-43
PR1HE t_us=32548061 kind=2 logical=10936 seq=10936 ch=5 rssi=-43
PR1HE t_us=32551056 kind=2 logical=10937 seq=10937 ch=29 rssi=-42
PR1HE t_us=32554047 kind=2 logical=10938 seq=10938 ch=27 rssi=-42
PR1HE t_us=32557042 kind=2 logical=10939 seq=10939 ch=10 rssi=-42
PR1HE t_us=32560031 kind=2 logical=10940 seq=10940 ch=18 rssi=-42
PR1HE t_us=32563019 kind=2 logical=10941 seq=10941 ch=22 rssi=-43
PR1HE t_us=32566012 kind=2 logical=10942 seq=10942 ch=24 rssi=-41
PR1HE t_us=32569007 kind=2 logical=10943 seq=10943 ch=28 rssi=-41
PR1HE t_us=32572001 kind=2 logical=10944 seq=10944 ch=38 rssi=-42
PR1HE t_us=32574987 kind=2 logical=10945 seq=10945 ch=36 rssi=-42
PR1HE t_us=32577977 kind=2 logical=10946 seq=10946 ch=19 rssi=-41
PR1HE t_us=32580970 kind=2 logical=10947 seq=10947 ch=0 rssi=-42
PR1HE t_us=32583958 kind=2 logical=10948 seq=10948 ch=26 rssi=-42
PR1HE t_us=32586946 kind=2 logical=10949 seq=10949 ch=6 rssi=-42
PR1HE t_us=32589929 kind=2 logical=10950 seq=10950 ch=35 rssi=-43
PR1HE t_us=32592916 kind=2 logical=10951 seq=10951 ch=33 rssi=-41
PR1HE t_us=32595915 kind=2 logical=10952 seq=10952 ch=15 rssi=-42
PR1HE t_us=32598905 kind=2 logical=10953 seq=10953 ch=34 rssi=-42
PR1HE t_us=32601901 kind=2 logical=10954 seq=10954 ch=12 rssi=-42
PR1HE t_us=32604895 kind=2 logical=10955 seq=10955 ch=7 rssi=-42
PR1HE t_us=32607884 kind=2 logical=10956 seq=10956 ch=16 rssi=-42
PR1HE t_us=32610867 kind=2 logical=10957 seq=10957 ch=30 rssi=-42
PR1HE t_us=32613853 kind=2 logical=10958 seq=10958 ch=14 rssi=-41
PR1HE t_us=32616839 kind=2 logical=10959 seq=10959 ch=31 rssi=-42
PR1HE t_us=32619822 kind=2 logical=10960 seq=10960 ch=8 rssi=-43
PR1HE t_us=32622803 kind=2 logical=10961 seq=10961 ch=4 rssi=-42
PR1HE t_us=32625791 kind=2 logical=10962 seq=10962 ch=22 rssi=-41
PR1HE t_us=32628782 kind=2 logical=10963 seq=10963 ch=30 rssi=-42
PR1HE t_us=32631762 kind=2 logical=10964 seq=10964 ch=7 rssi=-42
PR1HE t_us=32634750 kind=2 logical=10965 seq=10965 ch=10 rssi=-43
PR1HE t_us=32637738 kind=2 logical=10966 seq=10966 ch=32 rssi=-42
PR1HE t_us=32640726 kind=2 logical=10967 seq=10967 ch=19 rssi=-42
PR1HE t_us=32643709 kind=2 logical=10968 seq=10968 ch=2 rssi=-42
PR1HE t_us=32646696 kind=2 logical=10969 seq=10969 ch=28 rssi=-42
PR1HE t_us=32649680 kind=2 logical=10970 seq=10970 ch=39 rssi=-42
PR1HE t_us=32652667 kind=2 logical=10971 seq=10971 ch=27 rssi=-41
PR1HE t_us=32655650 kind=2 logical=10972 seq=10972 ch=0 rssi=-42
PR1HE t_us=32658639 kind=2 logical=10973 seq=10973 ch=35 rssi=-42
PR1HE t_us=32661633 kind=2 logical=10974 seq=10974 ch=14 rssi=-42
PR1HE t_us=32664626 kind=2 logical=10975 seq=10975 ch=21 rssi=-41
PR1HE t_us=32667614 kind=2 logical=10976 seq=10976 ch=11 rssi=-43
PR1HE t_us=32670603 kind=2 logical=10977 seq=10977 ch=1 rssi=-41
PR1HE t_us=32673597 kind=2 logical=10978 seq=10978 ch=31 rssi=-42
PR1HE t_us=32676592 kind=2 logical=10979 seq=10979 ch=25 rssi=-42
PR1HE t_us=32679581 kind=2 logical=10980 seq=10980 ch=12 rssi=-42
PR1HE t_us=32682574 kind=2 logical=10981 seq=10981 ch=36 rssi=-42
PR1HE t_us=32685562 kind=2 logical=10982 seq=10982 ch=18 rssi=-42
PR1HE t_us=32688553 kind=2 logical=10983 seq=10983 ch=38 rssi=-41
PR1HE t_us=32691546 kind=2 logical=10984 seq=10984 ch=24 rssi=-42
PR1HE t_us=32694538 kind=2 logical=10985 seq=10985 ch=6 rssi=-42
PR1HE t_us=32697528 kind=2 logical=10986 seq=10986 ch=29 rssi=-42
PR1HE t_us=32700515 kind=2 logical=10987 seq=10987 ch=34 rssi=-41
PR1HE t_us=32703509 kind=2 logical=10988 seq=10988 ch=23 rssi=-42
PR1HE t_us=32706498 kind=2 logical=10989 seq=10989 ch=33 rssi=-43
PR1HE t_us=32709481 kind=2 logical=10990 seq=10990 ch=5 rssi=-41
PR1HE t_us=32712463 kind=2 logical=10991 seq=10991 ch=13 rssi=-42
PR1HE t_us=32715450 kind=2 logical=10992 seq=10992 ch=9 rssi=-42
PR1HE t_us=32718437 kind=2 logical=10993 seq=10993 ch=26 rssi=-42
PR1HE t_us=32721422 kind=2 logical=10994 seq=10994 ch=3 rssi=-42
PR1HE t_us=32724407 kind=2 logical=10995 seq=10995 ch=37 rssi=-43
PR1HE t_us=32727393 kind=2 logical=10996 seq=10996 ch=20 rssi=-42
PR1HE t_us=32730380 kind=2 logical=10997 seq=10997 ch=17 rssi=-42
PR1HE t_us=32733364 kind=2 logical=10998 seq=10998 ch=15 rssi=-42
PR1HE t_us=32736352 kind=2 logical=10999 seq=10999 ch=16 rssi=-42
PR1HE t_us=32739346 kind=2 logical=11000 seq=11000 ch=30 rssi=-42
PR1HE t_us=32742339 kind=2 logical=11001 seq=11001 ch=7 rssi=-42
PR1HE t_us=32745334 kind=2 logical=11002 seq=11002 ch=20 rssi=-42
PR1HE t_us=32748328 kind=2 logical=11003 seq=11003 ch=35 rssi=-42
PR1HE t_us=32751323 kind=2 logical=11004 seq=11004 ch=3 rssi=-41
PR1HE t_us=32754318 kind=2 logical=11005 seq=11005 ch=39 rssi=-42
PR1HE t_us=32757311 kind=2 logical=11006 seq=11006 ch=33 rssi=-42
PR1HE t_us=32760305 kind=2 logical=11007 seq=11007 ch=18 rssi=-42
PR1HE t_us=32763293 kind=2 logical=11008 seq=11008 ch=27 rssi=-42
PR1HE t_us=32766282 kind=2 logical=11009 seq=11009 ch=22 rssi=-42
PR1HE t_us=32769269 kind=2 logical=11010 seq=11010 ch=17 rssi=-43
PR1HE t_us=32772251 kind=2 logical=11011 seq=11011 ch=38 rssi=-42
PR1HE t_us=32775241 kind=2 logical=11012 seq=11012 ch=9 rssi=-42
PR1HE t_us=32778229 kind=2 logical=11013 seq=11013 ch=23 rssi=-42
PR1HE t_us=32781218 kind=2 logical=11014 seq=11014 ch=31 rssi=-42
PR1HE t_us=32784212 kind=2 logical=11015 seq=11015 ch=0 rssi=-42
PR1HE t_us=32787199 kind=2 logical=11016 seq=11016 ch=21 rssi=-42
PR1HE t_us=32790188 kind=2 logical=11017 seq=11017 ch=5 rssi=-42
PR1HE t_us=32793183 kind=2 logical=11018 seq=11018 ch=1 rssi=-42
PR1HE t_us=32796176 kind=2 logical=11019 seq=11019 ch=36 rssi=-42
PR1HE t_us=32799164 kind=2 logical=11020 seq=11020 ch=25 rssi=-42
PR1HE t_us=32802158 kind=2 logical=11021 seq=11021 ch=2 rssi=-42
PR1HE t_us=32805153 kind=2 logical=11022 seq=11022 ch=14 rssi=-42
PR1HE t_us=32808147 kind=2 logical=11023 seq=11023 ch=37 rssi=-42
PR1HE t_us=32811136 kind=2 logical=11024 seq=11024 ch=28 rssi=-42
PR1HE t_us=32814117 kind=2 logical=11025 seq=11025 ch=32 rssi=-41
PR1HE t_us=32817112 kind=2 logical=11026 seq=11026 ch=34 rssi=-42
PR1HE t_us=32820099 kind=2 logical=11027 seq=11027 ch=4 rssi=-42
PR1HE t_us=32823095 kind=2 logical=11028 seq=11028 ch=19 rssi=-42
PR1HE t_us=32826082 kind=2 logical=11029 seq=11029 ch=15 rssi=-43
PR1HE t_us=32829073 kind=2 logical=11030 seq=11030 ch=24 rssi=-41
PR1HE t_us=32832070 kind=2 logical=11031 seq=11031 ch=11 rssi=-42
PR1HE t_us=32835064 kind=2 logical=11032 seq=11032 ch=10 rssi=-41
PR1HE t_us=32838059 kind=2 logical=11033 seq=11033 ch=12 rssi=-41
PR1HE t_us=32841049 kind=2 logical=11034 seq=11034 ch=26 rssi=-41
PR1HE t_us=32844044 kind=2 logical=11035 seq=11035 ch=8 rssi=-41
PR1HE t_us=32847034 kind=2 logical=11036 seq=11036 ch=6 rssi=-42
PR1HE t_us=32850023 kind=2 logical=11037 seq=11037 ch=16 rssi=-42
PR1HE t_us=32853016 kind=2 logical=11038 seq=11038 ch=29 rssi=-42
PR1HE t_us=32856010 kind=2 logical=11039 seq=11039 ch=13 rssi=-42
PR1HE t_us=32859004 kind=2 logical=11040 seq=11040 ch=26 rssi=-42
PR1HE t_us=32861991 kind=2 logical=11041 seq=11041 ch=1 rssi=-42
PR1HE t_us=32864980 kind=2 logical=11042 seq=11042 ch=39 rssi=-42
PR1HE t_us=32867974 kind=2 logical=11043 seq=11043 ch=30 rssi=-42
PR1HE t_us=32870961 kind=2 logical=11044 seq=11044 ch=6 rssi=-41
PR1HE t_us=32873949 kind=2 logical=11045 seq=11045 ch=2 rssi=-42
PR1HE t_us=32876932 kind=2 logical=11046 seq=11046 ch=27 rssi=-42
PR1HE t_us=32879919 kind=2 logical=11047 seq=11047 ch=33 rssi=-42
PR1HE t_us=32882917 kind=2 logical=11048 seq=11048 ch=17 rssi=-42
PR1HE t_us=32885909 kind=2 logical=11049 seq=11049 ch=21 rssi=-42
PR1HE t_us=32888904 kind=2 logical=11050 seq=11050 ch=11 rssi=-42
PR1HE t_us=32891897 kind=2 logical=11051 seq=11051 ch=34 rssi=-42
PR1HE t_us=32894887 kind=2 logical=11052 seq=11052 ch=23 rssi=-42
PR1HE t_us=32897870 kind=2 logical=11053 seq=11053 ch=35 rssi=-42
PR1HE t_us=32900856 kind=2 logical=11054 seq=11054 ch=36 rssi=-42
PR1HE t_us=32903841 kind=2 logical=11055 seq=11055 ch=15 rssi=-42
PR1HE t_us=32906825 kind=2 logical=11056 seq=11056 ch=9 rssi=-42
PR1HE t_us=32909804 kind=2 logical=11057 seq=11057 ch=28 rssi=-42
PR1HE t_us=32912794 kind=2 logical=11058 seq=11058 ch=5 rssi=-42
PR1HE t_us=32915783 kind=2 logical=11059 seq=11059 ch=10 rssi=-42
PR1HE t_us=32918770 kind=2 logical=11060 seq=11060 ch=20 rssi=-43
PR1HE t_us=32921753 kind=2 logical=11061 seq=11061 ch=0 rssi=-41
PR1HE t_us=32924741 kind=2 logical=11062 seq=11062 ch=7 rssi=-43
PR1HE t_us=32927729 kind=2 logical=11063 seq=11063 ch=32 rssi=-42
PR1HE t_us=32930712 kind=2 logical=11064 seq=11064 ch=22 rssi=-43
PR1HE t_us=32933699 kind=2 logical=11065 seq=11065 ch=37 rssi=-42
PR1HE t_us=32936683 kind=2 logical=11066 seq=11066 ch=8 rssi=-42
PR1HE t_us=32939670 kind=2 logical=11067 seq=11067 ch=18 rssi=-42
PR1HE t_us=32942654 kind=2 logical=11068 seq=11068 ch=14 rssi=-42
PR1HE t_us=32945641 kind=2 logical=11069 seq=11069 ch=16 rssi=-42
PR1HE t_us=32948636 kind=2 logical=11070 seq=11070 ch=25 rssi=-42
PR1HE t_us=32951629 kind=2 logical=11071 seq=11071 ch=31 rssi=-43
PR1HE t_us=32954618 kind=2 logical=11072 seq=11072 ch=4 rssi=-42
PR1HE t_us=32957606 kind=2 logical=11073 seq=11073 ch=38 rssi=-43
PR1HE t_us=32960600 kind=2 logical=11074 seq=11074 ch=29 rssi=-42
PR1HA_BEGIN total=31 kept=31
PR1HA t_us=589105 kind=7 logical=248 seq=248 ch=20 rssi=-42
PR1HA t_us=1707771 kind=5 logical=622 seq=1 ch=18 rssi=0
PR1HA t_us=2980303 kind=3 logical=1048 seq=0 ch=2 rssi=0
PR1HA t_us=4008840 kind=3 logical=1392 seq=0 ch=28 rssi=0
PR1HA t_us=10506614 kind=3 logical=3565 seq=0 ch=17 rssi=0
PR1HA t_us=11645232 kind=3 logical=3946 seq=0 ch=32 rssi=0
PR1HA t_us=11684029 kind=3 logical=3959 seq=0 ch=23 rssi=0
PR1HA t_us=17447092 kind=5 logical=5886 seq=1 ch=5 rssi=0
PR1HA t_us=17598295 kind=3 logical=5937 seq=0 ch=19 rssi=0
PR1HA t_us=17767013 kind=5 logical=5993 seq=1 ch=26 rssi=0
PR1HA t_us=19982534 kind=5 logical=6734 seq=1 ch=13 rssi=0
PR1HA t_us=20912400 kind=5 logical=7045 seq=1 ch=8 rssi=0
PR1HA t_us=21709546 kind=3 logical=7312 seq=0 ch=6 rssi=0
PR1HA t_us=22030585 kind=5 logical=7419 seq=1 ch=25 rssi=0
PR1HA t_us=30542208 kind=3 logical=10266 seq=0 ch=32 rssi=0
PR1HA t_us=30860129 kind=5 logical=10372 seq=1 ch=28 rssi=0
PR1HA t_us=30994642 kind=5 logical=10417 seq=1 ch=7 rssi=0
PR1HA t_us=31509548 kind=5 logical=10589 seq=1 ch=17 rssi=0
PR1HA t_us=31581332 kind=5 logical=10613 seq=1 ch=6 rssi=0
PR1HA t_us=31826137 kind=5 logical=10695 seq=1 ch=2 rssi=0
PR1HA t_us=32065379 kind=5 logical=10775 seq=1 ch=26 rssi=0
PR1HA t_us=32268649 kind=5 logical=10843 seq=1 ch=24 rssi=0
PR1HA t_us=32271641 kind=5 logical=10844 seq=1 ch=36 rssi=0
PR1HA t_us=32274632 kind=5 logical=10845 seq=1 ch=2 rssi=0
PR1HA t_us=32277625 kind=5 logical=10846 seq=1 ch=0 rssi=0
PR1HA t_us=32280616 kind=5 logical=10847 seq=1 ch=8 rssi=0
PR1HA t_us=32283608 kind=5 logical=10848 seq=1 ch=21 rssi=0
PR1HA t_us=32286600 kind=5 logical=10849 seq=1 ch=16 rssi=0
PR1HA t_us=32289592 kind=5 logical=10850 seq=1 ch=28 rssi=0
PR1HA t_us=32292584 kind=6 logical=10852 seq=0 ch=36 rssi=0
PR1HA t_us=32296926 kind=7 logical=10852 seq=10852 ch=36 rssi=-41
PR1HE_END
