ESP-ROM:esp32s3-20210327
Build:Mar 27 2021
rst:0x15 (USB_UART_CHIP_RESET),boot:0x38 (SPI_FAST_FLASH_BOOT)
Saved PC:0x420271be
SPIWP:0xee
mode:DIO, clock div:1
load:0x3fce3808,len:0x44c
load:0x403c9700,len:0xbd8
load:0x403cc700,len:0x2a80
entry 0x403c98d0
PR1_RUNTIME_BOOT
runtime_profile=phase1-fixed-flrc-rx
runtime_role=rx
board_family=LILYGO T3-S3-MVSRBoard
board_reference_revision=V1.1 upstream reference
radio_target=SX1280
upstream_reference_commit=840a2e788b3192c4e9bddf0640c1ecaf703c2598
hardware_verified=0
protocol_version=1
protocol_header_bytes=16
rf_enabled=1
sx1280_spi_hz=2000000
sx1280_cs=7
sx1280_rst=8
sx1280_sclk=5
sx1280_mosi=6
sx1280_miso=3
sx1280_dio1=9
sx1280_busy=36
sx1280_tx_enable=10
sx1280_rx_enable=21
PR1_FIXED_FLRC_PROFILE
frequency_mhz=2404.000
bitrate_kbps=1300
coding_rate=3
output_dbm=0
tx_gap_us=5000
packet_bytes=116
adaptive_layers=off
PR1_RUNTIME_LIVE_READY
PR1T v=1 t_us=19135718 field=device_state value=2
PR1T v=1 t_us=19135718 field=crc_good value=0
PR1T v=1 t_us=19135718 field=crc_bad value=2
PR1T v=1 t_us=19135718 field=queue_depth value=0
PR1T v=1 t_us=19135718 field=max_queue_depth value=1
PR1T v=1 t_us=19135718 field=irq_to_spi_us value=12
PR1T v=1 t_us=19135718 field=spi_duration_us value=1104
PR1T v=1 t_us=19135718 field=spi_end_to_rearm_start_us value=4
PR1T v=1 t_us=19135718 field=rx_rearm_us value=411
PR1T v=1 t_us=19135718 field=irq_to_rx_ready_us value=1531
PR1T v=1 t_us=19135718 field=trace_overwrites value=0
PR1T v=1 t_us=19135718 field=capability_mask value=12
PR1T v=1 t_us=19895537 field=device_state value=2
PR1T v=1 t_us=19895537 field=crc_good value=0
PR1T v=1 t_us=19895537 field=crc_bad value=2
PR1T v=1 t_us=19895537 field=queue_depth value=0
PR1T v=1 t_us=19895537 field=max_queue_depth value=1
PR1T v=1 t_us=19895537 field=irq_to_spi_us value=12
PR1T v=1 t_us=19895537 field=spi_duration_us value=1104
PR1T v=1 t_us=19895537 field=spi_end_to_rearm_start_us value=4
PR1T v=1 t_us=19895537 field=rx_rearm_us value=411
PR1T v=1 t_us=19895537 field=irq_to_rx_ready_us value=1531
PR1T v=1 t_us=19895537 field=trace_overwrites value=0
PR1T v=1 t_us=19895537 field=capability_mask value=12
PR1T v=1 t_us=20656609 field=device_state value=2
PR1T v=1 t_us=20656609 field=crc_good value=0
PR1T v=1 t_us=20656609 field=crc_bad value=2
PR1T v=1 t_us=20656609 field=queue_depth value=0
PR1T v=1 t_us=20656609 field=max_queue_depth value=1
PR1T v=1 t_us=20656609 field=irq_to_spi_us value=12
PR1T v=1 t_us=20656609 field=spi_duration_us value=1104
PR1T v=1 t_us=20656609 field=spi_end_to_rearm_start_us value=4
PR1T v=1 t_us=20656609 field=rx_rearm_us value=411
PR1T v=1 t_us=20656609 field=irq_to_rx_ready_us value=1531
PR1T v=1 t_us=20656609 field=trace_overwrites value=0
PR1T v=1 t_us=20656609 field=capability_mask value=12
PR1T v=1 t_us=21415632 field=device_state value=2
PR1T v=1 t_us=21415632 field=crc_good value=0
PR1T v=1 t_us=21415632 field=crc_bad value=3
PR1T v=1 t_us=21415632 field=queue_depth value=0
PR1T v=1 t_us=21415632 field=max_queue_depth value=1
PR1T v=1 t_us=21415632 field=irq_to_spi_us value=12
PR1T v=1 t_us=21415632 field=spi_duration_us value=1104
PR1T v=1 t_us=21415632 field=spi_end_to_rearm_start_us value=4
PR1T v=1 t_us=21415632 field=rx_rearm_us value=420
PR1T v=1 t_us=21415632 field=irq_to_rx_ready_us value=1531
PR1T v=1 t_us=21415632 field=trace_overwrites value=0
PR1T v=1 t_us=21415632 field=capability_mask value=12
PR1T v=1 t_us=22176180 field=device_state value=2
PR1T v=1 t_us=22176180 field=crc_good value=0
PR1T v=1 t_us=22176180 field=crc_bad value=3
PR1T v=1 t_us=22176180 field=queue_depth value=0
PR1T v=1 t_us=22176180 field=max_queue_depth value=1
PR1T v=1 t_us=22176180 field=irq_to_spi_us value=12
PR1T v=1 t_us=22176180 field=spi_duration_us value=1104
PR1T v=1 t_us=22176180 field=spi_end_to_rearm_start_us value=4
PR1T v=1 t_us=22176180 field=rx_rearm_us value=420
PR1T v=1 t_us=22176180 field=irq_to_rx_ready_us value=1531
PR1T v=1 t_us=22176180 field=trace_overwrites value=0
PR1T v=1 t_us=22176180 field=capability_mask value=12
PR1T v=1 t_us=22935201 field=device_state value=2
PR1T v=1 t_us=22935201 field=crc_good value=0
PR1T v=1 t_us=22935201 field=crc_bad value=3
PR1T v=1 t_us=22935201 field=queue_depth value=0
PR1T v=1 t_us=22935201 field=max_queue_depth value=1
PR1T v=1 t_us=22935201 field=irq_to_spi_us value=12
PR1T v=1 t_us=22935201 field=spi_duration_us value=1104
PR1T v=1 t_us=22935201 field=spi_end_to_rearm_start_us value=4
PR1T v=1 t_us=22935201 field=rx_rearm_us value=420
PR1T v=1 t_us=22935201 field=irq_to_rx_ready_us value=1531
PR1T v=1 t_us=22935201 field=trace_overwrites value=0
PR1T v=1 t_us=22935201 field=capability_mask value=12
PR1T v=1 t_us=23695220 field=device_state value=2
PR1T v=1 t_us=23695220 field=crc_good value=0
PR1T v=1 t_us=23695220 field=crc_bad value=3
PR1T v=1 t_us=23695220 field=queue_depth value=0
PR1T v=1 t_us=23695220 field=max_queue_depth value=1
PR1T v=1 t_us=23695220 field=irq_to_spi_us value=12
PR1T v=1 t_us=23695220 field=spi_duration_us value=1104
PR1T v=1 t_us=23695220 field=spi_end_to_rearm_start_us value=4
PR1T v=1 t_us=23695220 field=rx_rearm_us value=420
PR1T v=1 t_us=23695220 field=irq_to_rx_ready_us value=1531
PR1T v=1 t_us=23695220 field=trace_overwrites value=0
PR1T v=1 t_us=23695220 field=capability_mask value=12
PR1T v=1 t_us=24452661 field=device_state value=2
PR1T v=1 t_us=24452661 field=crc_good value=0
PR1T v=1 t_us=24452661 field=crc_bad value=3
PR1T v=1 t_us=24452661 field=queue_depth value=0
PR1T v=1 t_us=24452661 field=max_queue_depth value=1
PR1T v=1 t_us=24452661 field=irq_to_spi_us value=12
PR1T v=1 t_us=24452661 field=spi_duration_us value=1104
PR1T v=1 t_us=24452661 field=spi_end_to_rearm_start_us value=4
PR1T v=1 t_us=24452661 field=rx_rearm_us value=420
PR1T v=1 t_us=24452661 field=irq_to_rx_ready_us value=1531
PR1T v=1 t_us=24452661 field=trace_overwrites value=0
PR1T v=1 t_us=24452661 field=capability_mask value=12
PR1T v=1 t_us=25212260 field=device_state value=2
PR1T v=1 t_us=25212260 field=crc_good value=0
PR1T v=1 t_us=25212260 field=crc_bad value=3
PR1T v=1 t_us=25212260 field=queue_depth value=0
PR1T v=1 t_us=25212260 field=max_queue_depth value=1
PR1T v=1 t_us=25212260 field=irq_to_spi_us value=12
PR1T v=1 t_us=25212260 field=spi_duration_us value=1104
PR1T v=1 t_us=25212260 field=spi_end_to_rearm_start_us value=4
PR1T v=1 t_us=25212260 field=rx_rearm_us value=420
PR1T v=1 t_us=25212260 field=irq_to_rx_ready_us value=1531
PR1T v=1 t_us=25212260 field=trace_overwrites value=0
PR1T v=1 t_us=25212260 field=capability_mask value=12
PR1T v=1 t_us=25970751 field=device_state value=2
PR1T v=1 t_us=25970751 field=crc_good value=0
PR1T v=1 t_us=25970751 field=crc_bad value=3
PR1T v=1 t_us=25970751 field=queue_depth value=0
PR1T v=1 t_us=25970751 field=max_queue_depth value=1
PR1T v=1 t_us=25970751 field=irq_to_spi_us value=12
PR1T v=1 t_us=25970751 field=spi_duration_us value=1104
PR1T v=1 t_us=25970751 field=spi_end_to_rearm_start_us value=4
PR1T v=1 t_us=25970751 field=rx_rearm_us value=420
PR1T v=1 t_us=25970751 field=irq_to_rx_ready_us value=1531
PR1T v=1 t_us=25970751 field=trace_overwrites value=0
PR1T v=1 t_us=25970751 field=capability_mask value=12
PR1T v=1 t_us=26729720 field=device_state value=2
PR1T v=1 t_us=26729720 field=crc_good value=0
PR1T v=1 t_us=26729720 field=crc_bad value=3
PR1T v=1 t_us=26729720 field=queue_depth value=0
PR1T v=1 t_us=26729720 field=max_queue_depth value=1
PR1T v=1 t_us=26729720 field=irq_to_spi_us value=12
PR1T v=1 t_us=26729720 field=spi_duration_us value=1104
PR1T v=1 t_us=26729720 field=spi_end_to_rearm_start_us value=4
PR1T v=1 t_us=26729720 field=rx_rearm_us value=420
PR1T v=1 t_us=26729720 field=irq_to_rx_ready_us value=1531
PR1T v=1 t_us=26729720 field=trace_overwrites value=0
PR1T v=1 t_us=26729720 field=capability_mask value=12
PR1T v=1 t_us=27486832 field=device_state value=2
PR1T v=1 t_us=27486832 field=crc_good value=0
PR1T v=1 t_us=27486832 field=crc_bad value=3
PR1T v=1 t_us=27486832 field=queue_depth value=0
PR1T v=1 t_us=27486832 field=max_queue_depth value=1
PR1T v=1 t_us=27486832 field=irq_to_spi_us value=12
PR1T v=1 t_us=27486832 field=spi_duration_us value=1104
PR1T v=1 t_us=27486832 field=spi_end_to_rearm_start_us value=4
PR1T v=1 t_us=27486832 field=rx_rearm_us value=420
PR1T v=1 t_us=27486832 field=irq_to_rx_ready_us value=1531
PR1T v=1 t_us=27486832 field=trace_overwrites value=0
PR1T v=1 t_us=27486832 field=capability_mask value=12
PR1T v=1 t_us=28245342 field=device_state value=2
PR1T v=1 t_us=28245342 field=crc_good value=0
PR1T v=1 t_us=28245342 field=crc_bad value=3
PR1T v=1 t_us=28245342 field=queue_depth value=0
PR1T v=1 t_us=28245342 field=max_queue_depth value=1
PR1T v=1 t_us=28245342 field=irq_to_spi_us value=12
PR1T v=1 t_us=28245342 field=spi_duration_us value=1104
PR1T v=1 t_us=28245342 field=spi_end_to_rearm_start_us value=4
PR1T v=1 t_us=28245342 field=rx_rearm_us value=420
PR1T v=1 t_us=28245342 field=irq_to_rx_ready_us value=1531
PR1T v=1 t_us=28245342 field=trace_overwrites value=0
PR1T v=1 t_us=28245342 field=capability_mask value=12
PR1T v=1 t_us=29003780 field=device_state value=2
PR1T v=1 t_us=29003780 field=crc_good value=0
PR1T v=1 t_us=29003780 field=crc_bad value=3
PR1T v=1 t_us=29003780 field=queue_depth value=0
PR1T v=1 t_us=29003780 field=max_queue_depth value=1
PR1T v=1 t_us=29003780 field=irq_to_spi_us value=12
PR1T v=1 t_us=29003780 field=spi_duration_us value=1104
PR1T v=1 t_us=29003780 field=spi_end_to_rearm_start_us value=4
PR1T v=1 t_us=29003780 field=rx_rearm_us value=420
PR1T v=1 t_us=29003780 field=irq_to_rx_ready_us value=1531
PR1T v=1 t_us=29003780 field=trace_overwrites value=0
PR1T v=1 t_us=29003780 field=capability_mask value=12
PR1T v=1 t_us=29762383 field=device_state value=2
PR1T v=1 t_us=29762383 field=crc_good value=0
PR1T v=1 t_us=29762383 field=crc_bad value=3
PR1T v=1 t_us=29762383 field=queue_depth value=0
PR1T v=1 t_us=29762383 field=max_queue_depth value=1
PR1T v=1 t_us=29762383 field=irq_to_spi_us value=12
PR1T v=1 t_us=29762383 field=spi_duration_us value=1104
PR1T v=1 t_us=29762383 field=spi_end_to_rearm_start_us value=4
PR1T v=1 t_us=29762383 field=rx_rearm_us value=420
PR1T v=1 t_us=29762383 field=irq_to_rx_ready_us value=1531
PR1T v=1 t_us=29762383 field=trace_overwrites value=0
PR1T v=1 t_us=29762383 field=capability_mask value=12
PR1T v=1 t_us=30520822 field=device_state value=2
PR1T v=1 t_us=30520822 field=crc_good value=0
PR1T v=1 t_us=30520822 field=crc_bad value=3
PR1T v=1 t_us=30520822 field=queue_depth value=0
PR1T v=1 t_us=30520822 field=max_queue_depth value=1
PR1T v=1 t_us=30520822 field=irq_to_spi_us value=12
PR1T v=1 t_us=30520822 field=spi_duration_us value=1104
PR1T v=1 t_us=30520822 field=spi_end_to_rearm_start_us value=4
PR1T v=1 t_us=30520822 field=rx_rearm_us value=420
PR1T v=1 t_us=30520822 field=irq_to_rx_ready_us value=1531
PR1T v=1 t_us=30520822 field=trace_overwrites value=0
PR1T v=1 t_us=30520822 field=capability_mask value=12
PR1T v=1 t_us=31278933 field=device_state value=2
PR1T v=1 t_us=31278933 field=crc_good value=0
PR1T v=1 t_us=31278933 field=crc_bad value=3
PR1T v=1 t_us=31278933 field=queue_depth value=0
PR1T v=1 t_us=31278933 field=max_queue_depth value=1
PR1T v=1 t_us=31278933 field=irq_to_spi_us value=12
PR1T v=1 t_us=31278933 field=spi_duration_us value=1104
PR1T v=1 t_us=31278933 field=spi_end_to_rearm_start_us value=4
PR1T v=1 t_us=31278933 field=rx_rearm_us value=420
PR1T v=1 t_us=31278933 field=irq_to_rx_ready_us value=1531
PR1T v=1 t_us=31278933 field=trace_overwrites value=0
PR1T v=1 t_us=31278933 field=capability_mask value=12
PR1T v=1 t_us=32036863 field=device_state value=2
PR1T v=1 t_us=32036863 field=crc_good value=0
PR1T v=1 t_us=32036863 field=crc_bad value=3
PR1T v=1 t_us=32036863 field=queue_depth value=0
PR1T v=1 t_us=32036863 field=max_queue_depth value=1
PR1T v=1 t_us=32036863 field=irq_to_spi_us value=12
PR1T v=1 t_us=32036863 field=spi_duration_us value=1104
PR1T v=1 t_us=32036863 field=spi_end_to_rearm_start_us value=4
PR1T v=1 t_us=32036863 field=rx_rearm_us value=420
PR1T v=1 t_us=32036863 field=irq_to_rx_ready_us value=1531
PR1T v=1 t_us=32036863 field=trace_overwrites value=0
PR1T v=1 t_us=32036863 field=capability_mask value=12
PR1T v=1 t_us=32795462 field=device_state value=2
PR1T v=1 t_us=32795462 field=crc_good value=0
PR1T v=1 t_us=32795462 field=crc_bad value=3
PR1T v=1 t_us=32795462 field=queue_depth value=0
PR1T v=1 t_us=32795462 field=max_queue_depth value=1
PR1T v=1 t_us=32795462 field=irq_to_spi_us value=12
PR1T v=1 t_us=32795462 field=spi_duration_us value=1104
PR1T v=1 t_us=32795462 field=spi_end_to_rearm_start_us value=4
PR1T v=1 t_us=32795462 field=rx_rearm_us value=420
PR1T v=1 t_us=32795462 field=irq_to_rx_ready_us value=1531
PR1T v=1 t_us=32795462 field=trace_overwrites value=0
PR1T v=1 t_us=32795462 field=capability_mask value=12
PR1T v=1 t_us=33555483 field=device_state value=2
PR1T v=1 t_us=33555483 field=crc_good value=0
PR1T v=1 t_us=33555483 field=crc_bad value=3
PR1T v=1 t_us=33555483 field=queue_depth value=0
PR1T v=1 t_us=33555483 field=max_queue_depth value=1
PR1T v=1 t_us=33555483 field=irq_to_spi_us value=12
PR1T v=1 t_us=33555483 field=spi_duration_us value=1104
PR1T v=1 t_us=33555483 field=spi_end_to_rearm_start_us value=4
PR1T v=1 t_us=33555483 field=rx_rearm_us value=420
PR1T v=1 t_us=33555483 field=irq_to_rx_ready_us value=1531
PR1T v=1 t_us=33555483 field=trace_overwrites value=0
PR1T v=1 t_us=33555483 field=capability_mask value=12
PR1T v=1 t_us=34314033 field=device_state value=2
PR1T v=1 t_us=34314033 field=crc_good value=0
PR1T v=1 t_us=34314033 field=crc_bad value=3
PR1T v=1 t_us=34314033 field=queue_depth value=0
PR1T v=1 t_us=34314033 field=max_queue_depth value=1
PR1T v=1 t_us=34314033 field=irq_to_spi_us value=12
PR1T v=1 t_us=34314033 field=spi_duration_us value=1104
PR1T v=1 t_us=34314033 field=spi_end_to_rearm_start_us value=4
PR1T v=1 t_us=34314033 field=rx_rearm_us value=420
PR1T v=1 t_us=34314033 field=irq_to_rx_ready_us value=1531
PR1T v=1 t_us=34314033 field=trace_overwrites value=0
PR1T v=1 t_us=34314033 field=capability_mask value=12
PR1T v=1 t_us=35076942 field=device_state value=2
PR1T v=1 t_us=35076942 field=crc_good value=0
PR1T v=1 t_us=35076942 field=crc_bad value=3
PR1T v=1 t_us=35076942 field=queue_depth value=0
PR1T v=1 t_us=35076942 field=max_queue_depth value=1
PR1T v=1 t_us=35076942 field=irq_to_spi_us value=12
PR1T v=1 t_us=35076942 field=spi_duration_us value=1104
PR1T v=1 t_us=35076942 field=spi_end_to_rearm_start_us value=4
PR1T v=1 t_us=35076942 field=rx_rearm_us value=420
PR1T v=1 t_us=35076942 field=irq_to_rx_ready_us value=1531
PR1T v=1 t_us=35076942 field=trace_overwrites value=0
PR1T v=1 t_us=35076942 field=capability_mask value=12
PR1T v=1 t_us=35835543 field=device_state value=2
PR1T v=1 t_us=35835543 field=crc_good value=0
PR1T v=1 t_us=35835543 field=crc_bad value=3
PR1T v=1 t_us=35835543 field=queue_depth value=0
PR1T v=1 t_us=35835543 field=max_queue_depth value=1
PR1T v=1 t_us=35835543 field=irq_to_spi_us value=12
PR1T v=1 t_us=35835543 field=spi_duration_us value=1104
PR1T v=1 t_us=35835543 field=spi_end_to_rearm_start_us value=4
PR1T v=1 t_us=35835543 field=rx_rearm_us value=420
PR1T v=1 t_us=35835543 field=irq_to_rx_ready_us value=1531
PR1T v=1 t_us=35835543 field=trace_overwrites value=0
PR1T v=1 t_us=35835543 field=capability_mask value=12
PR1T v=1 t_us=36595983 field=device_state value=2
PR1T v=1 t_us=36595983 field=crc_good value=0
PR1T v=1 t_us=36595983 field=crc_bad value=3
PR1T v=1 t_us=36595983 field=queue_depth value=0
PR1T v=1 t_us=36595983 field=max_queue_depth value=1
PR1T v=1 t_us=36595983 field=irq_to_spi_us value=12
PR1T v=1 t_us=36595983 field=spi_duration_us value=1104
PR1T v=1 t_us=36595983 field=spi_end_to_rearm_start_us value=4
PR1T v=1 t_us=36595983 field=rx_rearm_us value=420
PR1T v=1 t_us=36595983 field=irq_to_rx_ready_us value=1531
PR1T v=1 t_us=36595983 field=trace_overwrites value=0
PR1T v=1 t_us=36595983 field=capability_mask value=12
PR1T v=1 t_us=37354004 field=device_state value=2
PR1T v=1 t_us=37354004 field=crc_good value=0
PR1T v=1 t_us=37354004 field=crc_bad value=3
PR1T v=1 t_us=37354004 field=queue_depth value=0
PR1T v=1 t_us=37354004 field=max_queue_depth value=1
PR1T v=1 t_us=37354004 field=irq_to_spi_us value=12
PR1T v=1 t_us=37354004 field=spi_duration_us value=1104
PR1T v=1 t_us=37354004 field=spi_end_to_rearm_start_us value=4
PR1T v=1 t_us=37354004 field=rx_rearm_us value=420
PR1T v=1 t_us=37354004 field=irq_to_rx_ready_us value=1531
PR1T v=1 t_us=37354004 field=trace_overwrites value=0
PR1T v=1 t_us=37354004 field=capability_mask value=12
PR1T v=1 t_us=38114025 field=device_state value=2
PR1T v=1 t_us=38114025 field=crc_good value=0
PR1T v=1 t_us=38114025 field=crc_bad value=3
PR1T v=1 t_us=38114025 field=queue_depth value=0
PR1T v=1 t_us=38114025 field=max_queue_depth value=1
PR1T v=1 t_us=38114025 field=irq_to_spi_us value=12
PR1T v=1 t_us=38114025 field=spi_duration_us value=1104
PR1T v=1 t_us=38114025 field=spi_end_to_rearm_start_us value=4
PR1T v=1 t_us=38114025 field=rx_rearm_us value=420
PR1T v=1 t_us=38114025 field=irq_to_rx_ready_us value=1531
PR1T v=1 t_us=38114025 field=trace_overwrites value=0
PR1T v=1 t_us=38114025 field=capability_mask value=12
PR1T v=1 t_us=38871135 field=device_state value=2
PR1T v=1 t_us=38871135 field=crc_good value=0
PR1T v=1 t_us=38871135 field=crc_bad value=3
PR1T v=1 t_us=38871135 field=queue_depth value=0
PR1T v=1 t_us=38871135 field=max_queue_depth value=1
PR1T v=1 t_us=38871135 field=irq_to_spi_us value=12
PR1T v=1 t_us=38871135 field=spi_duration_us value=1104
PR1T v=1 t_us=38871135 field=spi_end_to_rearm_start_us value=4
PR1T v=1 t_us=38871135 field=rx_rearm_us value=420
PR1T v=1 t_us=38871135 field=irq_to_rx_ready_us value=1531
PR1T v=1 t_us=38871135 field=trace_overwrites value=0
PR1T v=1 t_us=38871135 field=capability_mask value=12
PR1T v=1 t_us=39631155 field=device_state value=2
PR1T v=1 t_us=39631155 field=crc_good value=0
PR1T v=1 t_us=39631155 field=crc_bad value=3
PR1T v=1 t_us=39631155 field=queue_depth value=0
PR1T v=1 t_us=39631155 field=max_queue_depth value=1
PR1T v=1 t_us=39631155 field=irq_to_spi_us value=12
PR1T v=1 t_us=39631155 field=spi_duration_us value=1104
PR1T v=1 t_us=39631155 field=spi_end_to_rearm_start_us value=4
PR1T v=1 t_us=39631155 field=rx_rearm_us value=420
PR1T v=1 t_us=39631155 field=irq_to_rx_ready_us value=1531
PR1T v=1 t_us=39631155 field=trace_overwrites value=0
PR1T v=1 t_us=39631155 field=capability_mask value=12
PR1T v=1 t_us=40389086 field=device_state value=2
PR1T v=1 t_us=40389086 field=crc_good value=0
PR1T v=1 t_us=40389086 field=crc_bad value=3
PR1T v=1 t_us=40389086 field=queue_depth value=0
PR1T v=1 t_us=40389086 field=max_queue_depth value=1
PR1T v=1 t_us=40389086 field=irq_to_spi_us value=12
PR1T v=1 t_us=40389086 field=spi_duration_us value=1104
PR1T v=1 t_us=40389086 field=spi_end_to_rearm_start_us value=4
PR1T v=1 t_us=40389086 field=rx_rearm_us value=420
PR1T v=1 t_us=40389086 field=irq_to_rx_ready_us value=1531
PR1T v=1 t_us=40389086 field=trace_overwrites value=0
PR1T v=1 t_us=40389086 field=capability_mask value=12
PR1T v=1 t_us=41147105 field=device_state value=2
PR1T v=1 t_us=41147105 field=crc_good value=0
PR1T v=1 t_us=41147105 field=crc_bad value=3
PR1T v=1 t_us=41147105 field=queue_depth value=0
PR1T v=1 t_us=41147105 field=max_queue_depth value=1
PR1T v=1 t_us=41147105 field=irq_to_spi_us value=12
PR1T v=1 t_us=41147105 field=spi_duration_us value=1104
PR1T v=1 t_us=41147105 field=spi_end_to_rearm_start_us value=4
PR1T v=1 t_us=41147105 field=rx_rearm_us value=420
PR1T v=1 t_us=41147105 field=irq_to_rx_ready_us value=1531
PR1T v=1 t_us=41147105 field=trace_overwrites value=0
PR1T v=1 t_us=41147105 field=capability_mask value=12
PR1T v=1 t_us=41905714 field=device_state value=2
PR1T v=1 t_us=41905714 field=crc_good value=0
PR1T v=1 t_us=41905714 field=crc_bad value=3
PR1T v=1 t_us=41905714 field=queue_depth value=0
PR1T v=1 t_us=41905714 field=max_queue_depth value=1
PR1T v=1 t_us=41905714 field=irq_to_spi_us value=12
PR1T v=1 t_us=41905714 field=spi_duration_us value=1104
PR1T v=1 t_us=41905714 field=spi_end_to_rearm_start_us value=4
PR1T v=1 t_us=41905714 field=rx_rearm_us value=420
PR1T v=1 t_us=41905714 field=irq_to_rx_ready_us value=1531
PR1T v=1 t_us=41905714 field=trace_overwrites value=0
PR1T v=1 t_us=41905714 field=capability_mask value=12
PR1T v=1 t_us=42664726 field=device_state value=2
PR1T v=1 t_us=42664726 field=crc_good value=0
PR1T v=1 t_us=42664726 field=crc_bad value=3
PR1T v=1 t_us=42664726 field=queue_depth value=0
PR1T v=1 t_us=42664726 field=max_queue_depth value=1
PR1T v=1 t_us=42664726 field=irq_to_spi_us value=12
PR1T v=1 t_us=42664726 field=spi_duration_us value=1104
PR1T v=1 t_us=42664726 field=spi_end_to_rearm_start_us value=4
PR1T v=1 t_us=42664726 field=rx_rearm_us value=420
PR1T v=1 t_us=42664726 field=irq_to_rx_ready_us value=1531
PR1T v=1 t_us=42664726 field=trace_overwrites value=0
PR1T v=1 t_us=42664726 field=capability_mask value=12
PR1T v=1 t_us=43422746 field=device_state value=2
PR1T v=1 t_us=43422746 field=crc_good value=0
PR1T v=1 t_us=43422746 field=crc_bad value=3
PR1T v=1 t_us=43422746 field=queue_depth value=0
PR1T v=1 t_us=43422746 field=max_queue_depth value=1
PR1T v=1 t_us=43422746 field=irq_to_spi_us value=12
PR1T v=1 t_us=43422746 field=spi_duration_us value=1104
PR1T v=1 t_us=43422746 field=spi_end_to_rearm_start_us value=4
PR1T v=1 t_us=43422746 field=rx_rearm_us value=420
PR1T v=1 t_us=43422746 field=irq_to_rx_ready_us value=1531
PR1T v=1 t_us=43422746 field=trace_overwrites value=0
PR1T v=1 t_us=43422746 field=capability_mask value=12
