ESP-ROM:esp32s3-20210327
Build:Mar 27 2021
rst:0x15 (USB_UART_CHIP_RESET),boot:0x18 (SPI_FAST_FLASH_BOOT)
Saved PC:0x40041a7c
SPIWP:0xee
mode:DIO, clock div:1
load:0x3fce3808,len:0x44c
load:0x403c9700,len:0xbd8
load:0x403cc700,len:0x2a80
entry 0x403c98d0
PR1_RUNTIME_BOOT
runtime_profile=phase1-fixed-flrc-rx
runtime_role=rx
board_family=LILYGO T3-S3-MVSRBoard
board_reference_revision=V1.1 upstream reference
radio_target=SX1280
upstream_reference_commit=840a2e788b3192c4e9bddf0640c1ecaf703c2598
hardware_verified=0
protocol_version=1
protocol_header_bytes=16
rf_enabled=1
sx1280_spi_hz=2000000
sx1280_cs=7
sx1280_rst=8
sx1280_sclk=5
sx1280_mosi=6
sx1280_miso=3
sx1280_dio1=9
sx1280_busy=36
sx1280_tx_enable=10
sx1280_rx_enable=21
PR1_FIXED_FLRC_PROFILE
frequency_mhz=2404.000
bitrate_kbps=1300
coding_rate=3
output_dbm=0
tx_gap_us=5000
packet_bytes=116
adaptive_layers=channel_map
ctrl_plane_core=0
afh_enabled=1
afh_session_id=1
afh_session_seed=0x5052314441525431
afh_map_version=1
afh_active_channels=40
afh_resync_after_misses=8
afh_rendezvous_first=20
adaptive_map=1
map_lead_frames=600
map_guard_frames=100
quality_cfg=fast_shift:2,slow_shift:5,suspect_q15:30000,exclude_q15:27853,recover_q15:30720,suspect_losses:2,exclude_losses:4,recover_successes:3,probe_ms:200-3200,min_active:12,exclude_slow_q15:0,reinstate_successes:2,map_min_interval_ms:0
afh_schedule_fp=18,21,5,3,0,6,29,20,36,25,9,24,14,28,37,17,30,10,32,26,31,7,22,35,16,1,2,12,39,13,15,11,38,19,33,23,34,4,27,8,16,19,10,17,24,21,5,14
PR1_RUNTIME_LIVE_READY
PR1PROP id=27 type=map v=15 old=14 bits=800007ffff oldbits=800207ffff act=12067 rx_logical=11467 active=20
PR1T v=1 t_us=34123049 field=device_state value=2
PR1T v=1 t_us=34123049 field=rssi_dbm value=-45
PR1T v=1 t_us=34123049 field=crc_good value=11103
PR1T v=1 t_us=34123049 field=crc_bad value=10
PR1T v=1 t_us=34123049 field=missing value=32
PR1T v=1 t_us=34123049 field=queue_depth value=0
PR1T v=1 t_us=34123049 field=max_queue_depth value=1
PR1T v=1 t_us=34123049 field=irq_to_spi_us value=10
PR1T v=1 t_us=34123049 field=spi_duration_us value=1250
PR1T v=1 t_us=34123049 field=rx_processing_us value=1251
PR1T v=1 t_us=34123049 field=spi_end_to_rearm_start_us value=231
PR1T v=1 t_us=34123049 field=rx_rearm_us value=421
PR1T v=1 t_us=34123049 field=irq_to_rx_ready_us value=1887
PR1T v=1 t_us=34123049 field=trace_overwrites value=99897
PR1T v=1 t_us=34123049 field=capability_mask value=12
PR1H t_us=34433843 session_id=1 map_version=14 locked=0 channel=36 logical=11496 retunes=11149 retune_failures=0 standby_failures=0 timeout_advances=35 resync_entries=1 locks=1 agree=11105 disagree=0 period_est_us=2982 max_consecutive_timeouts=9 retune_us_p99=73 retune_us_max=75 hop_compute_us_p99=35 hop_compute_us_max=55
PR1HQ acq_anchors=1 acq_crc=0 acq_frames=33 acq_done_us=892315
PR1HC ok=417,418,419,420,419,421,420,421,423,420,424,421,422,423,421,421,420,421,424,65,31,48,31,107,48,422,239,124,31,66,66,28,309,338,215,269,16,87,152,418 crc=0,0,0,0,0,0,0,0,0,0,0,0,0,0,0,0,0,0,0,1,0,1,0,0,0,1,1,2,0,0,0,0,2,1,0,0,0,1,0,0
PR1CP core=0 lines=26 parse_fail=0 in_dropped=0 out_lines=53 write_waits=172 stack_free=2884 window_waits=1336378 work_us_max=46
PR1QS map_version=14 active=21 bits=800207ffff pending=0 pending_v=14 pending_act=9745 min_active_seen=21 proposals=27 commits=26 commit_late=0 expired=0 activations=13 tx_rejects=0 outcomes_dropped=0 events=130 emit_dropped=0 activation_count=13 ctrl_us_p99=7 ctrl_us_max=7 ctrl_us_n=26 ctrl_us_p50=5 ctrl_us_p95=6
PR1QA v=2 activation=978 applied_at=978
PR1QA v=3 activation=1578 applied_at=1578
PR1QA v=4 activation=2178 applied_at=2178
PR1QA v=5 activation=2778 applied_at=2778
PR1QA v=6 activation=3378 applied_at=3378
PR1QA v=7 activation=3978 applied_at=3978
PR1QA v=8 activation=4578 applied_at=4578
PR1QA v=9 activation=5264 applied_at=5264
PR1QA v=10 activation=6958 applied_at=6958
PR1QA v=11 activation=7558 applied_at=7558
PR1QA v=12 activation=8158 applied_at=8158
PR1QA v=13 activation=9145 applied_at=9145
PR1QA v=14 activation=9745 applied_at=9745
PR1QC ch=0 mhz=2404 state=0 fast_q15=32767 slow_q15=32767 ok=417 crc=0 timeout=0 probe_ok=0 probe_fail=0 suspects=0 exclusions=0 reinclusions=0 last_excl_ms=0
PR1QC ch=1 mhz=2406 state=0 fast_q15=32767 slow_q15=32767 ok=418 crc=0 timeout=0 probe_ok=0 probe_fail=0 suspects=0 exclusions=0 reinclusions=0 last_excl_ms=0
PR1QC ch=2 mhz=2408 state=0 fast_q15=32767 slow_q15=32767 ok=419 crc=0 timeout=0 probe_ok=0 probe_fail=0 suspects=0 exclusions=0 reinclusions=0 last_excl_ms=0
PR1QC ch=3 mhz=2410 state=1 fast_q15=24576 slow_q15=31744 ok=420 crc=0 timeout=1 probe_ok=0 probe_fail=0 suspects=1 exclusions=0 reinclusions=0 last_excl_ms=0
PR1QC ch=4 mhz=2412 state=2 fast_q15=18432 slow_q15=30752 ok=419 crc=0 timeout=2 probe_ok=0 probe_fail=0 suspects=1 exclusions=1 reinclusions=0 last_excl_ms=34150
PR1QC ch=5 mhz=2414 state=0 fast_q15=32767 slow_q15=32767 ok=421 crc=0 timeout=0 probe_ok=0 probe_fail=0 suspects=0 exclusions=0 reinclusions=0 last_excl_ms=0
PR1QC ch=6 mhz=2416 state=0 fast_q15=32767 slow_q15=32767 ok=420 crc=0 timeout=0 probe_ok=0 probe_fail=0 suspects=0 exclusions=0 reinclusions=0 last_excl_ms=0
PR1QC ch=7 mhz=2418 state=1 fast_q15=24576 slow_q15=31744 ok=421 crc=0 timeout=1 probe_ok=0 probe_fail=0 suspects=1 exclusions=0 reinclusions=0 last_excl_ms=0
PR1QC ch=8 mhz=2420 state=1 fast_q15=24576 slow_q15=31744 ok=423 crc=0 timeout=1 probe_ok=0 probe_fail=0 suspects=1 exclusions=0 reinclusions=0 last_excl_ms=0
PR1QC ch=9 mhz=2422 state=1 fast_q15=24576 slow_q15=31744 ok=420 crc=0 timeout=1 probe_ok=0 probe_fail=0 suspects=1 exclusions=0 reinclusions=0 last_excl_ms=0
PR1QC ch=10 mhz=2424 state=0 fast_q15=32767 slow_q15=32767 ok=424 crc=0 timeout=0 probe_ok=0 probe_fail=0 suspects=0 exclusions=0 reinclusions=0 last_excl_ms=0
PR1QC ch=11 mhz=2426 state=1 fast_q15=24576 slow_q15=31744 ok=421 crc=0 timeout=1 probe_ok=0 probe_fail=0 suspects=1 exclusions=0 reinclusions=0 last_excl_ms=0
PR1QC ch=12 mhz=2428 state=0 fast_q15=32767 slow_q15=32767 ok=422 crc=0 timeout=0 probe_ok=0 probe_fail=0 suspects=0 exclusions=0 reinclusions=0 last_excl_ms=0
PR1QC ch=13 mhz=2430 state=0 fast_q15=32767 slow_q15=32767 ok=423 crc=0 timeout=0 probe_ok=0 probe_fail=0 suspects=0 exclusions=0 reinclusions=0 last_excl_ms=0
PR1QC ch=14 mhz=2432 state=2 fast_q15=18432 slow_q15=30752 ok=421 crc=0 timeout=2 probe_ok=0 probe_fail=0 suspects=1 exclusions=1 reinclusions=0 last_excl_ms=34153
PR1QC ch=15 mhz=2434 state=1 fast_q15=24576 slow_q15=31744 ok=421 crc=0 timeout=1 probe_ok=0 probe_fail=0 suspects=1 exclusions=0 reinclusions=0 last_excl_ms=0
PR1QC ch=16 mhz=2436 state=1 fast_q15=24576 slow_q15=31744 ok=420 crc=0 timeout=1 probe_ok=0 probe_fail=0 suspects=1 exclusions=0 reinclusions=0 last_excl_ms=0
PR1QC ch=17 mhz=2438 state=0 fast_q15=32767 slow_q15=32767 ok=421 crc=0 timeout=0 probe_ok=0 probe_fail=0 suspects=0 exclusions=0 reinclusions=0 last_excl_ms=0
PR1QC ch=18 mhz=2440 state=1 fast_q15=24576 slow_q15=31744 ok=424 crc=0 timeout=1 probe_ok=0 probe_fail=0 suspects=1 exclusions=0 reinclusions=0 last_excl_ms=0
PR1QC ch=19 mhz=2442 state=2 fast_q15=32716 slow_q15=31329 ok=65 crc=1 timeout=2 probe_ok=1 probe_fail=0 suspects=1 exclusions=1 reinclusions=0 last_excl_ms=5018
PR1QC ch=20 mhz=2444 state=2 fast_q15=32764 slow_q15=32351 ok=31 crc=0 timeout=1 probe_ok=1 probe_fail=0 suspects=1 exclusions=1 reinclusions=0 last_excl_ms=1287
PR1QC ch=21 mhz=2446 state=2 fast_q15=32755 slow_q15=32267 ok=48 crc=1 timeout=0 probe_ok=1 probe_fail=0 suspects=1 exclusions=1 reinclusions=0 last_excl_ms=4006
PR1QC ch=22 mhz=2448 state=2 fast_q15=32760 slow_q15=32297 ok=31 crc=0 timeout=1 probe_ok=1 probe_fail=0 suspects=1 exclusions=1 reinclusions=0 last_excl_ms=1855
PR1QC ch=23 mhz=2450 state=3 fast_q15=32755 slow_q15=32267 ok=107 crc=0 timeout=1 probe_ok=0 probe_fail=0 suspects=1 exclusions=1 reinclusions=0 last_excl_ms=9809
PR1QC ch=24 mhz=2452 state=2 fast_q15=32731 slow_q15=31724 ok=48 crc=0 timeout=2 probe_ok=1 probe_fail=0 suspects=1 exclusions=1 reinclusions=0 last_excl_ms=4387
PR1QC ch=25 mhz=2454 state=2 fast_q15=26623 slow_q15=31775 ok=422 crc=1 timeout=0 probe_ok=0 probe_fail=0 suspects=1 exclusions=1 reinclusions=0 last_excl_ms=34078
PR1QC ch=26 mhz=2456 state=2 fast_q15=32764 slow_q15=32388 ok=239 crc=1 timeout=0 probe_ok=0 probe_fail=0 suspects=1 exclusions=1 reinclusions=0 last_excl_ms=19908
PR1QC ch=27 mhz=2458 state=2 fast_q15=32740 slow_q15=31920 ok=124 crc=2 timeout=0 probe_ok=0 probe_fail=0 suspects=1 exclusions=1 reinclusions=0 last_excl_ms=10209
PR1QC ch=28 mhz=2460 state=2 fast_q15=32758 slow_q15=31874 ok=31 crc=0 timeout=2 probe_ok=1 probe_fail=0 suspects=1 exclusions=1 reinclusions=0 last_excl_ms=1649
PR1QC ch=29 mhz=2462 state=2 fast_q15=32738 slow_q15=31820 ok=66 crc=0 timeout=2 probe_ok=1 probe_fail=0 suspects=1 exclusions=1 reinclusions=0 last_excl_ms=5200
PR1QC ch=30 mhz=2464 state=2 fast_q15=32764 slow_q15=32388 ok=66 crc=0 timeout=1 probe_ok=1 probe_fail=0 suspects=1 exclusions=1 reinclusions=0 last_excl_ms=5009
PR1QC ch=31 mhz=2466 state=2 fast_q15=29557 slow_q15=30668 ok=28 crc=0 timeout=3 probe_ok=1 probe_fail=0 suspects=1 exclusions=1 reinclusions=0 last_excl_ms=1406
PR1QC ch=32 mhz=2468 state=2 fast_q15=26423 slow_q15=30642 ok=309 crc=2 timeout=1 probe_ok=0 probe_fail=0 suspects=1 exclusions=1 reinclusions=0 last_excl_ms=25369
PR1QC ch=33 mhz=2470 state=2 fast_q15=30821 slow_q15=31653 ok=338 crc=1 timeout=1 probe_ok=0 probe_fail=0 suspects=1 exclusions=1 reinclusions=0 last_excl_ms=25828
PR1QC ch=34 mhz=2472 state=2 fast_q15=32758 slow_q15=32282 ok=215 crc=0 timeout=1 probe_ok=0 probe_fail=0 suspects=1 exclusions=1 reinclusions=0 last_excl_ms=18847
PR1QC ch=35 mhz=2474 state=2 fast_q15=32764 slow_q15=32526 ok=269 crc=0 timeout=1 probe_ok=0 probe_fail=0 suspects=1 exclusions=1 reinclusions=0 last_excl_ms=20911
PR1QC ch=36 mhz=2476 state=2 fast_q15=32683 slow_q15=32146 ok=16 crc=0 timeout=1 probe_ok=1 probe_fail=0 suspects=1 exclusions=1 reinclusions=0 last_excl_ms=985
PR1QC ch=37 mhz=2478 state=2 fast_q15=30820 slow_q15=31491 ok=87 crc=1 timeout=1 probe_ok=1 probe_fail=0 suspects=1 exclusions=1 reinclusions=0 last_excl_ms=7414
PR1QC ch=38 mhz=2480 state=2 fast_q15=32758 slow_q15=32282 ok=152 crc=0 timeout=1 probe_ok=1 probe_fail=0 suspects=1 exclusions=1 reinclusions=0 last_excl_ms=13793
PR1QC ch=39 mhz=2482 state=0 fast_q15=32767 slow_q15=32767 ok=418 crc=0 timeout=0 probe_ok=0 probe_fail=0 suspects=0 exclusions=0 reinclusions=0 last_excl_ms=0
PR1QE t_ms=895 kind=7 logical=347 target=0 id=0 v=1 ch=36 value=0 bits=0000000000
PR1QE t_ms=985 kind=8 logical=377 target=0 id=0 v=1 ch=36 value=2 bits=0000000000
PR1QE t_ms=986 kind=0 logical=378 target=978 id=1 v=2 ch=0 value=1 bits=efffffffff
PR1QE t_ms=993 kind=1 logical=380 target=978 id=1 v=2 ch=0 value=1 bits=efffffffff
PR1QE t_ms=1090 kind=7 logical=412 target=0 id=0 v=1 ch=20 value=0 bits=0000000000
PR1QE t_ms=1227 kind=7 logical=458 target=0 id=0 v=1 ch=31 value=0 bits=0000000000
PR1QE t_ms=1287 kind=8 logical=478 target=0 id=0 v=1 ch=20 value=2 bits=0000000000
PR1QE t_ms=1406 kind=8 logical=518 target=0 id=0 v=1 ch=31 value=2 bits=0000000000
PR1QE t_ms=1446 kind=7 logical=531 target=0 id=0 v=1 ch=28 value=0 bits=0000000000
PR1QE t_ms=1649 kind=8 logical=599 target=0 id=0 v=1 ch=28 value=2 bits=0000000000
PR1QE t_ms=1757 kind=7 logical=635 target=0 id=0 v=1 ch=22 value=0 bits=0000000000
PR1QE t_ms=1855 kind=8 logical=668 target=0 id=0 v=1 ch=22 value=2 bits=0000000000
PR1QE t_ms=2781 kind=4 logical=978 target=978 id=0 v=2 ch=0 value=39 bits=efffffffff
PR1QE t_ms=2781 kind=0 logical=978 target=1578 id=2 v=3 ch=0 value=1 bits=ef6fafffff
PR1QE t_ms=2796 kind=1 logical=983 target=1578 id=2 v=3 ch=0 value=1 bits=ef6fafffff
PR1QE t_ms=3895 kind=7 logical=1349 target=0 id=0 v=2 ch=21 value=0 bits=0000000000
PR1QE t_ms=4006 kind=8 logical=1386 target=0 id=0 v=2 ch=21 value=2 bits=0000000000
PR1QE t_ms=4276 kind=7 logical=1476 target=0 id=0 v=2 ch=24 value=0 bits=0000000000
PR1QE t_ms=4387 kind=8 logical=1513 target=0 id=0 v=2 ch=24 value=2 bits=0000000000
PR1QE t_ms=4580 kind=4 logical=1578 target=1578 id=0 v=3 ch=0 value=35 bits=ef6fafffff
PR1QE t_ms=4581 kind=0 logical=1578 target=2178 id=3 v=4 ch=0 value=1 bits=ef6e8fffff
PR1QE t_ms=4593 kind=1 logical=1582 target=2178 id=3 v=4 ch=0 value=1 bits=ef6e8fffff
PR1QE t_ms=4914 kind=7 logical=1689 target=0 id=0 v=3 ch=30 value=0 bits=0000000000
PR1QE t_ms=4967 kind=7 logical=1707 target=0 id=0 v=3 ch=19 value=0 bits=0000000000
PR1QE t_ms=5009 kind=8 logical=1721 target=0 id=0 v=3 ch=30 value=2 bits=0000000000
PR1QE t_ms=5018 kind=8 logical=1724 target=0 id=0 v=3 ch=19 value=2 bits=0000000000
PR1QE t_ms=5117 kind=7 logical=1757 target=0 id=0 v=3 ch=29 value=0 bits=0000000000
PR1QE t_ms=5200 kind=8 logical=1785 target=0 id=0 v=3 ch=29 value=2 bits=0000000000
PR1QE t_ms=6373 kind=4 logical=2178 target=2178 id=0 v=4 ch=0 value=33 bits=ef6e8fffff
PR1QE t_ms=6374 kind=0 logical=2178 target=2778 id=4 v=5 ch=0 value=1 bits=ef0e87ffff
PR1QE t_ms=6395 kind=1 logical=2185 target=2778 id=4 v=5 ch=0 value=1 bits=ef0e87ffff
PR1QE t_ms=7286 kind=7 logical=2483 target=0 id=0 v=4 ch=37 value=0 bits=0000000000
PR1QE t_ms=7414 kind=8 logical=2526 target=0 id=0 v=4 ch=37 value=2 bits=0000000000
PR1QE t_ms=8165 kind=4 logical=2778 target=2778 id=0 v=5 ch=0 value=30 bits=ef0e87ffff
PR1QE t_ms=8166 kind=0 logical=2778 target=3378 id=5 v=6 ch=0 value=1 bits=cf0e87ffff
PR1QE t_ms=8172 kind=1 logical=2780 target=3378 id=5 v=6 ch=0 value=1 bits=cf0e87ffff
PR1QE t_ms=9681 kind=7 logical=3285 target=0 id=0 v=5 ch=23 value=0 bits=0000000000
PR1QE t_ms=9809 kind=8 logical=3328 target=0 id=0 v=5 ch=23 value=2 bits=0000000000
PR1QE t_ms=9957 kind=4 logical=3378 target=3378 id=0 v=6 ch=0 value=29 bits=cf0e87ffff
PR1QE t_ms=9957 kind=0 logical=3378 target=3978 id=6 v=7 ch=0 value=1 bits=cf0e07ffff
PR1QE t_ms=9963 kind=1 logical=3380 target=3978 id=6 v=7 ch=0 value=1 bits=cf0e07ffff
PR1QE t_ms=10136 kind=7 logical=3438 target=0 id=0 v=6 ch=27 value=0 bits=0000000000
PR1QE t_ms=10209 kind=8 logical=3462 target=0 id=0 v=6 ch=27 value=2 bits=0000000000
PR1QE t_ms=11747 kind=4 logical=3978 target=3978 id=0 v=7 ch=0 value=28 bits=cf0e07ffff
PR1QE t_ms=11748 kind=0 logical=3978 target=4578 id=7 v=8 ch=0 value=1 bits=cf0607ffff
PR1QE t_ms=11769 kind=1 logical=3985 target=4578 id=7 v=8 ch=0 value=1 bits=cf0607ffff
PR1QE t_ms=13538 kind=4 logical=4578 target=4578 id=0 v=8 ch=0 value=27 bits=cf0607ffff
PR1QE t_ms=13538 kind=0 logical=4578 target=4878 id=8 v=8 ch=36 value=2 bits=0000000000
PR1QE t_ms=13544 kind=1 logical=4580 target=4878 id=8 v=8 ch=36 value=1 bits=0000000000
PR1QE t_ms=13674 kind=7 logical=4623 target=0 id=0 v=8 ch=38 value=0 bits=0000000000
PR1QE t_ms=13793 kind=8 logical=4663 target=0 id=0 v=8 ch=38 value=2 bits=0000000000
PR1QE t_ms=13795 kind=0 logical=4664 target=5264 id=9 v=9 ch=0 value=1 bits=8f0607ffff
PR1QE t_ms=13813 kind=1 logical=4670 target=5264 id=9 v=9 ch=0 value=1 bits=8f0607ffff
PR1QE t_ms=14435 kind=9 logical=4878 target=4878 id=0 v=8 ch=36 value=1 bits=0000000000
PR1QE t_ms=15585 kind=4 logical=5264 target=5264 id=0 v=9 ch=0 value=26 bits=8f0607ffff
PR1QE t_ms=15585 kind=0 logical=5264 target=5564 id=10 v=9 ch=31 value=2 bits=0000000000
PR1QE t_ms=15589 kind=1 logical=5265 target=5564 id=10 v=9 ch=31 value=1 bits=0000000000
PR1QE t_ms=16481 kind=9 logical=5564 target=5564 id=0 v=9 ch=31 value=1 bits=0000000000
PR1QE t_ms=16483 kind=0 logical=5565 target=5865 id=11 v=9 ch=24 value=2 bits=0000000000
PR1QE t_ms=16487 kind=1 logical=5566 target=5865 id=11 v=9 ch=24 value=1 bits=0000000000
PR1QE t_ms=17379 kind=9 logical=5865 target=5865 id=0 v=9 ch=24 value=1 bits=0000000000
PR1QE t_ms=17381 kind=0 logical=5866 target=6166 id=12 v=9 ch=19 value=2 bits=0000000000
PR1QE t_ms=17387 kind=1 logical=5868 target=6166 id=12 v=9 ch=19 value=1 bits=0000000000
PR1QE t_ms=18277 kind=9 logical=6166 target=6166 id=0 v=9 ch=19 value=1 bits=0000000000
PR1QE t_ms=18279 kind=0 logical=6167 target=6467 id=13 v=9 ch=20 value=2 bits=0000000000
PR1QE t_ms=18285 kind=1 logical=6169 target=6467 id=13 v=9 ch=20 value=1 bits=0000000000
PR1QE t_ms=18746 kind=7 logical=6323 target=0 id=0 v=9 ch=34 value=0 bits=0000000000
PR1QE t_ms=18847 kind=8 logical=6357 target=0 id=0 v=9 ch=34 value=2 bits=0000000000
PR1QE t_ms=18849 kind=0 logical=6358 target=6958 id=14 v=10 ch=0 value=1 bits=8b0607ffff
PR1QE t_ms=18870 kind=1 logical=6365 target=6958 id=14 v=10 ch=0 value=1 bits=8b0607ffff
PR1QE t_ms=19175 kind=9 logical=6467 target=6467 id=0 v=9 ch=20 value=1 bits=0000000000
PR1QE t_ms=19864 kind=7 logical=6698 target=0 id=0 v=9 ch=26 value=0 bits=0000000000
PR1QE t_ms=19908 kind=8 logical=6713 target=0 id=0 v=9 ch=26 value=2 bits=0000000000
PR1QE t_ms=20638 kind=4 logical=6958 target=6958 id=0 v=10 ch=0 value=25 bits=8b0607ffff
PR1QE t_ms=20638 kind=0 logical=6958 target=7558 id=15 v=11 ch=0 value=1 bits=8b0207ffff
PR1QE t_ms=20645 kind=1 logical=6960 target=7558 id=15 v=11 ch=0 value=1 bits=8b0207ffff
PR1QE t_ms=20780 kind=7 logical=7005 target=0 id=0 v=10 ch=35 value=0 bits=0000000000
PR1QE t_ms=20911 kind=8 logical=7049 target=0 id=0 v=10 ch=35 value=2 bits=0000000000
PR1QE t_ms=22427 kind=4 logical=7558 target=7558 id=0 v=11 ch=0 value=24 bits=8b0207ffff
PR1QE t_ms=22428 kind=0 logical=7558 target=8158 id=16 v=12 ch=0 value=1 bits=830207ffff
PR1QE t_ms=22437 kind=1 logical=7561 target=8158 id=16 v=12 ch=0 value=1 bits=830207ffff
PR1QE t_ms=24216 kind=4 logical=8158 target=8158 id=0 v=12 ch=0 value=23 bits=830207ffff
PR1QE t_ms=24217 kind=0 logical=8158 target=8458 id=17 v=12 ch=22 value=2 bits=0000000000
PR1QE t_ms=24223 kind=1 logical=8160 target=8458 id=17 v=12 ch=22 value=1 bits=0000000000
PR1QE t_ms=25112 kind=9 logical=8458 target=8458 id=0 v=12 ch=22 value=1 bits=0000000000
PR1QE t_ms=25114 kind=0 logical=8459 target=8759 id=18 v=12 ch=28 value=2 bits=0000000000
PR1QE t_ms=25121 kind=1 logical=8461 target=8759 id=18 v=12 ch=28 value=1 bits=0000000000
PR1QE t_ms=25304 kind=7 logical=8522 target=0 id=0 v=12 ch=32 value=0 bits=0000000000
PR1QE t_ms=25369 kind=8 logical=8544 target=0 id=0 v=12 ch=32 value=2 bits=0000000000
PR1QE t_ms=25371 kind=0 logical=8545 target=9145 id=19 v=13 ch=0 value=1 bits=820207ffff
PR1QE t_ms=25380 kind=1 logical=8548 target=9145 id=19 v=13 ch=0 value=1 bits=820207ffff
PR1QE t_ms=25795 kind=7 logical=8687 target=0 id=0 v=12 ch=33 value=0 bits=0000000000
PR1QE t_ms=25828 kind=8 logical=8698 target=0 id=0 v=12 ch=33 value=2 bits=0000000000
PR1QE t_ms=26010 kind=9 logical=8759 target=8759 id=0 v=12 ch=28 value=1 bits=0000000000
PR1QE t_ms=27159 kind=4 logical=9145 target=9145 id=0 v=13 ch=0 value=22 bits=820207ffff
PR1QE t_ms=27160 kind=0 logical=9145 target=9745 id=20 v=14 ch=0 value=1 bits=800207ffff
PR1QE t_ms=27169 kind=1 logical=9148 target=9745 id=20 v=14 ch=0 value=1 bits=800207ffff
PR1QE t_ms=28947 kind=4 logical=9745 target=9745 id=0 v=14 ch=0 value=21 bits=800207ffff
PR1QE t_ms=28948 kind=0 logical=9745 target=10045 id=21 v=14 ch=21 value=2 bits=0000000000
PR1QE t_ms=28954 kind=1 logical=9747 target=10045 id=21 v=14 ch=21 value=1 bits=0000000000
PR1QE t_ms=29843 kind=9 logical=10045 target=10045 id=0 v=14 ch=21 value=1 bits=0000000000
PR1QE t_ms=29845 kind=0 logical=10046 target=10346 id=22 v=14 ch=30 value=2 bits=0000000000
PR1QE t_ms=29851 kind=1 logical=10048 target=10346 id=22 v=14 ch=30 value=1 bits=0000000000
PR1QE t_ms=30740 kind=9 logical=10346 target=10346 id=0 v=14 ch=30 value=1 bits=0000000000
PR1QE t_ms=30742 kind=0 logical=10347 target=10647 id=23 v=14 ch=29 value=2 bits=0000000000
PR1QE t_ms=30748 kind=1 logical=10349 target=10647 id=23 v=14 ch=29 value=1 bits=0000000000
PR1QE t_ms=31637 kind=9 logical=10647 target=10647 id=0 v=14 ch=29 value=1 bits=0000000000
PR1QE t_ms=31639 kind=0 logical=10648 target=10948 id=24 v=14 ch=37 value=2 bits=0000000000
PR1QE t_ms=31657 kind=1 logical=10654 target=10948 id=24 v=14 ch=37 value=1 bits=0000000000
PR1QE t_ms=32534 kind=9 logical=10948 target=10948 id=0 v=14 ch=37 value=1 bits=0000000000
PR1QE t_ms=32536 kind=0 logical=10949 target=11249 id=25 v=14 ch=38 value=2 bits=0000000000
PR1QE t_ms=32542 kind=1 logical=10951 target=11249 id=25 v=14 ch=38 value=1 bits=0000000000
PR1QE t_ms=33431 kind=9 logical=11249 target=11249 id=0 v=14 ch=38 value=1 bits=0000000000
PR1QE t_ms=33433 kind=0 logical=11250 target=11550 id=26 v=14 ch=23 value=2 bits=0000000000
PR1QE t_ms=33439 kind=1 logical=11252 target=11550 id=26 v=14 ch=23 value=1 bits=0000000000
PR1QE t_ms=34059 kind=7 logical=11460 target=0 id=0 v=14 ch=25 value=0 bits=0000000000
PR1QE t_ms=34078 kind=8 logical=11466 target=0 id=0 v=14 ch=25 value=2 bits=0000000000
PR1QE t_ms=34080 kind=0 logical=11467 target=12067 id=27 v=15 ch=0 value=1 bits=800007ffff
PR1QE t_ms=34133 kind=7 logical=11482 target=0 id=0 v=14 ch=4 value=0 bits=0000000000
PR1QE t_ms=34133 kind=7 logical=11483 target=0 id=0 v=14 ch=8 value=0 bits=0000000000
PR1QE t_ms=34133 kind=7 logical=11484 target=0 id=0 v=14 ch=14 value=0 bits=0000000000
PR1QE t_ms=34135 kind=7 logical=11485 target=0 id=0 v=14 ch=7 value=0 bits=0000000000
PR1QE t_ms=34141 kind=7 logical=11487 target=0 id=0 v=14 ch=11 value=0 bits=0000000000
PR1QE t_ms=34144 kind=7 logical=11488 target=0 id=0 v=14 ch=3 value=0 bits=0000000000
PR1QE t_ms=34147 kind=7 logical=11489 target=0 id=0 v=14 ch=16 value=0 bits=0000000000
PR1QE t_ms=34150 kind=8 logical=11490 target=0 id=0 v=14 ch=4 value=2 bits=0000000000
PR1QE t_ms=34153 kind=8 logical=11491 target=0 id=0 v=14 ch=14 value=2 bits=0000000000
PR1QE t_ms=34156 kind=7 logical=11492 target=0 id=0 v=14 ch=9 value=0 bits=0000000000
PR1QE t_ms=34159 kind=7 logical=11493 target=0 id=0 v=14 ch=18 value=0 bits=0000000000
PR1QE t_ms=34162 kind=7 logical=11494 target=0 id=0 v=14 ch=15 value=0 bits=0000000000
PR1QE_END
PR1HE_BEGIN total=11152 count=256
PR1HE t_us=33404900 kind=2 logical=11240 seq=11240 ch=16 rssi=-45
PR1HE t_us=33407884 kind=2 logical=11241 seq=11241 ch=2 rssi=-45
PR1HE t_us=33410863 kind=2 logical=11242 seq=11242 ch=10 rssi=-45
PR1HE t_us=33413835 kind=2 logical=11243 seq=11243 ch=18 rssi=-47
PR1HE t_us=33416804 kind=2 logical=11244 seq=11244 ch=25 rssi=-51
PR1HE t_us=33419777 kind=2 logical=11245 seq=11245 ch=6 rssi=-44
PR1HE t_us=33422754 kind=2 logical=11246 seq=11246 ch=3 rssi=-44
PR1HE t_us=33425730 kind=2 logical=11247 seq=11247 ch=5 rssi=-44
PR1HE t_us=33428706 kind=2 logical=11248 seq=11248 ch=0 rssi=-45
PR1HE t_us=33431663 kind=2 logical=11249 seq=11249 ch=38 rssi=-53
PR1HE t_us=33434643 kind=2 logical=11250 seq=11250 ch=39 rssi=-55
PR1HE t_us=33437620 kind=2 logical=11251 seq=11251 ch=14 rssi=-45
PR1HE t_us=33440600 kind=2 logical=11252 seq=11252 ch=17 rssi=-46
PR1HE t_us=33443583 kind=2 logical=11253 seq=11253 ch=8 rssi=-44
PR1HE t_us=33446568 kind=2 logical=11254 seq=11254 ch=12 rssi=-45
PR1HE t_us=33449559 kind=2 logical=11255 seq=11255 ch=9 rssi=-44
PR1HE t_us=33452544 kind=2 logical=11256 seq=11256 ch=1 rssi=-45
PR1HE t_us=33455532 kind=2 logical=11257 seq=11257 ch=5 rssi=-44
PR1HE t_us=33458514 kind=2 logical=11258 seq=11258 ch=16 rssi=-46
PR1HE t_us=33461490 kind=2 logical=11259 seq=11259 ch=39 rssi=-55
PR1HE t_us=33464476 kind=2 logical=11260 seq=11260 ch=0 rssi=-45
PR1HE t_us=33467448 kind=2 logical=11261 seq=11261 ch=14 rssi=-45
PR1HE t_us=33470429 kind=2 logical=11262 seq=11262 ch=17 rssi=-47
PR1HE t_us=33473401 kind=2 logical=11263 seq=11263 ch=13 rssi=-47
PR1HE t_us=33476378 kind=2 logical=11264 seq=11264 ch=7 rssi=-44
PR1HE t_us=33479354 kind=2 logical=11265 seq=11265 ch=15 rssi=-46
PR1HE t_us=33482327 kind=2 logical=11266 seq=11266 ch=2 rssi=-44
PR1HE t_us=33485313 kind=2 logical=11267 seq=11267 ch=6 rssi=-44
PR1HE t_us=33488297 kind=2 logical=11268 seq=11268 ch=25 rssi=-53
PR1HE t_us=33491278 kind=2 logical=11269 seq=11269 ch=10 rssi=-45
PR1HE t_us=33494262 kind=2 logical=11270 seq=11270 ch=18 rssi=-47
PR1HE t_us=33497243 kind=2 logical=11271 seq=11271 ch=11 rssi=-44
PR1HE t_us=33500225 kind=2 logical=11272 seq=11272 ch=12 rssi=-45
PR1HE t_us=33503208 kind=2 logical=11273 seq=11273 ch=8 rssi=-44
PR1HE t_us=33506186 kind=2 logical=11274 seq=11274 ch=3 rssi=-44
PR1HE t_us=33509161 kind=2 logical=11275 seq=11275 ch=4 rssi=-44
PR1HE t_us=33512138 kind=2 logical=11276 seq=11276 ch=9 rssi=-44
PR1HE t_us=33515127 kind=2 logical=11277 seq=11277 ch=14 rssi=-45
PR1HE t_us=33518106 kind=2 logical=11278 seq=11278 ch=1 rssi=-44
PR1HE t_us=33521093 kind=2 logical=11279 seq=11279 ch=2 rssi=-45
PR1HE t_us=33524073 kind=2 logical=11280 seq=11280 ch=9 rssi=-45
PR1HE t_us=33527060 kind=2 logical=11281 seq=11281 ch=17 rssi=-47
PR1HE t_us=33530046 kind=2 logical=11282 seq=11282 ch=39 rssi=-55
PR1HE t_us=33533030 kind=2 logical=11283 seq=11283 ch=12 rssi=-45
PR1HE t_us=33536012 kind=2 logical=11284 seq=11284 ch=11 rssi=-45
PR1HE t_us=33538994 kind=2 logical=11285 seq=11285 ch=13 rssi=-45
PR1HE t_us=33541978 kind=2 logical=11286 seq=11286 ch=25 rssi=-53
PR1HE t_us=33544960 kind=2 logical=11287 seq=11287 ch=4 rssi=-44
PR1HE t_us=33547941 kind=2 logical=11288 seq=11288 ch=15 rssi=-46
PR1HE t_us=33550921 kind=2 logical=11289 seq=11289 ch=7 rssi=-44
PR1HE t_us=33553901 kind=2 logical=11290 seq=11290 ch=6 rssi=-44
PR1HE t_us=33556885 kind=2 logical=11291 seq=11291 ch=16 rssi=-47
PR1HE t_us=33559866 kind=2 logical=11292 seq=11292 ch=5 rssi=-44
PR1HE t_us=33562839 kind=2 logical=11293 seq=11293 ch=3 rssi=-45
PR1HE t_us=33565814 kind=2 logical=11294 seq=11294 ch=0 rssi=-44
PR1HE t_us=33568784 kind=2 logical=11295 seq=11295 ch=8 rssi=-45
PR1HE t_us=33571760 kind=2 logical=11296 seq=11296 ch=18 rssi=-46
PR1HE t_us=33574737 kind=2 logical=11297 seq=11297 ch=10 rssi=-44
PR1HE t_us=33577714 kind=2 logical=11298 seq=11298 ch=39 rssi=-55
PR1HE t_us=33580696 kind=2 logical=11299 seq=11299 ch=7 rssi=-44
PR1HE t_us=33583672 kind=2 logical=11300 seq=11300 ch=5 rssi=-47
PR1HE t_us=33586656 kind=2 logical=11301 seq=11301 ch=25 rssi=-50
PR1HE t_us=33589638 kind=2 logical=11302 seq=11302 ch=6 rssi=-44
PR1HE t_us=33592608 kind=2 logical=11303 seq=11303 ch=14 rssi=-45
PR1HE t_us=33595584 kind=2 logical=11304 seq=11304 ch=18 rssi=-46
PR1HE t_us=33598570 kind=2 logical=11305 seq=11305 ch=15 rssi=-46
PR1HE t_us=33601561 kind=2 logical=11306 seq=11306 ch=11 rssi=-45
PR1HE t_us=33604545 kind=2 logical=11307 seq=11307 ch=13 rssi=-45
PR1HE t_us=33607534 kind=2 logical=11308 seq=11308 ch=4 rssi=-44
PR1HE t_us=33610520 kind=2 logical=11309 seq=11309 ch=12 rssi=-45
PR1HE t_us=33613498 kind=2 logical=11310 seq=11310 ch=2 rssi=-45
PR1HE t_us=33616480 kind=2 logical=11311 seq=11311 ch=17 rssi=-47
PR1HE t_us=33619456 kind=2 logical=11312 seq=11312 ch=16 rssi=-46
PR1HE t_us=33622432 kind=2 logical=11313 seq=11313 ch=1 rssi=-45
PR1HE t_us=33625409 kind=2 logical=11314 seq=11314 ch=0 rssi=-45
PR1HE t_us=33628390 kind=2 logical=11315 seq=11315 ch=9 rssi=-44
PR1HE t_us=33631368 kind=2 logical=11316 seq=11316 ch=3 rssi=-44
PR1HE t_us=33634344 kind=2 logical=11317 seq=11317 ch=10 rssi=-44
PR1HE t_us=33637320 kind=2 logical=11318 seq=11318 ch=8 rssi=-44
PR1HE t_us=33640298 kind=2 logical=11319 seq=11319 ch=17 rssi=-46
PR1HE t_us=33643279 kind=2 logical=11320 seq=11320 ch=9 rssi=-44
PR1HE t_us=33646263 kind=2 logical=11321 seq=11321 ch=1 rssi=-44
PR1HE t_us=33649244 kind=2 logical=11322 seq=11322 ch=18 rssi=-47
PR1HE t_us=33652226 kind=2 logical=11323 seq=11323 ch=5 rssi=-45
PR1HE t_us=33655210 kind=2 logical=11324 seq=11324 ch=13 rssi=-44
PR1HE t_us=33658185 kind=2 logical=11325 seq=11325 ch=10 rssi=-44
PR1HE t_us=33661163 kind=2 logical=11326 seq=11326 ch=16 rssi=-45
PR1HE t_us=33664139 kind=2 logical=11327 seq=11327 ch=3 rssi=-44
PR1HE t_us=33667129 kind=2 logical=11328 seq=11328 ch=39 rssi=-55
PR1HE t_us=33670109 kind=2 logical=11329 seq=11329 ch=25 rssi=-51
PR1HE t_us=33673092 kind=2 logical=11330 seq=11330 ch=0 rssi=-45
PR1HE t_us=33676074 kind=2 logical=11331 seq=11331 ch=12 rssi=-45
PR1HE t_us=33679064 kind=2 logical=11332 seq=11332 ch=14 rssi=-45
PR1HE t_us=33682044 kind=2 logical=11333 seq=11333 ch=15 rssi=-46
PR1HE t_us=33685030 kind=2 logical=11334 seq=11334 ch=4 rssi=-44
PR1HE t_us=33688014 kind=2 logical=11335 seq=11335 ch=2 rssi=-45
PR1HE t_us=33690995 kind=2 logical=11336 seq=11336 ch=8 rssi=-44
PR1HE t_us=33693979 kind=2 logical=11337 seq=11337 ch=11 rssi=-45
PR1HE t_us=33696960 kind=2 logical=11338 seq=11338 ch=7 rssi=-44
PR1HE t_us=33699942 kind=2 logical=11339 seq=11339 ch=6 rssi=-44
PR1HE t_us=33702923 kind=2 logical=11340 seq=11340 ch=11 rssi=-45
PR1HE t_us=33705902 kind=2 logical=11341 seq=11341 ch=8 rssi=-44
PR1HE t_us=33708886 kind=2 logical=11342 seq=11342 ch=12 rssi=-45
PR1HE t_us=33711866 kind=2 logical=11343 seq=11343 ch=0 rssi=-45
PR1HE t_us=33714839 kind=2 logical=11344 seq=11344 ch=2 rssi=-45
PR1HE t_us=33717816 kind=2 logical=11345 seq=11345 ch=1 rssi=-45
PR1HE t_us=33720786 kind=2 logical=11346 seq=11346 ch=3 rssi=-44
PR1HE t_us=33723766 kind=2 logical=11347 seq=11347 ch=25 rssi=-53
PR1HE t_us=33726745 kind=2 logical=11348 seq=11348 ch=10 rssi=-44
PR1HE t_us=33729720 kind=2 logical=11349 seq=11349 ch=6 rssi=-44
PR1HE t_us=33732695 kind=2 logical=11350 seq=11350 ch=13 rssi=-45
PR1HE t_us=33735668 kind=2 logical=11351 seq=11351 ch=14 rssi=-45
PR1HE t_us=33738644 kind=2 logical=11352 seq=11352 ch=18 rssi=-47
PR1HE t_us=33741609 kind=2 logical=11353 seq=11353 ch=15 rssi=-45
PR1HE t_us=33744585 kind=2 logical=11354 seq=11354 ch=7 rssi=-44
PR1HE t_us=33747571 kind=2 logical=11355 seq=11355 ch=5 rssi=-44
PR1HE t_us=33750563 kind=2 logical=11356 seq=11356 ch=16 rssi=-45
PR1HE t_us=33753547 kind=2 logical=11357 seq=11357 ch=9 rssi=-44
PR1HE t_us=33756536 kind=2 logical=11358 seq=11358 ch=17 rssi=-47
PR1HE t_us=33759523 kind=2 logical=11359 seq=11359 ch=39 rssi=-54
PR1HE t_us=33762498 kind=2 logical=11360 seq=11360 ch=4 rssi=-44
PR1HE t_us=33765482 kind=2 logical=11361 seq=11361 ch=39 rssi=-54
PR1HE t_us=33768458 kind=2 logical=11362 seq=11362 ch=4 rssi=-44
PR1HE t_us=33771433 kind=2 logical=11363 seq=11363 ch=3 rssi=-44
PR1HE t_us=33774411 kind=2 logical=11364 seq=11364 ch=11 rssi=-45
PR1HE t_us=33777392 kind=2 logical=11365 seq=11365 ch=10 rssi=-45
PR1HE t_us=33780368 kind=2 logical=11366 seq=11366 ch=0 rssi=-45
PR1HE t_us=33783340 kind=2 logical=11367 seq=11367 ch=1 rssi=-46
PR1HE t_us=33786322 kind=2 logical=11368 seq=11368 ch=16 rssi=-46
PR1HE t_us=33789306 kind=2 logical=11369 seq=11369 ch=18 rssi=-47
PR1HE t_us=33792293 kind=2 logical=11370 seq=11370 ch=9 rssi=-44
PR1HE t_us=33795274 kind=2 logical=11371 seq=11371 ch=8 rssi=-44
PR1HE t_us=33798259 kind=2 logical=11372 seq=11372 ch=6 rssi=-44
PR1HE t_us=33801239 kind=2 logical=11373 seq=11373 ch=15 rssi=-46
PR1HE t_us=33804223 kind=2 logical=11374 seq=11374 ch=12 rssi=-45
PR1HE t_us=33807204 kind=2 logical=11375 seq=11375 ch=14 rssi=-45
PR1HE t_us=33810187 kind=2 logical=11376 seq=11376 ch=13 rssi=-45
PR1HE t_us=33813168 kind=2 logical=11377 seq=11377 ch=7 rssi=-44
PR1HE t_us=33816147 kind=2 logical=11378 seq=11378 ch=17 rssi=-46
PR1HE t_us=33819130 kind=2 logical=11379 seq=11379 ch=2 rssi=-45
PR1HE t_us=33822111 kind=2 logical=11380 seq=11380 ch=5 rssi=-44
PR1HE t_us=33825094 kind=2 logical=11381 seq=11381 ch=25 rssi=-51
PR1HE t_us=33828076 kind=2 logical=11382 seq=11382 ch=14 rssi=-45
PR1HE t_us=33831062 kind=2 logical=11383 seq=11383 ch=11 rssi=-45
PR1HE t_us=33834046 kind=2 logical=11384 seq=11384 ch=10 rssi=-45
PR1HE t_us=33837032 kind=2 logical=11385 seq=11385 ch=0 rssi=-45
PR1HE t_us=33840014 kind=2 logical=11386 seq=11386 ch=17 rssi=-47
PR1HE t_us=33842998 kind=2 logical=11387 seq=11387 ch=39 rssi=-54
PR1HE t_us=33845980 kind=2 logical=11388 seq=11388 ch=18 rssi=-47
PR1HE t_us=33848962 kind=2 logical=11389 seq=11389 ch=4 rssi=-44
PR1HE t_us=33851943 kind=2 logical=11390 seq=11390 ch=9 rssi=-45
PR1HE t_us=33854924 kind=2 logical=11391 seq=11391 ch=5 rssi=-43
PR1HE t_us=33857905 kind=2 logical=11392 seq=11392 ch=1 rssi=-44
PR1HE t_us=33860887 kind=2 logical=11393 seq=11393 ch=15 rssi=-46
PR1HE t_us=33863867 kind=2 logical=11394 seq=11394 ch=13 rssi=-45
PR1HE t_us=33866839 kind=2 logical=11395 seq=11395 ch=12 rssi=-45
PR1HE t_us=33869807 kind=2 logical=11396 seq=11396 ch=3 rssi=-44
PR1HE t_us=33872781 kind=2 logical=11397 seq=11397 ch=8 rssi=-44
PR1HE t_us=33875747 kind=2 logical=11398 seq=11398 ch=25 rssi=-50
PR1HE t_us=33878721 kind=2 logical=11399 seq=11399 ch=6 rssi=-44
PR1HE t_us=33881697 kind=2 logical=11400 seq=11400 ch=7 rssi=-44
PR1HE t_us=33884670 kind=2 logical=11401 seq=11401 ch=16 rssi=-45
PR1HE t_us=33887645 kind=2 logical=11402 seq=11402 ch=2 rssi=-44
PR1HE t_us=33890611 kind=2 logical=11403 seq=11403 ch=12 rssi=-45
PR1HE t_us=33893586 kind=2 logical=11404 seq=11404 ch=9 rssi=-44
PR1HE t_us=33896573 kind=2 logical=11405 seq=11405 ch=3 rssi=-44
PR1HE t_us=33899564 kind=2 logical=11406 seq=11406 ch=5 rssi=-44
PR1HE t_us=33902548 kind=2 logical=11407 seq=11407 ch=8 rssi=-44
PR1HE t_us=33905538 kind=2 logical=11408 seq=11408 ch=39 rssi=-55
PR1HE t_us=33908523 kind=2 logical=11409 seq=11409 ch=10 rssi=-44
PR1HE t_us=33911499 kind=2 logical=11410 seq=11410 ch=2 rssi=-45
PR1HE t_us=33914482 kind=2 logical=11411 seq=11411 ch=13 rssi=-45
PR1HE t_us=33917458 kind=2 logical=11412 seq=11412 ch=0 rssi=-46
PR1HE t_us=33920435 kind=2 logical=11413 seq=11413 ch=18 rssi=-47
PR1HE t_us=33923413 kind=2 logical=11414 seq=11414 ch=11 rssi=-45
PR1HE t_us=33926393 kind=2 logical=11415 seq=11415 ch=14 rssi=-46
PR1HE t_us=33929370 kind=2 logical=11416 seq=11416 ch=15 rssi=-45
PR1HE t_us=33932346 kind=2 logical=11417 seq=11417 ch=4 rssi=-44
PR1HE t_us=33935323 kind=2 logical=11418 seq=11418 ch=7 rssi=-44
PR1HE t_us=33938307 kind=2 logical=11419 seq=11419 ch=17 rssi=-46
PR1HE t_us=33941294 kind=2 logical=11420 seq=11420 ch=1 rssi=-45
PR1HE t_us=33944271 kind=2 logical=11421 seq=11421 ch=25 rssi=-51
PR1HE t_us=33947253 kind=2 logical=11422 seq=11422 ch=16 rssi=-46
PR1HE t_us=33950240 kind=2 logical=11423 seq=11423 ch=6 rssi=-44
PR1HE t_us=33953225 kind=2 logical=11424 seq=11424 ch=17 rssi=-47
PR1HE t_us=33956212 kind=2 logical=11425 seq=11425 ch=13 rssi=-44
PR1HE t_us=33959188 kind=2 logical=11426 seq=11426 ch=10 rssi=-45
PR1HE t_us=33962167 kind=2 logical=11427 seq=11427 ch=2 rssi=-44
PR1HE t_us=33965142 kind=2 logical=11428 seq=11428 ch=9 rssi=-45
PR1HE t_us=33968130 kind=2 logical=11429 seq=11429 ch=7 rssi=-45
PR1HE t_us=33971111 kind=2 logical=11430 seq=11430 ch=6 rssi=-44
PR1HE t_us=33974095 kind=2 logical=11431 seq=11431 ch=3 rssi=-44
PR1HE t_us=33977077 kind=2 logical=11432 seq=11432 ch=11 rssi=-45
PR1HE t_us=33980065 kind=2 logical=11433 seq=11433 ch=39 rssi=-55
PR1HE t_us=33983047 kind=2 logical=11434 seq=11434 ch=1 rssi=-45
PR1HE t_us=33986034 kind=2 logical=11435 seq=11435 ch=4 rssi=-44
PR1HE t_us=33989016 kind=2 logical=11436 seq=11436 ch=18 rssi=-46
PR1HE t_us=33991998 kind=2 logical=11437 seq=11437 ch=25 rssi=-52
PR1HE t_us=33994982 kind=2 logical=11438 seq=11438 ch=5 rssi=-44
PR1HE t_us=33997964 kind=2 logical=11439 seq=11439 ch=16 rssi=-45
PR1HE t_us=34000945 kind=2 logical=11440 seq=11440 ch=15 rssi=-45
PR1HE t_us=34003925 kind=2 logical=11441 seq=11441 ch=14 rssi=-45
PR1HE t_us=34006905 kind=2 logical=11442 seq=11442 ch=12 rssi=-45
PR1HE t_us=34009887 kind=2 logical=11443 seq=11443 ch=0 rssi=-45
PR1HE t_us=34012868 kind=2 logical=11444 seq=11444 ch=8 rssi=-45
PR1HE t_us=34015839 kind=2 logical=11445 seq=11445 ch=6 rssi=-44
PR1HE t_us=34018809 kind=2 logical=11446 seq=11446 ch=18 rssi=-47
PR1HE t_us=34021782 kind=2 logical=11447 seq=11447 ch=7 rssi=-44
PR1HE t_us=34024747 kind=2 logical=11448 seq=11448 ch=14 rssi=-45
PR1HE t_us=34027717 kind=2 logical=11449 seq=11449 ch=17 rssi=-47
PR1HE t_us=34030700 kind=2 logical=11450 seq=11450 ch=5 rssi=-44
PR1HE t_us=34033676 kind=2 logical=11451 seq=11451 ch=12 rssi=-45
PR1HE t_us=34036659 kind=2 logical=11452 seq=11452 ch=9 rssi=-44
PR1HE t_us=34039642 kind=2 logical=11453 seq=11453 ch=11 rssi=-45
PR1HE t_us=34042613 kind=2 logical=11454 seq=11454 ch=39 rssi=-55
PR1HE t_us=34045589 kind=2 logical=11455 seq=11455 ch=2 rssi=-45
PR1HE t_us=34048573 kind=2 logical=11456 seq=11456 ch=0 rssi=-45
PR1HE t_us=34051564 kind=2 logical=11457 seq=11457 ch=1 rssi=-45
PR1HE t_us=34054550 kind=2 logical=11458 seq=11458 ch=16 rssi=-45
PR1HE t_us=34057538 kind=2 logical=11459 seq=11459 ch=13 rssi=-45
PR1HE t_us=34059671 kind=3 logical=11460 seq=0 ch=25 rssi=0
PR1HE t_us=34063501 kind=2 logical=11461 seq=11461 ch=8 rssi=-44
PR1HE t_us=34066483 kind=2 logical=11462 seq=11462 ch=15 rssi=-45
PR1HE t_us=34069459 kind=2 logical=11463 seq=11463 ch=4 rssi=-44
PR1HE t_us=34072438 kind=2 logical=11464 seq=11464 ch=3 rssi=-44
PR1HE t_us=34075413 kind=2 logical=11465 seq=11465 ch=10 rssi=-44
PR1HE t_us=34078395 kind=2 logical=11466 seq=11466 ch=25 rssi=-51
PR1HE t_us=34081371 kind=2 logical=11467 seq=11467 ch=5 rssi=-43
PR1HE t_us=34084347 kind=2 logical=11468 seq=11468 ch=13 rssi=-45
PR1HE t_us=34087324 kind=2 logical=11469 seq=11469 ch=15 rssi=-46
PR1HE t_us=34090308 kind=2 logical=11470 seq=11470 ch=11 rssi=-45
PR1HE t_us=34093296 kind=2 logical=11471 seq=11471 ch=16 rssi=-46
PR1HE t_us=34096279 kind=2 logical=11472 seq=11472 ch=39 rssi=-54
PR1HE t_us=34099262 kind=2 logical=11473 seq=11473 ch=12 rssi=-45
PR1HE t_us=34102241 kind=2 logical=11474 seq=11474 ch=9 rssi=-44
PR1HE t_us=34105221 kind=2 logical=11475 seq=11475 ch=18 rssi=-47
PR1HE t_us=34108202 kind=2 logical=11476 seq=11476 ch=6 rssi=-44
PR1HE t_us=34111184 kind=2 logical=11477 seq=11477 ch=17 rssi=-46
PR1HE t_us=34114167 kind=2 logical=11478 seq=11478 ch=1 rssi=-44
PR1HE t_us=34117148 kind=2 logical=11479 seq=11479 ch=10 rssi=-47
PR1HE t_us=34120125 kind=2 logical=11480 seq=11480 ch=0 rssi=-45
PR1HE t_us=34123114 kind=2 logical=11481 seq=11481 ch=2 rssi=-45
PR1HE t_us=34133854 kind=12 logical=11482 seq=10731 ch=4 rssi=0
PR1HE t_us=8747 kind=13 logical=1304 seq=246 ch=0 rssi=434
PR1HE t_us=34133850 kind=5 logical=11482 seq=3 ch=4 rssi=0
PR1HE t_us=34135414 kind=5 logical=11485 seq=1 ch=7 rssi=0
PR1HE t_us=34138036 kind=2 logical=11486 seq=11486 ch=3 rssi=-45
PR1HE t_us=34141390 kind=5 logical=11487 seq=1 ch=11 rssi=0
PR1HE t_us=34144373 kind=5 logical=11488 seq=1 ch=3 rssi=0
PR1HE t_us=34147354 kind=5 logical=11489 seq=1 ch=16 rssi=0
PR1HE t_us=34150337 kind=5 logical=11490 seq=1 ch=4 rssi=0
PR1HE t_us=34153318 kind=5 logical=11491 seq=1 ch=14 rssi=0
PR1HE t_us=34156300 kind=5 logical=11492 seq=1 ch=9 rssi=0
PR1HE t_us=34159283 kind=5 logical=11493 seq=1 ch=18 rssi=0
PR1HE t_us=34162264 kind=5 logical=11494 seq=1 ch=15 rssi=0
PR1HE t_us=34165246 kind=6 logical=11496 seq=0 ch=36 rssi=0
PR1HA_BEGIN total=47 kept=47
PR1HA t_us=793682 kind=4 logical=313 seq=313 ch=20 rssi=-47
PR1HA t_us=892315 kind=7 logical=346 seq=346 ch=20 rssi=-47
PR1HA t_us=895677 kind=5 logical=347 seq=1 ch=36 rssi=0
PR1HA t_us=1090097 kind=5 logical=412 seq=1 ch=20 rssi=0
PR1HA t_us=1227659 kind=5 logical=458 seq=1 ch=31 rssi=0
PR1HA t_us=1446069 kind=5 logical=531 seq=1 ch=28 rssi=0
PR1HA t_us=1649407 kind=5 logical=599 seq=1 ch=28 rssi=0
PR1HA t_us=1757145 kind=5 logical=635 seq=1 ch=22 rssi=0
PR1HA t_us=3478747 kind=5 logical=1210 seq=1 ch=31 rssi=0
PR1HA t_us=3895326 kind=3 logical=1349 seq=0 ch=21 rssi=0
PR1HA t_us=4129703 kind=5 logical=1427 seq=1 ch=31 rssi=0
PR1HA t_us=4276705 kind=5 logical=1476 seq=1 ch=24 rssi=0
PR1HA t_us=4387705 kind=5 logical=1513 seq=1 ch=24 rssi=0
PR1HA t_us=4914426 kind=5 logical=1689 seq=1 ch=30 rssi=0
PR1HA t_us=4967874 kind=3 logical=1707 seq=0 ch=19 rssi=0
PR1HA t_us=5117652 kind=5 logical=1757 seq=1 ch=29 rssi=0
PR1HA t_us=6071010 kind=5 logical=2076 seq=1 ch=19 rssi=0
PR1HA t_us=6154626 kind=5 logical=2104 seq=1 ch=29 rssi=0
PR1HA t_us=6369790 kind=5 logical=2176 seq=1 ch=19 rssi=0
PR1HA t_us=7286679 kind=5 logical=2483 seq=1 ch=37 rssi=0
PR1HA t_us=9624184 kind=3 logical=3266 seq=0 ch=37 rssi=0
PR1HA t_us=9681317 kind=5 logical=3285 seq=1 ch=23 rssi=0
PR1HA t_us=10136932 kind=3 logical=3438 seq=0 ch=27 rssi=0
PR1HA t_us=11788309 kind=3 logical=3991 seq=0 ch=27 rssi=0
PR1HA t_us=13674724 kind=5 logical=4623 seq=1 ch=38 rssi=0
PR1HA t_us=18746119 kind=5 logical=6323 seq=1 ch=34 rssi=0
PR1HA t_us=19864244 kind=3 logical=6698 seq=0 ch=26 rssi=0
PR1HA t_us=20780345 kind=5 logical=7005 seq=1 ch=35 rssi=0
PR1HA t_us=25304201 kind=5 logical=8522 seq=1 ch=32 rssi=0
PR1HA t_us=25795715 kind=3 logical=8687 seq=0 ch=33 rssi=0
PR1HA t_us=26213049 kind=3 logical=8827 seq=0 ch=32 rssi=0
PR1HA t_us=27033008 kind=3 logical=9102 seq=0 ch=32 rssi=0
PR1HA t_us=28565105 kind=5 logical=9616 seq=1 ch=33 rssi=0
PR1HA t_us=34059671 kind=3 logical=11460 seq=0 ch=25 rssi=0
PR1HA t_us=34133854 kind=12 logical=11482 seq=10731 ch=4 rssi=0
PR1HA t_us=8747 kind=13 logical=1304 seq=246 ch=0 rssi=434
PR1HA t_us=34133850 kind=5 logical=11482 seq=3 ch=4 rssi=0
PR1HA t_us=34135414 kind=5 logical=11485 seq=1 ch=7 rssi=0
PR1HA t_us=34141390 kind=5 logical=11487 seq=1 ch=11 rssi=0
PR1HA t_us=34144373 kind=5 logical=11488 seq=1 ch=3 rssi=0
PR1HA t_us=34147354 kind=5 logical=11489 seq=1 ch=16 rssi=0
PR1HA t_us=34150337 kind=5 logical=11490 seq=1 ch=4 rssi=0
PR1HA t_us=34153318 kind=5 logical=11491 seq=1 ch=14 rssi=0
PR1HA t_us=34156300 kind=5 logical=11492 seq=1 ch=9 rssi=0
PR1HA t_us=34159283 kind=5 logical=11493 seq=1 ch=18 rssi=0
PR1HA t_us=34162264 kind=5 logical=11494 seq=1 ch=15 rssi=0
PR1HA t_us=34165246 kind=6 logical=11496 seq=0 ch=36 rssi=0
PR1HE_END
