ESP-ROM:esp32s3-20210327
Build:Mar 27 2021
rst:0x15 (USB_UART_CHIP_RESET),boot:0x38 (SPI_FAST_FLASH_BOOT)
Saved PC:0x420271be
SPIWP:0xee
mode:DIO, clock div:1
load:0x3fce3808,len:0x44c
load:0x403c9700,len:0xbd8
load:0x403cc700,len:0x2a80
entry 0x403c98d0
PR1_RUNTIME_BOOT
runtime_profile=phase1-fixed-flrc-rx
runtime_role=rx
board_family=LILYGO T3-S3-MVSRBoard
board_reference_revision=V1.1 upstream reference
radio_target=SX1280
upstream_reference_commit=840a2e788b3192c4e9bddf0640c1ecaf703c2598
hardware_verified=0
protocol_version=1
protocol_header_bytes=16
rf_enabled=1
sx1280_spi_hz=2000000
sx1280_cs=7
sx1280_rst=8
sx1280_sclk=5
sx1280_mosi=6
sx1280_miso=3
sx1280_dio1=9
sx1280_busy=36
sx1280_tx_enable=10
sx1280_rx_enable=21
PR1_FIXED_FLRC_PROFILE
frequency_mhz=2404.000
bitrate_kbps=1300
coding_rate=3
output_dbm=0
tx_gap_us=5000
packet_bytes=116
adaptive_layers=off
PR1_RUNTIME_LIVE_READY
PR1T v=1 t_us=6286058 field=device_state value=2
PR1T v=1 t_us=6286058 field=rssi_dbm value=-44
PR1T v=1 t_us=6286058 field=crc_good value=737
PR1T v=1 t_us=6286058 field=crc_bad value=0
PR1T v=1 t_us=6286058 field=missing value=0
PR1T v=1 t_us=6286058 field=queue_depth value=0
PR1T v=1 t_us=6286058 field=max_queue_depth value=1
PR1T v=1 t_us=6286058 field=irq_to_spi_us value=6
PR1T v=1 t_us=6286058 field=spi_duration_us value=1252
PR1T v=1 t_us=6286058 field=rx_processing_us value=1254
PR1T v=1 t_us=6286058 field=spi_end_to_rearm_start_us value=137
PR1T v=1 t_us=6286058 field=rx_rearm_us value=421
PR1T v=1 t_us=6286058 field=irq_to_rx_ready_us value=1797
PR1T v=1 t_us=6286058 field=trace_overwrites value=6505
PR1T v=1 t_us=6286058 field=capability_mask value=12
PR1T v=1 t_us=8598439 field=device_state value=2
PR1T v=1 t_us=8598439 field=rssi_dbm value=-45
PR1T v=1 t_us=8598439 field=crc_good value=1035
PR1T v=1 t_us=8598439 field=crc_bad value=0
PR1T v=1 t_us=8598439 field=missing value=0
PR1T v=1 t_us=8598439 field=queue_depth value=0
PR1T v=1 t_us=8598439 field=max_queue_depth value=1
PR1T v=1 t_us=8598439 field=irq_to_spi_us value=6
PR1T v=1 t_us=8598439 field=spi_duration_us value=1246
PR1T v=1 t_us=8598439 field=rx_processing_us value=1248
PR1T v=1 t_us=8598439 field=spi_end_to_rearm_start_us value=138
PR1T v=1 t_us=8598439 field=rx_rearm_us value=420
PR1T v=1 t_us=8598439 field=irq_to_rx_ready_us value=1793
PR1T v=1 t_us=8598439 field=trace_overwrites value=9187
PR1T v=1 t_us=8598439 field=capability_mask value=12
PR1T v=1 t_us=9113927 field=device_state value=2
PR1T v=1 t_us=9113927 field=rssi_dbm value=-44
PR1T v=1 t_us=9113927 field=crc_good value=1102
PR1T v=1 t_us=9113927 field=crc_bad value=0
PR1T v=1 t_us=9113927 field=missing value=0
PR1T v=1 t_us=9113927 field=queue_depth value=0
PR1T v=1 t_us=9113927 field=max_queue_depth value=1
PR1T v=1 t_us=9113927 field=irq_to_spi_us value=6
PR1T v=1 t_us=9113927 field=spi_duration_us value=1246
PR1T v=1 t_us=9113927 field=rx_processing_us value=1247
PR1T v=1 t_us=9113927 field=spi_end_to_rearm_start_us value=137
PR1T v=1 t_us=9113927 field=rx_rearm_us value=421
PR1T v=1 t_us=9113927 field=irq_to_rx_ready_us value=1792
PR1T v=1 t_us=9113927 field=trace_overwrites value=9790
PR1T v=1 t_us=9113927 field=capability_mask value=12
