23485.9210 RX PR1PROP id=1 type=map v=2 old=1 bits=ffffff7fff oldbits=ffffffffff act=1089 rx_logical=489 active=39
23485.9210 HOST->TX MAP id=1 v=2 old=1 oldbits=ffffffffff bits=ffffff7fff act=1089
23485.9210 TX PR1ACK id=1 ok=1 reason=validated tx_logical=495
23485.9210 HOST->RX ACK id=1 ok=1
23485.9210 RX PR1COMMIT id=1 ok=1 tx_ok=1 in_time=1 rx_logical=496
23485.9210 HOST->TX COMMIT id=1
23485.9370 TX PR1STAGED id=1 ok=1 reason=staged tx_logical=500
23490.9210 RX PR1PROP id=2 type=map v=3 old=2 bits=d1711707fe oldbits=ffffff7fff act=2756 rx_logical=2156 active=22
23490.9210 HOST->TX MAP id=2 v=3 old=2 oldbits=ffffff7fff bits=d1711707fe act=2756
23490.9210 TX PR1ACK id=2 ok=1 reason=validated tx_logical=2162
23490.9210 HOST->RX ACK id=2 ok=1
23490.9370 RX PR1COMMIT id=2 ok=1 tx_ok=1 in_time=1 rx_logical=2162
23490.9370 HOST->TX COMMIT id=2
23490.9370 TX PR1STAGED id=2 ok=1 reason=staged tx_logical=2168
23495.9060 RX PR1PROP id=3 type=map v=4 old=3 bits=00110007fe oldbits=d1711707fe act=4430 rx_logical=3830 active=12
23495.9060 HOST->TX MAP id=3 v=4 old=3 oldbits=d1711707fe bits=00110007fe act=4430
23495.9060 TX PR1ACK id=3 ok=1 reason=validated tx_logical=3833
23495.9060 HOST->RX ACK id=3 ok=1
23495.9210 RX PR1COMMIT id=3 ok=1 tx_ok=1 in_time=1 rx_logical=3833
23495.9210 HOST->TX COMMIT id=3
23495.9210 TX PR1STAGED id=3 ok=1 reason=staged tx_logical=3840
23497.6870 RX PR1PROP id=4 type=probe ch=0 at=4730 v=4 rx_logical=4430
23497.6870 HOST->TX PRB id=4 ch=0 at=4730 v=4
23497.7030 TX PR1ACK id=4 ok=1 reason=validated tx_logical=4434
23497.7030 HOST->RX ACK id=4 ok=1
23497.7030 RX PR1COMMIT id=4 ok=1 tx_ok=1 in_time=1 rx_logical=4435
23497.7030 HOST->TX COMMIT id=4
23497.7180 TX PR1STAGED id=4 ok=1 reason=probe_reserved tx_logical=4439
23498.5780 RX PR1PROP id=5 type=probe ch=25 at=5031 v=4 rx_logical=4731
23498.5780 HOST->TX PRB id=5 ch=25 at=5031 v=4
23498.5930 TX PR1ACK id=5 ok=1 reason=validated tx_logical=4733
23498.5930 HOST->RX ACK id=5 ok=1
23498.6090 RX PR1COMMIT id=5 ok=1 tx_ok=1 in_time=1 rx_logical=4733
23498.6090 HOST->TX COMMIT id=5
23498.6090 TX PR1STAGED id=5 ok=1 reason=probe_reserved tx_logical=4741
23499.4840 RX PR1PROP id=6 type=probe ch=11 at=5332 v=4 rx_logical=5032
23499.4840 HOST->TX PRB id=6 ch=11 at=5332 v=4
23499.4840 TX PR1ACK id=6 ok=1 reason=validated tx_logical=5035
23499.4840 HOST->RX ACK id=6 ok=1
23499.5000 RX PR1COMMIT id=6 ok=1 tx_ok=1 in_time=1 rx_logical=5035
23499.5000 HOST->TX COMMIT id=6
23499.5000 TX PR1STAGED id=6 ok=1 reason=probe_reserved tx_logical=5040
23500.3750 RX PR1PROP id=7 type=probe ch=23 at=5633 v=4 rx_logical=5333
23500.3750 HOST->TX PRB id=7 ch=23 at=5633 v=4
23500.3750 TX PR1ACK id=7 ok=1 reason=validated tx_logical=5335
23500.3750 HOST->RX ACK id=7 ok=1
23500.3900 RX PR1COMMIT id=7 ok=1 tx_ok=1 in_time=1 rx_logical=5335
23500.3900 HOST->TX COMMIT id=7
23500.3900 TX PR1STAGED id=7 ok=1 reason=probe_reserved tx_logical=5340
23501.2650 RX PR1PROP id=8 type=probe ch=27 at=5934 v=4 rx_logical=5634
23501.2650 HOST->TX PRB id=8 ch=27 at=5934 v=4
23501.2810 TX PR1ACK id=8 ok=1 reason=validated tx_logical=5636
23501.2810 HOST->RX ACK id=8 ok=1
23501.2810 RX PR1COMMIT id=8 ok=1 tx_ok=1 in_time=1 rx_logical=5636
23501.2810 HOST->TX COMMIT id=8
23501.2810 TX PR1STAGED id=8 ok=1 reason=probe_reserved tx_logical=5640
23502.1710 RX PR1PROP id=9 type=probe ch=12 at=6235 v=4 rx_logical=5935
23502.1710 HOST->TX PRB id=9 ch=12 at=6235 v=4
23502.1710 TX PR1ACK id=9 ok=1 reason=validated tx_logical=5937
23502.1710 HOST->RX ACK id=9 ok=1
23502.1870 RX PR1COMMIT id=9 ok=1 tx_ok=1 in_time=1 rx_logical=5937
23502.1870 HOST->TX COMMIT id=9
23502.1870 TX PR1STAGED id=9 ok=1 reason=probe_reserved tx_logical=5942
23503.0620 RX PR1PROP id=10 type=probe ch=34 at=6536 v=4 rx_logical=6236
23503.0620 HOST->TX PRB id=10 ch=34 at=6536 v=4
23503.0620 TX PR1ACK id=10 ok=1 reason=validated tx_logical=6238
23503.0620 HOST->RX ACK id=10 ok=1
23503.0780 RX PR1COMMIT id=10 ok=1 tx_ok=1 in_time=1 rx_logical=6238
23503.0780 HOST->TX COMMIT id=10
23503.0780 TX PR1STAGED id=10 ok=1 reason=probe_reserved tx_logical=6242
23503.9530 RX PR1PROP id=11 type=probe ch=15 at=6837 v=4 rx_logical=6537
23503.9530 HOST->TX PRB id=11 ch=15 at=6837 v=4
23503.9680 TX PR1ACK id=11 ok=1 reason=validated tx_logical=6539
23503.9680 HOST->RX ACK id=11 ok=1
23503.9840 RX PR1COMMIT id=11 ok=1 tx_ok=1 in_time=1 rx_logical=6539
23503.9840 HOST->TX COMMIT id=11
23503.9840 TX PR1STAGED id=11 ok=1 reason=probe_reserved tx_logical=6547
23504.8590 RX PR1PROP id=12 type=probe ch=14 at=7138 v=4 rx_logical=6838
23504.8590 HOST->TX PRB id=12 ch=14 at=7138 v=4
23504.8590 TX PR1ACK id=12 ok=1 reason=validated tx_logical=6841
23504.8590 HOST->RX ACK id=12 ok=1
23504.8750 RX PR1COMMIT id=12 ok=1 tx_ok=1 in_time=1 rx_logical=6842
23504.8750 HOST->TX COMMIT id=12
23504.8750 TX PR1STAGED id=12 ok=1 reason=probe_reserved tx_logical=6847
23505.7500 RX PR1PROP id=13 type=probe ch=21 at=7439 v=4 rx_logical=7139
23505.7500 HOST->TX PRB id=13 ch=21 at=7439 v=4
23505.7500 TX PR1ACK id=13 ok=1 reason=validated tx_logical=7141
23505.7500 HOST->RX ACK id=13 ok=1
23505.7650 RX PR1COMMIT id=13 ok=1 tx_ok=1 in_time=1 rx_logical=7142
23505.7650 HOST->TX COMMIT id=13
23505.7650 TX PR1STAGED id=13 ok=1 reason=probe_reserved tx_logical=7146
23506.6400 RX PR1PROP id=14 type=probe ch=0 at=7740 v=4 rx_logical=7440
23506.6400 HOST->TX PRB id=14 ch=0 at=7740 v=4
23506.6560 TX PR1ACK id=14 ok=1 reason=validated tx_logical=7442
23506.6560 HOST->RX ACK id=14 ok=1
23506.6710 RX PR1COMMIT id=14 ok=1 tx_ok=1 in_time=1 rx_logical=7442
23506.6710 HOST->TX COMMIT id=14
23506.6710 TX PR1STAGED id=14 ok=1 reason=probe_reserved tx_logical=7451
23507.5460 RX PR1PROP id=15 type=probe ch=29 at=8041 v=4 rx_logical=7741
23507.5460 HOST->TX PRB id=15 ch=29 at=8041 v=4
23507.5460 TX PR1ACK id=15 ok=1 reason=validated tx_logical=7745
23507.5460 HOST->RX ACK id=15 ok=1
23507.5620 RX PR1COMMIT id=15 ok=1 tx_ok=1 in_time=1 rx_logical=7746
23507.5620 HOST->TX COMMIT id=15
23507.5620 TX PR1STAGED id=15 ok=1 reason=probe_reserved tx_logical=7750
23508.4370 RX PR1PROP id=16 type=probe ch=22 at=8342 v=4 rx_logical=8042
23508.4370 HOST->TX PRB id=16 ch=22 at=8342 v=4
23508.4370 TX PR1ACK id=16 ok=1 reason=validated tx_logical=8045
23508.4370 HOST->RX ACK id=16 ok=1
23508.4530 RX PR1COMMIT id=16 ok=1 tx_ok=1 in_time=1 rx_logical=8046
23508.4530 HOST->TX COMMIT id=16
23508.4530 TX PR1STAGED id=16 ok=1 reason=probe_reserved tx_logical=8050
23509.3280 RX PR1PROP id=17 type=probe ch=31 at=8643 v=4 rx_logical=8343
23509.3280 HOST->TX PRB id=17 ch=31 at=8643 v=4
23509.3280 TX PR1ACK id=17 ok=1 reason=validated tx_logical=8345
23509.3280 HOST->RX ACK id=17 ok=1
23509.3430 RX PR1COMMIT id=17 ok=1 tx_ok=1 in_time=1 rx_logical=8345
23509.3430 HOST->TX COMMIT id=17
23509.3430 TX PR1STAGED id=17 ok=1 reason=probe_reserved tx_logical=8349
23510.2340 RX PR1PROP id=18 type=probe ch=19 at=8944 v=4 rx_logical=8644
23510.2340 HOST->TX PRB id=18 ch=19 at=8944 v=4
23510.2340 TX PR1ACK id=18 ok=1 reason=validated tx_logical=8646
23510.2340 HOST->RX ACK id=18 ok=1
23510.2500 RX PR1COMMIT id=18 ok=1 tx_ok=1 in_time=1 rx_logical=8646
23510.2500 HOST->TX COMMIT id=18
23510.2500 TX PR1STAGED id=18 ok=1 reason=probe_reserved tx_logical=8653
23511.1250 RX PR1PROP id=19 type=probe ch=33 at=9245 v=4 rx_logical=8945
23511.1250 HOST->TX PRB id=19 ch=33 at=9245 v=4
23511.1250 TX PR1ACK id=19 ok=1 reason=validated tx_logical=8948
23511.1250 HOST->RX ACK id=19 ok=1
23511.1400 RX PR1COMMIT id=19 ok=1 tx_ok=1 in_time=1 rx_logical=8949
23511.1400 HOST->TX COMMIT id=19
23511.1400 TX PR1STAGED id=19 ok=1 reason=probe_reserved tx_logical=8953
23512.0150 RX PR1PROP id=20 type=probe ch=37 at=9546 v=4 rx_logical=9246
23512.0150 HOST->TX PRB id=20 ch=37 at=9546 v=4
23512.0150 TX PR1ACK id=20 ok=1 reason=validated tx_logical=9248
23512.0150 HOST->RX ACK id=20 ok=1
23512.0310 RX PR1COMMIT id=20 ok=1 tx_ok=1 in_time=1 rx_logical=9248
23512.0310 HOST->TX COMMIT id=20
23512.0460 TX PR1STAGED id=20 ok=1 reason=probe_reserved tx_logical=9254
23512.9210 RX PR1PROP id=21 type=probe ch=13 at=9847 v=4 rx_logical=9547
23512.9210 HOST->TX PRB id=21 ch=13 at=9847 v=4
23512.9210 TX PR1ACK id=21 ok=1 reason=validated tx_logical=9549
23512.9210 HOST->RX ACK id=21 ok=1
23512.9370 RX PR1COMMIT id=21 ok=1 tx_ok=1 in_time=1 rx_logical=9550
23512.9370 HOST->TX COMMIT id=21
23512.9370 TX PR1STAGED id=21 ok=1 reason=probe_reserved tx_logical=9554
23513.8120 RX PR1PROP id=22 type=probe ch=36 at=10148 v=4 rx_logical=9848
23513.8120 HOST->TX PRB id=22 ch=36 at=10148 v=4
23513.8120 TX PR1ACK id=22 ok=1 reason=validated tx_logical=9850
23513.8120 HOST->RX ACK id=22 ok=1
23513.8120 RX PR1COMMIT id=22 ok=1 tx_ok=1 in_time=1 rx_logical=9850
23513.8120 HOST->TX COMMIT id=22
23513.8280 TX PR1STAGED id=22 ok=1 reason=probe_reserved tx_logical=9853
23514.7030 RX PR1PROP id=23 type=probe ch=38 at=10449 v=4 rx_logical=10149
23514.7030 HOST->TX PRB id=23 ch=38 at=10449 v=4
23514.7030 TX PR1ACK id=23 ok=1 reason=validated tx_logical=10151
23514.7030 HOST->RX ACK id=23 ok=1
23514.7180 RX PR1COMMIT id=23 ok=1 tx_ok=1 in_time=1 rx_logical=10151
23514.7180 HOST->TX COMMIT id=23
23514.7180 TX PR1STAGED id=23 ok=1 reason=probe_reserved tx_logical=10156
23515.5930 RX PR1PROP id=24 type=probe ch=17 at=10750 v=4 rx_logical=10450
23515.6090 HOST->TX PRB id=24 ch=17 at=10750 v=4
23515.6090 TX PR1ACK id=24 ok=1 reason=validated tx_logical=10453
23515.6090 HOST->RX ACK id=24 ok=1
23515.6250 RX PR1COMMIT id=24 ok=1 tx_ok=1 in_time=1 rx_logical=10453
23515.6250 HOST->TX COMMIT id=24
23515.6250 TX PR1STAGED id=24 ok=1 reason=probe_reserved tx_logical=10461
23516.5000 RX PR1PROP id=25 type=probe ch=39 at=11051 v=4 rx_logical=10751
23516.5000 HOST->TX PRB id=25 ch=39 at=11051 v=4
23516.5000 TX PR1ACK id=25 ok=1 reason=validated tx_logical=10756
23516.5150 HOST->RX ACK id=25 ok=1
23516.5150 RX PR1COMMIT id=25 ok=1 tx_ok=1 in_time=1 rx_logical=10756
23516.5150 HOST->TX COMMIT id=25
23516.5310 TX PR1STAGED id=25 ok=1 reason=probe_reserved tx_logical=10761
23517.3900 RX PR1PROP id=26 type=probe ch=18 at=11352 v=4 rx_logical=11052
23517.3900 HOST->TX PRB id=26 ch=18 at=11352 v=4
23517.3900 TX PR1ACK id=26 ok=1 reason=validated tx_logical=11054
23517.3900 HOST->RX ACK id=26 ok=1
23517.4060 RX PR1COMMIT id=26 ok=1 tx_ok=1 in_time=1 rx_logical=11054
23517.4060 HOST->TX COMMIT id=26
23517.4060 TX PR1STAGED id=26 ok=1 reason=probe_reserved tx_logical=11058
23518.2810 RX PR1PROP id=27 type=probe ch=16 at=11653 v=4 rx_logical=11353
23518.2810 HOST->TX PRB id=27 ch=16 at=11653 v=4
23518.2960 TX PR1ACK id=27 ok=1 reason=validated tx_logical=11355
23518.2960 HOST->RX ACK id=27 ok=1
23518.3120 RX PR1COMMIT id=27 ok=1 tx_ok=1 in_time=1 rx_logical=11356
23518.3120 HOST->TX COMMIT id=27
23518.3120 TX PR1STAGED id=27 ok=1 reason=probe_reserved tx_logical=11363
