ESP-ROM:esp32s3-20210327
Build:Mar 27 2021
rst:0x15 (USB_UART_CHIP_RESET),boot:0x38 (SPI_FAST_FLASH_BOOT)
Saved PC:0x42027ec6
SPIWP:0xee
mode:DIO, clock div:1
load:0x3fce3808,len:0x44c
load:0x403c9700,len:0xbd8
load:0x403cc700,len:0x2a80
entry 0x403c98d0
PR1_RUNTIME_BOOT
runtime_profile=phase1-fixed-flrc-tx
runtime_role=tx
board_family=LILYGO T3-S3-MVSRBoard
board_reference_revision=V1.1 upstream reference
radio_target=SX1280
upstream_reference_commit=840a2e788b3192c4e9bddf0640c1ecaf703c2598
hardware_verified=0
protocol_version=1
protocol_header_bytes=16
rf_enabled=1
sx1280_spi_hz=2000000
sx1280_cs=7
sx1280_rst=8
sx1280_sclk=5
sx1280_mosi=6
sx1280_miso=3
sx1280_dio1=9
sx1280_busy=36
sx1280_tx_enable=10
sx1280_rx_enable=21
PR1_FIXED_FLRC_PROFILE
frequency_mhz=2404.000
bitrate_kbps=1300
coding_rate=3
output_dbm=0
tx_gap_us=150
packet_bytes=116
adaptive_layers=off
afh_enabled=1
afh_session_id=1
afh_session_seed=0x5052314441525431
afh_map_version=1
afh_active_channels=40
afh_resync_after_misses=8
afh_rendezvous_first=20
afh_schedule_fp=18,21,5,3,0,6,29,20,36,25,9,24,14,28,37,17,30,10,32,26,31,7,22,35,16,1,2,12,39,13,15,11,38,19,33,23,34,4,27,8,16,19,10,17,24,21,5,14
PR1_RUNTIME_LIVE_READY
PR1T v=1 t_us=32674806 field=device_state value=2
PR1T v=1 t_us=32674806 field=scheduler_misses value=0
PR1T v=1 t_us=32674806 field=trace_overwrites value=31951
PR1T v=1 t_us=32674806 field=capability_mask value=12
PR1H t_us=33431080 session_id=1 map_version=1 locked=0 channel=38 logical=10945 retunes=10945 retune_failures=0 standby_failures=0 timeout_advances=0 resync_entries=0 locks=0 agree=0 disagree=0 period_est_us=0 max_consecutive_timeouts=0 retune_us_p99=66 retune_us_max=129 hop_compute_us_p99=45 hop_compute_us_max=48
PR1HC ok=273,274,274,274,274,274,273,273,274,274,274,274,273,274,273,273,273,274,274,273,274,274,274,274,274,274,273,274,274,274,273,273,274,273,273,273,273,274,274,274 crc=0,0,0,0,0,0,0,0,0,0,0,0,0,0,0,0,0,0,0,0,0,0,0,0,0,0,0,0,0,0,0,0,0,0,0,0,0,0,0,0
PR1HE_BEGIN total=11287 count=256
PR1HE t_us=33693800 kind=0 logical=11031 seq=11031 ch=11 rssi=0
PR1HE t_us=33696800 kind=0 logical=11032 seq=11032 ch=10 rssi=0
PR1HE t_us=33699800 kind=0 logical=11033 seq=11033 ch=12 rssi=0
PR1HE t_us=33702800 kind=0 logical=11034 seq=11034 ch=26 rssi=0
PR1HE t_us=33705800 kind=0 logical=11035 seq=11035 ch=8 rssi=0
PR1HE t_us=33708800 kind=0 logical=11036 seq=11036 ch=6 rssi=0
PR1HE t_us=33711800 kind=0 logical=11037 seq=11037 ch=16 rssi=0
PR1HE t_us=33714800 kind=0 logical=11038 seq=11038 ch=29 rssi=0
PR1HE t_us=33717800 kind=0 logical=11039 seq=11039 ch=13 rssi=0
PR1HE t_us=33720800 kind=0 logical=11040 seq=11040 ch=26 rssi=0
PR1HE t_us=33723800 kind=0 logical=11041 seq=11041 ch=1 rssi=0
PR1HE t_us=33726800 kind=0 logical=11042 seq=11042 ch=39 rssi=0
PR1HE t_us=33729800 kind=0 logical=11043 seq=11043 ch=30 rssi=0
PR1HE t_us=33732800 kind=0 logical=11044 seq=11044 ch=6 rssi=0
PR1HE t_us=33735800 kind=0 logical=11045 seq=11045 ch=2 rssi=0
PR1HE t_us=33738800 kind=0 logical=11046 seq=11046 ch=27 rssi=0
PR1HE t_us=33741800 kind=0 logical=11047 seq=11047 ch=33 rssi=0
PR1HE t_us=33744800 kind=0 logical=11048 seq=11048 ch=17 rssi=0
PR1HE t_us=33747800 kind=0 logical=11049 seq=11049 ch=21 rssi=0
PR1HE t_us=33750800 kind=0 logical=11050 seq=11050 ch=11 rssi=0
PR1HE t_us=33753800 kind=0 logical=11051 seq=11051 ch=34 rssi=0
PR1HE t_us=33756800 kind=0 logical=11052 seq=11052 ch=23 rssi=0
PR1HE t_us=33759800 kind=0 logical=11053 seq=11053 ch=35 rssi=0
PR1HE t_us=33762800 kind=0 logical=11054 seq=11054 ch=36 rssi=0
PR1HE t_us=33765800 kind=0 logical=11055 seq=11055 ch=15 rssi=0
PR1HE t_us=33768800 kind=0 logical=11056 seq=11056 ch=9 rssi=0
PR1HE t_us=33771800 kind=0 logical=11057 seq=11057 ch=28 rssi=0
PR1HE t_us=33774800 kind=0 logical=11058 seq=11058 ch=5 rssi=0
PR1HE t_us=33777800 kind=0 logical=11059 seq=11059 ch=10 rssi=0
PR1HE t_us=33780800 kind=0 logical=11060 seq=11060 ch=20 rssi=0
PR1HE t_us=33783800 kind=0 logical=11061 seq=11061 ch=0 rssi=0
PR1HE t_us=33786800 kind=0 logical=11062 seq=11062 ch=7 rssi=0
PR1HE t_us=33789800 kind=0 logical=11063 seq=11063 ch=32 rssi=0
PR1HE t_us=33792800 kind=0 logical=11064 seq=11064 ch=22 rssi=0
PR1HE t_us=33795800 kind=0 logical=11065 seq=11065 ch=37 rssi=0
PR1HE t_us=33798800 kind=0 logical=11066 seq=11066 ch=8 rssi=0
PR1HE t_us=33801800 kind=0 logical=11067 seq=11067 ch=18 rssi=0
PR1HE t_us=33804800 kind=0 logical=11068 seq=11068 ch=14 rssi=0
PR1HE t_us=33807800 kind=0 logical=11069 seq=11069 ch=16 rssi=0
PR1HE t_us=33810800 kind=0 logical=11070 seq=11070 ch=25 rssi=0
PR1HE t_us=33813800 kind=0 logical=11071 seq=11071 ch=31 rssi=0
PR1HE t_us=33816800 kind=0 logical=11072 seq=11072 ch=4 rssi=0
PR1HE t_us=33819800 kind=0 logical=11073 seq=11073 ch=38 rssi=0
PR1HE t_us=33822800 kind=0 logical=11074 seq=11074 ch=29 rssi=0
PR1HE t_us=33825800 kind=0 logical=11075 seq=11075 ch=3 rssi=0
PR1HE t_us=33828800 kind=0 logical=11076 seq=11076 ch=12 rssi=0
PR1HE t_us=33831800 kind=0 logical=11077 seq=11077 ch=24 rssi=0
PR1HE t_us=33834800 kind=0 logical=11078 seq=11078 ch=13 rssi=0
PR1HE t_us=33837800 kind=0 logical=11079 seq=11079 ch=19 rssi=0
PR1HE t_us=33840800 kind=0 logical=11080 seq=11080 ch=32 rssi=0
PR1HE t_us=33843800 kind=0 logical=11081 seq=11081 ch=4 rssi=0
PR1HE t_us=33846800 kind=0 logical=11082 seq=11082 ch=15 rssi=0
PR1HE t_us=33849800 kind=0 logical=11083 seq=11083 ch=37 rssi=0
PR1HE t_us=33852800 kind=0 logical=11084 seq=11084 ch=17 rssi=0
PR1HE t_us=33855800 kind=0 logical=11085 seq=11085 ch=3 rssi=0
PR1HE t_us=33858800 kind=0 logical=11086 seq=11086 ch=22 rssi=0
PR1HE t_us=33861800 kind=0 logical=11087 seq=11087 ch=5 rssi=0
PR1HE t_us=33864800 kind=0 logical=11088 seq=11088 ch=7 rssi=0
PR1HE t_us=33867800 kind=0 logical=11089 seq=11089 ch=35 rssi=0
PR1HE t_us=33870800 kind=0 logical=11090 seq=11090 ch=23 rssi=0
PR1HE t_us=33873800 kind=0 logical=11091 seq=11091 ch=26 rssi=0
PR1HE t_us=33876800 kind=0 logical=11092 seq=11092 ch=10 rssi=0
PR1HE t_us=33879800 kind=0 logical=11093 seq=11093 ch=24 rssi=0
PR1HE t_us=33882800 kind=0 logical=11094 seq=11094 ch=31 rssi=0
PR1HE t_us=33885800 kind=0 logical=11095 seq=11095 ch=27 rssi=0
PR1HE t_us=33888800 kind=0 logical=11096 seq=11096 ch=6 rssi=0
PR1HE t_us=33891800 kind=0 logical=11097 seq=11097 ch=25 rssi=0
PR1HE t_us=33894800 kind=0 logical=11098 seq=11098 ch=20 rssi=0
PR1HE t_us=33897800 kind=0 logical=11099 seq=11099 ch=14 rssi=0
PR1HE t_us=33900800 kind=0 logical=11100 seq=11100 ch=21 rssi=0
PR1HE t_us=33903800 kind=0 logical=11101 seq=11101 ch=19 rssi=0
PR1HE t_us=33906800 kind=0 logical=11102 seq=11102 ch=16 rssi=0
PR1HE t_us=33909800 kind=0 logical=11103 seq=11103 ch=1 rssi=0
PR1HE t_us=33912800 kind=0 logical=11104 seq=11104 ch=2 rssi=0
PR1HE t_us=33915800 kind=0 logical=11105 seq=11105 ch=36 rssi=0
PR1HE t_us=33918800 kind=0 logical=11106 seq=11106 ch=11 rssi=0
PR1HE t_us=33921800 kind=0 logical=11107 seq=11107 ch=29 rssi=0
PR1HE t_us=33924800 kind=0 logical=11108 seq=11108 ch=28 rssi=0
PR1HE t_us=33927800 kind=0 logical=11109 seq=11109 ch=0 rssi=0
PR1HE t_us=33930800 kind=0 logical=11110 seq=11110 ch=8 rssi=0
PR1HE t_us=33933800 kind=0 logical=11111 seq=11111 ch=34 rssi=0
PR1HE t_us=33936800 kind=0 logical=11112 seq=11112 ch=18 rssi=0
PR1HE t_us=33939800 kind=0 logical=11113 seq=11113 ch=38 rssi=0
PR1HE t_us=33942800 kind=0 logical=11114 seq=11114 ch=9 rssi=0
PR1HE t_us=33945800 kind=0 logical=11115 seq=11115 ch=33 rssi=0
PR1HE t_us=33948800 kind=0 logical=11116 seq=11116 ch=13 rssi=0
PR1HE t_us=33951800 kind=0 logical=11117 seq=11117 ch=39 rssi=0
PR1HE t_us=33954800 kind=0 logical=11118 seq=11118 ch=12 rssi=0
PR1HE t_us=33957800 kind=0 logical=11119 seq=11119 ch=30 rssi=0
PR1HE t_us=33960800 kind=0 logical=11120 seq=11120 ch=24 rssi=0
PR1HE t_us=33963800 kind=0 logical=11121 seq=11121 ch=29 rssi=0
PR1HE t_us=33966800 kind=0 logical=11122 seq=11122 ch=22 rssi=0
PR1HE t_us=33969800 kind=0 logical=11123 seq=11123 ch=15 rssi=0
PR1HE t_us=33972800 kind=0 logical=11124 seq=11124 ch=38 rssi=0
PR1HE t_us=33975800 kind=0 logical=11125 seq=11125 ch=6 rssi=0
PR1HE t_us=33978800 kind=0 logical=11126 seq=11126 ch=16 rssi=0
PR1HE t_us=33981800 kind=0 logical=11127 seq=11127 ch=18 rssi=0
PR1HE t_us=33984800 kind=0 logical=11128 seq=11128 ch=25 rssi=0
PR1HE t_us=33987800 kind=0 logical=11129 seq=11129 ch=17 rssi=0
PR1HE t_us=33990800 kind=0 logical=11130 seq=11130 ch=7 rssi=0
PR1HE t_us=33993800 kind=0 logical=11131 seq=11131 ch=2 rssi=0
PR1HE t_us=33996800 kind=0 logical=11132 seq=11132 ch=1 rssi=0
PR1HE t_us=33999800 kind=0 logical=11133 seq=11133 ch=33 rssi=0
PR1HE t_us=34002800 kind=0 logical=11134 seq=11134 ch=28 rssi=0
PR1HE t_us=34005800 kind=0 logical=11135 seq=11135 ch=14 rssi=0
PR1HE t_us=34008800 kind=0 logical=11136 seq=11136 ch=10 rssi=0
PR1HE t_us=34011800 kind=0 logical=11137 seq=11137 ch=21 rssi=0
PR1HE t_us=34014800 kind=0 logical=11138 seq=11138 ch=26 rssi=0
PR1HE t_us=34017800 kind=0 logical=11139 seq=11139 ch=20 rssi=0
PR1HE t_us=34020800 kind=0 logical=11140 seq=11140 ch=3 rssi=0
PR1HE t_us=34023800 kind=0 logical=11141 seq=11141 ch=4 rssi=0
PR1HE t_us=34026800 kind=0 logical=11142 seq=11142 ch=0 rssi=0
PR1HE t_us=34029800 kind=0 logical=11143 seq=11143 ch=13 rssi=0
PR1HE t_us=34032800 kind=0 logical=11144 seq=11144 ch=9 rssi=0
PR1HE t_us=34035800 kind=0 logical=11145 seq=11145 ch=34 rssi=0
PR1HE t_us=34038800 kind=0 logical=11146 seq=11146 ch=30 rssi=0
PR1HE t_us=34041800 kind=0 logical=11147 seq=11147 ch=5 rssi=0
PR1HE t_us=34044800 kind=0 logical=11148 seq=11148 ch=12 rssi=0
PR1HE t_us=34047800 kind=0 logical=11149 seq=11149 ch=36 rssi=0
PR1HE t_us=34050800 kind=0 logical=11150 seq=11150 ch=31 rssi=0
PR1HE t_us=34053800 kind=0 logical=11151 seq=11151 ch=11 rssi=0
PR1HE t_us=34056800 kind=0 logical=11152 seq=11152 ch=27 rssi=0
PR1HE t_us=34059800 kind=0 logical=11153 seq=11153 ch=23 rssi=0
PR1HE t_us=34062800 kind=0 logical=11154 seq=11154 ch=37 rssi=0
PR1HE t_us=34065800 kind=0 logical=11155 seq=11155 ch=35 rssi=0
PR1HE t_us=34068800 kind=0 logical=11156 seq=11156 ch=19 rssi=0
PR1HE t_us=34071800 kind=0 logical=11157 seq=11157 ch=39 rssi=0
PR1HE t_us=34074800 kind=0 logical=11158 seq=11158 ch=8 rssi=0
PR1HE t_us=34077800 kind=0 logical=11159 seq=11159 ch=32 rssi=0
PR1HE t_us=34080800 kind=0 logical=11160 seq=11160 ch=19 rssi=0
PR1HE t_us=34083800 kind=0 logical=11161 seq=11161 ch=13 rssi=0
PR1HE t_us=34086800 kind=0 logical=11162 seq=11162 ch=37 rssi=0
PR1HE t_us=34089800 kind=0 logical=11163 seq=11163 ch=38 rssi=0
PR1HE t_us=34092800 kind=0 logical=11164 seq=11164 ch=14 rssi=0
PR1HE t_us=34095800 kind=0 logical=11165 seq=11165 ch=0 rssi=0
PR1HE t_us=34098800 kind=0 logical=11166 seq=11166 ch=35 rssi=0
PR1HE t_us=34101800 kind=0 logical=11167 seq=11167 ch=23 rssi=0
PR1HE t_us=34104800 kind=0 logical=11168 seq=11168 ch=29 rssi=0
PR1HE t_us=34107800 kind=0 logical=11169 seq=11169 ch=21 rssi=0
PR1HE t_us=34110800 kind=0 logical=11170 seq=11170 ch=5 rssi=0
PR1HE t_us=34113800 kind=0 logical=11171 seq=11171 ch=32 rssi=0
PR1HE t_us=34116800 kind=0 logical=11172 seq=11172 ch=36 rssi=0
PR1HE t_us=34119800 kind=0 logical=11173 seq=11173 ch=8 rssi=0
PR1HE t_us=34122800 kind=0 logical=11174 seq=11174 ch=1 rssi=0
PR1HE t_us=34125800 kind=0 logical=11175 seq=11175 ch=20 rssi=0
PR1HE t_us=34128800 kind=0 logical=11176 seq=11176 ch=28 rssi=0
PR1HE t_us=34131800 kind=0 logical=11177 seq=11177 ch=30 rssi=0
PR1HE t_us=34134800 kind=0 logical=11178 seq=11178 ch=11 rssi=0
PR1HE t_us=34137800 kind=0 logical=11179 seq=11179 ch=4 rssi=0
PR1HE t_us=34140800 kind=0 logical=11180 seq=11180 ch=17 rssi=0
PR1HE t_us=34143800 kind=0 logical=11181 seq=11181 ch=3 rssi=0
PR1HE t_us=34146800 kind=0 logical=11182 seq=11182 ch=16 rssi=0
PR1HE t_us=34149800 kind=0 logical=11183 seq=11183 ch=25 rssi=0
PR1HE t_us=34152800 kind=0 logical=11184 seq=11184 ch=7 rssi=0
PR1HE t_us=34155800 kind=0 logical=11185 seq=11185 ch=31 rssi=0
PR1HE t_us=34158800 kind=0 logical=11186 seq=11186 ch=2 rssi=0
PR1HE t_us=34161800 kind=0 logical=11187 seq=11187 ch=24 rssi=0
PR1HE t_us=34164800 kind=0 logical=11188 seq=11188 ch=26 rssi=0
PR1HE t_us=34167800 kind=0 logical=11189 seq=11189 ch=6 rssi=0
PR1HE t_us=34170800 kind=0 logical=11190 seq=11190 ch=27 rssi=0
PR1HE t_us=34173800 kind=0 logical=11191 seq=11191 ch=39 rssi=0
PR1HE t_us=34176800 kind=0 logical=11192 seq=11192 ch=33 rssi=0
PR1HE t_us=34179800 kind=0 logical=11193 seq=11193 ch=18 rssi=0
PR1HE t_us=34182800 kind=0 logical=11194 seq=11194 ch=12 rssi=0
PR1HE t_us=34185800 kind=0 logical=11195 seq=11195 ch=15 rssi=0
PR1HE t_us=34188800 kind=0 logical=11196 seq=11196 ch=34 rssi=0
PR1HE t_us=34191800 kind=0 logical=11197 seq=11197 ch=22 rssi=0
PR1HE t_us=34194800 kind=0 logical=11198 seq=11198 ch=9 rssi=0
PR1HE t_us=34197800 kind=0 logical=11199 seq=11199 ch=10 rssi=0
PR1HE t_us=34200801 kind=0 logical=11200 seq=11200 ch=35 rssi=0
PR1HE t_us=34203800 kind=0 logical=11201 seq=11201 ch=9 rssi=0
PR1HE t_us=34206801 kind=0 logical=11202 seq=11202 ch=28 rssi=0
PR1HE t_us=34209800 kind=0 logical=11203 seq=11203 ch=14 rssi=0
PR1HE t_us=34212801 kind=0 logical=11204 seq=11204 ch=26 rssi=0
PR1HE t_us=34215800 kind=0 logical=11205 seq=11205 ch=18 rssi=0
PR1HE t_us=34218801 kind=0 logical=11206 seq=11206 ch=27 rssi=0
PR1HE t_us=34221800 kind=0 logical=11207 seq=11207 ch=13 rssi=0
PR1HE t_us=34224801 kind=0 logical=11208 seq=11208 ch=39 rssi=0
PR1HE t_us=34227800 kind=0 logical=11209 seq=11209 ch=16 rssi=0
PR1HE t_us=34230801 kind=0 logical=11210 seq=11210 ch=4 rssi=0
PR1HE t_us=34233800 kind=0 logical=11211 seq=11211 ch=22 rssi=0
PR1HE t_us=34236801 kind=0 logical=11212 seq=11212 ch=5 rssi=0
PR1HE t_us=34239800 kind=0 logical=11213 seq=11213 ch=34 rssi=0
PR1HE t_us=34242801 kind=0 logical=11214 seq=11214 ch=0 rssi=0
PR1HE t_us=34245800 kind=0 logical=11215 seq=11215 ch=23 rssi=0
PR1HE t_us=34248801 kind=0 logical=11216 seq=11216 ch=20 rssi=0
PR1HE t_us=34251800 kind=0 logical=11217 seq=11217 ch=8 rssi=0
PR1HE t_us=34254801 kind=0 logical=11218 seq=11218 ch=6 rssi=0
PR1HE t_us=34257800 kind=0 logical=11219 seq=11219 ch=37 rssi=0
PR1HE t_us=34260801 kind=0 logical=11220 seq=11220 ch=19 rssi=0
PR1HE t_us=34263800 kind=0 logical=11221 seq=11221 ch=38 rssi=0
PR1HE t_us=34266801 kind=0 logical=11222 seq=11222 ch=15 rssi=0
PR1HE t_us=34269800 kind=0 logical=11223 seq=11223 ch=25 rssi=0
PR1HE t_us=34272801 kind=0 logical=11224 seq=11224 ch=3 rssi=0
PR1HE t_us=34275800 kind=0 logical=11225 seq=11225 ch=33 rssi=0
PR1HE t_us=34278801 kind=0 logical=11226 seq=11226 ch=29 rssi=0
PR1HE t_us=34281800 kind=0 logical=11227 seq=11227 ch=7 rssi=0
PR1HE t_us=34284801 kind=0 logical=11228 seq=11228 ch=30 rssi=0
PR1HE t_us=34287800 kind=0 logical=11229 seq=11229 ch=31 rssi=0
PR1HE t_us=34290801 kind=0 logical=11230 seq=11230 ch=32 rssi=0
PR1HE t_us=34293800 kind=0 logical=11231 seq=11231 ch=10 rssi=0
PR1HE t_us=34296801 kind=0 logical=11232 seq=11232 ch=21 rssi=0
PR1HE t_us=34299800 kind=0 logical=11233 seq=11233 ch=1 rssi=0
PR1HE t_us=34302801 kind=0 logical=11234 seq=11234 ch=17 rssi=0
PR1HE t_us=34305800 kind=0 logical=11235 seq=11235 ch=11 rssi=0
PR1HE t_us=34308801 kind=0 logical=11236 seq=11236 ch=12 rssi=0
PR1HE t_us=34311800 kind=0 logical=11237 seq=11237 ch=36 rssi=0
PR1HE t_us=34314801 kind=0 logical=11238 seq=11238 ch=2 rssi=0
PR1HE t_us=34317800 kind=0 logical=11239 seq=11239 ch=24 rssi=0
PR1HE t_us=34320801 kind=0 logical=11240 seq=11240 ch=18 rssi=0
PR1HE t_us=34323800 kind=0 logical=11241 seq=11241 ch=19 rssi=0
PR1HE t_us=34326801 kind=0 logical=11242 seq=11242 ch=1 rssi=0
PR1HE t_us=34329800 kind=0 logical=11243 seq=11243 ch=30 rssi=0
PR1HE t_us=34332801 kind=0 logical=11244 seq=11244 ch=6 rssi=0
PR1HE t_us=34335800 kind=0 logical=11245 seq=11245 ch=7 rssi=0
PR1HE t_us=34338801 kind=0 logical=11246 seq=11246 ch=26 rssi=0
PR1HE t_us=34341800 kind=0 logical=11247 seq=11247 ch=14 rssi=0
PR1HE t_us=34344801 kind=0 logical=11248 seq=11248 ch=35 rssi=0
PR1HE t_us=34347800 kind=0 logical=11249 seq=11249 ch=39 rssi=0
PR1HE t_us=34350801 kind=0 logical=11250 seq=11250 ch=12 rssi=0
PR1HE t_us=34353800 kind=0 logical=11251 seq=11251 ch=24 rssi=0
PR1HE t_us=34356801 kind=0 logical=11252 seq=11252 ch=15 rssi=0
PR1HE t_us=34359800 kind=0 logical=11253 seq=11253 ch=13 rssi=0
PR1HE t_us=34362801 kind=0 logical=11254 seq=11254 ch=21 rssi=0
PR1HE t_us=34365800 kind=0 logical=11255 seq=11255 ch=22 rssi=0
PR1HE t_us=34368801 kind=0 logical=11256 seq=11256 ch=9 rssi=0
PR1HE t_us=34371800 kind=0 logical=11257 seq=11257 ch=37 rssi=0
PR1HE t_us=34374801 kind=0 logical=11258 seq=11258 ch=25 rssi=0
PR1HE t_us=34377800 kind=0 logical=11259 seq=11259 ch=36 rssi=0
PR1HE t_us=34380801 kind=0 logical=11260 seq=11260 ch=5 rssi=0
PR1HE t_us=34383800 kind=0 logical=11261 seq=11261 ch=29 rssi=0
PR1HE t_us=34386801 kind=0 logical=11262 seq=11262 ch=31 rssi=0
PR1HE t_us=34389800 kind=0 logical=11263 seq=11263 ch=34 rssi=0
PR1HE t_us=34392801 kind=0 logical=11264 seq=11264 ch=17 rssi=0
PR1HE t_us=34395800 kind=0 logical=11265 seq=11265 ch=23 rssi=0
PR1HE t_us=34398801 kind=0 logical=11266 seq=11266 ch=38 rssi=0
PR1HE t_us=34401800 kind=0 logical=11267 seq=11267 ch=2 rssi=0
PR1HE t_us=34404801 kind=0 logical=11268 seq=11268 ch=10 rssi=0
PR1HE t_us=34407800 kind=0 logical=11269 seq=11269 ch=27 rssi=0
PR1HE t_us=34410801 kind=0 logical=11270 seq=11270 ch=20 rssi=0
PR1HE t_us=34413800 kind=0 logical=11271 seq=11271 ch=28 rssi=0
PR1HE t_us=34416801 kind=0 logical=11272 seq=11272 ch=0 rssi=0
PR1HE t_us=34419800 kind=0 logical=11273 seq=11273 ch=11 rssi=0
PR1HE t_us=34422801 kind=0 logical=11274 seq=11274 ch=32 rssi=0
PR1HE t_us=34425800 kind=0 logical=11275 seq=11275 ch=8 rssi=0
PR1HE t_us=34428801 kind=0 logical=11276 seq=11276 ch=3 rssi=0
PR1HE t_us=34431800 kind=0 logical=11277 seq=11277 ch=16 rssi=0
PR1HE t_us=34434801 kind=0 logical=11278 seq=11278 ch=4 rssi=0
PR1HE t_us=34437800 kind=0 logical=11279 seq=11279 ch=33 rssi=0
PR1HE t_us=34440800 kind=0 logical=11280 seq=11280 ch=13 rssi=0
PR1HE t_us=34443800 kind=0 logical=11281 seq=11281 ch=36 rssi=0
PR1HE t_us=34446800 kind=0 logical=11282 seq=11282 ch=39 rssi=0
PR1HE t_us=34449800 kind=0 logical=11283 seq=11283 ch=38 rssi=0
PR1HE t_us=34452800 kind=0 logical=11284 seq=11284 ch=28 rssi=0
PR1HE t_us=34455800 kind=0 logical=11285 seq=11285 ch=8 rssi=0
PR1HE t_us=34458805 kind=0 logical=11286 seq=11286 ch=5 rssi=0
PR1HA_BEGIN total=0 kept=0
PR1HE_END
